
> web-scraping-ui@0.0.0 test
> vitest


[7m[1m[34m DEV [39m[22m[27m [34mv1.6.1[39m [90mC:/playground/Python/ai_scrapper/frontend[39m

 [33mΓ¥»[39m src/test/integration/accessibility.test.tsx [2m ([22m[2m0 test[22m[2m)[22m
 [33mΓ¥»[39m src/test/integration/jobClone.test.tsx [2m ([22m[2m0 test[22m[2m)[22m
 [33mΓ¥»[39m src/test/integration/performance.test.tsx [2m ([22m[2m0 test[22m[2m)[22m
 [33mΓ¥»[39m src/test/integration/errorHandling.test.tsx [2m ([22m[2m0 test[22m[2m)[22m
node.exe : [90mstderr[2m | src/components/forms/__tests__/JobForm.clone.test.tsx[2m > [22m[2mJobForm Clone Mode Integration[2m > 
[22m[2mComplete Clone Workflow[2m > [22m[2mshould successfully clone a job with pre-filled data[22m[39m
At C:\Program Files\nodejs\npm.ps1:16 char:5
+     & "$basedir/node$exe"  "$basedir/node_modules/npm/bin/npm-cli.js" ...
+     ~~~~~~~~~~~~~~~~~~~~~~~~~~~~~~~~~~~~~~~~~~~~~~~~~~~~~~~~~~~~~~~~~
    + CategoryInfo          : NotSpecified: ([90mstderr[2m... data[22m[39m:String) [], RemoteException
    + FullyQualifiedErrorId : NativeCommandError
 
Warning: An update to JobForm inside a test was not wrapped in act(...).

When testing, code that causes React state updates should be wrapped into act(...):

act(() => {
  /* fire events that update state */
});
/* assert on the output */

This ensures that you're testing the behavior the user would see in the browser. Learn more at https://reactjs.org/link/wrap-tests-with-act
    at JobForm (C:\playground\Python\ai_scrapper\frontend\src\components\forms\JobForm.tsx:23:20)
    at ToastProvider (C:\playground\Python\ai_scrapper\frontend\src\providers\ToastProvider.tsx:17:3)
    at Router (C:\playground\Python\ai_scrapper\frontend\node_modules\react-router\dist\development\chunk-R73PQUJU.js:414:13)
    at BrowserRouter (C:\playground\Python\ai_scrapper\frontend\node_modules\react-router\dist\development\chunk-R73PQUJU.js:872:3)
    at QueryClientProvider 
(file:///C:/playground/Python/ai_scrapper/frontend/node_modules/@tanstack/react-query/build/modern/QueryClientProvider.js:20:3)
    at AllTheProviders (C:\playground\Python\ai_scrapper\frontend\src\test\utils.tsx:11:28)

[90mstderr[2m | src/components/forms/__tests__/JobForm.clone.test.tsx[2m > [22m[2mJobForm Clone Mode Integration[2m > [22m[2mComplete Clone 
Workflow[2m > [22m[2mshould successfully clone a job with pre-filled data[22m[39m
Warning: An update to JobForm inside a test was not wrapped in act(...).

When testing, code that causes React state updates should be wrapped into act(...):

act(() => {
  /* fire events that update state */
});
/* assert on the output */

This ensures that you're testing the behavior the user would see in the browser. Learn more at https://reactjs.org/link/wrap-tests-with-act
    at JobForm (C:\playground\Python\ai_scrapper\frontend\src\components\forms\JobForm.tsx:23:20)
    at ToastProvider (C:\playground\Python\ai_scrapper\frontend\src\providers\ToastProvider.tsx:17:3)
    at Router (C:\playground\Python\ai_scrapper\frontend\node_modules\react-router\dist\development\chunk-R73PQUJU.js:414:13)
    at BrowserRouter (C:\playground\Python\ai_scrapper\frontend\node_modules\react-router\dist\development\chunk-R73PQUJU.js:872:3)
    at QueryClientProvider 
(file:///C:/playground/Python/ai_scrapper/frontend/node_modules/@tanstack/react-query/build/modern/QueryClientProvider.js:20:3)
    at AllTheProviders (C:\playground\Python\ai_scrapper\frontend\src\test\utils.tsx:11:28)
Warning: An update to JobForm inside a test was not wrapped in act(...).

When testing, code that causes React state updates should be wrapped into act(...):

act(() => {
  /* fire events that update state */
});
/* assert on the output */

This ensures that you're testing the behavior the user would see in the browser. Learn more at https://reactjs.org/link/wrap-tests-with-act
    at JobForm (C:\playground\Python\ai_scrapper\frontend\src\components\forms\JobForm.tsx:23:20)
    at ToastProvider (C:\playground\Python\ai_scrapper\frontend\src\providers\ToastProvider.tsx:17:3)
    at Router (C:\playground\Python\ai_scrapper\frontend\node_modules\react-router\dist\development\chunk-R73PQUJU.js:414:13)
    at BrowserRouter (C:\playground\Python\ai_scrapper\frontend\node_modules\react-router\dist\development\chunk-R73PQUJU.js:872:3)
    at QueryClientProvider 
(file:///C:/playground/Python/ai_scrapper/frontend/node_modules/@tanstack/react-query/build/modern/QueryClientProvider.js:20:3)
    at AllTheProviders (C:\playground\Python\ai_scrapper\frontend\src\test\utils.tsx:11:28)
Warning: An update to JobForm inside a test was not wrapped in act(...).

When testing, code that causes React state updates should be wrapped into act(...):

act(() => {
  /* fire events that update state */
});
/* assert on the output */

This ensures that you're testing the behavior the user would see in the browser. Learn more at https://reactjs.org/link/wrap-tests-with-act
    at JobForm (C:\playground\Python\ai_scrapper\frontend\src\components\forms\JobForm.tsx:23:20)
    at ToastProvider (C:\playground\Python\ai_scrapper\frontend\src\providers\ToastProvider.tsx:17:3)
    at Router (C:\playground\Python\ai_scrapper\frontend\node_modules\react-router\dist\development\chunk-R73PQUJU.js:414:13)
    at BrowserRouter (C:\playground\Python\ai_scrapper\frontend\node_modules\react-router\dist\development\chunk-R73PQUJU.js:872:3)
    at QueryClientProvider 
(file:///C:/playground/Python/ai_scrapper/frontend/node_modules/@tanstack/react-query/build/modern/QueryClientProvider.js:20:3)
    at AllTheProviders (C:\playground\Python\ai_scrapper\frontend\src\test\utils.tsx:11:28)
Warning: An update to JobForm inside a test was not wrapped in act(...).

When testing, code that causes React state updates should be wrapped into act(...):

act(() => {
  /* fire events that update state */
});
/* assert on the output */

This ensures that you're testing the behavior the user would see in the browser. Learn more at https://reactjs.org/link/wrap-tests-with-act
    at JobForm (C:\playground\Python\ai_scrapper\frontend\src\components\forms\JobForm.tsx:23:20)
    at ToastProvider (C:\playground\Python\ai_scrapper\frontend\src\providers\ToastProvider.tsx:17:3)
    at Router (C:\playground\Python\ai_scrapper\frontend\node_modules\react-router\dist\development\chunk-R73PQUJU.js:414:13)
    at BrowserRouter (C:\playground\Python\ai_scrapper\frontend\node_modules\react-router\dist\development\chunk-R73PQUJU.js:872:3)
    at QueryClientProvider 
(file:///C:/playground/Python/ai_scrapper/frontend/node_modules/@tanstack/react-query/build/modern/QueryClientProvider.js:20:3)
    at AllTheProviders (C:\playground\Python\ai_scrapper\frontend\src\test\utils.tsx:11:28)
Warning: An update to JobForm inside a test was not wrapped in act(...).

When testing, code that causes React state updates should be wrapped into act(...):

act(() => {
  /* fire events that update state */
});
/* assert on the output */

This ensures that you're testing the behavior the user would see in the browser. Learn more at https://reactjs.org/link/wrap-tests-with-act
    at JobForm (C:\playground\Python\ai_scrapper\frontend\src\components\forms\JobForm.tsx:23:20)
    at ToastProvider (C:\playground\Python\ai_scrapper\frontend\src\providers\ToastProvider.tsx:17:3)
    at Router (C:\playground\Python\ai_scrapper\frontend\node_modules\react-router\dist\development\chunk-R73PQUJU.js:414:13)
    at BrowserRouter (C:\playground\Python\ai_scrapper\frontend\node_modules\react-router\dist\development\chunk-R73PQUJU.js:872:3)
    at QueryClientProvider 
(file:///C:/playground/Python/ai_scrapper/frontend/node_modules/@tanstack/react-query/build/modern/QueryClientProvider.js:20:3)
    at AllTheProviders (C:\playground\Python\ai_scrapper\frontend\src\test\utils.tsx:11:28)
Warning: An update to JobForm inside a test was not wrapped in act(...).

When testing, code that causes React state updates should be wrapped into act(...):

act(() => {
  /* fire events that update state */
});
/* assert on the output */

This ensures that you're testing the behavior the user would see in the browser. Learn more at https://reactjs.org/link/wrap-tests-with-act
    at JobForm (C:\playground\Python\ai_scrapper\frontend\src\components\forms\JobForm.tsx:23:20)
    at ToastProvider (C:\playground\Python\ai_scrapper\frontend\src\providers\ToastProvider.tsx:17:3)
    at Router (C:\playground\Python\ai_scrapper\frontend\node_modules\react-router\dist\development\chunk-R73PQUJU.js:414:13)
    at BrowserRouter (C:\playground\Python\ai_scrapper\frontend\node_modules\react-router\dist\development\chunk-R73PQUJU.js:872:3)
    at QueryClientProvider 
(file:///C:/playground/Python/ai_scrapper/frontend/node_modules/@tanstack/react-query/build/modern/QueryClientProvider.js:20:3)
    at AllTheProviders (C:\playground\Python\ai_scrapper\frontend\src\test\utils.tsx:11:28)

[90mstderr[2m | src/components/forms/__tests__/JobForm.clone.test.tsx[2m > [22m[2mJobForm Clone Mode Integration[2m > [22m[2mComplete Clone 
Workflow[2m > [22m[2mshould allow editing fields before cloning[22m[39m
Warning: An update to JobForm inside a test was not wrapped in act(...).

When testing, code that causes React state updates should be wrapped into act(...):

act(() => {
  /* fire events that update state */
});
/* assert on the output */

This ensures that you're testing the behavior the user would see in the browser. Learn more at https://reactjs.org/link/wrap-tests-with-act
    at JobForm (C:\playground\Python\ai_scrapper\frontend\src\components\forms\JobForm.tsx:23:20)
    at ToastProvider (C:\playground\Python\ai_scrapper\frontend\src\providers\ToastProvider.tsx:17:3)
    at Router (C:\playground\Python\ai_scrapper\frontend\node_modules\react-router\dist\development\chunk-R73PQUJU.js:414:13)
    at BrowserRouter (C:\playground\Python\ai_scrapper\frontend\node_modules\react-router\dist\development\chunk-R73PQUJU.js:872:3)
    at QueryClientProvider 
(file:///C:/playground/Python/ai_scrapper/frontend/node_modules/@tanstack/react-query/build/modern/QueryClientProvider.js:20:3)
    at AllTheProviders (C:\playground\Python\ai_scrapper\frontend\src\test\utils.tsx:11:28)
Warning: An update to UrlInput inside a test was not wrapped in act(...).

When testing, code that causes React state updates should be wrapped into act(...):

act(() => {
  /* fire events that update state */
});
/* assert on the output */

This ensures that you're testing the behavior the user would see in the browser. Learn more at https://reactjs.org/link/wrap-tests-with-act
    at UrlInput (C:\playground\Python\ai_scrapper\frontend\src\components\forms\UrlInput.tsx:8:3)
    at div
    at form
    at div
    at JobForm (C:\playground\Python\ai_scrapper\frontend\src\components\forms\JobForm.tsx:23:20)
    at ToastProvider (C:\playground\Python\ai_scrapper\frontend\src\providers\ToastProvider.tsx:17:3)
    at Router (C:\playground\Python\ai_scrapper\frontend\node_modules\react-router\dist\development\chunk-R73PQUJU.js:414:13)
    at BrowserRouter (C:\playground\Python\ai_scrapper\frontend\node_modules\react-router\dist\development\chunk-R73PQUJU.js:872:3)
    at QueryClientProvider 
(file:///C:/playground/Python/ai_scrapper/frontend/node_modules/@tanstack/react-query/build/modern/QueryClientProvider.js:20:3)
    at AllTheProviders (C:\playground\Python\ai_scrapper\frontend\src\test\utils.tsx:11:28)
Warning: An update to JobForm inside a test was not wrapped in act(...).

When testing, code that causes React state updates should be wrapped into act(...):

act(() => {
  /* fire events that update state */
});
/* assert on the output */

This ensures that you're testing the behavior the user would see in the browser. Learn more at https://reactjs.org/link/wrap-tests-with-act
    at JobForm (C:\playground\Python\ai_scrapper\frontend\src\components\forms\JobForm.tsx:23:20)
    at ToastProvider (C:\playground\Python\ai_scrapper\frontend\src\providers\ToastProvider.tsx:17:3)
    at Router (C:\playground\Python\ai_scrapper\frontend\node_modules\react-router\dist\development\chunk-R73PQUJU.js:414:13)
    at BrowserRouter (C:\playground\Python\ai_scrapper\frontend\node_modules\react-router\dist\development\chunk-R73PQUJU.js:872:3)
    at QueryClientProvider 
(file:///C:/playground/Python/ai_scrapper/frontend/node_modules/@tanstack/react-query/build/modern/QueryClientProvider.js:20:3)
    at AllTheProviders (C:\playground\Python\ai_scrapper\frontend\src\test\utils.tsx:11:28)
Warning: An update to JobForm inside a test was not wrapped in act(...).

When testing, code that causes React state updates should be wrapped into act(...):

act(() => {
  /* fire events that update state */
});
/* assert on the output */

This ensures that you're testing the behavior the user would see in the browser. Learn more at https://reactjs.org/link/wrap-tests-with-act
    at JobForm (C:\playground\Python\ai_scrapper\frontend\src\components\forms\JobForm.tsx:23:20)
    at ToastProvider (C:\playground\Python\ai_scrapper\frontend\src\providers\ToastProvider.tsx:17:3)
    at Router (C:\playground\Python\ai_scrapper\frontend\node_modules\react-router\dist\development\chunk-R73PQUJU.js:414:13)
    at BrowserRouter (C:\playground\Python\ai_scrapper\frontend\node_modules\react-router\dist\development\chunk-R73PQUJU.js:872:3)
    at QueryClientProvider 
(file:///C:/playground/Python/ai_scrapper/frontend/node_modules/@tanstack/react-query/build/modern/QueryClientProvider.js:20:3)
    at AllTheProviders (C:\playground\Python\ai_scrapper\frontend\src\test\utils.tsx:11:28)

[90mstderr[2m | src/components/forms/__tests__/JobForm.clone.test.tsx[2m > [22m[2mJobForm Clone Mode Integration[2m > [22m[2mComplete Clone 
Workflow[2m > [22m[2mshould allow editing fields before cloning[22m[39m
Warning: An update to JobForm inside a test was not wrapped in act(...).

When testing, code that causes React state updates should be wrapped into act(...):

act(() => {
  /* fire events that update state */
});
/* assert on the output */

This ensures that you're testing the behavior the user would see in the browser. Learn more at https://reactjs.org/link/wrap-tests-with-act
    at JobForm (C:\playground\Python\ai_scrapper\frontend\src\components\forms\JobForm.tsx:23:20)
    at ToastProvider (C:\playground\Python\ai_scrapper\frontend\src\providers\ToastProvider.tsx:17:3)
    at Router (C:\playground\Python\ai_scrapper\frontend\node_modules\react-router\dist\development\chunk-R73PQUJU.js:414:13)
    at BrowserRouter (C:\playground\Python\ai_scrapper\frontend\node_modules\react-router\dist\development\chunk-R73PQUJU.js:872:3)
    at QueryClientProvider 
(file:///C:/playground/Python/ai_scrapper/frontend/node_modules/@tanstack/react-query/build/modern/QueryClientProvider.js:20:3)
    at AllTheProviders (C:\playground\Python\ai_scrapper\frontend\src\test\utils.tsx:11:28)
Warning: An update to UrlInput inside a test was not wrapped in act(...).

When testing, code that causes React state updates should be wrapped into act(...):

act(() => {
  /* fire events that update state */
});
/* assert on the output */

This ensures that you're testing the behavior the user would see in the browser. Learn more at https://reactjs.org/link/wrap-tests-with-act
    at UrlInput (C:\playground\Python\ai_scrapper\frontend\src\components\forms\UrlInput.tsx:8:3)
    at div
    at form
    at div
    at JobForm (C:\playground\Python\ai_scrapper\frontend\src\components\forms\JobForm.tsx:23:20)
    at ToastProvider (C:\playground\Python\ai_scrapper\frontend\src\providers\ToastProvider.tsx:17:3)
    at Router (C:\playground\Python\ai_scrapper\frontend\node_modules\react-router\dist\development\chunk-R73PQUJU.js:414:13)
    at BrowserRouter (C:\playground\Python\ai_scrapper\frontend\node_modules\react-router\dist\development\chunk-R73PQUJU.js:872:3)
    at QueryClientProvider 
(file:///C:/playground/Python/ai_scrapper/frontend/node_modules/@tanstack/react-query/build/modern/QueryClientProvider.js:20:3)
    at AllTheProviders (C:\playground\Python\ai_scrapper\frontend\src\test\utils.tsx:11:28)
Warning: An update to JobForm inside a test was not wrapped in act(...).

When testing, code that causes React state updates should be wrapped into act(...):

act(() => {
  /* fire events that update state */
});
/* assert on the output */

This ensures that you're testing the behavior the user would see in the browser. Learn more at https://reactjs.org/link/wrap-tests-with-act
    at JobForm (C:\playground\Python\ai_scrapper\frontend\src\components\forms\JobForm.tsx:23:20)
    at ToastProvider (C:\playground\Python\ai_scrapper\frontend\src\providers\ToastProvider.tsx:17:3)
    at Router (C:\playground\Python\ai_scrapper\frontend\node_modules\react-router\dist\development\chunk-R73PQUJU.js:414:13)
    at BrowserRouter (C:\playground\Python\ai_scrapper\frontend\node_modules\react-router\dist\development\chunk-R73PQUJU.js:872:3)
    at QueryClientProvider 
(file:///C:/playground/Python/ai_scrapper/frontend/node_modules/@tanstack/react-query/build/modern/QueryClientProvider.js:20:3)
    at AllTheProviders (C:\playground\Python\ai_scrapper\frontend\src\test\utils.tsx:11:28)
Warning: An update to JobForm inside a test was not wrapped in act(...).

When testing, code that causes React state updates should be wrapped into act(...):

act(() => {
  /* fire events that update state */
});
/* assert on the output */

This ensures that you're testing the behavior the user would see in the browser. Learn more at https://reactjs.org/link/wrap-tests-with-act
    at JobForm (C:\playground\Python\ai_scrapper\frontend\src\components\forms\JobForm.tsx:23:20)
    at ToastProvider (C:\playground\Python\ai_scrapper\frontend\src\providers\ToastProvider.tsx:17:3)
    at Router (C:\playground\Python\ai_scrapper\frontend\node_modules\react-router\dist\development\chunk-R73PQUJU.js:414:13)
    at BrowserRouter (C:\playground\Python\ai_scrapper\frontend\node_modules\react-router\dist\development\chunk-R73PQUJU.js:872:3)
    at QueryClientProvider 
(file:///C:/playground/Python/ai_scrapper/frontend/node_modules/@tanstack/react-query/build/modern/QueryClientProvider.js:20:3)
    at AllTheProviders (C:\playground\Python\ai_scrapper\frontend\src\test\utils.tsx:11:28)
Warning: An update to UrlInput inside a test was not wrapped in act(...).

When testing, code that causes React state updates should be wrapped into act(...):

act(() => {
  /* fire events that update state */
});
/* assert on the output */

This ensures that you're testing the behavior the user would see in the browser. Learn more at https://reactjs.org/link/wrap-tests-with-act
    at UrlInput (C:\playground\Python\ai_scrapper\frontend\src\components\forms\UrlInput.tsx:8:3)
    at div
    at form
    at div
    at JobForm (C:\playground\Python\ai_scrapper\frontend\src\components\forms\JobForm.tsx:23:20)
    at ToastProvider (C:\playground\Python\ai_scrapper\frontend\src\providers\ToastProvider.tsx:17:3)
    at Router (C:\playground\Python\ai_scrapper\frontend\node_modules\react-router\dist\development\chunk-R73PQUJU.js:414:13)
    at BrowserRouter (C:\playground\Python\ai_scrapper\frontend\node_modules\react-router\dist\development\chunk-R73PQUJU.js:872:3)
    at QueryClientProvider 
(file:///C:/playground/Python/ai_scrapper/frontend/node_modules/@tanstack/react-query/build/modern/QueryClientProvider.js:20:3)
    at AllTheProviders (C:\playground\Python\ai_scrapper\frontend\src\test\utils.tsx:11:28)

[90mstderr[2m | src/components/forms/__tests__/JobForm.clone.test.tsx[2m > [22m[2mJobForm Clone Mode Integration[2m > [22m[2mComplete Clone 
Workflow[2m > [22m[2mshould allow editing fields before cloning[22m[39m
Warning: An update to JobForm inside a test was not wrapped in act(...).

When testing, code that causes React state updates should be wrapped into act(...):

act(() => {
  /* fire events that update state */
});
/* assert on the output */

This ensures that you're testing the behavior the user would see in the browser. Learn more at https://reactjs.org/link/wrap-tests-with-act
    at JobForm (C:\playground\Python\ai_scrapper\frontend\src\components\forms\JobForm.tsx:23:20)
    at ToastProvider (C:\playground\Python\ai_scrapper\frontend\src\providers\ToastProvider.tsx:17:3)
    at Router (C:\playground\Python\ai_scrapper\frontend\node_modules\react-router\dist\development\chunk-R73PQUJU.js:414:13)
    at BrowserRouter (C:\playground\Python\ai_scrapper\frontend\node_modules\react-router\dist\development\chunk-R73PQUJU.js:872:3)
    at QueryClientProvider 
(file:///C:/playground/Python/ai_scrapper/frontend/node_modules/@tanstack/react-query/build/modern/QueryClientProvider.js:20:3)
    at AllTheProviders (C:\playground\Python\ai_scrapper\frontend\src\test\utils.tsx:11:28)
Warning: An update to UrlInput inside a test was not wrapped in act(...).

When testing, code that causes React state updates should be wrapped into act(...):

act(() => {
  /* fire events that update state */
});
/* assert on the output */

This ensures that you're testing the behavior the user would see in the browser. Learn more at https://reactjs.org/link/wrap-tests-with-act
    at UrlInput (C:\playground\Python\ai_scrapper\frontend\src\components\forms\UrlInput.tsx:8:3)
    at div
    at form
    at div
    at JobForm (C:\playground\Python\ai_scrapper\frontend\src\components\forms\JobForm.tsx:23:20)
    at ToastProvider (C:\playground\Python\ai_scrapper\frontend\src\providers\ToastProvider.tsx:17:3)
    at Router (C:\playground\Python\ai_scrapper\frontend\node_modules\react-router\dist\development\chunk-R73PQUJU.js:414:13)
    at BrowserRouter (C:\playground\Python\ai_scrapper\frontend\node_modules\react-router\dist\development\chunk-R73PQUJU.js:872:3)
    at QueryClientProvider 
(file:///C:/playground/Python/ai_scrapper/frontend/node_modules/@tanstack/react-query/build/modern/QueryClientProvider.js:20:3)
    at AllTheProviders (C:\playground\Python\ai_scrapper\frontend\src\test\utils.tsx:11:28)

[90mstderr[2m | src/components/forms/__tests__/JobForm.clone.test.tsx[2m > [22m[2mJobForm Clone Mode Integration[2m > [22m[2mComplete Clone 
Workflow[2m > [22m[2mshould allow editing fields before cloning[22m[39m
Warning: An update to JobForm inside a test was not wrapped in act(...).

When testing, code that causes React state updates should be wrapped into act(...):

act(() => {
  /* fire events that update state */
});
/* assert on the output */

This ensures that you're testing the behavior the user would see in the browser. Learn more at https://reactjs.org/link/wrap-tests-with-act
    at JobForm (C:\playground\Python\ai_scrapper\frontend\src\components\forms\JobForm.tsx:23:20)
    at ToastProvider (C:\playground\Python\ai_scrapper\frontend\src\providers\ToastProvider.tsx:17:3)
    at Router (C:\playground\Python\ai_scrapper\frontend\node_modules\react-router\dist\development\chunk-R73PQUJU.js:414:13)
    at BrowserRouter (C:\playground\Python\ai_scrapper\frontend\node_modules\react-router\dist\development\chunk-R73PQUJU.js:872:3)
    at QueryClientProvider 
(file:///C:/playground/Python/ai_scrapper/frontend/node_modules/@tanstack/react-query/build/modern/QueryClientProvider.js:20:3)
    at AllTheProviders (C:\playground\Python\ai_scrapper\frontend\src\test\utils.tsx:11:28)
Warning: An update to UrlInput inside a test was not wrapped in act(...).

When testing, code that causes React state updates should be wrapped into act(...):

act(() => {
  /* fire events that update state */
});
/* assert on the output */

This ensures that you're testing the behavior the user would see in the browser. Learn more at https://reactjs.org/link/wrap-tests-with-act
    at UrlInput (C:\playground\Python\ai_scrapper\frontend\src\components\forms\UrlInput.tsx:8:3)
    at div
    at form
    at div
    at JobForm (C:\playground\Python\ai_scrapper\frontend\src\components\forms\JobForm.tsx:23:20)
    at ToastProvider (C:\playground\Python\ai_scrapper\frontend\src\providers\ToastProvider.tsx:17:3)
    at Router (C:\playground\Python\ai_scrapper\frontend\node_modules\react-router\dist\development\chunk-R73PQUJU.js:414:13)
    at BrowserRouter (C:\playground\Python\ai_scrapper\frontend\node_modules\react-router\dist\development\chunk-R73PQUJU.js:872:3)
    at QueryClientProvider 
(file:///C:/playground/Python/ai_scrapper/frontend/node_modules/@tanstack/react-query/build/modern/QueryClientProvider.js:20:3)
    at AllTheProviders (C:\playground\Python\ai_scrapper\frontend\src\test\utils.tsx:11:28)

[90mstderr[2m | src/components/forms/__tests__/JobForm.clone.test.tsx[2m > [22m[2mJobForm Clone Mode Integration[2m > [22m[2mComplete Clone 
Workflow[2m > [22m[2mshould allow editing fields before cloning[22m[39m
Warning: An update to JobForm inside a test was not wrapped in act(...).

When testing, code that causes React state updates should be wrapped into act(...):

act(() => {
  /* fire events that update state */
});
/* assert on the output */

This ensures that you're testing the behavior the user would see in the browser. Learn more at https://reactjs.org/link/wrap-tests-with-act
    at JobForm (C:\playground\Python\ai_scrapper\frontend\src\components\forms\JobForm.tsx:23:20)
    at ToastProvider (C:\playground\Python\ai_scrapper\frontend\src\providers\ToastProvider.tsx:17:3)
    at Router (C:\playground\Python\ai_scrapper\frontend\node_modules\react-router\dist\development\chunk-R73PQUJU.js:414:13)
    at BrowserRouter (C:\playground\Python\ai_scrapper\frontend\node_modules\react-router\dist\development\chunk-R73PQUJU.js:872:3)
    at QueryClientProvider 
(file:///C:/playground/Python/ai_scrapper/frontend/node_modules/@tanstack/react-query/build/modern/QueryClientProvider.js:20:3)
    at AllTheProviders (C:\playground\Python\ai_scrapper\frontend\src\test\utils.tsx:11:28)
Warning: An update to UrlInput inside a test was not wrapped in act(...).

When testing, code that causes React state updates should be wrapped into act(...):

act(() => {
  /* fire events that update state */
});
/* assert on the output */

This ensures that you're testing the behavior the user would see in the browser. Learn more at https://reactjs.org/link/wrap-tests-with-act
    at UrlInput (C:\playground\Python\ai_scrapper\frontend\src\components\forms\UrlInput.tsx:8:3)
    at div
    at form
    at div
    at JobForm (C:\playground\Python\ai_scrapper\frontend\src\components\forms\JobForm.tsx:23:20)
    at ToastProvider (C:\playground\Python\ai_scrapper\frontend\src\providers\ToastProvider.tsx:17:3)
    at Router (C:\playground\Python\ai_scrapper\frontend\node_modules\react-router\dist\development\chunk-R73PQUJU.js:414:13)
    at BrowserRouter (C:\playground\Python\ai_scrapper\frontend\node_modules\react-router\dist\development\chunk-R73PQUJU.js:872:3)
    at QueryClientProvider 
(file:///C:/playground/Python/ai_scrapper/frontend/node_modules/@tanstack/react-query/build/modern/QueryClientProvider.js:20:3)
    at AllTheProviders (C:\playground\Python\ai_scrapper\frontend\src\test\utils.tsx:11:28)

[90mstderr[2m | src/components/forms/__tests__/JobForm.clone.test.tsx[2m > [22m[2mJobForm Clone Mode Integration[2m > [22m[2mComplete Clone 
Workflow[2m > [22m[2mshould allow editing fields before cloning[22m[39m
Warning: An update to JobForm inside a test was not wrapped in act(...).

When testing, code that causes React state updates should be wrapped into act(...):

act(() => {
  /* fire events that update state */
});
/* assert on the output */

This ensures that you're testing the behavior the user would see in the browser. Learn more at https://reactjs.org/link/wrap-tests-with-act
    at JobForm (C:\playground\Python\ai_scrapper\frontend\src\components\forms\JobForm.tsx:23:20)
    at ToastProvider (C:\playground\Python\ai_scrapper\frontend\src\providers\ToastProvider.tsx:17:3)
    at Router (C:\playground\Python\ai_scrapper\frontend\node_modules\react-router\dist\development\chunk-R73PQUJU.js:414:13)
    at BrowserRouter (C:\playground\Python\ai_scrapper\frontend\node_modules\react-router\dist\development\chunk-R73PQUJU.js:872:3)
    at QueryClientProvider 
(file:///C:/playground/Python/ai_scrapper/frontend/node_modules/@tanstack/react-query/build/modern/QueryClientProvider.js:20:3)
    at AllTheProviders (C:\playground\Python\ai_scrapper\frontend\src\test\utils.tsx:11:28)
Warning: An update to UrlInput inside a test was not wrapped in act(...).

When testing, code that causes React state updates should be wrapped into act(...):

act(() => {
  /* fire events that update state */
});
/* assert on the output */

This ensures that you're testing the behavior the user would see in the browser. Learn more at https://reactjs.org/link/wrap-tests-with-act
    at UrlInput (C:\playground\Python\ai_scrapper\frontend\src\components\forms\UrlInput.tsx:8:3)
    at div
    at form
    at div
    at JobForm (C:\playground\Python\ai_scrapper\frontend\src\components\forms\JobForm.tsx:23:20)
    at ToastProvider (C:\playground\Python\ai_scrapper\frontend\src\providers\ToastProvider.tsx:17:3)
    at Router (C:\playground\Python\ai_scrapper\frontend\node_modules\react-router\dist\development\chunk-R73PQUJU.js:414:13)
    at BrowserRouter (C:\playground\Python\ai_scrapper\frontend\node_modules\react-router\dist\development\chunk-R73PQUJU.js:872:3)
    at QueryClientProvider 
(file:///C:/playground/Python/ai_scrapper/frontend/node_modules/@tanstack/react-query/build/modern/QueryClientProvider.js:20:3)
    at AllTheProviders (C:\playground\Python\ai_scrapper\frontend\src\test\utils.tsx:11:28)

[90mstderr[2m | src/components/forms/__tests__/JobForm.clone.test.tsx[2m > [22m[2mJobForm Clone Mode Integration[2m > [22m[2mComplete Clone 
Workflow[2m > [22m[2mshould allow editing fields before cloning[22m[39m
Warning: An update to JobForm inside a test was not wrapped in act(...).

When testing, code that causes React state updates should be wrapped into act(...):

act(() => {
  /* fire events that update state */
});
/* assert on the output */

This ensures that you're testing the behavior the user would see in the browser. Learn more at https://reactjs.org/link/wrap-tests-with-act
    at JobForm (C:\playground\Python\ai_scrapper\frontend\src\components\forms\JobForm.tsx:23:20)
    at ToastProvider (C:\playground\Python\ai_scrapper\frontend\src\providers\ToastProvider.tsx:17:3)
    at Router (C:\playground\Python\ai_scrapper\frontend\node_modules\react-router\dist\development\chunk-R73PQUJU.js:414:13)
    at BrowserRouter (C:\playground\Python\ai_scrapper\frontend\node_modules\react-router\dist\development\chunk-R73PQUJU.js:872:3)
    at QueryClientProvider 
(file:///C:/playground/Python/ai_scrapper/frontend/node_modules/@tanstack/react-query/build/modern/QueryClientProvider.js:20:3)
    at AllTheProviders (C:\playground\Python\ai_scrapper\frontend\src\test\utils.tsx:11:28)
Warning: An update to UrlInput inside a test was not wrapped in act(...).

When testing, code that causes React state updates should be wrapped into act(...):

act(() => {
  /* fire events that update state */
});
/* assert on the output */

This ensures that you're testing the behavior the user would see in the browser. Learn more at https://reactjs.org/link/wrap-tests-with-act
    at UrlInput (C:\playground\Python\ai_scrapper\frontend\src\components\forms\UrlInput.tsx:8:3)
    at div
    at form
    at div
    at JobForm (C:\playground\Python\ai_scrapper\frontend\src\components\forms\JobForm.tsx:23:20)
    at ToastProvider (C:\playground\Python\ai_scrapper\frontend\src\providers\ToastProvider.tsx:17:3)
    at Router (C:\playground\Python\ai_scrapper\frontend\node_modules\react-router\dist\development\chunk-R73PQUJU.js:414:13)
    at BrowserRouter (C:\playground\Python\ai_scrapper\frontend\node_modules\react-router\dist\development\chunk-R73PQUJU.js:872:3)
    at QueryClientProvider 
(file:///C:/playground/Python/ai_scrapper/frontend/node_modules/@tanstack/react-query/build/modern/QueryClientProvider.js:20:3)
    at AllTheProviders (C:\playground\Python\ai_scrapper\frontend\src\test\utils.tsx:11:28)

[90mstderr[2m | src/components/forms/__tests__/JobForm.clone.test.tsx[2m > [22m[2mJobForm Clone Mode Integration[2m > [22m[2mComplete Clone 
Workflow[2m > [22m[2mshould allow editing fields before cloning[22m[39m
Warning: An update to JobForm inside a test was not wrapped in act(...).

When testing, code that causes React state updates should be wrapped into act(...):

act(() => {
  /* fire events that update state */
});
/* assert on the output */

This ensures that you're testing the behavior the user would see in the browser. Learn more at https://reactjs.org/link/wrap-tests-with-act
    at JobForm (C:\playground\Python\ai_scrapper\frontend\src\components\forms\JobForm.tsx:23:20)
    at ToastProvider (C:\playground\Python\ai_scrapper\frontend\src\providers\ToastProvider.tsx:17:3)
    at Router (C:\playground\Python\ai_scrapper\frontend\node_modules\react-router\dist\development\chunk-R73PQUJU.js:414:13)
    at BrowserRouter (C:\playground\Python\ai_scrapper\frontend\node_modules\react-router\dist\development\chunk-R73PQUJU.js:872:3)
    at QueryClientProvider 
(file:///C:/playground/Python/ai_scrapper/frontend/node_modules/@tanstack/react-query/build/modern/QueryClientProvider.js:20:3)
    at AllTheProviders (C:\playground\Python\ai_scrapper\frontend\src\test\utils.tsx:11:28)
Warning: An update to UrlInput inside a test was not wrapped in act(...).

When testing, code that causes React state updates should be wrapped into act(...):

act(() => {
  /* fire events that update state */
});
/* assert on the output */

This ensures that you're testing the behavior the user would see in the browser. Learn more at https://reactjs.org/link/wrap-tests-with-act
    at UrlInput (C:\playground\Python\ai_scrapper\frontend\src\components\forms\UrlInput.tsx:8:3)
    at div
    at form
    at div
    at JobForm (C:\playground\Python\ai_scrapper\frontend\src\components\forms\JobForm.tsx:23:20)
    at ToastProvider (C:\playground\Python\ai_scrapper\frontend\src\providers\ToastProvider.tsx:17:3)
    at Router (C:\playground\Python\ai_scrapper\frontend\node_modules\react-router\dist\development\chunk-R73PQUJU.js:414:13)
    at BrowserRouter (C:\playground\Python\ai_scrapper\frontend\node_modules\react-router\dist\development\chunk-R73PQUJU.js:872:3)
    at QueryClientProvider 
(file:///C:/playground/Python/ai_scrapper/frontend/node_modules/@tanstack/react-query/build/modern/QueryClientProvider.js:20:3)
    at AllTheProviders (C:\playground\Python\ai_scrapper\frontend\src\test\utils.tsx:11:28)

[90mstderr[2m | src/components/forms/__tests__/JobForm.clone.test.tsx[2m > [22m[2mJobForm Clone Mode Integration[2m > [22m[2mComplete Clone 
Workflow[2m > [22m[2mshould allow editing fields before cloning[22m[39m
Warning: An update to JobForm inside a test was not wrapped in act(...).

When testing, code that causes React state updates should be wrapped into act(...):

act(() => {
  /* fire events that update state */
});
/* assert on the output */

This ensures that you're testing the behavior the user would see in the browser. Learn more at https://reactjs.org/link/wrap-tests-with-act
    at JobForm (C:\playground\Python\ai_scrapper\frontend\src\components\forms\JobForm.tsx:23:20)
    at ToastProvider (C:\playground\Python\ai_scrapper\frontend\src\providers\ToastProvider.tsx:17:3)
    at Router (C:\playground\Python\ai_scrapper\frontend\node_modules\react-router\dist\development\chunk-R73PQUJU.js:414:13)
    at BrowserRouter (C:\playground\Python\ai_scrapper\frontend\node_modules\react-router\dist\development\chunk-R73PQUJU.js:872:3)
    at QueryClientProvider 
(file:///C:/playground/Python/ai_scrapper/frontend/node_modules/@tanstack/react-query/build/modern/QueryClientProvider.js:20:3)
    at AllTheProviders (C:\playground\Python\ai_scrapper\frontend\src\test\utils.tsx:11:28)
Warning: An update to UrlInput inside a test was not wrapped in act(...).

When testing, code that causes React state updates should be wrapped into act(...):

act(() => {
  /* fire events that update state */
});
/* assert on the output */

This ensures that you're testing the behavior the user would see in the browser. Learn more at https://reactjs.org/link/wrap-tests-with-act
    at UrlInput (C:\playground\Python\ai_scrapper\frontend\src\components\forms\UrlInput.tsx:8:3)
    at div
    at form
    at div
    at JobForm (C:\playground\Python\ai_scrapper\frontend\src\components\forms\JobForm.tsx:23:20)
    at ToastProvider (C:\playground\Python\ai_scrapper\frontend\src\providers\ToastProvider.tsx:17:3)
    at Router (C:\playground\Python\ai_scrapper\frontend\node_modules\react-router\dist\development\chunk-R73PQUJU.js:414:13)
    at BrowserRouter (C:\playground\Python\ai_scrapper\frontend\node_modules\react-router\dist\development\chunk-R73PQUJU.js:872:3)
    at QueryClientProvider 
(file:///C:/playground/Python/ai_scrapper/frontend/node_modules/@tanstack/react-query/build/modern/QueryClientProvider.js:20:3)
    at AllTheProviders (C:\playground\Python\ai_scrapper\frontend\src\test\utils.tsx:11:28)
Warning: An update to JobForm inside a test was not wrapped in act(...).

When testing, code that causes React state updates should be wrapped into act(...):

act(() => {
  /* fire events that update state */
});
/* assert on the output */

This ensures that you're testing the behavior the user would see in the browser. Learn more at https://reactjs.org/link/wrap-tests-with-act
    at JobForm (C:\playground\Python\ai_scrapper\frontend\src\components\forms\JobForm.tsx:23:20)
    at ToastProvider (C:\playground\Python\ai_scrapper\frontend\src\providers\ToastProvider.tsx:17:3)
    at Router (C:\playground\Python\ai_scrapper\frontend\node_modules\react-router\dist\development\chunk-R73PQUJU.js:414:13)
    at BrowserRouter (C:\playground\Python\ai_scrapper\frontend\node_modules\react-router\dist\development\chunk-R73PQUJU.js:872:3)
    at QueryClientProvider 
(file:///C:/playground/Python/ai_scrapper/frontend/node_modules/@tanstack/react-query/build/modern/QueryClientProvider.js:20:3)
    at AllTheProviders (C:\playground\Python\ai_scrapper\frontend\src\test\utils.tsx:11:28)
Warning: An update to JobForm inside a test was not wrapped in act(...).

When testing, code that causes React state updates should be wrapped into act(...):

act(() => {
  /* fire events that update state */
});
/* assert on the output */

This ensures that you're testing the behavior the user would see in the browser. Learn more at https://reactjs.org/link/wrap-tests-with-act
    at JobForm (C:\playground\Python\ai_scrapper\frontend\src\components\forms\JobForm.tsx:23:20)
    at ToastProvider (C:\playground\Python\ai_scrapper\frontend\src\providers\ToastProvider.tsx:17:3)
    at Router (C:\playground\Python\ai_scrapper\frontend\node_modules\react-router\dist\development\chunk-R73PQUJU.js:414:13)
    at BrowserRouter (C:\playground\Python\ai_scrapper\frontend\node_modules\react-router\dist\development\chunk-R73PQUJU.js:872:3)
    at QueryClientProvider 
(file:///C:/playground/Python/ai_scrapper/frontend/node_modules/@tanstack/react-query/build/modern/QueryClientProvider.js:20:3)
    at AllTheProviders (C:\playground\Python\ai_scrapper\frontend\src\test\utils.tsx:11:28)
Warning: An update to UrlInput inside a test was not wrapped in act(...).

When testing, code that causes React state updates should be wrapped into act(...):

act(() => {
  /* fire events that update state */
});
/* assert on the output */

This ensures that you're testing the behavior the user would see in the browser. Learn more at https://reactjs.org/link/wrap-tests-with-act
    at UrlInput (C:\playground\Python\ai_scrapper\frontend\src\components\forms\UrlInput.tsx:8:3)
    at div
    at form
    at div
    at JobForm (C:\playground\Python\ai_scrapper\frontend\src\components\forms\JobForm.tsx:23:20)
    at ToastProvider (C:\playground\Python\ai_scrapper\frontend\src\providers\ToastProvider.tsx:17:3)
    at Router (C:\playground\Python\ai_scrapper\frontend\node_modules\react-router\dist\development\chunk-R73PQUJU.js:414:13)
    at BrowserRouter (C:\playground\Python\ai_scrapper\frontend\node_modules\react-router\dist\development\chunk-R73PQUJU.js:872:3)
    at QueryClientProvider 
(file:///C:/playground/Python/ai_scrapper/frontend/node_modules/@tanstack/react-query/build/modern/QueryClientProvider.js:20:3)
    at AllTheProviders (C:\playground\Python\ai_scrapper\frontend\src\test\utils.tsx:11:28)

[90mstderr[2m | src/components/forms/__tests__/JobForm.clone.test.tsx[2m > [22m[2mJobForm Clone Mode Integration[2m > [22m[2mComplete Clone 
Workflow[2m > [22m[2mshould allow editing fields before cloning[22m[39m
Warning: An update to JobForm inside a test was not wrapped in act(...).

When testing, code that causes React state updates should be wrapped into act(...):

act(() => {
  /* fire events that update state */
});
/* assert on the output */

This ensures that you're testing the behavior the user would see in the browser. Learn more at https://reactjs.org/link/wrap-tests-with-act
    at JobForm (C:\playground\Python\ai_scrapper\frontend\src\components\forms\JobForm.tsx:23:20)
    at ToastProvider (C:\playground\Python\ai_scrapper\frontend\src\providers\ToastProvider.tsx:17:3)
    at Router (C:\playground\Python\ai_scrapper\frontend\node_modules\react-router\dist\development\chunk-R73PQUJU.js:414:13)
    at BrowserRouter (C:\playground\Python\ai_scrapper\frontend\node_modules\react-router\dist\development\chunk-R73PQUJU.js:872:3)
    at QueryClientProvider 
(file:///C:/playground/Python/ai_scrapper/frontend/node_modules/@tanstack/react-query/build/modern/QueryClientProvider.js:20:3)
    at AllTheProviders (C:\playground\Python\ai_scrapper\frontend\src\test\utils.tsx:11:28)
Warning: An update to UrlInput inside a test was not wrapped in act(...).

When testing, code that causes React state updates should be wrapped into act(...):

act(() => {
  /* fire events that update state */
});
/* assert on the output */

This ensures that you're testing the behavior the user would see in the browser. Learn more at https://reactjs.org/link/wrap-tests-with-act
    at UrlInput (C:\playground\Python\ai_scrapper\frontend\src\components\forms\UrlInput.tsx:8:3)
    at div
    at form
    at div
    at JobForm (C:\playground\Python\ai_scrapper\frontend\src\components\forms\JobForm.tsx:23:20)
    at ToastProvider (C:\playground\Python\ai_scrapper\frontend\src\providers\ToastProvider.tsx:17:3)
    at Router (C:\playground\Python\ai_scrapper\frontend\node_modules\react-router\dist\development\chunk-R73PQUJU.js:414:13)
    at BrowserRouter (C:\playground\Python\ai_scrapper\frontend\node_modules\react-router\dist\development\chunk-R73PQUJU.js:872:3)
    at QueryClientProvider 
(file:///C:/playground/Python/ai_scrapper/frontend/node_modules/@tanstack/react-query/build/modern/QueryClientProvider.js:20:3)
    at AllTheProviders (C:\playground\Python\ai_scrapper\frontend\src\test\utils.tsx:11:28)

[90mstderr[2m | src/components/forms/__tests__/JobForm.clone.test.tsx[2m > [22m[2mJobForm Clone Mode Integration[2m > [22m[2mComplete Clone 
Workflow[2m > [22m[2mshould allow editing fields before cloning[22m[39m
Warning: An update to JobForm inside a test was not wrapped in act(...).

When testing, code that causes React state updates should be wrapped into act(...):

act(() => {
  /* fire events that update state */
});
/* assert on the output */

This ensures that you're testing the behavior the user would see in the browser. Learn more at https://reactjs.org/link/wrap-tests-with-act
    at JobForm (C:\playground\Python\ai_scrapper\frontend\src\components\forms\JobForm.tsx:23:20)
    at ToastProvider (C:\playground\Python\ai_scrapper\frontend\src\providers\ToastProvider.tsx:17:3)
    at Router (C:\playground\Python\ai_scrapper\frontend\node_modules\react-router\dist\development\chunk-R73PQUJU.js:414:13)
    at BrowserRouter (C:\playground\Python\ai_scrapper\frontend\node_modules\react-router\dist\development\chunk-R73PQUJU.js:872:3)
    at QueryClientProvider 
(file:///C:/playground/Python/ai_scrapper/frontend/node_modules/@tanstack/react-query/build/modern/QueryClientProvider.js:20:3)
    at AllTheProviders (C:\playground\Python\ai_scrapper\frontend\src\test\utils.tsx:11:28)
Warning: An update to UrlInput inside a test was not wrapped in act(...).

When testing, code that causes React state updates should be wrapped into act(...):

act(() => {
  /* fire events that update state */
});
/* assert on the output */

This ensures that you're testing the behavior the user would see in the browser. Learn more at https://reactjs.org/link/wrap-tests-with-act
    at UrlInput (C:\playground\Python\ai_scrapper\frontend\src\components\forms\UrlInput.tsx:8:3)
    at div
    at form
    at div
    at JobForm (C:\playground\Python\ai_scrapper\frontend\src\components\forms\JobForm.tsx:23:20)
    at ToastProvider (C:\playground\Python\ai_scrapper\frontend\src\providers\ToastProvider.tsx:17:3)
    at Router (C:\playground\Python\ai_scrapper\frontend\node_modules\react-router\dist\development\chunk-R73PQUJU.js:414:13)
    at BrowserRouter (C:\playground\Python\ai_scrapper\frontend\node_modules\react-router\dist\development\chunk-R73PQUJU.js:872:3)
    at QueryClientProvider 
(file:///C:/playground/Python/ai_scrapper/frontend/node_modules/@tanstack/react-query/build/modern/QueryClientProvider.js:20:3)
    at AllTheProviders (C:\playground\Python\ai_scrapper\frontend\src\test\utils.tsx:11:28)

[90mstderr[2m | src/components/forms/__tests__/JobForm.clone.test.tsx[2m > [22m[2mJobForm Clone Mode Integration[2m > [22m[2mComplete Clone 
Workflow[2m > [22m[2mshould allow editing fields before cloning[22m[39m
Warning: An update to JobForm inside a test was not wrapped in act(...).

When testing, code that causes React state updates should be wrapped into act(...):

act(() => {
  /* fire events that update state */
});
/* assert on the output */

This ensures that you're testing the behavior the user would see in the browser. Learn more at https://reactjs.org/link/wrap-tests-with-act
    at JobForm (C:\playground\Python\ai_scrapper\frontend\src\components\forms\JobForm.tsx:23:20)
    at ToastProvider (C:\playground\Python\ai_scrapper\frontend\src\providers\ToastProvider.tsx:17:3)
    at Router (C:\playground\Python\ai_scrapper\frontend\node_modules\react-router\dist\development\chunk-R73PQUJU.js:414:13)
    at BrowserRouter (C:\playground\Python\ai_scrapper\frontend\node_modules\react-router\dist\development\chunk-R73PQUJU.js:872:3)
    at QueryClientProvider 
(file:///C:/playground/Python/ai_scrapper/frontend/node_modules/@tanstack/react-query/build/modern/QueryClientProvider.js:20:3)
    at AllTheProviders (C:\playground\Python\ai_scrapper\frontend\src\test\utils.tsx:11:28)
Warning: An update to UrlInput inside a test was not wrapped in act(...).

When testing, code that causes React state updates should be wrapped into act(...):

act(() => {
  /* fire events that update state */
});
/* assert on the output */

This ensures that you're testing the behavior the user would see in the browser. Learn more at https://reactjs.org/link/wrap-tests-with-act
    at UrlInput (C:\playground\Python\ai_scrapper\frontend\src\components\forms\UrlInput.tsx:8:3)
    at div
    at form
    at div
    at JobForm (C:\playground\Python\ai_scrapper\frontend\src\components\forms\JobForm.tsx:23:20)
    at ToastProvider (C:\playground\Python\ai_scrapper\frontend\src\providers\ToastProvider.tsx:17:3)
    at Router (C:\playground\Python\ai_scrapper\frontend\node_modules\react-router\dist\development\chunk-R73PQUJU.js:414:13)
    at BrowserRouter (C:\playground\Python\ai_scrapper\frontend\node_modules\react-router\dist\development\chunk-R73PQUJU.js:872:3)
    at QueryClientProvider 
(file:///C:/playground/Python/ai_scrapper/frontend/node_modules/@tanstack/react-query/build/modern/QueryClientProvider.js:20:3)
    at AllTheProviders (C:\playground\Python\ai_scrapper\frontend\src\test\utils.tsx:11:28)

[90mstderr[2m | src/components/forms/__tests__/JobForm.clone.test.tsx[2m > [22m[2mJobForm Clone Mode Integration[2m > [22m[2mComplete Clone 
Workflow[2m > [22m[2mshould allow editing fields before cloning[22m[39m
Warning: An update to JobForm inside a test was not wrapped in act(...).

When testing, code that causes React state updates should be wrapped into act(...):

act(() => {
  /* fire events that update state */
});
/* assert on the output */

This ensures that you're testing the behavior the user would see in the browser. Learn more at https://reactjs.org/link/wrap-tests-with-act
    at JobForm (C:\playground\Python\ai_scrapper\frontend\src\components\forms\JobForm.tsx:23:20)
    at ToastProvider (C:\playground\Python\ai_scrapper\frontend\src\providers\ToastProvider.tsx:17:3)
    at Router (C:\playground\Python\ai_scrapper\frontend\node_modules\react-router\dist\development\chunk-R73PQUJU.js:414:13)
    at BrowserRouter (C:\playground\Python\ai_scrapper\frontend\node_modules\react-router\dist\development\chunk-R73PQUJU.js:872:3)
    at QueryClientProvider 
(file:///C:/playground/Python/ai_scrapper/frontend/node_modules/@tanstack/react-query/build/modern/QueryClientProvider.js:20:3)
    at AllTheProviders (C:\playground\Python\ai_scrapper\frontend\src\test\utils.tsx:11:28)
Warning: An update to UrlInput inside a test was not wrapped in act(...).

When testing, code that causes React state updates should be wrapped into act(...):

act(() => {
  /* fire events that update state */
});
/* assert on the output */

This ensures that you're testing the behavior the user would see in the browser. Learn more at https://reactjs.org/link/wrap-tests-with-act
    at UrlInput (C:\playground\Python\ai_scrapper\frontend\src\components\forms\UrlInput.tsx:8:3)
    at div
    at form
    at div
    at JobForm (C:\playground\Python\ai_scrapper\frontend\src\components\forms\JobForm.tsx:23:20)
    at ToastProvider (C:\playground\Python\ai_scrapper\frontend\src\providers\ToastProvider.tsx:17:3)
    at Router (C:\playground\Python\ai_scrapper\frontend\node_modules\react-router\dist\development\chunk-R73PQUJU.js:414:13)
    at BrowserRouter (C:\playground\Python\ai_scrapper\frontend\node_modules\react-router\dist\development\chunk-R73PQUJU.js:872:3)
    at QueryClientProvider 
(file:///C:/playground/Python/ai_scrapper/frontend/node_modules/@tanstack/react-query/build/modern/QueryClientProvider.js:20:3)
    at AllTheProviders (C:\playground\Python\ai_scrapper\frontend\src\test\utils.tsx:11:28)

[90mstderr[2m | src/components/forms/__tests__/JobForm.clone.test.tsx[2m > [22m[2mJobForm Clone Mode Integration[2m > [22m[2mComplete Clone 
Workflow[2m > [22m[2mshould allow editing fields before cloning[22m[39m
Warning: An update to JobForm inside a test was not wrapped in act(...).

When testing, code that causes React state updates should be wrapped into act(...):

act(() => {
  /* fire events that update state */
});
/* assert on the output */

This ensures that you're testing the behavior the user would see in the browser. Learn more at https://reactjs.org/link/wrap-tests-with-act
    at JobForm (C:\playground\Python\ai_scrapper\frontend\src\components\forms\JobForm.tsx:23:20)
    at ToastProvider (C:\playground\Python\ai_scrapper\frontend\src\providers\ToastProvider.tsx:17:3)
    at Router (C:\playground\Python\ai_scrapper\frontend\node_modules\react-router\dist\development\chunk-R73PQUJU.js:414:13)
    at BrowserRouter (C:\playground\Python\ai_scrapper\frontend\node_modules\react-router\dist\development\chunk-R73PQUJU.js:872:3)
    at QueryClientProvider 
(file:///C:/playground/Python/ai_scrapper/frontend/node_modules/@tanstack/react-query/build/modern/QueryClientProvider.js:20:3)
    at AllTheProviders (C:\playground\Python\ai_scrapper\frontend\src\test\utils.tsx:11:28)
Warning: An update to UrlInput inside a test was not wrapped in act(...).

When testing, code that causes React state updates should be wrapped into act(...):

act(() => {
  /* fire events that update state */
});
/* assert on the output */

This ensures that you're testing the behavior the user would see in the browser. Learn more at https://reactjs.org/link/wrap-tests-with-act
    at UrlInput (C:\playground\Python\ai_scrapper\frontend\src\components\forms\UrlInput.tsx:8:3)
    at div
    at form
    at div
    at JobForm (C:\playground\Python\ai_scrapper\frontend\src\components\forms\JobForm.tsx:23:20)
    at ToastProvider (C:\playground\Python\ai_scrapper\frontend\src\providers\ToastProvider.tsx:17:3)
    at Router (C:\playground\Python\ai_scrapper\frontend\node_modules\react-router\dist\development\chunk-R73PQUJU.js:414:13)
    at BrowserRouter (C:\playground\Python\ai_scrapper\frontend\node_modules\react-router\dist\development\chunk-R73PQUJU.js:872:3)
    at QueryClientProvider 
(file:///C:/playground/Python/ai_scrapper/frontend/node_modules/@tanstack/react-query/build/modern/QueryClientProvider.js:20:3)
    at AllTheProviders (C:\playground\Python\ai_scrapper\frontend\src\test\utils.tsx:11:28)

[90mstderr[2m | src/components/forms/__tests__/JobForm.clone.test.tsx[2m > [22m[2mJobForm Clone Mode Integration[2m > [22m[2mComplete Clone 
Workflow[2m > [22m[2mshould allow editing fields before cloning[22m[39m
Warning: An update to JobForm inside a test was not wrapped in act(...).

When testing, code that causes React state updates should be wrapped into act(...):

act(() => {
  /* fire events that update state */
});
/* assert on the output */

This ensures that you're testing the behavior the user would see in the browser. Learn more at https://reactjs.org/link/wrap-tests-with-act
    at JobForm (C:\playground\Python\ai_scrapper\frontend\src\components\forms\JobForm.tsx:23:20)
    at ToastProvider (C:\playground\Python\ai_scrapper\frontend\src\providers\ToastProvider.tsx:17:3)
    at Router (C:\playground\Python\ai_scrapper\frontend\node_modules\react-router\dist\development\chunk-R73PQUJU.js:414:13)
    at BrowserRouter (C:\playground\Python\ai_scrapper\frontend\node_modules\react-router\dist\development\chunk-R73PQUJU.js:872:3)
    at QueryClientProvider 
(file:///C:/playground/Python/ai_scrapper/frontend/node_modules/@tanstack/react-query/build/modern/QueryClientProvider.js:20:3)
    at AllTheProviders (C:\playground\Python\ai_scrapper\frontend\src\test\utils.tsx:11:28)
Warning: An update to UrlInput inside a test was not wrapped in act(...).

When testing, code that causes React state updates should be wrapped into act(...):

act(() => {
  /* fire events that update state */
});
/* assert on the output */

This ensures that you're testing the behavior the user would see in the browser. Learn more at https://reactjs.org/link/wrap-tests-with-act
    at UrlInput (C:\playground\Python\ai_scrapper\frontend\src\components\forms\UrlInput.tsx:8:3)
    at div
    at form
    at div
    at JobForm (C:\playground\Python\ai_scrapper\frontend\src\components\forms\JobForm.tsx:23:20)
    at ToastProvider (C:\playground\Python\ai_scrapper\frontend\src\providers\ToastProvider.tsx:17:3)
    at Router (C:\playground\Python\ai_scrapper\frontend\node_modules\react-router\dist\development\chunk-R73PQUJU.js:414:13)
    at BrowserRouter (C:\playground\Python\ai_scrapper\frontend\node_modules\react-router\dist\development\chunk-R73PQUJU.js:872:3)
    at QueryClientProvider 
(file:///C:/playground/Python/ai_scrapper/frontend/node_modules/@tanstack/react-query/build/modern/QueryClientProvider.js:20:3)
    at AllTheProviders (C:\playground\Python\ai_scrapper\frontend\src\test\utils.tsx:11:28)

[90mstderr[2m | src/components/forms/__tests__/JobForm.clone.test.tsx[2m > [22m[2mJobForm Clone Mode Integration[2m > [22m[2mComplete Clone 
Workflow[2m > [22m[2mshould allow editing fields before cloning[22m[39m
Warning: An update to JobForm inside a test was not wrapped in act(...).

When testing, code that causes React state updates should be wrapped into act(...):

act(() => {
  /* fire events that update state */
});
/* assert on the output */

This ensures that you're testing the behavior the user would see in the browser. Learn more at https://reactjs.org/link/wrap-tests-with-act
    at JobForm (C:\playground\Python\ai_scrapper\frontend\src\components\forms\JobForm.tsx:23:20)
    at ToastProvider (C:\playground\Python\ai_scrapper\frontend\src\providers\ToastProvider.tsx:17:3)
    at Router (C:\playground\Python\ai_scrapper\frontend\node_modules\react-router\dist\development\chunk-R73PQUJU.js:414:13)
    at BrowserRouter (C:\playground\Python\ai_scrapper\frontend\node_modules\react-router\dist\development\chunk-R73PQUJU.js:872:3)
    at QueryClientProvider 
(file:///C:/playground/Python/ai_scrapper/frontend/node_modules/@tanstack/react-query/build/modern/QueryClientProvider.js:20:3)
    at AllTheProviders (C:\playground\Python\ai_scrapper\frontend\src\test\utils.tsx:11:28)
Warning: An update to UrlInput inside a test was not wrapped in act(...).

When testing, code that causes React state updates should be wrapped into act(...):

act(() => {
  /* fire events that update state */
});
/* assert on the output */

This ensures that you're testing the behavior the user would see in the browser. Learn more at https://reactjs.org/link/wrap-tests-with-act
    at UrlInput (C:\playground\Python\ai_scrapper\frontend\src\components\forms\UrlInput.tsx:8:3)
    at div
    at form
    at div
    at JobForm (C:\playground\Python\ai_scrapper\frontend\src\components\forms\JobForm.tsx:23:20)
    at ToastProvider (C:\playground\Python\ai_scrapper\frontend\src\providers\ToastProvider.tsx:17:3)
    at Router (C:\playground\Python\ai_scrapper\frontend\node_modules\react-router\dist\development\chunk-R73PQUJU.js:414:13)
    at BrowserRouter (C:\playground\Python\ai_scrapper\frontend\node_modules\react-router\dist\development\chunk-R73PQUJU.js:872:3)
    at QueryClientProvider 
(file:///C:/playground/Python/ai_scrapper/frontend/node_modules/@tanstack/react-query/build/modern/QueryClientProvider.js:20:3)
    at AllTheProviders (C:\playground\Python\ai_scrapper\frontend\src\test\utils.tsx:11:28)

[90mstderr[2m | src/components/forms/__tests__/JobForm.clone.test.tsx[2m > [22m[2mJobForm Clone Mode Integration[2m > [22m[2mComplete Clone 
Workflow[2m > [22m[2mshould allow editing fields before cloning[22m[39m
Warning: An update to JobForm inside a test was not wrapped in act(...).

When testing, code that causes React state updates should be wrapped into act(...):

act(() => {
  /* fire events that update state */
});
/* assert on the output */

This ensures that you're testing the behavior the user would see in the browser. Learn more at https://reactjs.org/link/wrap-tests-with-act
    at JobForm (C:\playground\Python\ai_scrapper\frontend\src\components\forms\JobForm.tsx:23:20)
    at ToastProvider (C:\playground\Python\ai_scrapper\frontend\src\providers\ToastProvider.tsx:17:3)
    at Router (C:\playground\Python\ai_scrapper\frontend\node_modules\react-router\dist\development\chunk-R73PQUJU.js:414:13)
    at BrowserRouter (C:\playground\Python\ai_scrapper\frontend\node_modules\react-router\dist\development\chunk-R73PQUJU.js:872:3)
    at QueryClientProvider 
(file:///C:/playground/Python/ai_scrapper/frontend/node_modules/@tanstack/react-query/build/modern/QueryClientProvider.js:20:3)
    at AllTheProviders (C:\playground\Python\ai_scrapper\frontend\src\test\utils.tsx:11:28)
Warning: An update to UrlInput inside a test was not wrapped in act(...).

When testing, code that causes React state updates should be wrapped into act(...):

act(() => {
  /* fire events that update state */
});
/* assert on the output */

This ensures that you're testing the behavior the user would see in the browser. Learn more at https://reactjs.org/link/wrap-tests-with-act
    at UrlInput (C:\playground\Python\ai_scrapper\frontend\src\components\forms\UrlInput.tsx:8:3)
    at div
    at form
    at div
    at JobForm (C:\playground\Python\ai_scrapper\frontend\src\components\forms\JobForm.tsx:23:20)
    at ToastProvider (C:\playground\Python\ai_scrapper\frontend\src\providers\ToastProvider.tsx:17:3)
    at Router (C:\playground\Python\ai_scrapper\frontend\node_modules\react-router\dist\development\chunk-R73PQUJU.js:414:13)
    at BrowserRouter (C:\playground\Python\ai_scrapper\frontend\node_modules\react-router\dist\development\chunk-R73PQUJU.js:872:3)
    at QueryClientProvider 
(file:///C:/playground/Python/ai_scrapper/frontend/node_modules/@tanstack/react-query/build/modern/QueryClientProvider.js:20:3)
    at AllTheProviders (C:\playground\Python\ai_scrapper\frontend\src\test\utils.tsx:11:28)

[90mstderr[2m | src/components/forms/__tests__/JobForm.clone.test.tsx[2m > [22m[2mJobForm Clone Mode Integration[2m > [22m[2mComplete Clone 
Workflow[2m > [22m[2mshould allow editing fields before cloning[22m[39m
Warning: An update to JobForm inside a test was not wrapped in act(...).

When testing, code that causes React state updates should be wrapped into act(...):

act(() => {
  /* fire events that update state */
});
/* assert on the output */

This ensures that you're testing the behavior the user would see in the browser. Learn more at https://reactjs.org/link/wrap-tests-with-act
    at JobForm (C:\playground\Python\ai_scrapper\frontend\src\components\forms\JobForm.tsx:23:20)
    at ToastProvider (C:\playground\Python\ai_scrapper\frontend\src\providers\ToastProvider.tsx:17:3)
    at Router (C:\playground\Python\ai_scrapper\frontend\node_modules\react-router\dist\development\chunk-R73PQUJU.js:414:13)
    at BrowserRouter (C:\playground\Python\ai_scrapper\frontend\node_modules\react-router\dist\development\chunk-R73PQUJU.js:872:3)
    at QueryClientProvider 
(file:///C:/playground/Python/ai_scrapper/frontend/node_modules/@tanstack/react-query/build/modern/QueryClientProvider.js:20:3)
    at AllTheProviders (C:\playground\Python\ai_scrapper\frontend\src\test\utils.tsx:11:28)
Warning: An update to UrlInput inside a test was not wrapped in act(...).

When testing, code that causes React state updates should be wrapped into act(...):

act(() => {
  /* fire events that update state */
});
/* assert on the output */

This ensures that you're testing the behavior the user would see in the browser. Learn more at https://reactjs.org/link/wrap-tests-with-act
    at UrlInput (C:\playground\Python\ai_scrapper\frontend\src\components\forms\UrlInput.tsx:8:3)
    at div
    at form
    at div
    at JobForm (C:\playground\Python\ai_scrapper\frontend\src\components\forms\JobForm.tsx:23:20)
    at ToastProvider (C:\playground\Python\ai_scrapper\frontend\src\providers\ToastProvider.tsx:17:3)
    at Router (C:\playground\Python\ai_scrapper\frontend\node_modules\react-router\dist\development\chunk-R73PQUJU.js:414:13)
    at BrowserRouter (C:\playground\Python\ai_scrapper\frontend\node_modules\react-router\dist\development\chunk-R73PQUJU.js:872:3)
    at QueryClientProvider 
(file:///C:/playground/Python/ai_scrapper/frontend/node_modules/@tanstack/react-query/build/modern/QueryClientProvider.js:20:3)
    at AllTheProviders (C:\playground\Python\ai_scrapper\frontend\src\test\utils.tsx:11:28)

[90mstderr[2m | src/components/forms/__tests__/JobForm.clone.test.tsx[2m > [22m[2mJobForm Clone Mode Integration[2m > [22m[2mComplete Clone 
Workflow[2m > [22m[2mshould allow editing fields before cloning[22m[39m
Warning: An update to JobForm inside a test was not wrapped in act(...).

When testing, code that causes React state updates should be wrapped into act(...):

act(() => {
  /* fire events that update state */
});
/* assert on the output */

This ensures that you're testing the behavior the user would see in the browser. Learn more at https://reactjs.org/link/wrap-tests-with-act
    at JobForm (C:\playground\Python\ai_scrapper\frontend\src\components\forms\JobForm.tsx:23:20)
    at ToastProvider (C:\playground\Python\ai_scrapper\frontend\src\providers\ToastProvider.tsx:17:3)
    at Router (C:\playground\Python\ai_scrapper\frontend\node_modules\react-router\dist\development\chunk-R73PQUJU.js:414:13)
    at BrowserRouter (C:\playground\Python\ai_scrapper\frontend\node_modules\react-router\dist\development\chunk-R73PQUJU.js:872:3)
    at QueryClientProvider 
(file:///C:/playground/Python/ai_scrapper/frontend/node_modules/@tanstack/react-query/build/modern/QueryClientProvider.js:20:3)
    at AllTheProviders (C:\playground\Python\ai_scrapper\frontend\src\test\utils.tsx:11:28)
Warning: An update to UrlInput inside a test was not wrapped in act(...).

When testing, code that causes React state updates should be wrapped into act(...):

act(() => {
  /* fire events that update state */
});
/* assert on the output */

This ensures that you're testing the behavior the user would see in the browser. Learn more at https://reactjs.org/link/wrap-tests-with-act
    at UrlInput (C:\playground\Python\ai_scrapper\frontend\src\components\forms\UrlInput.tsx:8:3)
    at div
    at form
    at div
    at JobForm (C:\playground\Python\ai_scrapper\frontend\src\components\forms\JobForm.tsx:23:20)
    at ToastProvider (C:\playground\Python\ai_scrapper\frontend\src\providers\ToastProvider.tsx:17:3)
    at Router (C:\playground\Python\ai_scrapper\frontend\node_modules\react-router\dist\development\chunk-R73PQUJU.js:414:13)
    at BrowserRouter (C:\playground\Python\ai_scrapper\frontend\node_modules\react-router\dist\development\chunk-R73PQUJU.js:872:3)
    at QueryClientProvider 
(file:///C:/playground/Python/ai_scrapper/frontend/node_modules/@tanstack/react-query/build/modern/QueryClientProvider.js:20:3)
    at AllTheProviders (C:\playground\Python\ai_scrapper\frontend\src\test\utils.tsx:11:28)

[90mstderr[2m | src/components/forms/__tests__/JobForm.clone.test.tsx[2m > [22m[2mJobForm Clone Mode Integration[2m > [22m[2mComplete Clone 
Workflow[2m > [22m[2mshould handle clone errors appropriately[22m[39m
Warning: An update to JobForm inside a test was not wrapped in act(...).

When testing, code that causes React state updates should be wrapped into act(...):

act(() => {
  /* fire events that update state */
});
/* assert on the output */

This ensures that you're testing the behavior the user would see in the browser. Learn more at https://reactjs.org/link/wrap-tests-with-act
    at JobForm (C:\playground\Python\ai_scrapper\frontend\src\components\forms\JobForm.tsx:23:20)
    at ToastProvider (C:\playground\Python\ai_scrapper\frontend\src\providers\ToastProvider.tsx:17:3)
    at Router (C:\playground\Python\ai_scrapper\frontend\node_modules\react-router\dist\development\chunk-R73PQUJU.js:414:13)
    at BrowserRouter (C:\playground\Python\ai_scrapper\frontend\node_modules\react-router\dist\development\chunk-R73PQUJU.js:872:3)
    at QueryClientProvider 
(file:///C:/playground/Python/ai_scrapper/frontend/node_modules/@tanstack/react-query/build/modern/QueryClientProvider.js:20:3)
    at AllTheProviders (C:\playground\Python\ai_scrapper\frontend\src\test\utils.tsx:11:28)

[90mstderr[2m | src/components/forms/__tests__/JobForm.clone.test.tsx[2m > [22m[2mJobForm Clone Mode Integration[2m > [22m[2mComplete Clone 
Workflow[2m > [22m[2mshould handle clone errors appropriately[22m[39m
Warning: An update to JobForm inside a test was not wrapped in act(...).

When testing, code that causes React state updates should be wrapped into act(...):

act(() => {
  /* fire events that update state */
});
/* assert on the output */

This ensures that you're testing the behavior the user would see in the browser. Learn more at https://reactjs.org/link/wrap-tests-with-act
    at JobForm (C:\playground\Python\ai_scrapper\frontend\src\components\forms\JobForm.tsx:23:20)
    at ToastProvider (C:\playground\Python\ai_scrapper\frontend\src\providers\ToastProvider.tsx:17:3)
    at Router (C:\playground\Python\ai_scrapper\frontend\node_modules\react-router\dist\development\chunk-R73PQUJU.js:414:13)
    at BrowserRouter (C:\playground\Python\ai_scrapper\frontend\node_modules\react-router\dist\development\chunk-R73PQUJU.js:872:3)
    at QueryClientProvider 
(file:///C:/playground/Python/ai_scrapper/frontend/node_modules/@tanstack/react-query/build/modern/QueryClientProvider.js:20:3)
    at AllTheProviders (C:\playground\Python\ai_scrapper\frontend\src\test\utils.tsx:11:28)
Warning: An update to JobForm inside a test was not wrapped in act(...).

When testing, code that causes React state updates should be wrapped into act(...):

act(() => {
  /* fire events that update state */
});
/* assert on the output */

This ensures that you're testing the behavior the user would see in the browser. Learn more at https://reactjs.org/link/wrap-tests-with-act
    at JobForm (C:\playground\Python\ai_scrapper\frontend\src\components\forms\JobForm.tsx:23:20)
    at ToastProvider (C:\playground\Python\ai_scrapper\frontend\src\providers\ToastProvider.tsx:17:3)
    at Router (C:\playground\Python\ai_scrapper\frontend\node_modules\react-router\dist\development\chunk-R73PQUJU.js:414:13)
    at BrowserRouter (C:\playground\Python\ai_scrapper\frontend\node_modules\react-router\dist\development\chunk-R73PQUJU.js:872:3)
    at QueryClientProvider 
(file:///C:/playground/Python/ai_scrapper/frontend/node_modules/@tanstack/react-query/build/modern/QueryClientProvider.js:20:3)
    at AllTheProviders (C:\playground\Python\ai_scrapper\frontend\src\test\utils.tsx:11:28)
Warning: An update to JobForm inside a test was not wrapped in act(...).

When testing, code that causes React state updates should be wrapped into act(...):

act(() => {
  /* fire events that update state */
});
/* assert on the output */

This ensures that you're testing the behavior the user would see in the browser. Learn more at https://reactjs.org/link/wrap-tests-with-act
    at JobForm (C:\playground\Python\ai_scrapper\frontend\src\components\forms\JobForm.tsx:23:20)
    at ToastProvider (C:\playground\Python\ai_scrapper\frontend\src\providers\ToastProvider.tsx:17:3)
    at Router (C:\playground\Python\ai_scrapper\frontend\node_modules\react-router\dist\development\chunk-R73PQUJU.js:414:13)
    at BrowserRouter (C:\playground\Python\ai_scrapper\frontend\node_modules\react-router\dist\development\chunk-R73PQUJU.js:872:3)
    at QueryClientProvider 
(file:///C:/playground/Python/ai_scrapper/frontend/node_modules/@tanstack/react-query/build/modern/QueryClientProvider.js:20:3)
    at AllTheProviders (C:\playground\Python\ai_scrapper\frontend\src\test\utils.tsx:11:28)
Failed to create job: Error: Server error
    at [90mC:\playground\Python\ai_scrapper\frontend\[39msrc\components\forms\__tests__\JobForm.clone.test.tsx:169:39
    at [90mfile:///C:/playground/Python/ai_scrapper/frontend/[39mnode_modules/[4m@vitest[24m/runner/dist/index.js:135:14
    at [90mfile:///C:/playground/Python/ai_scrapper/frontend/[39mnode_modules/[4m@vitest[24m/runner/dist/index.js:60:26
    at runTest [90m(file:///C:/playground/Python/ai_scrapper/frontend/[39mnode_modules/[4m@vitest[24m/runner/dist/index.js:781:17[90m)[39m
    at runSuite [90m(file:///C:/playground/Python/ai_scrapper/frontend/[39mnode_modules/[4m@vitest[24m/runner/dist/index.js:909:15[90m)[39m
    at runSuite [90m(file:///C:/playground/Python/ai_scrapper/frontend/[39mnode_modules/[4m@vitest[24m/runner/dist/index.js:909:15[90m)[39m
    at runSuite [90m(file:///C:/playground/Python/ai_scrapper/frontend/[39mnode_modules/[4m@vitest[24m/runner/dist/index.js:909:15[90m)[39m
    at runFiles [90m(file:///C:/playground/Python/ai_scrapper/frontend/[39mnode_modules/[4m@vitest[24m/runner/dist/index.js:958:5[90m)[39m
    at startTests [90m(file:///C:/playground/Python/ai_scrapper/frontend/[39mnode_modules/[4m@vitest[24m/runner/dist/index.js:967:3[90m)[39m
    at [90mfile:///C:/playground/Python/ai_scrapper/frontend/[39mnode_modules/[4mvitest[24m/dist/chunks/runtime-runBaseTests.oAvMKtQC.js:116:7
Warning: An update to JobForm inside a test was not wrapped in act(...).

When testing, code that causes React state updates should be wrapped into act(...):

act(() => {
  /* fire events that update state */
});
/* assert on the output */

This ensures that you're testing the behavior the user would see in the browser. Learn more at https://reactjs.org/link/wrap-tests-with-act
    at JobForm (C:\playground\Python\ai_scrapper\frontend\src\components\forms\JobForm.tsx:23:20)
    at ToastProvider (C:\playground\Python\ai_scrapper\frontend\src\providers\ToastProvider.tsx:17:3)
    at Router (C:\playground\Python\ai_scrapper\frontend\node_modules\react-router\dist\development\chunk-R73PQUJU.js:414:13)
    at BrowserRouter (C:\playground\Python\ai_scrapper\frontend\node_modules\react-router\dist\development\chunk-R73PQUJU.js:872:3)
    at QueryClientProvider 
(file:///C:/playground/Python/ai_scrapper/frontend/node_modules/@tanstack/react-query/build/modern/QueryClientProvider.js:20:3)
    at AllTheProviders (C:\playground\Python\ai_scrapper\frontend\src\test\utils.tsx:11:28)
Warning: An update to JobForm inside a test was not wrapped in act(...).

When testing, code that causes React state updates should be wrapped into act(...):

act(() => {
  /* fire events that update state */
});
/* assert on the output */

This ensures that you're testing the behavior the user would see in the browser. Learn more at https://reactjs.org/link/wrap-tests-with-act
    at JobForm (C:\playground\Python\ai_scrapper\frontend\src\components\forms\JobForm.tsx:23:20)
    at ToastProvider (C:\playground\Python\ai_scrapper\frontend\src\providers\ToastProvider.tsx:17:3)
    at Router (C:\playground\Python\ai_scrapper\frontend\node_modules\react-router\dist\development\chunk-R73PQUJU.js:414:13)
    at BrowserRouter (C:\playground\Python\ai_scrapper\frontend\node_modules\react-router\dist\development\chunk-R73PQUJU.js:872:3)
    at QueryClientProvider 
(file:///C:/playground/Python/ai_scrapper/frontend/node_modules/@tanstack/react-query/build/modern/QueryClientProvider.js:20:3)
    at AllTheProviders (C:\playground\Python\ai_scrapper\frontend\src\test\utils.tsx:11:28)
Warning: An update to JobForm inside a test was not wrapped in act(...).

When testing, code that causes React state updates should be wrapped into act(...):

act(() => {
  /* fire events that update state */
});
/* assert on the output */

This ensures that you're testing the behavior the user would see in the browser. Learn more at https://reactjs.org/link/wrap-tests-with-act
    at JobForm (C:\playground\Python\ai_scrapper\frontend\src\components\forms\JobForm.tsx:23:20)
    at ToastProvider (C:\playground\Python\ai_scrapper\frontend\src\providers\ToastProvider.tsx:17:3)
    at Router (C:\playground\Python\ai_scrapper\frontend\node_modules\react-router\dist\development\chunk-R73PQUJU.js:414:13)
    at BrowserRouter (C:\playground\Python\ai_scrapper\frontend\node_modules\react-router\dist\development\chunk-R73PQUJU.js:872:3)
    at QueryClientProvider 
(file:///C:/playground/Python/ai_scrapper/frontend/node_modules/@tanstack/react-query/build/modern/QueryClientProvider.js:20:3)
    at AllTheProviders (C:\playground\Python\ai_scrapper\frontend\src\test\utils.tsx:11:28)

[90mstderr[2m | src/components/forms/__tests__/JobForm.clone.test.tsx[2m > [22m[2mJobForm Clone Mode Integration[2m > [22m[2mComplete Clone 
Workflow[2m > [22m[2mshould reset form after successful clone[22m[39m
Warning: An update to JobForm inside a test was not wrapped in act(...).

When testing, code that causes React state updates should be wrapped into act(...):

act(() => {
  /* fire events that update state */
});
/* assert on the output */

This ensures that you're testing the behavior the user would see in the browser. Learn more at https://reactjs.org/link/wrap-tests-with-act
    at JobForm (C:\playground\Python\ai_scrapper\frontend\src\components\forms\JobForm.tsx:23:20)
    at ToastProvider (C:\playground\Python\ai_scrapper\frontend\src\providers\ToastProvider.tsx:17:3)
    at Router (C:\playground\Python\ai_scrapper\frontend\node_modules\react-router\dist\development\chunk-R73PQUJU.js:414:13)
    at BrowserRouter (C:\playground\Python\ai_scrapper\frontend\node_modules\react-router\dist\development\chunk-R73PQUJU.js:872:3)
    at QueryClientProvider 
(file:///C:/playground/Python/ai_scrapper/frontend/node_modules/@tanstack/react-query/build/modern/QueryClientProvider.js:20:3)
    at AllTheProviders (C:\playground\Python\ai_scrapper\frontend\src\test\utils.tsx:11:28)

[90mstderr[2m | src/components/forms/__tests__/JobForm.clone.test.tsx[2m > [22m[2mJobForm Clone Mode Integration[2m > [22m[2mComplete Clone 
Workflow[2m > [22m[2mshould reset form after successful clone[22m[39m
Warning: An update to JobForm inside a test was not wrapped in act(...).

When testing, code that causes React state updates should be wrapped into act(...):

act(() => {
  /* fire events that update state */
});
/* assert on the output */

This ensures that you're testing the behavior the user would see in the browser. Learn more at https://reactjs.org/link/wrap-tests-with-act
    at JobForm (C:\playground\Python\ai_scrapper\frontend\src\components\forms\JobForm.tsx:23:20)
    at ToastProvider (C:\playground\Python\ai_scrapper\frontend\src\providers\ToastProvider.tsx:17:3)
    at Router (C:\playground\Python\ai_scrapper\frontend\node_modules\react-router\dist\development\chunk-R73PQUJU.js:414:13)
    at BrowserRouter (C:\playground\Python\ai_scrapper\frontend\node_modules\react-router\dist\development\chunk-R73PQUJU.js:872:3)
    at QueryClientProvider 
(file:///C:/playground/Python/ai_scrapper/frontend/node_modules/@tanstack/react-query/build/modern/QueryClientProvider.js:20:3)
    at AllTheProviders (C:\playground\Python\ai_scrapper\frontend\src\test\utils.tsx:11:28)
Warning: An update to JobForm inside a test was not wrapped in act(...).

When testing, code that causes React state updates should be wrapped into act(...):

act(() => {
  /* fire events that update state */
});
/* assert on the output */

This ensures that you're testing the behavior the user would see in the browser. Learn more at https://reactjs.org/link/wrap-tests-with-act
    at JobForm (C:\playground\Python\ai_scrapper\frontend\src\components\forms\JobForm.tsx:23:20)
    at ToastProvider (C:\playground\Python\ai_scrapper\frontend\src\providers\ToastProvider.tsx:17:3)
    at Router (C:\playground\Python\ai_scrapper\frontend\node_modules\react-router\dist\development\chunk-R73PQUJU.js:414:13)
    at BrowserRouter (C:\playground\Python\ai_scrapper\frontend\node_modules\react-router\dist\development\chunk-R73PQUJU.js:872:3)
    at QueryClientProvider 
(file:///C:/playground/Python/ai_scrapper/frontend/node_modules/@tanstack/react-query/build/modern/QueryClientProvider.js:20:3)
    at AllTheProviders (C:\playground\Python\ai_scrapper\frontend\src\test\utils.tsx:11:28)
Warning: An update to JobForm inside a test was not wrapped in act(...).

When testing, code that causes React state updates should be wrapped into act(...):

act(() => {
  /* fire events that update state */
});
/* assert on the output */

This ensures that you're testing the behavior the user would see in the browser. Learn more at https://reactjs.org/link/wrap-tests-with-act
    at JobForm (C:\playground\Python\ai_scrapper\frontend\src\components\forms\JobForm.tsx:23:20)
    at ToastProvider (C:\playground\Python\ai_scrapper\frontend\src\providers\ToastProvider.tsx:17:3)
    at Router (C:\playground\Python\ai_scrapper\frontend\node_modules\react-router\dist\development\chunk-R73PQUJU.js:414:13)
    at BrowserRouter (C:\playground\Python\ai_scrapper\frontend\node_modules\react-router\dist\development\chunk-R73PQUJU.js:872:3)
    at QueryClientProvider 
(file:///C:/playground/Python/ai_scrapper/frontend/node_modules/@tanstack/react-query/build/modern/QueryClientProvider.js:20:3)
    at AllTheProviders (C:\playground\Python\ai_scrapper\frontend\src\test\utils.tsx:11:28)
Warning: An update to JobForm inside a test was not wrapped in act(...).

When testing, code that causes React state updates should be wrapped into act(...):

act(() => {
  /* fire events that update state */
});
/* assert on the output */

This ensures that you're testing the behavior the user would see in the browser. Learn more at https://reactjs.org/link/wrap-tests-with-act
    at JobForm (C:\playground\Python\ai_scrapper\frontend\src\components\forms\JobForm.tsx:23:20)
    at ToastProvider (C:\playground\Python\ai_scrapper\frontend\src\providers\ToastProvider.tsx:17:3)
    at Router (C:\playground\Python\ai_scrapper\frontend\node_modules\react-router\dist\development\chunk-R73PQUJU.js:414:13)
    at BrowserRouter (C:\playground\Python\ai_scrapper\frontend\node_modules\react-router\dist\development\chunk-R73PQUJU.js:872:3)
    at QueryClientProvider 
(file:///C:/playground/Python/ai_scrapper/frontend/node_modules/@tanstack/react-query/build/modern/QueryClientProvider.js:20:3)
    at AllTheProviders (C:\playground\Python\ai_scrapper\frontend\src\test\utils.tsx:11:28)
Warning: An update to JobForm inside a test was not wrapped in act(...).

When testing, code that causes React state updates should be wrapped into act(...):

act(() => {
  /* fire events that update state */
});
/* assert on the output */

This ensures that you're testing the behavior the user would see in the browser. Learn more at https://reactjs.org/link/wrap-tests-with-act
    at JobForm (C:\playground\Python\ai_scrapper\frontend\src\components\forms\JobForm.tsx:23:20)
    at ToastProvider (C:\playground\Python\ai_scrapper\frontend\src\providers\ToastProvider.tsx:17:3)
    at Router (C:\playground\Python\ai_scrapper\frontend\node_modules\react-router\dist\development\chunk-R73PQUJU.js:414:13)
    at BrowserRouter (C:\playground\Python\ai_scrapper\frontend\node_modules\react-router\dist\development\chunk-R73PQUJU.js:872:3)
    at QueryClientProvider 
(file:///C:/playground/Python/ai_scrapper/frontend/node_modules/@tanstack/react-query/build/modern/QueryClientProvider.js:20:3)
    at AllTheProviders (C:\playground\Python\ai_scrapper\frontend\src\test\utils.tsx:11:28)
Warning: An update to JobForm inside a test was not wrapped in act(...).

When testing, code that causes React state updates should be wrapped into act(...):

act(() => {
  /* fire events that update state */
});
/* assert on the output */

This ensures that you're testing the behavior the user would see in the browser. Learn more at https://reactjs.org/link/wrap-tests-with-act
    at JobForm (C:\playground\Python\ai_scrapper\frontend\src\components\forms\JobForm.tsx:23:20)
    at ToastProvider (C:\playground\Python\ai_scrapper\frontend\src\providers\ToastProvider.tsx:17:3)
    at Router (C:\playground\Python\ai_scrapper\frontend\node_modules\react-router\dist\development\chunk-R73PQUJU.js:414:13)
    at BrowserRouter (C:\playground\Python\ai_scrapper\frontend\node_modules\react-router\dist\development\chunk-R73PQUJU.js:872:3)
    at QueryClientProvider 
(file:///C:/playground/Python/ai_scrapper/frontend/node_modules/@tanstack/react-query/build/modern/QueryClientProvider.js:20:3)
    at AllTheProviders (C:\playground\Python\ai_scrapper\frontend\src\test\utils.tsx:11:28)

[90mstderr[2m | src/components/forms/__tests__/JobForm.clone.test.tsx[2m > [22m[2mJobForm Clone Mode Integration[2m > [22m[2mClone Mode UI 
Differences[2m > [22m[2mshould show clone-specific loading states[22m[39m
Warning: An update to JobForm inside a test was not wrapped in act(...).

When testing, code that causes React state updates should be wrapped into act(...):

act(() => {
  /* fire events that update state */
});
/* assert on the output */

This ensures that you're testing the behavior the user would see in the browser. Learn more at https://reactjs.org/link/wrap-tests-with-act
    at JobForm (C:\playground\Python\ai_scrapper\frontend\src\components\forms\JobForm.tsx:23:20)
    at ToastProvider (C:\playground\Python\ai_scrapper\frontend\src\providers\ToastProvider.tsx:17:3)
    at Router (C:\playground\Python\ai_scrapper\frontend\node_modules\react-router\dist\development\chunk-R73PQUJU.js:414:13)
    at BrowserRouter (C:\playground\Python\ai_scrapper\frontend\node_modules\react-router\dist\development\chunk-R73PQUJU.js:872:3)
    at QueryClientProvider 
(file:///C:/playground/Python/ai_scrapper/frontend/node_modules/@tanstack/react-query/build/modern/QueryClientProvider.js:20:3)
    at AllTheProviders (C:\playground\Python\ai_scrapper\frontend\src\test\utils.tsx:11:28)

[90mstderr[2m | src/components/forms/__tests__/JobForm.clone.test.tsx[2m > [22m[2mJobForm Clone Mode Integration[2m > [22m[2mClone Mode UI 
Differences[2m > [22m[2mshould show clone-specific loading states[22m[39m
Warning: An update to JobForm inside a test was not wrapped in act(...).

When testing, code that causes React state updates should be wrapped into act(...):

act(() => {
  /* fire events that update state */
});
/* assert on the output */

This ensures that you're testing the behavior the user would see in the browser. Learn more at https://reactjs.org/link/wrap-tests-with-act
    at JobForm (C:\playground\Python\ai_scrapper\frontend\src\components\forms\JobForm.tsx:23:20)
    at ToastProvider (C:\playground\Python\ai_scrapper\frontend\src\providers\ToastProvider.tsx:17:3)
    at Router (C:\playground\Python\ai_scrapper\frontend\node_modules\react-router\dist\development\chunk-R73PQUJU.js:414:13)
    at BrowserRouter (C:\playground\Python\ai_scrapper\frontend\node_modules\react-router\dist\development\chunk-R73PQUJU.js:872:3)
    at QueryClientProvider 
(file:///C:/playground/Python/ai_scrapper/frontend/node_modules/@tanstack/react-query/build/modern/QueryClientProvider.js:20:3)
    at AllTheProviders (C:\playground\Python\ai_scrapper\frontend\src\test\utils.tsx:11:28)
Warning: An update to JobForm inside a test was not wrapped in act(...).

When testing, code that causes React state updates should be wrapped into act(...):

act(() => {
  /* fire events that update state */
});
/* assert on the output */

This ensures that you're testing the behavior the user would see in the browser. Learn more at https://reactjs.org/link/wrap-tests-with-act
    at JobForm (C:\playground\Python\ai_scrapper\frontend\src\components\forms\JobForm.tsx:23:20)
    at ToastProvider (C:\playground\Python\ai_scrapper\frontend\src\providers\ToastProvider.tsx:17:3)
    at Router (C:\playground\Python\ai_scrapper\frontend\node_modules\react-router\dist\development\chunk-R73PQUJU.js:414:13)
 [33mΓ¥»[39m src/components/forms/__tests__/JobForm.clone.test.tsx [2m ([22m[2m7 tests[22m [2m|[22m [31m5 failed[39m[2m)[22m[33m 1948[2mms[22m[39m
[31m   [33mΓ¥»[31m src/components/forms/__tests__/JobForm.clone.test.tsx[2m > [22mJobForm Clone Mode Integration[2m > [22mComplete Clone Workflow[2m > [22mshould successfully clone a job with pre-filled data[39m
[31m     ΓåÆ Unable to find an element with the text: Cloning.... This could be because the text is broken up by multiple elements. In this case, you can provide a function for your text matcher to make your matcher more flexible.
    at BrowserRouter (C:\playground\Python\ai_scrapper\frontend\node_modules\react-router\dist\development\chunk-R73PQUJU.js:872:3)
    at QueryClientProvider 
(file:///C:/playground/Python/ai_scrapper/frontend/node_modules/@tanstack/react-query/build/modern/QueryClientProvider.js:20:3)
    at AllTheProviders (C:\playground\Python\ai_scrapper\frontend\src\test\utils.tsx:11:28)
Warning: An update to JobForm inside a test was not wrapped in act(...).

When testing, code that causes React state updates should be wrapped into act(...):

act(() => {
  /* fire events that update state */
});

Ignored nodes: comments, script, style
[36m<body>[31m
  [36m<div[31m
/* assert on the output */

This ensures that you're testing the behavior the user would see in the browser. Learn more at https://reactjs.org/link/wrap-tests-with-act
    at JobForm (C:\playground\Python\ai_scrapper\frontend\src\components\forms\JobForm.tsx:23:20)
    at ToastProvider (C:\playground\Python\ai_scrapper\frontend\src\providers\ToastProvider.tsx:17:3)
    at Router (C:\playground\Python\ai_scrapper\frontend\node_modules\react-router\dist\development\chunk-R73PQUJU.js:414:13)
    at BrowserRouter (C:\playground\Python\ai_scrapper\frontend\node_modules\react-router\dist\development\chunk-R73PQUJU.js:872:3)
    at QueryClientProvider 
(file:///C:/playground/Python/ai_scrapper/frontend/node_modules/@tanstack/react-query/build/modern/QueryClientProvider.js:20:3)
    at AllTheProviders (C:\playground\Python\ai_scrapper\frontend\src\test\utils.tsx:11:28)
    [33mid[31m=[32m"toast-container"[31m
  [36m/>[31m
  [36m<div>[31m
    [36m<div[31m
      [33mclass[31m=[32m"max-w-4xl mx-auto "[31m
    [36m>[31m
      [36m<form[31m
Warning: An update to JobForm inside a test was not wrapped in act(...).

When testing, code that causes React state updates should be wrapped into act(...):

act(() => {
        [33mclass[31m=[32m"space-y-6"[31m
      [36m>[31m
        [36m<div[31m
          [33mclass[31m=[32m"bg-white shadow rounded-lg p-6"[31m
        [36m>[31m
  /* fire events that update state */
          [36m<div[31m
});
            [33mclass[31m=[32m"space-y-2 "[31m
/* assert on the output */
          [36m>[31m

This ensures that you're testing the behavior the user would see in the browser. Learn more at https://reactjs.org/link/wrap-tests-with-act
            [36m<label[31m
              [33mclass[31m=[32m"block text-sm font-medium text-gray-700"[31m
    at JobForm (C:\playground\Python\ai_scrapper\frontend\src\components\forms\JobForm.tsx:23:20)
              [33mfor[31m=[32m"url-input-pb1zyzudn"[31m
            [36m>[31m
              [0mURL[0m
    at ToastProvider (C:\playground\Python\ai_scrapper\frontend\src\providers\ToastProvider.tsx:17:3)
              [36m<span[31m
                [33maria-hidden[31m=[32m"true"[31m
    at Router (C:\playground\Python\ai_scrapper\frontend\node_modules\react-router\dist\development\chunk-R73PQUJU.js:414:13)
    at BrowserRouter (C:\playground\Python\ai_scrapper\frontend\node_modules\react-router\dist\development\chunk-R73PQUJU.js:872:3)
                [33mclass[31m=[32m"text-red-500 ml-1"[31m
    at QueryClientProvider 
(file:///C:/playground/Python/ai_scrapper/frontend/node_modules/@tanstack/react-query/build/modern/QueryClientProvider.js:20:3)
    at AllTheProviders (C:\playground\Python\ai_scrapper\frontend\src\test\utils.tsx:11:28)
Warning: An update to JobForm inside a test was not wrapped in act(...).

When testing, code that causes React state updates should be wrapped into act(...):

act(() => {
              [36m>[31m
                [0m*[0m
  /* fire events that update state */
});
/* assert on the output */

              [36m</span>[31m
              [36m<span[31m
                [33mclass[31m=[32m"sr-only"[31m
This ensures that you're testing the behavior the user would see in the browser. Learn more at https://reactjs.org/link/wrap-tests-with-act
    at JobForm (C:\playground\Python\ai_scrapper\frontend\src\components\forms\JobForm.tsx:23:20)
    at ToastProvider (C:\playground\Python\ai_scrapper\frontend\src\providers\ToastProvider.tsx:17:3)
    at Router (C:\playground\Python\ai_scrapper\frontend\node_modules\react-router\dist\development\chunk-R73PQUJU.js:414:13)
    at BrowserRouter (C:\playground\Python\ai_scrapper\frontend\node_modules\react-router\dist\development\chunk-R73PQUJU.js:872:3)
    at QueryClientProvider 
(file:///C:/playground/Python/ai_scrapper/frontend/node_modules/@tanstack/react-query/build/modern/QueryClientProvider.js:20:3)
    at AllTheProviders (C:\playground\Python\ai_scrapper\frontend\src\test\utils.tsx:11:28)
Warning: An update to JobForm inside a test was not wrapped in act(...).

              [36m>[31m
                [0mrequired[0m
              [36m</span>[31m
            [36m</label>[31m
            [36m<div[31m
              [33mclass[31m=[32m"relative"[31m
            [36m>[31m
When testing, code that causes React state updates should be wrapped into act(...):

act(() => {
  /* fire events that update state */
});
              [36m<input[31m
                [33maria-describedby[31m=[32m"url-input-pb1zyzudn-preview"[31m
                [33maria-invalid[31m=[32m"false"[31m
                [33maria-required[31m=[32m"true"[31m
                [33mclass[31m=[32m"
            block w-full px-3 py-2 border rounded-md shadow-sm transition-colors duration-200
            placeholder-gray-400 focus:outline-none focus:ring-2 focus:ring-primary-500 focus:border-primary-500
/* assert on the output */

This ensures that you're testing the behavior the user would see in the browser. Learn more at https://reactjs.org/link/wrap-tests-with-act
    at JobForm (C:\playground\Python\ai_scrapper\frontend\src\components\forms\JobForm.tsx:23:20)
    at ToastProvider (C:\playground\Python\ai_scrapper\frontend\src\providers\ToastProvider.tsx:17:3)
    at Router (C:\playground\Python\ai_scrapper\frontend\node_modules\react-router\dist\development\chunk-R73PQUJU.js:414:13)
    at BrowserRouter (C:\playground\Python\ai_scrapper\frontend\node_modules\react-router\dist\development\chunk-R73PQUJU.js:872:3)
            border-gray-300
          "[31m
                [33mid[31m=[32m"url-input-pb1zyzudn"[31m
                [33mname[31m=[32m"url"[31m
                [33mplaceholder[31m=[32m"https://example.com"[31m
                [33mtype[31m=[32m"url"[31m
              [36m/>[31m
              [36m<div[31m
                [33maria-hidden[31m=[32m"true"[31m
    at QueryClientProvider 
(file:///C:/playground/Python/ai_scrapper/frontend/node_modules/@tanstack/react-query/build/modern/QueryClientProvider.js:20:3)
    at AllTheProviders (C:\playground\Python\ai_scrapper\frontend\src\test\utils.tsx:11:28)

                [33mclass[31m=[32m"absolute right-3 top-1/2 transform -translate-y-1/2"[31m
              [36m>[31m
                [36m<div[31m
                  [33mclass[31m=[32m"flex items-center space-x-2"[31m
                [36m>[31m
                  [36m<span[31m
                    [33mclass[31m=[32m"
                inline-flex items-center px-2 py-1 rounded-full text-xs font-medium
                bg-green-100 text-green-800
              "[31m
                  [36m>[31m
                    [0mHTTPS[0m
                  [36m</span>[31m
                [36m</div>[31m
              [36m</div>[31m
            [36m</div>[31m
            [36m<div[31m
              [33maria-live[31m=[32m"polite"[31m
              [33mclass[31m=[32m"flex items-center space-x-2 text-sm text-gray-600"[31m
              [33mid[31m=[32m"url-input-pb1zyzudn-preview"[31m
              [33mrole[31m=[32m"status"[31m
            [36m>[31m
              [36m<svg[31m
                [33maria-hidden[31m=[32m"true"[31m
                [33mclass[31m=[32m"w-4 h-4 text-green-500"[31m
                [33mfill[31m=[32m"currentColor"[31m
                [33mviewBox[31m=[32m"0 0 20 20"[31m
              [36m>[31m
                [36m<path[31m
                  [33mclip-rule[31m=[32m"evenodd"[31m
                  [33md[31m=[32m"M10 18a8 8 0 100-16 8 8 0 000 16zm3.707-9.293a1 1 0 00-1.414-1.414L9 10.586 7.707 9.293a1 1 0 00-1.414 1.414l2 2a1 1 0 001.414 0l4-4z"[31m
                  [33mfill-rule[31m=[32m"evenodd"[31m
                [36m/>[31m
              [36m</svg>[31m
              [36m<span>[31m
                [0mValid URL - Domain: [0m
                [0mexample.com[0m
                [0m (Secure)[0m
              [36m</span>[31m
            [36m</div>[31m
          [36m</div>[31m
        [36m</div>[31m
        [36m<div[31m
          [33mclass[31m=[32m"bg-white shadow rounded-lg p-6"[31m
        [36m>[31m
          [36m<div[31m
            [33mclass[31m=[32m"space-y-4"[31m
          [36m>[31m
            [36m<div[31m
              [33mclass[31m=[32m"flex items-center justify-between"[31m
            [36m>[31m
              [36m<label[31m
                [33mclass[31m=[32m"block text-sm font-medium text-gray-700"[31m
              [36m>[31m
                [0mCSS Selectors[0m
              [36m</label>[31m
              [36m<span[31m
                [33mclass[31m=[32m"text-xs text-gray-500"[31m
              [36m>[31m
                [0mDefine what data to extract from the page[0m
              [36m</span>[31m
            [36m</div>[31m
            [36m<div[31m
              [33mclass[31m=[32m"space-y-3"[31m
            [36m>[31m
              [36m<div[31m
                [33mclass[31m=[32m"flex items-center space-x-3 p-3 bg-gray-50 rounded-lg"[31m
              [36m>[31m
                [36m<div[31m
                  [33mclass[31m=[32m"flex-1"[31m
                [36m>[31m
                  [36m<input[31m
                    [33mclass[31m=[32m"block w-full px-3 py-2 text-sm border border-gray-300 rounded-md focus:outline-none focus:ring-2 focus:ring-blue-500 focus:border-blue-500"[31m
                    [33mplaceholder[31m=[32m"Field name (e.g., title)"[31m
                    [33mtype[31m=[32m"text"[31m
                    [33mvalue[31m=[32m"title"[31m
                  [36m/>[31m
                [36m</div>[31m
                [36m<div[31m
                  [33mclass[31m=[32m"flex-2"[31m
                [36m>[31m
                  [36m<input[31m
                    [33mclass[31m=[32m"block w-full px-3 py-2 text-sm border border-gray-300 rounded-md focus:outline-none focus:ring-2 focus:ring-blue-500 focus:border-blue-500"[31m
                    [33mplaceholder[31m=[32m"CSS selector (e.g., h1, .title, #main-content)"[31m
                    [33mtype[31m=[32m"text"[31m
                    [33mvalue[31m=[32m"h1.main-title"[31m
                  [36m/>[31m
                [36m</div>[31m
                [36m<button[31m
                  [33mclass[31m=[32m"p-2 text-red-600 hover:text-red-800 hover:bg-red-50 rounded-md transition-colors"[31m
                  [33mtitle[31m=[32m"Remove selector"[31m
                  [33mtype[31m=[32m"button"[31m
                [36m>[31m
                  [36m<svg[31m
                    [33mclass[31m=[32m"w-4 h-4"[31m
                    [33mfill[31m=[32m"currentColor"[31m
                    [33mviewBox[31m=[32m"0 0 20 20"[31m
                  [36m>[31m
                    [36m<path[31m
                      [33mclip-rule[31m=[32m"evenodd"[31m
                      [33md[31m=[32m"M4.293 4.293a1 1 0 011.414 0L10 8.586l4.293-4...[39m
[31m   [33mΓ¥»[31m src/components/forms/__tests__/JobForm.clone.test.tsx[2m > [22mJobForm Clone Mode Integration[2m > [22mComplete Clone Workflow[2m > [22mshould allow editing fields before cloning[39m
[31m     ΓåÆ Found multiple elements with the placeholder text of: CSS selector (e.g., h1, .title, #main-content)

Here are the matching elements:

Ignored nodes: comments, script, style
[36m<input[31m
  [33mclass[31m=[32m"block w-full px-3 py-2 text-sm border border-gray-300 rounded-md focus:outline-none focus:ring-2 focus:ring-blue-500 focus:border-blue-500"[31m
  [33mplaceholder[31m=[32m"CSS selector (e.g., h1, .title, #main-content)"[31m
  [33mtype[31m=[32m"text"[31m
  [33mvalue[31m=[32m"h1"[31m
[36m/>[31m

Ignored nodes: comments, script, style
[36m<input[31m
  [33mclass[31m=[32m"
                  block w-full px-3 py-2 text-sm border rounded-md focus:outline-none focus:ring-2 focus:ring-blue-500 focus:border-blue-500
                  border-gray-300
                "[31m
  [33mplaceholder[31m=[32m"CSS selector (e.g., h1, .title, #main-content)"[31m
  [33mtype[31m=[32m"text"[31m
  [33mvalue[31m=[32m""[31m
[36m/>[31m

(If this is intentional, then use the `*AllBy*` variant of the query (like `queryAllByText`, `getAllByText`, or `findAllByText`)).

Ignored nodes: comments, script, style
[36m<body>[31m
  [36m<div[31m
    [33mid[31m=[32m"toast-container"[31m
  [36m/>[31m
  [36m<div>[31m
    [36m<div[31m
      [33mclass[31m=[32m"max-w-4xl mx-auto "[31m
    [36m>[31m
      [36m<form[31m
        [33mclass[31m=[32m"space-y-6"[31m
      [36m>[31m
        [36m<div[31m
          [33mclass[31m=[32m"bg-white shadow rounded-lg p-6"[31m
        [36m>[31m
          [36m<div[31m
            [33mclass[31m=[32m"space-y-2 "[31m
          [36m>[31m
            [36m<label[31m
              [33mclass[31m=[32m"block text-sm font-medium text-gray-700"[31m
              [33mfor[31m=[32m"url-input-j8ia471kv"[31m
            [36m>[31m
              [0mURL[0m
              [36m<span[31m
                [33maria-hidden[31m=[32m"true"[31m
                [33mclass[31m=[32m"text-red-500 ml-1"[31m
              [36m>[31m
                [0m*[0m
              [36m</span>[31m
              [36m<span[31m
                [33mclass[31m=[32m"sr-only"[31m
              [36m>[31m
                [0mrequired[0m
              [36m</span>[31m
            [36m</label>[31m
            [36m<div[31m
              [33mclass[31m=[32m"relative"[31m
            [36m>[31m
              [36m<input[31m
                [33maria-describedby[31m=[32m"url-input-j8ia471kv-preview"[31m
                [33maria-invalid[31m=[32m"false"[31m
                [33maria-required[31m=[32m"true"[31m
                [33mclass[31m=[32m"
            block w-full px-3 py-2 border rounded-md shadow-sm transition-colors duration-200
            placeholder-gray-400 focus:outline-none focus:ring-2 focus:ring-primary-500 focus:border-primary-500
            border-gray-300
          "[31m
                [33mid[31m=[32m"url-input-j8ia471kv"[31m
                [33mname[31m=[32m"url"[31m
                [33mplaceholder[31m=[32m"https://example.com"[31m
                [33mtype[31m=[32m"url"[31m
              [36m/>[31m
              [36m<div[31m
                [33maria-hidden[31m=[32m"true"[31m
                [33mclass[31m=[32m"absolute right-3 top-1/2 transform -translate-y-1/2"[31m
              [36m>[31m
                [36m<div[31m
                  [33mclass[31m=[32m"flex items-center space-x-2"[31m
                [36m>[31m
                  [36m<span[31m
                    [33mclass[31m=[32m"
                inline-flex items-center px-2 py-1 rounded-full text-xs font-medium
                bg-green-100 text-green-800
              "[31m
                  [36m>[31m
                    [0mHTTPS[0m
                  [36m</span>[31m
                [36m</div>[31m
              [36m</div>[31m
            [36m</div>[31m
            [36m<div[31m
              [33maria-live[31m=[32m"polite"[31m
              [33mclass[31m=[32m"flex items-center space-x-2 text-sm text-gray-600"[31m
              [33mid[31m=[32m"url-input-j8ia471kv-preview"[31m
              [33mrole[31m=[32m"status"[31m
            [36m>[31m
              [36m<svg[31m
                [33maria-hidden[31m=[32m"true"[31m
                [33mclass[31m=[32m"w-4 h-4 text-green-500"[31m
                [33mfill[31m=[32m"currentColor"[31m
                [33mviewBox[31m=[32m"0 0 20 20"[31m
              [36m>[31m
                [36m<path[31m
                  [33mclip-rule[31m=[32m"evenodd"[31m
                  [33md[31m=[32m"M10 18a8 8 0 100-16 8 8 0 000 16zm3.707-9.293a1 1 0 00-1.414-1.414L9 10.586 7.707 9.293a1 1 0 00-1.414 1.414l2 2a1 1 0 001.414 0l4-4z"[31m
                  [33mfill-rule[31m=[32m"evenodd"[31m
                [36m/>[31m
              [36m</svg>[31m
              [36m<span>[31m
                [0mValid URL - Domain: [0m
                [0mmodified.com[0m
                [0m (Secure)[0m
              [36m</span>[31m
            [36m</div>[31m
          [36m</div>[31m
        [36m</div>[31m
        [36m<div[31m
          [33mclass[31m=[32m"bg-white shadow rounded-lg p-6"[31m
        [36m>[31m
          [36m<div[31m
            [33mclass[31m=[32m"space-y-4"[31m
          [36m>[31m
            [36m<div[31m
              [33mclass[31m=[32m"flex items-center justify-between"[31m
            [36m>[31m
              [36m<label[31m
                [33mclass[31m=[32m"block text-sm font-medium text-gray-700"[31m
              [36m>[31m
                [0mCSS Selectors[0m
              [36m</label>[31m
              [36m<span[31m
                [33mclass[31m=[32m"text-xs text-gray-500"[31m
              [36m>[31m
                [0mDefine what data to extract from the page[0m
              [36m</span>[31m
            [36m</div>[31m
            [36m<div[31m
              [33mclass[31m=[32m"space-y-3"[31m
            [36m>[31m
              [36m<div[31m
                [33mclass[31m=[32m"flex items-center space-x-3 p-3 bg-gray-50 rounded-lg"[31m
              [36m>[31m
                [36m<div[31m
                  [33mclass[31m=[32m"flex-1"[31m
                [36m>[31m
                  [36m<input[31m
                    [33mclass[31m=[32m"block w-full px-3 py-2 text-sm border border-gray-300 rounded-md focus:outline-none focus:ring-2 focus:ring-blue-500 focus:border-blue-500"[31m
                    [33mplaceholder[31m=[32m"Field name (e.g., title)"[31m
                    [33mtype[31m=[32m"text"[31m
                    [33mvalue[31m=[32m"title"[31m
                  [36m/>[31m
                [36m</div>[31m
                [36m<div[31m
                  [33mclass[31m=[32m"flex-2"[31m
                [36m>[31m
                  [36m<input[31m
                    [33mclass[31m=[32m"block w-full px-3 py-2 text-sm border border-gray-300 rounded-md focus:outline-none focus:ring-2 focus:ring-blue-500 focus:border-blue-500"[31m
                    [33mplaceholder[31m=[32m"CSS selector (e.g., h1, .title, #main-content)"[31m
                    [33mtype[31m=[32m"text"[31m
                    [33mvalue[31m=[32m"h1"[31m
                  [36m/>[31m
                [36m</div>[31m
                [36m<button[31m
                  [33mclass[31m=[32m"p-2 text-red-600 hover:text-red-800 hover:bg-red-50 rounded-md transition-colors"[31m
                  [33mtitle[31m=[32m"Remove selector"[31m
                  [33mtype[31m=[32m"button"[31m
                [36m>[31m
                  [36m<svg[31m
                    [33mclass[31m=[32m"w-4 h-4"[31m
                    [33mfill[31m=[32m"currentColor"[31m
                    [33mviewBox[31m=[32m"0 0 20 20"[31m
                  [36m>[31m
                    [36m<path[31m
                      [33mclip-rule[31m=[32m"evenodd"[31m
                      [33md[31m=[32m"M4.293 4.293a1 1 0 011.414 0L10 8.586l4.293-4.293a1 1 0...[39m
[31m   [33mΓ¥»[31m src/components/forms/__tests__/JobForm.clone.test.tsx[2m > [22mJobForm Clone Mode Integration[2m > [22mComplete Clone Workflow[2m > [22mshould validate fields before allowing clone[39m
[31m     ΓåÆ Unable to find an element with the text: /url is required/i. This could be because the text is broken up by multiple elements. In this case, you can provide a function for your text matcher to make your matcher more flexible.

Ignored nodes: comments, script, style
[36m<body>[31m
  [36m<div[31m
    [33mid[31m=[32m"toast-container"[31m
  [36m/>[31m
  [36m<div>[31m
    [36m<div[31m
      [33mclass[31m=[32m"max-w-4xl mx-auto "[31m
    [36m>[31m
      [36m<form[31m
        [33mclass[31m=[32m"space-y-6"[31m
      [36m>[31m
        [36m<div[31m
          [33mclass[31m=[32m"bg-white shadow rounded-lg p-6"[31m
        [36m>[31m
          [36m<div[31m
            [33mclass[31m=[32m"space-y-2 "[31m
          [36m>[31m
            [36m<label[31m
              [33mclass[31m=[32m"block text-sm font-medium text-gray-700"[31m
              [33mfor[31m=[32m"url-input-x48kp8rdi"[31m
            [36m>[31m
              [0mURL[0m
              [36m<span[31m
                [33maria-hidden[31m=[32m"true"[31m
                [33mclass[31m=[32m"text-red-500 ml-1"[31m
              [36m>[31m
                [0m*[0m
              [36m</span>[31m
              [36m<span[31m
                [33mclass[31m=[32m"sr-only"[31m
              [36m>[31m
                [0mrequired[0m
              [36m</span>[31m
            [36m</label>[31m
            [36m<div[31m
              [33mclass[31m=[32m"relative"[31m
            [36m>[31m
              [36m<input[31m
                [33maria-describedby[31m=[32m"url-input-x48kp8rdi-help"[31m
                [33maria-invalid[31m=[32m"false"[31m
                [33maria-required[31m=[32m"true"[31m
                [33mclass[31m=[32m"
            block w-full px-3 py-2 border rounded-md shadow-sm transition-colors duration-200
            placeholder-gray-400 focus:outline-none focus:ring-2 focus:ring-primary-500 focus:border-primary-500
            border-gray-300
          "[31m
                [33mid[31m=[32m"url-input-x48kp8rdi"[31m
                [33mname[31m=[32m"url"[31m
                [33mplaceholder[31m=[32m"https://example.com"[31m
                [33mtype[31m=[32m"url"[31m
              [36m/>[31m
            [36m</div>[31m
            [36m<p[31m
              [33mclass[31m=[32m"text-sm text-gray-500"[31m
              [33mid[31m=[32m"url-input-x48kp8rdi-help"[31m
            [36m>[31m
              [0mEnter a valid URL starting with http:// or https://[0m
            [36m</p>[31m
          [36m</div>[31m
        [36m</div>[31m
        [36m<div[31m
          [33mclass[31m=[32m"bg-white shadow rounded-lg p-6"[31m
        [36m>[31m
          [36m<div[31m
            [33mclass[31m=[32m"space-y-4"[31m
          [36m>[31m
            [36m<div[31m
              [33mclass[31m=[32m"flex items-center justify-between"[31m
            [36m>[31m
              [36m<label[31m
                [33mclass[31m=[32m"block text-sm font-medium text-gray-700"[31m
              [36m>[31m
                [0mCSS Selectors[0m
              [36m</label>[31m
              [36m<span[31m
                [33mclass[31m=[32m"text-xs text-gray-500"[31m
              [36m>[31m
                [0mDefine what data to extract from the page[0m
              [36m</span>[31m
            [36m</div>[31m
            [36m<div[31m
              [33mclass[31m=[32m"border-2 border-dashed border-gray-300 rounded-lg p-4"[31m
            [36m>[31m
              [36m<div[31m
                [33mclass[31m=[32m"space-y-3"[31m
              [36m>[31m
                [36m<div[31m
                  [33mclass[31m=[32m"grid grid-cols-1 md:grid-cols-2 gap-3"[31m
                [36m>[31m
                  [36m<div>[31m
                    [36m<input[31m
                      [33mclass[31m=[32m"
                  block w-full px-3 py-2 text-sm border rounded-md focus:outline-none focus:ring-2 focus:ring-blue-500 focus:border-blue-500
                  border-gray-300
                "[31m
                      [33mplaceholder[31m=[32m"Field name (e.g., title, price, description)"[31m
                      [33mtype[31m=[32m"text"[31m
                      [33mvalue[31m=[32m""[31m
                    [36m/>[31m
                  [36m</div>[31m
                  [36m<div>[31m
                    [36m<input[31m
                      [33mclass[31m=[32m"
                  block w-full px-3 py-2 text-sm border rounded-md focus:outline-none focus:ring-2 focus:ring-blue-500 focus:border-blue-500
                  border-gray-300
                "[31m
                      [33mplaceholder[31m=[32m"CSS selector (e.g., h1, .title, #main-content)"[31m
                      [33mtype[31m=[32m"text"[31m
                      [33mvalue[31m=[32m""[31m
                    [36m/>[31m
                  [36m</div>[31m
                [36m</div>[31m
                [36m<button[31m
                  [33mclass[31m=[32m"inline-flex items-center px-3 py-2 text-sm font-medium text-blue-700 bg-blue-100 border border-transparent rounded-md hover:bg-blue-200 focus:outline-none focus:ring-2 focus:ring-offset-2 focus:ring-blue-500 transition-colors"[31m
                  [33mtype[31m=[32m"button"[31m
                [36m>[31m
                  [36m<svg[31m
                    [33mclass[31m=[32m"w-4 h-4 mr-2"[31m
                    [33mfill[31m=[32m"currentColor"[31m
                    [33mviewBox[31m=[32m"0 0 20 20"[31m
                  [36m>[31m
                    [36m<path[31m
                      [33mclip-rule[31m=[32m"evenodd"[31m
                      [33md[31m=[32m"M10 3a1 1 0 011 1v5h5a1 1 0 110 2h-5v5a1 1 0 11-2 0v-5H4a1 1 0 110-2h5V4a1 1 0 011-1z"[31m
                      [33mfill-rule[31m=[32m"evenodd"[31m
                    [36m/>[31m
                  [36m</svg>[31m
                  [0mAdd Selector[0m
                [36m</button>[31m
              [36m</div>[31m
            [36m</div>[31m
            [36m<div[31m
              [33mclass[31m=[32m"bg-blue-50 border border-blue-200 rounded-lg p-3"[31m
            [36m>[31m
              [36m<div[31m
                [33mclass[31m=[32m"flex"[31m
              [36m>[31m
                [36m<svg[31m
                  [33mclass[31m=[32m"w-5 h-5 text-blue-400 mt-0.5"[31m
                  [33mfill[31m=[32m"currentColor"[31m
                  [33mviewBox[31m=[32m"0 0 20 20"[31m
                [36m>[31m
                  [36m<path[31m
                    [33mclip-rule[31m=[32m"evenodd"[31m
                    [33md[31m=[32m"M18 10a8 8 0 11-16 0 8 8 0 0116 0zm-7-4a1 1 0 11-2 0 1 1 0 012 0zM9 9a1 1 0 000 2v3a1 1 0 001 1h1a1 1 0 100-2v-3a1 1 0 00-1-1H9z"[31m
                    [33mfill-rule[31m=[32m"evenodd"[31m
                  [36m/>[31m
                [36m</svg>[31m
                [36m<div[31m
                  [33mclass[31m=[32m"ml-3"[31m
                [36m>[31m
                  [36m<h4[31m
                    [33mclass[31m=[32m"text-sm font-medium text-blue-800"[31m
                  [36m>[31m
                    [0mCSS Selector Tips[0m
                  [36m</h4>[31m
                  [36m<div[31m
                    [33mclass[31m=[32m"mt-1 text-sm text-blue-700"[31m
                  [36m>[31m
                    [36m<ul[31m
                      [33mclass[31m=[32m"list-disc list-inside space-y-1"[31m
                    [36m>[31m
                      [36m<li>[31m
                        [36m<code[31m
                          [33mclass[31m=[32m"bg-blue-100 px-1 rounded"[31m
                        [36m>[31m
                          [0mh1[0m
                        [36m</code>[31m
                        [0m - Select by tag name[0m
                      [36m</li>[31m
                      [36m<li>[31m
                        [36m<code[31m
                          [33mclass[31m=[32m"bg-blue-100 px-1 rounded"[31m
                        [36m>[31m
                          [0m.class-name[0m
                        [36m</code>[31m
                        [0m - Select by class[0m
                      [36m</li>[31m
                      [36m<li>[31m
                        [36m<code[31m
                          [33mclass[31m=[32m"bg-blue-100 px-1 rounded"[31m
                        [36m>[31m
                          [0m#element-id[0m
                        [36m</code>[31m
                        [0m - Select by ID[0m
                      [36m</li>[31m
                      [36m<li>[31m
                        [36m<code[31m
                          [33mclass[31m=[32m"bg-blue-100 px-1 rounded"[31m
                        [36m>[31m
                          [0m[data-testid="value"][0m
                        [36m</code>[31m
                        [0m - Select by attribute[0m
                      [36m</li>[31m
                    [36m</ul>[31m
                  [36m</div>[31m
                [36m</div>[31m
              [36m</div>[31m
            [36m</div>[31m
          [36m</div>[31m
        [36m</div>[31m
        [36m<div[31m
          [33mclass[31m=[32m"bg-white shadow rounded-lg"[31m
        [36m>[31m
          [36m<div[31m
            [33mclass[31m=[32m"border border-gray-200 rounded-lg"[31m
          [36m>[31m
            [36m<button[31m
              [33mclass[31m=[32m"w-full px-4 py-3 text-left flex items-center justify-between bg-gray-50 hover:bg-gray-100 rounded-t-lg transition-colors"[31m
              [33mtype[31m=[32m"button"[31m
            [36m>[31m
              [36m<span[31m
                [33mclass[31m=[32m"text-sm font-medium text-gray-700"[31m
              [36m>[31m
                [0mAdvanced Options[0m
              [36m</span>[31m
              [36m<svg[31m
                [33mclass[31m=[32m"w-5 h-5 text-gray-500 transition-transform "[31m
                [33mfill[31m=[32m"currentColor"[31m
                [33mviewBox[31m=[32m"0 0 20 20"[31m
              [36m>[31m
                [36m<path[31m
                  [33mclip-rule[31m=[32m"evenodd"[31m
                  [33md[31m=[32m"M5.293 7.293a1 1 0 011.414 0L10 10.586l3.293-3.293a1 1 0 111.414 1.414l-4 4a1 1 0 01-1.414 0l-4-4a1 1 0 010-1.414z"[31m
                  [33mfill-rule[31m=[32m"evenodd"[31m
                [36m/>[31m
              [36m</svg>[31m
            [36m</button>[31m
          [36m</div>[31m
        [36m</div>[31m
        [36m<div[31m
          [33mclass[31m=[32m"bg-white shadow rounded-lg p-6"[31m
        [36m>[31m
          [36m<div[31m
            [33mclass[31m=[32m"flex items-center justify-between"[31m
          [36m>[31m
            [36m<div[31m
              [33mclass[31m=[32m"flex items-center space-x-4"[31m
            [36m>[31m
              [36m<button[31m
                [33mclass[31m=[32m"inline-flex items-center px-4 py-2 border border-gray-300 text-sm font-medium rounded-md text-gray-700 bg-white hover:bg-gray-50 focus:outline-none focus:ring-2 focus:ring-offset-2 focus:ring-gray-500 disabled:opacity-50 disabled:cursor-not-allowed transition-colors"[31m
                [33mtype[31m=[32m"button"[31m
              [36m>[31m
                [0mReset Form[0m
              [36m</button>[31m
              [36m<div[31m
                [33mclass[31m=[32m"text-sm text-gray-500"[31m
              [36m/>[31m
            [36m</div>[31m
            [36m<div[31m
              [33mclass[31m=[32m"flex items-center space-x-3"[31m
            [36m>[31m
              [36m<button[31m
                [33mclass[31m=[32m"
                  inline-flex items-center px-4 py-2 text-sm font-medium rounded-md focus:outline-none focus:ring-2 focus:ring-offset-2 transition-colors disabled:opacity-50 disabled:cursor-not-allowed
                  border border-gray-300 text-gray-500 bg-gray-50
                "[31m
                [33mdisabled[31m=[32m""[31m
                [33mtype[31m=[32m"submit"[31m
              [36m>[31m
                [0mClone Job[0m
              [36m</button>[31m
            [36m</div>[31m
          [36m</div>[31m
          [36m<div[31m
            [33mclass[31m=[32m"mt-4 pt-4 border-t border-gray-200"[31m
          [36m>[31m
            [36m<div[31m
              [33mclass[31m=[32m"grid grid-cols-1 md:grid-cols-3 gap-4 text-sm"[31m
            [36m>[31m
              [36m<div>[31m
                [36m<span[31m
                  [33mclass[31m=[32m"font-medium text-gray-700"[31m
                [36m>[31m
                  [0mURL:[0m
                [36m</span>[31m
                [36m<span[31m
                  [33mclass[31m=[32m"ml-2 text-gray-600 truncate block"[31m
                [36m>[31m
                  [0mNot specified[0m
                [36m</span>[31m
              [36m</div>[31m
              [36m<div>[31m
                [36m<span[31m
                  [33mclass[31m=[32m"font-medium text-gray-700"[31m
                [36m>[31m
                  [0mSelectors:[0m
                [36m</span>[31m
                [36m<span[31m
                  [33mclass[31m=[32m"ml-2 text-gray-600"[31m
                [36m>[31m
                  [0m0[0m
                  [0m configured[0m
                [36m</span>[31m
              [36m</div>[31m
              [36m<div>[31m
                [36m<span[31m
                  [33mclass[31m=[32m"font-medium text-gray-700"[31m
                [36m>[31m
                  [0mTimeout:[0m
                [36m</span>[31m
                [36m<span[31m
                  [33mclass[31m=[32m"ml-2 text-gray-600"[31m
                [36m>[31m
                  [0m30[0m
                  [0m seconds[0m
                [36m</span>[31m
              [36m</div>[31m
            [36m</div>[31m
          [36m</div>[31m
        [36m</div>[31m
      [36m</form>[31m
    [36m</div>[31m
  [36m</div>[31m
[36m</body>[31m[39m
[31m   [33mΓ¥»[31m src/components/forms/__tests__/JobForm.clone.test.tsx[2m > [22mJobForm Clone Mode Integration[2m > [22mClone Mode UI Differences[2m > [22mshould show clone-specific button text and styling[39m
[31m     ΓåÆ [2mexpect([22m[31melement[31m[2m).toHaveClass([22m[32m[32m"/purple/"[32m[31m[2m)[22m

Expected the element to have class:
[32m  /purple/[31m
Received:
[31m  inline-flex items-center px-4 py-2 text-sm font-medium rounded-md focus:outline-none focus:ring-2 focus:ring-offset-2 transition-colors disabled:opacity-50 disabled:cursor-not-allowed border border-gray-300 text-gray-500 bg-gray-50[31m[39m
[31m   [33mΓ¥»[31m src/components/forms/__tests__/JobForm.clone.test.tsx[2m > [22mJobForm Clone Mode Integration[2m > [22mClone Mode UI Differences[2m > [22mshould show clone-specific loading states[39m
[31m     ΓåÆ Unable to find an element with the text: Cloning.... This could be because the text is broken up by multiple elements. In this case, you can provide a function for your text matcher to make your matcher more flexible.

Ignored nodes: comments, script, style
[36m<body>[31m
  [36m<div[31m
    [33mid[31m=[32m"toast-container"[31m
  [36m/>[31m
  [36m<div>[31m
    [36m<div[31m
      [33mclass[31m=[32m"max-w-4xl mx-auto "[31m
    [36m>[31m
      [36m<form[31m
        [33mclass[31m=[32m"space-y-6"[31m
      [36m>[31m
        [36m<div[31m
          [33mclass[31m=[32m"bg-white shadow rounded-lg p-6"[31m
        [36m>[31m
          [36m<div[31m
            [33mclass[31m=[32m"space-y-2 "[31m
          [36m>[31m
            [36m<label[31m
              [33mclass[31m=[32m"block text-sm font-medium text-gray-700"[31m
              [33mfor[31m=[32m"url-input-6t2bfv34u"[31m
            [36m>[31m
              [0mURL[0m
              [36m<span[31m
                [33maria-hidden[31m=[32m"true"[31m
                [33mclass[31m=[32m"text-red-500 ml-1"[31m
              [36m>[31m
                [0m*[0m
              [36m</span>[31m
              [36m<span[31m
                [33mclass[31m=[32m"sr-only"[31m
              [36m>[31m
                [0mrequired[0m
              [36m</span>[31m
            [36m</label>[31m
            [36m<div[31m
              [33mclass[31m=[32m"relative"[31m
            [36m>[31m
              [36m<input[31m
                [33maria-describedby[31m=[32m"url-input-6t2bfv34u-preview"[31m
                [33maria-invalid[31m=[32m"false"[31m
                [33maria-required[31m=[32m"true"[31m
                [33mclass[31m=[32m"
            block w-full px-3 py-2 border rounded-md shadow-sm transition-colors duration-200
            placeholder-gray-400 focus:outline-none focus:ring-2 focus:ring-primary-500 focus:border-primary-500
            border-gray-300
          "[31m
                [33mid[31m=[32m"url-input-6t2bfv34u"[31m
                [33mname[31m=[32m"url"[31m
                [33mplaceholder[31m=[32m"https://example.com"[31m
                [33mtype[31m=[32m"url"[31m
              [36m/>[31m
              [36m<div[31m
                [33maria-hidden[31m=[32m"true"[31m
                [33mclass[31m=[32m"absolute right-3 top-1/2 transform -translate-y-1/2"[31m
              [36m>[31m
                [36m<div[31m
                  [33mclass[31m=[32m"flex items-center space-x-2"[31m
                [36m>[31m
                  [36m<span[31m
                    [33mclass[31m=[32m"
                inline-flex items-center px-2 py-1 rounded-full text-xs font-medium
                bg-green-100 text-green-800
              "[31m
                  [36m>[31m
                    [0mHTTPS[0m
                  [36m</span>[31m
                [36m</div>[31m
              [36m</div>[31m
            [36m</div>[31m
            [36m<div[31m
              [33maria-live[31m=[32m"polite"[31m
              [33mclass[31m=[32m"flex items-center space-x-2 text-sm text-gray-600"[31m
              [33mid[31m=[32m"url-input-6t2bfv34u-preview"[31m
              [33mrole[31m=[32m"status"[31m
            [36m>[31m
              [36m<svg[31m
                [33maria-hidden[31m=[32m"true"[31m
                [33mclass[31m=[32m"w-4 h-4 text-green-500"[31m
                [33mfill[31m=[32m"currentColor"[31m
                [33mviewBox[31m=[32m"0 0 20 20"[31m
              [36m>[31m
                [36m<path[31m
                  [33mclip-rule[31m=[32m"evenodd"[31m
                  [33md[31m=[32m"M10 18a8 8 0 100-16 8 8 0 000 16zm3.707-9.293a1 1 0 00-1.414-1.414L9 10.586 7.707 9.293a1 1 0 00-1.414 1.414l2 2a1 1 0 001.414 0l4-4z"[31m
                  [33mfill-rule[31m=[32m"evenodd"[31m
                [36m/>[31m
              [36m</svg>[31m
              [36m<span>[31m
                [0mValid URL - Domain: [0m
                [0mexample.com[0m
                [0m (Secure)[0m
              [36m</span>[31m
            [36m</div>[31m
          [36m</div>[31m
        [36m</div>[31m
        [36m<div[31m
          [33mclass[31m=[32m"bg-white shadow rounded-lg p-6"[31m
        [36m>[31m
          [36m<div[31m
            [33mclass[31m=[32m"space-y-4"[31m
          [36m>[31m
            [36m<div[31m
              [33mclass[31m=[32m"flex items-center justify-between"[31m
            [36m>[31m
              [36m<label[31m
                [33mclass[31m=[32m"block text-sm font-medium text-gray-700"[31m
              [36m>[31m
                [0mCSS Selectors[0m
              [36m</label>[31m
              [36m<span[31m
                [33mclass[31m=[32m"text-xs text-gray-500"[31m
              [36m>[31m
                [0mDefine what data to extract from the page[0m
              [36m</span>[31m
            [36m</div>[31m
            [36m<div[31m
              [33mclass[31m=[32m"border-2 border-dashed border-gray-300 rounded-lg p-4"[31m
            [36m>[31m
              [36m<div[31m
                [33mclass[31m=[32m"space-y-3"[31m
              [36m>[31m
                [36m<div[31m
                  [33mclass[31m=[32m"grid grid-cols-1 md:grid-cols-2 gap-3"[31m
                [36m>[31m
                  [36m<div>[31m
                    [36m<input[31m
                      [33mclass[31m=[32m"
                  block w-full px-3 py-2 text-sm border rounded-md focus:outline-none focus:ring-2 focus:ring-blue-500 focus:border-blue-500
                  border-gray-300
                "[31m
                      [33mplaceholder[31m=[32m"Field name (e.g., title, price, description)"[31m
                      [33mtype[31m=[32m"text"[31m
                      [33mvalue[31m=[32m""[31m
                    [36m/>[31m
                  [36m</div>[31m
                  [36m<div>[31m
                    [36m<input[31m
                      [33mclass[31m=[32m"
                  block w-full px-3 py-2 text-sm border rounded-md focus:outline-none focus:ring-2 focus:ring-blue-500 focus:border-blue-500
                  border-gray-300
                "[31m
                      [33mplaceholder[31m=[32m"CSS selector (e.g., h1, .title, #main-content)"[31m
                      [33mtype[31m=[32m"text"[31m
                      [33mvalue[31m=[32m""[31m
                    [36m/>[31m
                  [36m</div>[31m
                [36m</div>[31m
                [36m<button[31m
                  [33mclass[31m=[32m"inline-flex items-center px-3 py-2 text-sm font-medium text-blue-700 bg-blue-100 border border-transparent rounded-md hover:bg-blue-200 focus:outline-none focus:ring-2 focus:ring-offset-2 focus:ring-blue-500 transition-colors"[31m
                  [33mtype[31m=[32m"button"[31m
                [36m>[31m
                  [36m<svg[31m
                    [33mclass[31m=[32m"w-4 h-4 mr-2"[31m
                    [33mfill[31m=[32m"currentColor"[31m
                    [33mviewBox[31m=[32m"0 0 20 20"[31m
                  [36m>[31m
                    [36m<path[31m
                      [33mclip-rule[31m=[32m"evenodd"[31m
                      [33md[31m=[32m"M10 3a1 1 0 011 1v5h5a1 1 0 110 2h-5v5a1 1 0 11-2 0v-5H4a1 1 0 110-2h5V4a1 1 0 011-1z"[31m
                      [33mfill-rule[31m=[32m"evenodd"[31m
                    [36m/>[31m
                  [36m</svg>[31m
                  [0mAdd Selector[0m
                [36m</button>[31m
              [36m</div>[31m
            [36m</div>[31m
            [36m<div[31m
              [33mclass[31m=[32m"bg-blue-50 border border-blue-200 rounded-lg p-3"[31m
            [36m>[31m
              [36m<div[31m
                [33mclass[31m=[32m"flex"[31m
              [36m>[31m
                [36m<svg[31m
                  [33mclass[31m=[32m"w-5 h-5 text-blue-400 mt-0.5"[31m
                  [33mfill[31m=[32m"currentColor"[31m
                  [33mviewBox[31m=[32m"0 0 20 20"[31m
                [36m>[31m
                  [36m<path[31m
                    [33mclip-rule[31m=[32m"evenodd"[31m
                    [33md[31m=[32m"M18 10a8 8 0 11-16 0 8 8 0 0116 0zm-7-4a1 1 0 11-2 0 1 1 0 012 0zM9 9a1 1 0 000 2v3a1 1 0 001 1h1a1 1 0 100-2v-3a1 1 0 00-1-1H9z"[31m
                    [33mfill-rule[31m=[32m"evenodd"[31m
                  [36m/>[31m
                [36m</svg>[31m
                [36m<div[31m
                  [33mclass[31m=[32m"ml-3"[31m
                [36m>[31m
                  [36m<h4[31m
                    [33mclass[31m=[32m"text-sm font-medium text-blue-800"[31m
                  [36m>[31m
                    [0mCSS Selector Tips[0m
                  [36m</h4>[31m
                  [36m<div[31m
                    [33mclass[31m=[32m"mt-1 text-sm text-blue-700"[31m
                  [36m>[31m
                    [36m<ul[31m
                      [33mclass[31m=[32m"list-disc list-inside space-y-1"[31m
                    [36m>[31m
                      [36m<li>[31m
                        [36m<code[31m
                          [33mclass[31m=[32m"bg-blue-100 px-1 rounded"[31m
                        [36m>[31m
                          [0mh1[0m
                        [36m</code>[31m
                        [0m - Select by tag name[0m
                      [36m</li>[31m
                      [36m<li>[31m
                        [36m<code[31m
                          [33mclass[31m=[32m"bg-blue-100 px-1 rounded"[31m
                        [36m>[31m
                          [0m.class-name[0m
                        [36m</code>[31m
                        [0m - Select by class[0m
                      [36m</li>[31m
                      [36m<li>[31m
                        [36m<code[31m
                          [33mclass[31m=[32m"bg-blue-100 px-1 rounded"[31m
                        [36m>[31m
                          [0m#element-id[0m
                        [36m</code>[31m
                        [0m - Select by ID[0m
                      [36m</li>[31m
                      [36m<li>[31m
                        [36m<code[31m
                          [33mclass[31m=[32m"bg-blue-100 px-1 rounded"[31m
                        [36m>[31m
                          [0m[data-testid="value"][0m
                        [36m</code>[31m
                        [0m - Select by attribute[0m
                      [36m</li>[31m
                    [36m</ul>[31m
                  [36m</div>[31m
                [36m</div>[31m
              [36m</div>[31m
            [36m</div>[31m
          [36m</div>[31m
        [36m</div>[31m
        [36m<div[31m
          [33mclass[31m=[32m"bg-white shadow rounded-lg"[31m
        [36m>[31m
          [36m<div[31m
            [33mclass[31m=[32m"border border-gray-200 rounded-lg"[31m
          [36m>[31m
            [36m<button[31m
              [33mclass[31m=[32m"w-full px-4 py-3 text-left flex items-center justify-between bg-gray-50 hover:bg-gray-100 rounded-t-lg transition-colors"[31m
              [33mtype[31m=[32m"button"[31m
            [36m>[31m
              [36m<span[31m
                [33mclass[31m=[32m"text-sm font-medium text-gray-700"[31m
              [36m>[31m
                [0mAdvanced Options[0m
              [36m</span>[31m
              [36m<svg[31m
                [33mclass[31m=[32m"w-5 h-5 text-gray-500 transition-transform "[31m
                [33mfill[31m=[32m"currentColor"[31m
                [33mviewBox[31m=[32m"0 0 20 20"[31m
              [36m>[31m
                [36m<path[31m
                  [33mclip-rule[31m=[32m"evenodd"[31m
                  [33md[31m=[32m"M5.293 7.293a1 1 0 011.414 0L10 10.586l3.293-3.293a1 1 0 111.414 1.414l-4 4a1 1 0 01-1.414 0l-4-4a1 1 0 010-1.414z"[31m
                  [33mfill-rule[31m=[32m"evenodd"[31m
                [36m/>[31m
              [36m</svg>[31m
            [36m</button>[31m
          [36m</div>[31m
        [36m</div>[31m
        [36m<div[31m
          [33mclass[31m=[32m"bg-white shadow rounded-lg p-6"[31m
        [36m>[31m
          [36m<div[31m
            [33mclass[31m=[32m"flex items-center justify-between"[31m
          [36m>[31m
            [36m<div[31m
              [33mclass[31m=[32m"flex items-center space-x-4"[31m
            [36m>[31m
              [36m<button[31m
                [33mclass[31m=[32m"inline-flex items-center px-4 py-2 border border-gray-300 text-sm font-medium rounded-md text-gray-700 bg-white hover:bg-gray-50 focus:outline-none focus:ring-2 focus:ring-offset-2 focus:ring-gray-500 disabled:opacity-50 disabled:cursor-not-allowed transition-colors"[31m
                [33mtype[31m=[32m"button"[31m
              [36m>[31m
                [0mReset Form[0m
              [36m</button>[31m
              [36m<div[31m
                [33mclass[31m=[32m"text-sm text-gray-500"[31m
              [36m/>[31m
            [36m</div>[31m
            [36m<div[31m
              [33mclass[31m=[32m"flex items-center space-x-3"[31m
            [36m>[31m
              [36m<button[31m
                [33mclass[31m=[32m"
                  inline-flex items-center px-4 py-2 text-sm font-medium rounded-md focus:outline-none focus:ring-2 focus:ring-offset-2 transition-colors disabled:opacity-50 disabled:cursor-not-allowed
                  border border-purple-300 text-purple-700 bg-white hover:bg-purple-50 focus:ring-purple-500
                "[31m
                [33mtype[31m=[32m"submit"[31m
              [36m>[31m
                [0mClone Job[0m
              [36m</button>[31m
            [36m</div>[31m
          [36m</div>[31m
          [36m<div[31m
            [33mclass[31m=[32m"mt-4 pt-4 border-t border-gray-200"[31m
          [36m>[31m
            [36m<div[31m
              [33mclass[31m=[32m"grid grid-cols-1 md:grid-cols-3 gap-4 text-sm"[31m
            [36m>[31m
              [36m<div>[31m
                [36m<span[31m
                  [33mclass[31m=[32m"font-medium text-gray-700"[31m
                [36m>[31m
                  [0mURL:[0m
                [36m</span>[31m
                [36m<span[31m
                  [33mclass[31m=[32m"ml-2 text-gray-600 truncate block"[31m
                [36m>[31m
                  [0mhttps://example.com[0m
                [36m</span>[31m
              [36m</div>[31m
              [36m<div>[31m
                [36m<span[31m
                  [33mclass[31m=[32m"font-medium text-gray-700"[31m
                [36m>[31m
                  [0mSelectors:[0m
                [36m</span>[31m
                [36m<span[31m
                  [33mclass[31m=[32m"ml-2 text-gray-600"[31m
                [36m>[31m
                  [0m0[0m
                  [0m configured[0m
                [36m</span>[31m
              [36m</div>[31m
              [36m<div>[31m
                [36m<span[31m
                  [33mclass[31m=[32m"font-medium text-gray-700"[31m
                [36m>[31m
                  [0mTimeout:[0m
                [36m</span>[31m
                [36m<span[31m
                  [33mclass[31m=[32m"ml-2 text-gray-600"[31m
                [36m>[31m
                  [0m30[0m
                  [0m seconds[0m
                [36m</span>[31m
              [36m</div>[31m
            [36m</div>[31m
          [36m</div>[31m
        [36m</div>[31m
      [36m</form>[31m
    [36m</div>[31m
  [36m</div>[31m
[36m</body>[31m[39m
 [33mΓ¥»[39m src/utils/__tests__/errorHandling.test.ts [2m ([22m[2m21 tests[22m [2m|[22m [31m5 failed[39m[2m)[22m[90m 107[2mms[22m[39m
[31m   [33mΓ¥»[31m src/utils/__tests__/errorHandling.test.ts[2m > [22merrorHandling utilities[2m > [22mhandleApiError[2m > [22mhandles network errors[39m
[31m     ΓåÆ expected 'Network Error' to contain 'network'[39m
[31m   [33mΓ¥»[31m src/utils/__tests__/errorHandling.test.ts[2m > [22merrorHandling utilities[2m > [22mformatErrorMessage[2m > [22mformats API error responses[39m
[31m     ΓåÆ expected 'API error' to be 'API error message' // Object.is equality[39m
[31m   [33mΓ¥»[31m src/utils/__tests__/errorHandling.test.ts[2m > [22merrorHandling utilities[2m > [22mlogError[2m > [22mlogs errors to console[39m
[31m     ΓåÆ expected "error" to be called with arguments: [ 'Error in Test context:', ΓÇª(1) ][90m

Received: 

[1m  1st error call:

[22m[2m  Array [[22m
[32m-   "Error in Test context:",[90m
[31m+   "Unknown Error:",[90m
[31m+   "[Test context] Test error",[90m
[2m    [Error: Test error],[22m
[2m  ][22m
[31m[90m

Number of calls: [1m1[22m
[31m[39m
[31m   [33mΓ¥»[31m src/utils/__tests__/errorHandling.test.ts[2m > [22merrorHandling utilities[2m > [22mlogError[2m > [22mlogs errors without context[39m
[31m     ΓåÆ expected "error" to be called with arguments: [ 'Error:', Error: Test error ][90m

Received: 

[1m  1st error call:

[22m[2m  Array [[22m
[32m-   "Error:",[90m
[31m+   "Unknown Error:",[90m
[31m+   "Test error",[90m
[2m    [Error: Test error],[22m
[2m  ][22m
[31m[90m

Number of calls: [1m1[22m
[31m[39m
[31m   [33mΓ¥»[31m src/utils/__tests__/errorHandling.test.ts[2m > [22merrorHandling utilities[2m > [22mlogError[2m > [22mhandles non-Error objects[39m
[31m     ΓåÆ expected "error" to be called with arguments: [ 'Error in Test context:', ΓÇª(1) ][90m

Received: 

[1m  1st error call:

[22m[2m  Array [[22m
[32m-   "Error in Test context:",[90m
[31m+   "Unknown Error:",[90m
[31m+   "[Test context] Error object",[90m
[2m    Object {[22m
[2m      "message": "Error object",[22m
[2m    },[22m
[2m  ][22m
[31m[90m

Number of calls: [1m1[22m
[31m[39m
 [33mΓ¥»[39m src/services/__tests__/jobService.test.ts [2m ([22m[2m0 test[22m[2m)[22m
 [32mΓ£ô[39m src/utils/__tests__/jobUtils.test.ts [2m ([22m[2m14 tests[22m[2m)[22m[90m 74[2mms[22m[39m
[90mstderr[2m | src/components/forms/__tests__/JobForm.test.tsx[2m > [22m[2mJobForm[2m > [22m[2mwith initialValues[2m > [22m[2mrenders 
form with initial values populated[22m[39m
Warning: An update to JobForm inside a test was not wrapped in act(...).

When testing, code that causes React state updates should be wrapped into act(...):

act(() => {
  /* fire events that update state */
});
/* assert on the output */

This ensures that you're testing the behavior the user would see in the browser. Learn more at https://reactjs.org/link/wrap-tests-with-act
    at JobForm (C:\playground\Python\ai_scrapper\frontend\src\components\forms\JobForm.tsx:23:20)
    at ToastProvider (C:\playground\Python\ai_scrapper\frontend\src\providers\ToastProvider.tsx:17:3)
    at Router (C:\playground\Python\ai_scrapper\frontend\node_modules\react-router\dist\development\chunk-R73PQUJU.js:414:13)
    at BrowserRouter (C:\playground\Python\ai_scrapper\frontend\node_modules\react-router\dist\development\chunk-R73PQUJU.js:872:3)
    at QueryClientProvider 
(file:///C:/playground/Python/ai_scrapper/frontend/node_modules/@tanstack/react-query/build/modern/QueryClientProvider.js:20:3)
    at AllTheProviders (C:\playground\Python\ai_scrapper\frontend\src\test\utils.tsx:11:28)

[90mstderr[2m | src/components/forms/__tests__/JobForm.test.tsx[2m > [22m[2mJobForm[2m > [22m[2mwith initialValues[2m > [22m[2mpreserves 
initial values when form is reset[22m[39m
Warning: An update to JobForm inside a test was not wrapped in act(...).

When testing, code that causes React state updates should be wrapped into act(...):

act(() => {
  /* fire events that update state */
});
/* assert on the output */

This ensures that you're testing the behavior the user would see in the browser. Learn more at https://reactjs.org/link/wrap-tests-with-act
    at JobForm (C:\playground\Python\ai_scrapper\frontend\src\components\forms\JobForm.tsx:23:20)
    at ToastProvider (C:\playground\Python\ai_scrapper\frontend\src\providers\ToastProvider.tsx:17:3)
    at Router (C:\playground\Python\ai_scrapper\frontend\node_modules\react-router\dist\development\chunk-R73PQUJU.js:414:13)
    at BrowserRouter (C:\playground\Python\ai_scrapper\frontend\node_modules\react-router\dist\development\chunk-R73PQUJU.js:872:3)
    at QueryClientProvider 
(file:///C:/playground/Python/ai_scrapper/frontend/node_modules/@tanstack/react-query/build/modern/QueryClientProvider.js:20:3)
    at AllTheProviders (C:\playground\Python\ai_scrapper\frontend\src\test\utils.tsx:11:28)
Warning: An update to UrlInput inside a test was not wrapped in act(...).

When testing, code that causes React state updates should be wrapped into act(...):

act(() => {
  /* fire events that update state */
});
/* assert on the output */

This ensures that you're testing the behavior the user would see in the browser. Learn more at https://reactjs.org/link/wrap-tests-with-act
    at UrlInput (C:\playground\Python\ai_scrapper\frontend\src\components\forms\UrlInput.tsx:8:3)
    at div
    at form
    at div
    at JobForm (C:\playground\Python\ai_scrapper\frontend\src\components\forms\JobForm.tsx:23:20)
    at ToastProvider (C:\playground\Python\ai_scrapper\frontend\src\providers\ToastProvider.tsx:17:3)
    at Router (C:\playground\Python\ai_scrapper\frontend\node_modules\react-router\dist\development\chunk-R73PQUJU.js:414:13)
    at BrowserRouter (C:\playground\Python\ai_scrapper\frontend\node_modules\react-router\dist\development\chunk-R73PQUJU.js:872:3)
    at QueryClientProvider 
(file:///C:/playground/Python/ai_scrapper/frontend/node_modules/@tanstack/react-query/build/modern/QueryClientProvider.js:20:3)
    at AllTheProviders (C:\playground\Python\ai_scrapper\frontend\src\test\utils.tsx:11:28)
Warning: An update to JobForm inside a test was not wrapped in act(...).

When testing, code that causes React state updates should be wrapped into act(...):

act(() => {
  /* fire events that update state */
});
/* assert on the output */

This ensures that you're testing the behavior the user would see in the browser. Learn more at https://reactjs.org/link/wrap-tests-with-act
    at JobForm (C:\playground\Python\ai_scrapper\frontend\src\components\forms\JobForm.tsx:23:20)
    at ToastProvider (C:\playground\Python\ai_scrapper\frontend\src\providers\ToastProvider.tsx:17:3)
    at Router (C:\playground\Python\ai_scrapper\frontend\node_modules\react-router\dist\development\chunk-R73PQUJU.js:414:13)
    at BrowserRouter (C:\playground\Python\ai_scrapper\frontend\node_modules\react-router\dist\development\chunk-R73PQUJU.js:872:3)
    at QueryClientProvider 
(file:///C:/playground/Python/ai_scrapper/frontend/node_modules/@tanstack/react-query/build/modern/QueryClientProvider.js:20:3)
    at AllTheProviders (C:\playground\Python\ai_scrapper\frontend\src\test\utils.tsx:11:28)
Warning: An update to JobForm inside a test was not wrapped in act(...).

When testing, code that causes React state updates should be wrapped into act(...):

act(() => {
  /* fire events that update state */
});
/* assert on the output */

This ensures that you're testing the behavior the user would see in the browser. Learn more at https://reactjs.org/link/wrap-tests-with-act
    at JobForm (C:\playground\Python\ai_scrapper\frontend\src\components\forms\JobForm.tsx:23:20)
    at ToastProvider (C:\playground\Python\ai_scrapper\frontend\src\providers\ToastProvider.tsx:17:3)
    at Router (C:\playground\Python\ai_scrapper\frontend\node_modules\react-router\dist\development\chunk-R73PQUJU.js:414:13)
    at BrowserRouter (C:\playground\Python\ai_scrapper\frontend\node_modules\react-router\dist\development\chunk-R73PQUJU.js:872:3)
    at QueryClientProvider 
(file:///C:/playground/Python/ai_scrapper/frontend/node_modules/@tanstack/react-query/build/modern/QueryClientProvider.js:20:3)
    at AllTheProviders (C:\playground\Python\ai_scrapper\frontend\src\test\utils.tsx:11:28)

[90mstderr[2m | src/components/forms/__tests__/JobForm.test.tsx[2m > [22m[2mJobForm[2m > [22m[2mwith initialValues[2m > [22m[2mpreserves 
initial values when form is reset[22m[39m
Warning: An update to JobForm inside a test was not wrapped in act(...).

When testing, code that causes React state updates should be wrapped into act(...):

act(() => {
  /* fire events that update state */
});
/* assert on the output */

This ensures that you're testing the behavior the user would see in the browser. Learn more at https://reactjs.org/link/wrap-tests-with-act
    at JobForm (C:\playground\Python\ai_scrapper\frontend\src\components\forms\JobForm.tsx:23:20)
    at ToastProvider (C:\playground\Python\ai_scrapper\frontend\src\providers\ToastProvider.tsx:17:3)
    at Router (C:\playground\Python\ai_scrapper\frontend\node_modules\react-router\dist\development\chunk-R73PQUJU.js:414:13)
    at BrowserRouter (C:\playground\Python\ai_scrapper\frontend\node_modules\react-router\dist\development\chunk-R73PQUJU.js:872:3)
    at QueryClientProvider 
(file:///C:/playground/Python/ai_scrapper/frontend/node_modules/@tanstack/react-query/build/modern/QueryClientProvider.js:20:3)
    at AllTheProviders (C:\playground\Python\ai_scrapper\frontend\src\test\utils.tsx:11:28)
Warning: An update to UrlInput inside a test was not wrapped in act(...).

When testing, code that causes React state updates should be wrapped into act(...):

act(() => {
  /* fire events that update state */
});
/* assert on the output */

This ensures that you're testing the behavior the user would see in the browser. Learn more at https://reactjs.org/link/wrap-tests-with-act
    at UrlInput (C:\playground\Python\ai_scrapper\frontend\src\components\forms\UrlInput.tsx:8:3)
    at div
    at form
    at div
    at JobForm (C:\playground\Python\ai_scrapper\frontend\src\components\forms\JobForm.tsx:23:20)
    at ToastProvider (C:\playground\Python\ai_scrapper\frontend\src\providers\ToastProvider.tsx:17:3)
    at Router (C:\playground\Python\ai_scrapper\frontend\node_modules\react-router\dist\development\chunk-R73PQUJU.js:414:13)
    at BrowserRouter (C:\playground\Python\ai_scrapper\frontend\node_modules\react-router\dist\development\chunk-R73PQUJU.js:872:3)
    at QueryClientProvider 
(file:///C:/playground/Python/ai_scrapper/frontend/node_modules/@tanstack/react-query/build/modern/QueryClientProvider.js:20:3)
    at AllTheProviders (C:\playground\Python\ai_scrapper\frontend\src\test\utils.tsx:11:28)
Warning: An update to JobForm inside a test was not wrapped in act(...).

When testing, code that causes React state updates should be wrapped into act(...):

act(() => {
  /* fire events that update state */
});
/* assert on the output */

This ensures that you're testing the behavior the user would see in the browser. Learn more at https://reactjs.org/link/wrap-tests-with-act
    at JobForm (C:\playground\Python\ai_scrapper\frontend\src\components\forms\JobForm.tsx:23:20)
    at ToastProvider (C:\playground\Python\ai_scrapper\frontend\src\providers\ToastProvider.tsx:17:3)
    at Router (C:\playground\Python\ai_scrapper\frontend\node_modules\react-router\dist\development\chunk-R73PQUJU.js:414:13)
    at BrowserRouter (C:\playground\Python\ai_scrapper\frontend\node_modules\react-router\dist\development\chunk-R73PQUJU.js:872:3)
    at QueryClientProvider 
(file:///C:/playground/Python/ai_scrapper/frontend/node_modules/@tanstack/react-query/build/modern/QueryClientProvider.js:20:3)
    at AllTheProviders (C:\playground\Python\ai_scrapper\frontend\src\test\utils.tsx:11:28)
Warning: An update to JobForm inside a test was not wrapped in act(...).

When testing, code that causes React state updates should be wrapped into act(...):

act(() => {
  /* fire events that update state */
});
/* assert on the output */

This ensures that you're testing the behavior the user would see in the browser. Learn more at https://reactjs.org/link/wrap-tests-with-act
    at JobForm (C:\playground\Python\ai_scrapper\frontend\src\components\forms\JobForm.tsx:23:20)
    at ToastProvider (C:\playground\Python\ai_scrapper\frontend\src\providers\ToastProvider.tsx:17:3)
    at Router (C:\playground\Python\ai_scrapper\frontend\node_modules\react-router\dist\development\chunk-R73PQUJU.js:414:13)
    at BrowserRouter (C:\playground\Python\ai_scrapper\frontend\node_modules\react-router\dist\development\chunk-R73PQUJU.js:872:3)
    at QueryClientProvider 
(file:///C:/playground/Python/ai_scrapper/frontend/node_modules/@tanstack/react-query/build/modern/QueryClientProvider.js:20:3)
    at AllTheProviders (C:\playground\Python\ai_scrapper\frontend\src\test\utils.tsx:11:28)
Warning: An update to UrlInput inside a test was not wrapped in act(...).

When testing, code that causes React state updates should be wrapped into act(...):

act(() => {
  /* fire events that update state */
});
/* assert on the output */

This ensures that you're testing the behavior the user would see in the browser. Learn more at https://reactjs.org/link/wrap-tests-with-act
    at UrlInput (C:\playground\Python\ai_scrapper\frontend\src\components\forms\UrlInput.tsx:8:3)
    at div
    at form
    at div
    at JobForm (C:\playground\Python\ai_scrapper\frontend\src\components\forms\JobForm.tsx:23:20)
    at ToastProvider (C:\playground\Python\ai_scrapper\frontend\src\providers\ToastProvider.tsx:17:3)
    at Router (C:\playground\Python\ai_scrapper\frontend\node_modules\react-router\dist\development\chunk-R73PQUJU.js:414:13)
    at BrowserRouter (C:\playground\Python\ai_scrapper\frontend\node_modules\react-router\dist\development\chunk-R73PQUJU.js:872:3)
    at QueryClientProvider 
(file:///C:/playground/Python/ai_scrapper/frontend/node_modules/@tanstack/react-query/build/modern/QueryClientProvider.js:20:3)
    at AllTheProviders (C:\playground\Python\ai_scrapper\frontend\src\test\utils.tsx:11:28)

[90mstderr[2m | src/components/forms/__tests__/JobForm.test.tsx[2m > [22m[2mJobForm[2m > [22m[2mwith initialValues[2m > [22m[2mpreserves 
initial values when form is reset[22m[39m
Warning: An update to JobForm inside a test was not wrapped in act(...).

When testing, code that causes React state updates should be wrapped into act(...):

act(() => {
  /* fire events that update state */
});
/* assert on the output */

This ensures that you're testing the behavior the user would see in the browser. Learn more at https://reactjs.org/link/wrap-tests-with-act
    at JobForm (C:\playground\Python\ai_scrapper\frontend\src\components\forms\JobForm.tsx:23:20)
    at ToastProvider (C:\playground\Python\ai_scrapper\frontend\src\providers\ToastProvider.tsx:17:3)
    at Router (C:\playground\Python\ai_scrapper\frontend\node_modules\react-router\dist\development\chunk-R73PQUJU.js:414:13)
    at BrowserRouter (C:\playground\Python\ai_scrapper\frontend\node_modules\react-router\dist\development\chunk-R73PQUJU.js:872:3)
    at QueryClientProvider 
(file:///C:/playground/Python/ai_scrapper/frontend/node_modules/@tanstack/react-query/build/modern/QueryClientProvider.js:20:3)
    at AllTheProviders (C:\playground\Python\ai_scrapper\frontend\src\test\utils.tsx:11:28)
Warning: An update to UrlInput inside a test was not wrapped in act(...).

When testing, code that causes React state updates should be wrapped into act(...):

act(() => {
  /* fire events that update state */
});
/* assert on the output */

This ensures that you're testing the behavior the user would see in the browser. Learn more at https://reactjs.org/link/wrap-tests-with-act
    at UrlInput (C:\playground\Python\ai_scrapper\frontend\src\components\forms\UrlInput.tsx:8:3)
    at div
    at form
    at div
    at JobForm (C:\playground\Python\ai_scrapper\frontend\src\components\forms\JobForm.tsx:23:20)
    at ToastProvider (C:\playground\Python\ai_scrapper\frontend\src\providers\ToastProvider.tsx:17:3)
    at Router (C:\playground\Python\ai_scrapper\frontend\node_modules\react-router\dist\development\chunk-R73PQUJU.js:414:13)
    at BrowserRouter (C:\playground\Python\ai_scrapper\frontend\node_modules\react-router\dist\development\chunk-R73PQUJU.js:872:3)
    at QueryClientProvider 
(file:///C:/playground/Python/ai_scrapper/frontend/node_modules/@tanstack/react-query/build/modern/QueryClientProvider.js:20:3)
    at AllTheProviders (C:\playground\Python\ai_scrapper\frontend\src\test\utils.tsx:11:28)

[90mstderr[2m | src/components/forms/__tests__/JobForm.test.tsx[2m > [22m[2mJobForm[2m > [22m[2mwith initialValues[2m > [22m[2mpreserves 
initial values when form is reset[22m[39m
Warning: An update to JobForm inside a test was not wrapped in act(...).

When testing, code that causes React state updates should be wrapped into act(...):

act(() => {
  /* fire events that update state */
});
/* assert on the output */

This ensures that you're testing the behavior the user would see in the browser. Learn more at https://reactjs.org/link/wrap-tests-with-act
    at JobForm (C:\playground\Python\ai_scrapper\frontend\src\components\forms\JobForm.tsx:23:20)
    at ToastProvider (C:\playground\Python\ai_scrapper\frontend\src\providers\ToastProvider.tsx:17:3)
    at Router (C:\playground\Python\ai_scrapper\frontend\node_modules\react-router\dist\development\chunk-R73PQUJU.js:414:13)
    at BrowserRouter (C:\playground\Python\ai_scrapper\frontend\node_modules\react-router\dist\development\chunk-R73PQUJU.js:872:3)
    at QueryClientProvider 
(file:///C:/playground/Python/ai_scrapper/frontend/node_modules/@tanstack/react-query/build/modern/QueryClientProvider.js:20:3)
    at AllTheProviders (C:\playground\Python\ai_scrapper\frontend\src\test\utils.tsx:11:28)
Warning: An update to UrlInput inside a test was not wrapped in act(...).

When testing, code that causes React state updates should be wrapped into act(...):

act(() => {
  /* fire events that update state */
});
/* assert on the output */

This ensures that you're testing the behavior the user would see in the browser. Learn more at https://reactjs.org/link/wrap-tests-with-act
    at UrlInput (C:\playground\Python\ai_scrapper\frontend\src\components\forms\UrlInput.tsx:8:3)
    at div
    at form
    at div
    at JobForm (C:\playground\Python\ai_scrapper\frontend\src\components\forms\JobForm.tsx:23:20)
    at ToastProvider (C:\playground\Python\ai_scrapper\frontend\src\providers\ToastProvider.tsx:17:3)
    at Router (C:\playground\Python\ai_scrapper\frontend\node_modules\react-router\dist\development\chunk-R73PQUJU.js:414:13)
    at BrowserRouter (C:\playground\Python\ai_scrapper\frontend\node_modules\react-router\dist\development\chunk-R73PQUJU.js:872:3)
    at QueryClientProvider 
(file:///C:/playground/Python/ai_scrapper/frontend/node_modules/@tanstack/react-query/build/modern/QueryClientProvider.js:20:3)
    at AllTheProviders (C:\playground\Python\ai_scrapper\frontend\src\test\utils.tsx:11:28)

[90mstderr[2m | src/components/forms/__tests__/JobForm.test.tsx[2m > [22m[2mJobForm[2m > [22m[2mwith initialValues[2m > [22m[2mpreserves 
initial values when form is reset[22m[39m
Warning: An update to JobForm inside a test was not wrapped in act(...).

When testing, code that causes React state updates should be wrapped into act(...):

act(() => {
  /* fire events that update state */
});
/* assert on the output */

This ensures that you're testing the behavior the user would see in the browser. Learn more at https://reactjs.org/link/wrap-tests-with-act
    at JobForm (C:\playground\Python\ai_scrapper\frontend\src\components\forms\JobForm.tsx:23:20)
    at ToastProvider (C:\playground\Python\ai_scrapper\frontend\src\providers\ToastProvider.tsx:17:3)
    at Router (C:\playground\Python\ai_scrapper\frontend\node_modules\react-router\dist\development\chunk-R73PQUJU.js:414:13)
    at BrowserRouter (C:\playground\Python\ai_scrapper\frontend\node_modules\react-router\dist\development\chunk-R73PQUJU.js:872:3)
    at QueryClientProvider 
(file:///C:/playground/Python/ai_scrapper/frontend/node_modules/@tanstack/react-query/build/modern/QueryClientProvider.js:20:3)
    at AllTheProviders (C:\playground\Python\ai_scrapper\frontend\src\test\utils.tsx:11:28)
Warning: An update to UrlInput inside a test was not wrapped in act(...).

When testing, code that causes React state updates should be wrapped into act(...):

act(() => {
  /* fire events that update state */
});
/* assert on the output */

This ensures that you're testing the behavior the user would see in the browser. Learn more at https://reactjs.org/link/wrap-tests-with-act
    at UrlInput (C:\playground\Python\ai_scrapper\frontend\src\components\forms\UrlInput.tsx:8:3)
    at div
    at form
    at div
    at JobForm (C:\playground\Python\ai_scrapper\frontend\src\components\forms\JobForm.tsx:23:20)
    at ToastProvider (C:\playground\Python\ai_scrapper\frontend\src\providers\ToastProvider.tsx:17:3)
    at Router (C:\playground\Python\ai_scrapper\frontend\node_modules\react-router\dist\development\chunk-R73PQUJU.js:414:13)
    at BrowserRouter (C:\playground\Python\ai_scrapper\frontend\node_modules\react-router\dist\development\chunk-R73PQUJU.js:872:3)
    at QueryClientProvider 
(file:///C:/playground/Python/ai_scrapper/frontend/node_modules/@tanstack/react-query/build/modern/QueryClientProvider.js:20:3)
    at AllTheProviders (C:\playground\Python\ai_scrapper\frontend\src\test\utils.tsx:11:28)

[90mstderr[2m | src/components/forms/__tests__/JobForm.test.tsx[2m > [22m[2mJobForm[2m > [22m[2mwith initialValues[2m > [22m[2mpreserves 
initial values when form is reset[22m[39m
Warning: An update to JobForm inside a test was not wrapped in act(...).

When testing, code that causes React state updates should be wrapped into act(...):

act(() => {
  /* fire events that update state */
});
/* assert on the output */

This ensures that you're testing the behavior the user would see in the browser. Learn more at https://reactjs.org/link/wrap-tests-with-act
    at JobForm (C:\playground\Python\ai_scrapper\frontend\src\components\forms\JobForm.tsx:23:20)
    at ToastProvider (C:\playground\Python\ai_scrapper\frontend\src\providers\ToastProvider.tsx:17:3)
    at Router (C:\playground\Python\ai_scrapper\frontend\node_modules\react-router\dist\development\chunk-R73PQUJU.js:414:13)
    at BrowserRouter (C:\playground\Python\ai_scrapper\frontend\node_modules\react-router\dist\development\chunk-R73PQUJU.js:872:3)
    at QueryClientProvider 
(file:///C:/playground/Python/ai_scrapper/frontend/node_modules/@tanstack/react-query/build/modern/QueryClientProvider.js:20:3)
    at AllTheProviders (C:\playground\Python\ai_scrapper\frontend\src\test\utils.tsx:11:28)
Warning: An update to UrlInput inside a test was not wrapped in act(...).

When testing, code that causes React state updates should be wrapped into act(...):

act(() => {
  /* fire events that update state */
});
/* assert on the output */

This ensures that you're testing the behavior the user would see in the browser. Learn more at https://reactjs.org/link/wrap-tests-with-act
    at UrlInput (C:\playground\Python\ai_scrapper\frontend\src\components\forms\UrlInput.tsx:8:3)
    at div
    at form
    at div
    at JobForm (C:\playground\Python\ai_scrapper\frontend\src\components\forms\JobForm.tsx:23:20)
    at ToastProvider (C:\playground\Python\ai_scrapper\frontend\src\providers\ToastProvider.tsx:17:3)
    at Router (C:\playground\Python\ai_scrapper\frontend\node_modules\react-router\dist\development\chunk-R73PQUJU.js:414:13)
    at BrowserRouter (C:\playground\Python\ai_scrapper\frontend\node_modules\react-router\dist\development\chunk-R73PQUJU.js:872:3)
    at QueryClientProvider 
(file:///C:/playground/Python/ai_scrapper/frontend/node_modules/@tanstack/react-query/build/modern/QueryClientProvider.js:20:3)
    at AllTheProviders (C:\playground\Python\ai_scrapper\frontend\src\test\utils.tsx:11:28)

[90mstderr[2m | src/components/forms/__tests__/JobForm.test.tsx[2m > [22m[2mJobForm[2m > [22m[2mwith initialValues[2m > [22m[2mpreserves 
initial values when form is reset[22m[39m
Warning: An update to JobForm inside a test was not wrapped in act(...).

When testing, code that causes React state updates should be wrapped into act(...):

act(() => {
  /* fire events that update state */
});
/* assert on the output */

This ensures that you're testing the behavior the user would see in the browser. Learn more at https://reactjs.org/link/wrap-tests-with-act
    at JobForm (C:\playground\Python\ai_scrapper\frontend\src\components\forms\JobForm.tsx:23:20)
    at ToastProvider (C:\playground\Python\ai_scrapper\frontend\src\providers\ToastProvider.tsx:17:3)
    at Router (C:\playground\Python\ai_scrapper\frontend\node_modules\react-router\dist\development\chunk-R73PQUJU.js:414:13)
    at BrowserRouter (C:\playground\Python\ai_scrapper\frontend\node_modules\react-router\dist\development\chunk-R73PQUJU.js:872:3)
    at QueryClientProvider 
(file:///C:/playground/Python/ai_scrapper/frontend/node_modules/@tanstack/react-query/build/modern/QueryClientProvider.js:20:3)
    at AllTheProviders (C:\playground\Python\ai_scrapper\frontend\src\test\utils.tsx:11:28)
Warning: An update to UrlInput inside a test was not wrapped in act(...).

When testing, code that causes React state updates should be wrapped into act(...):

act(() => {
  /* fire events that update state */
});
/* assert on the output */

This ensures that you're testing the behavior the user would see in the browser. Learn more at https://reactjs.org/link/wrap-tests-with-act
    at UrlInput (C:\playground\Python\ai_scrapper\frontend\src\components\forms\UrlInput.tsx:8:3)
    at div
    at form
    at div
    at JobForm (C:\playground\Python\ai_scrapper\frontend\src\components\forms\JobForm.tsx:23:20)
    at ToastProvider (C:\playground\Python\ai_scrapper\frontend\src\providers\ToastProvider.tsx:17:3)
    at Router (C:\playground\Python\ai_scrapper\frontend\node_modules\react-router\dist\development\chunk-R73PQUJU.js:414:13)
    at BrowserRouter (C:\playground\Python\ai_scrapper\frontend\node_modules\react-router\dist\development\chunk-R73PQUJU.js:872:3)
    at QueryClientProvider 
(file:///C:/playground/Python/ai_scrapper/frontend/node_modules/@tanstack/react-query/build/modern/QueryClientProvider.js:20:3)
    at AllTheProviders (C:\playground\Python\ai_scrapper\frontend\src\test\utils.tsx:11:28)

[90mstderr[2m | src/components/forms/__tests__/JobForm.test.tsx[2m > [22m[2mJobForm[2m > [22m[2mwith initialValues[2m > [22m[2mpreserves 
initial values when form is reset[22m[39m
Warning: An update to JobForm inside a test was not wrapped in act(...).

When testing, code that causes React state updates should be wrapped into act(...):

act(() => {
  /* fire events that update state */
});
/* assert on the output */

This ensures that you're testing the behavior the user would see in the browser. Learn more at https://reactjs.org/link/wrap-tests-with-act
    at JobForm (C:\playground\Python\ai_scrapper\frontend\src\components\forms\JobForm.tsx:23:20)
    at ToastProvider (C:\playground\Python\ai_scrapper\frontend\src\providers\ToastProvider.tsx:17:3)
    at Router (C:\playground\Python\ai_scrapper\frontend\node_modules\react-router\dist\development\chunk-R73PQUJU.js:414:13)
    at BrowserRouter (C:\playground\Python\ai_scrapper\frontend\node_modules\react-router\dist\development\chunk-R73PQUJU.js:872:3)
    at QueryClientProvider 
(file:///C:/playground/Python/ai_scrapper/frontend/node_modules/@tanstack/react-query/build/modern/QueryClientProvider.js:20:3)
    at AllTheProviders (C:\playground\Python\ai_scrapper\frontend\src\test\utils.tsx:11:28)
Warning: An update to UrlInput inside a test was not wrapped in act(...).

When testing, code that causes React state updates should be wrapped into act(...):

act(() => {
  /* fire events that update state */
});
/* assert on the output */

This ensures that you're testing the behavior the user would see in the browser. Learn more at https://reactjs.org/link/wrap-tests-with-act
    at UrlInput (C:\playground\Python\ai_scrapper\frontend\src\components\forms\UrlInput.tsx:8:3)
    at div
    at form
    at div
    at JobForm (C:\playground\Python\ai_scrapper\frontend\src\components\forms\JobForm.tsx:23:20)
    at ToastProvider (C:\playground\Python\ai_scrapper\frontend\src\providers\ToastProvider.tsx:17:3)
    at Router (C:\playground\Python\ai_scrapper\frontend\node_modules\react-router\dist\development\chunk-R73PQUJU.js:414:13)
    at BrowserRouter (C:\playground\Python\ai_scrapper\frontend\node_modules\react-router\dist\development\chunk-R73PQUJU.js:872:3)
    at QueryClientProvider 
(file:///C:/playground/Python/ai_scrapper/frontend/node_modules/@tanstack/react-query/build/modern/QueryClientProvider.js:20:3)
    at AllTheProviders (C:\playground\Python\ai_scrapper\frontend\src\test\utils.tsx:11:28)

[90mstderr[2m | src/components/forms/__tests__/JobForm.test.tsx[2m > [22m[2mJobForm[2m > [22m[2mwith initialValues[2m > [22m[2mpreserves 
initial values when form is reset[22m[39m
Warning: An update to JobForm inside a test was not wrapped in act(...).

When testing, code that causes React state updates should be wrapped into act(...):

act(() => {
  /* fire events that update state */
});
/* assert on the output */

This ensures that you're testing the behavior the user would see in the browser. Learn more at https://reactjs.org/link/wrap-tests-with-act
    at JobForm (C:\playground\Python\ai_scrapper\frontend\src\components\forms\JobForm.tsx:23:20)
    at ToastProvider (C:\playground\Python\ai_scrapper\frontend\src\providers\ToastProvider.tsx:17:3)
    at Router (C:\playground\Python\ai_scrapper\frontend\node_modules\react-router\dist\development\chunk-R73PQUJU.js:414:13)
    at BrowserRouter (C:\playground\Python\ai_scrapper\frontend\node_modules\react-router\dist\development\chunk-R73PQUJU.js:872:3)
    at QueryClientProvider 
(file:///C:/playground/Python/ai_scrapper/frontend/node_modules/@tanstack/react-query/build/modern/QueryClientProvider.js:20:3)
    at AllTheProviders (C:\playground\Python\ai_scrapper\frontend\src\test\utils.tsx:11:28)
Warning: An update to UrlInput inside a test was not wrapped in act(...).

When testing, code that causes React state updates should be wrapped into act(...):

act(() => {
  /* fire events that update state */
});
/* assert on the output */

This ensures that you're testing the behavior the user would see in the browser. Learn more at https://reactjs.org/link/wrap-tests-with-act
    at UrlInput (C:\playground\Python\ai_scrapper\frontend\src\components\forms\UrlInput.tsx:8:3)
    at div
    at form
    at div
    at JobForm (C:\playground\Python\ai_scrapper\frontend\src\components\forms\JobForm.tsx:23:20)
    at ToastProvider (C:\playground\Python\ai_scrapper\frontend\src\providers\ToastProvider.tsx:17:3)
    at Router (C:\playground\Python\ai_scrapper\frontend\node_modules\react-router\dist\development\chunk-R73PQUJU.js:414:13)
    at BrowserRouter (C:\playground\Python\ai_scrapper\frontend\node_modules\react-router\dist\development\chunk-R73PQUJU.js:872:3)
    at QueryClientProvider 
(file:///C:/playground/Python/ai_scrapper/frontend/node_modules/@tanstack/react-query/build/modern/QueryClientProvider.js:20:3)
    at AllTheProviders (C:\playground\Python\ai_scrapper\frontend\src\test\utils.tsx:11:28)
Warning: An update to JobForm inside a test was not wrapped in act(...).

When testing, code that causes React state updates should be wrapped into act(...):

act(() => {
  /* fire events that update state */
});
/* assert on the output */

This ensures that you're testing the behavior the user would see in the browser. Learn more at https://reactjs.org/link/wrap-tests-with-act
    at JobForm (C:\playground\Python\ai_scrapper\frontend\src\components\forms\JobForm.tsx:23:20)
    at ToastProvider (C:\playground\Python\ai_scrapper\frontend\src\providers\ToastProvider.tsx:17:3)
    at Router (C:\playground\Python\ai_scrapper\frontend\node_modules\react-router\dist\development\chunk-R73PQUJU.js:414:13)
    at BrowserRouter (C:\playground\Python\ai_scrapper\frontend\node_modules\react-router\dist\development\chunk-R73PQUJU.js:872:3)
    at QueryClientProvider 
(file:///C:/playground/Python/ai_scrapper/frontend/node_modules/@tanstack/react-query/build/modern/QueryClientProvider.js:20:3)
    at AllTheProviders (C:\playground\Python\ai_scrapper\frontend\src\test\utils.tsx:11:28)
Warning: An update to JobForm inside a test was not wrapped in act(...).

When testing, code that causes React state updates should be wrapped into act(...):

act(() => {
  /* fire events that update state */
});
/* assert on the output */

This ensures that you're testing the behavior the user would see in the browser. Learn more at https://reactjs.org/link/wrap-tests-with-act
    at JobForm (C:\playground\Python\ai_scrapper\frontend\src\components\forms\JobForm.tsx:23:20)
    at ToastProvider (C:\playground\Python\ai_scrapper\frontend\src\providers\ToastProvider.tsx:17:3)
    at Router (C:\playground\Python\ai_scrapper\frontend\node_modules\react-router\dist\development\chunk-R73PQUJU.js:414:13)
    at BrowserRouter (C:\playground\Python\ai_scrapper\frontend\node_modules\react-router\dist\development\chunk-R73PQUJU.js:872:3)
    at QueryClientProvider 
(file:///C:/playground/Python/ai_scrapper/frontend/node_modules/@tanstack/react-query/build/modern/QueryClientProvider.js:20:3)
    at AllTheProviders (C:\playground\Python\ai_scrapper\frontend\src\test\utils.tsx:11:28)
Warning: An update to UrlInput inside a test was not wrapped in act(...).

When testing, code that causes React state updates should be wrapped into act(...):

act(() => {
  /* fire events that update state */
});
/* assert on the output */

This ensures that you're testing the behavior the user would see in the browser. Learn more at https://reactjs.org/link/wrap-tests-with-act
    at UrlInput (C:\playground\Python\ai_scrapper\frontend\src\components\forms\UrlInput.tsx:8:3)
    at div
    at form
    at div
    at JobForm (C:\playground\Python\ai_scrapper\frontend\src\components\forms\JobForm.tsx:23:20)
    at ToastProvider (C:\playground\Python\ai_scrapper\frontend\src\providers\ToastProvider.tsx:17:3)
    at Router (C:\playground\Python\ai_scrapper\frontend\node_modules\react-router\dist\development\chunk-R73PQUJU.js:414:13)
    at BrowserRouter (C:\playground\Python\ai_scrapper\frontend\node_modules\react-router\dist\development\chunk-R73PQUJU.js:872:3)
    at QueryClientProvider 
(file:///C:/playground/Python/ai_scrapper/frontend/node_modules/@tanstack/react-query/build/modern/QueryClientProvider.js:20:3)
    at AllTheProviders (C:\playground\Python\ai_scrapper\frontend\src\test\utils.tsx:11:28)

[90mstderr[2m | src/components/forms/__tests__/JobForm.test.tsx[2m > [22m[2mJobForm[2m > [22m[2mwith initialValues[2m > [22m[2mpreserves 
initial values when form is reset[22m[39m
Warning: An update to JobForm inside a test was not wrapped in act(...).

When testing, code that causes React state updates should be wrapped into act(...):

act(() => {
  /* fire events that update state */
});
/* assert on the output */

This ensures that you're testing the behavior the user would see in the browser. Learn more at https://reactjs.org/link/wrap-tests-with-act
    at JobForm (C:\playground\Python\ai_scrapper\frontend\src\components\forms\JobForm.tsx:23:20)
    at ToastProvider (C:\playground\Python\ai_scrapper\frontend\src\providers\ToastProvider.tsx:17:3)
    at Router (C:\playground\Python\ai_scrapper\frontend\node_modules\react-router\dist\development\chunk-R73PQUJU.js:414:13)
    at BrowserRouter (C:\playground\Python\ai_scrapper\frontend\node_modules\react-router\dist\development\chunk-R73PQUJU.js:872:3)
    at QueryClientProvider 
(file:///C:/playground/Python/ai_scrapper/frontend/node_modules/@tanstack/react-query/build/modern/QueryClientProvider.js:20:3)
    at AllTheProviders (C:\playground\Python\ai_scrapper\frontend\src\test\utils.tsx:11:28)
Warning: An update to UrlInput inside a test was not wrapped in act(...).

When testing, code that causes React state updates should be wrapped into act(...):

act(() => {
  /* fire events that update state */
});
/* assert on the output */

This ensures that you're testing the behavior the user would see in the browser. Learn more at https://reactjs.org/link/wrap-tests-with-act
    at UrlInput (C:\playground\Python\ai_scrapper\frontend\src\components\forms\UrlInput.tsx:8:3)
    at div
    at form
    at div
    at JobForm (C:\playground\Python\ai_scrapper\frontend\src\components\forms\JobForm.tsx:23:20)
    at ToastProvider (C:\playground\Python\ai_scrapper\frontend\src\providers\ToastProvider.tsx:17:3)
    at Router (C:\playground\Python\ai_scrapper\frontend\node_modules\react-router\dist\development\chunk-R73PQUJU.js:414:13)
    at BrowserRouter (C:\playground\Python\ai_scrapper\frontend\node_modules\react-router\dist\development\chunk-R73PQUJU.js:872:3)
    at QueryClientProvider 
(file:///C:/playground/Python/ai_scrapper/frontend/node_modules/@tanstack/react-query/build/modern/QueryClientProvider.js:20:3)
    at AllTheProviders (C:\playground\Python\ai_scrapper\frontend\src\test\utils.tsx:11:28)

[90mstderr[2m | src/components/forms/__tests__/JobForm.test.tsx[2m > [22m[2mJobForm[2m > [22m[2mwith initialValues[2m > [22m[2mpreserves 
initial values when form is reset[22m[39m
Warning: An update to JobForm inside a test was not wrapped in act(...).

When testing, code that causes React state updates should be wrapped into act(...):

act(() => {
  /* fire events that update state */
});
/* assert on the output */

This ensures that you're testing the behavior the user would see in the browser. Learn more at https://reactjs.org/link/wrap-tests-with-act
    at JobForm (C:\playground\Python\ai_scrapper\frontend\src\components\forms\JobForm.tsx:23:20)
    at ToastProvider (C:\playground\Python\ai_scrapper\frontend\src\providers\ToastProvider.tsx:17:3)
    at Router (C:\playground\Python\ai_scrapper\frontend\node_modules\react-router\dist\development\chunk-R73PQUJU.js:414:13)
    at BrowserRouter (C:\playground\Python\ai_scrapper\frontend\node_modules\react-router\dist\development\chunk-R73PQUJU.js:872:3)
    at QueryClientProvider 
(file:///C:/playground/Python/ai_scrapper/frontend/node_modules/@tanstack/react-query/build/modern/QueryClientProvider.js:20:3)
    at AllTheProviders (C:\playground\Python\ai_scrapper\frontend\src\test\utils.tsx:11:28)
Warning: An update to UrlInput inside a test was not wrapped in act(...).

When testing, code that causes React state updates should be wrapped into act(...):

act(() => {
  /* fire events that update state */
});
/* assert on the output */

This ensures that you're testing the behavior the user would see in the browser. Learn more at https://reactjs.org/link/wrap-tests-with-act
    at UrlInput (C:\playground\Python\ai_scrapper\frontend\src\components\forms\UrlInput.tsx:8:3)
    at div
    at form
    at div
    at JobForm (C:\playground\Python\ai_scrapper\frontend\src\components\forms\JobForm.tsx:23:20)
    at ToastProvider (C:\playground\Python\ai_scrapper\frontend\src\providers\ToastProvider.tsx:17:3)
    at Router (C:\playground\Python\ai_scrapper\frontend\node_modules\react-router\dist\development\chunk-R73PQUJU.js:414:13)
    at BrowserRouter (C:\playground\Python\ai_scrapper\frontend\node_modules\react-router\dist\development\chunk-R73PQUJU.js:872:3)
    at QueryClientProvider 
(file:///C:/playground/Python/ai_scrapper/frontend/node_modules/@tanstack/react-query/build/modern/QueryClientProvider.js:20:3)
    at AllTheProviders (C:\playground\Python\ai_scrapper\frontend\src\test\utils.tsx:11:28)

[90mstderr[2m | src/components/forms/__tests__/JobForm.test.tsx[2m > [22m[2mJobForm[2m > [22m[2mwith initialValues[2m > [22m[2mpreserves 
initial values when form is reset[22m[39m
Warning: An update to JobForm inside a test was not wrapped in act(...).

When testing, code that causes React state updates should be wrapped into act(...):

act(() => {
  /* fire events that update state */
});
/* assert on the output */

This ensures that you're testing the behavior the user would see in the browser. Learn more at https://reactjs.org/link/wrap-tests-with-act
    at JobForm (C:\playground\Python\ai_scrapper\frontend\src\components\forms\JobForm.tsx:23:20)
    at ToastProvider (C:\playground\Python\ai_scrapper\frontend\src\providers\ToastProvider.tsx:17:3)
    at Router (C:\playground\Python\ai_scrapper\frontend\node_modules\react-router\dist\development\chunk-R73PQUJU.js:414:13)
    at BrowserRouter (C:\playground\Python\ai_scrapper\frontend\node_modules\react-router\dist\development\chunk-R73PQUJU.js:872:3)
    at QueryClientProvider 
(file:///C:/playground/Python/ai_scrapper/frontend/node_modules/@tanstack/react-query/build/modern/QueryClientProvider.js:20:3)
    at AllTheProviders (C:\playground\Python\ai_scrapper\frontend\src\test\utils.tsx:11:28)
Warning: An update to UrlInput inside a test was not wrapped in act(...).

When testing, code that causes React state updates should be wrapped into act(...):

act(() => {
  /* fire events that update state */
});
/* assert on the output */

This ensures that you're testing the behavior the user would see in the browser. Learn more at https://reactjs.org/link/wrap-tests-with-act
    at UrlInput (C:\playground\Python\ai_scrapper\frontend\src\components\forms\UrlInput.tsx:8:3)
    at div
    at form
    at div
    at JobForm (C:\playground\Python\ai_scrapper\frontend\src\components\forms\JobForm.tsx:23:20)
    at ToastProvider (C:\playground\Python\ai_scrapper\frontend\src\providers\ToastProvider.tsx:17:3)
    at Router (C:\playground\Python\ai_scrapper\frontend\node_modules\react-router\dist\development\chunk-R73PQUJU.js:414:13)
    at BrowserRouter (C:\playground\Python\ai_scrapper\frontend\node_modules\react-router\dist\development\chunk-R73PQUJU.js:872:3)
    at QueryClientProvider 
(file:///C:/playground/Python/ai_scrapper/frontend/node_modules/@tanstack/react-query/build/modern/QueryClientProvider.js:20:3)
    at AllTheProviders (C:\playground\Python\ai_scrapper\frontend\src\test\utils.tsx:11:28)

[90mstderr[2m | src/components/forms/__tests__/JobForm.test.tsx[2m > [22m[2mJobForm[2m > [22m[2mwith initialValues[2m > [22m[2mpreserves 
initial values when form is reset[22m[39m
Warning: An update to JobForm inside a test was not wrapped in act(...).

When testing, code that causes React state updates should be wrapped into act(...):

act(() => {
  /* fire events that update state */
});
/* assert on the output */

This ensures that you're testing the behavior the user would see in the browser. Learn more at https://reactjs.org/link/wrap-tests-with-act
    at JobForm (C:\playground\Python\ai_scrapper\frontend\src\components\forms\JobForm.tsx:23:20)
    at ToastProvider (C:\playground\Python\ai_scrapper\frontend\src\providers\ToastProvider.tsx:17:3)
    at Router (C:\playground\Python\ai_scrapper\frontend\node_modules\react-router\dist\development\chunk-R73PQUJU.js:414:13)
    at BrowserRouter (C:\playground\Python\ai_scrapper\frontend\node_modules\react-router\dist\development\chunk-R73PQUJU.js:872:3)
    at QueryClientProvider 
(file:///C:/playground/Python/ai_scrapper/frontend/node_modules/@tanstack/react-query/build/modern/QueryClientProvider.js:20:3)
    at AllTheProviders (C:\playground\Python\ai_scrapper\frontend\src\test\utils.tsx:11:28)
Warning: An update to UrlInput inside a test was not wrapped in act(...).

When testing, code that causes React state updates should be wrapped into act(...):

act(() => {
  /* fire events that update state */
});
/* assert on the output */

This ensures that you're testing the behavior the user would see in the browser. Learn more at https://reactjs.org/link/wrap-tests-with-act
    at UrlInput (C:\playground\Python\ai_scrapper\frontend\src\components\forms\UrlInput.tsx:8:3)
    at div
    at form
    at div
    at JobForm (C:\playground\Python\ai_scrapper\frontend\src\components\forms\JobForm.tsx:23:20)
    at ToastProvider (C:\playground\Python\ai_scrapper\frontend\src\providers\ToastProvider.tsx:17:3)
    at Router (C:\playground\Python\ai_scrapper\frontend\node_modules\react-router\dist\development\chunk-R73PQUJU.js:414:13)
    at BrowserRouter (C:\playground\Python\ai_scrapper\frontend\node_modules\react-router\dist\development\chunk-R73PQUJU.js:872:3)
    at QueryClientProvider 
(file:///C:/playground/Python/ai_scrapper/frontend/node_modules/@tanstack/react-query/build/modern/QueryClientProvider.js:20:3)
    at AllTheProviders (C:\playground\Python\ai_scrapper\frontend\src\test\utils.tsx:11:28)

[90mstderr[2m | src/components/forms/__tests__/JobForm.test.tsx[2m > [22m[2mJobForm[2m > [22m[2mwith initialValues[2m > [22m[2mpreserves 
initial values when form is reset[22m[39m
Warning: An update to JobForm inside a test was not wrapped in act(...).

When testing, code that causes React state updates should be wrapped into act(...):

act(() => {
  /* fire events that update state */
});
/* assert on the output */

This ensures that you're testing the behavior the user would see in the browser. Learn more at https://reactjs.org/link/wrap-tests-with-act
    at JobForm (C:\playground\Python\ai_scrapper\frontend\src\components\forms\JobForm.tsx:23:20)
    at ToastProvider (C:\playground\Python\ai_scrapper\frontend\src\providers\ToastProvider.tsx:17:3)
    at Router (C:\playground\Python\ai_scrapper\frontend\node_modules\react-router\dist\development\chunk-R73PQUJU.js:414:13)
    at BrowserRouter (C:\playground\Python\ai_scrapper\frontend\node_modules\react-router\dist\development\chunk-R73PQUJU.js:872:3)
    at QueryClientProvider 
(file:///C:/playground/Python/ai_scrapper/frontend/node_modules/@tanstack/react-query/build/modern/QueryClientProvider.js:20:3)
    at AllTheProviders (C:\playground\Python\ai_scrapper\frontend\src\test\utils.tsx:11:28)
Warning: An update to UrlInput inside a test was not wrapped in act(...).

When testing, code that causes React state updates should be wrapped into act(...):

act(() => {
  /* fire events that update state */
});
/* assert on the output */

This ensures that you're testing the behavior the user would see in the browser. Learn more at https://reactjs.org/link/wrap-tests-with-act
    at UrlInput (C:\playground\Python\ai_scrapper\frontend\src\components\forms\UrlInput.tsx:8:3)
    at div
    at form
    at div
    at JobForm (C:\playground\Python\ai_scrapper\frontend\src\components\forms\JobForm.tsx:23:20)
    at ToastProvider (C:\playground\Python\ai_scrapper\frontend\src\providers\ToastProvider.tsx:17:3)
    at Router (C:\playground\Python\ai_scrapper\frontend\node_modules\react-router\dist\development\chunk-R73PQUJU.js:414:13)
    at BrowserRouter (C:\playground\Python\ai_scrapper\frontend\node_modules\react-router\dist\development\chunk-R73PQUJU.js:872:3)
    at QueryClientProvider 
(file:///C:/playground/Python/ai_scrapper/frontend/node_modules/@tanstack/react-query/build/modern/QueryClientProvider.js:20:3)
    at AllTheProviders (C:\playground\Python\ai_scrapper\frontend\src\test\utils.tsx:11:28)

[90mstderr[2m | src/components/forms/__tests__/JobForm.test.tsx[2m > [22m[2mJobForm[2m > [22m[2mwith initialValues[2m > [22m[2mpreserves 
initial values when form is reset[22m[39m
Warning: An update to JobForm inside a test was not wrapped in act(...).

When testing, code that causes React state updates should be wrapped into act(...):

act(() => {
  /* fire events that update state */
});
/* assert on the output */

This ensures that you're testing the behavior the user would see in the browser. Learn more at https://reactjs.org/link/wrap-tests-with-act
    at JobForm (C:\playground\Python\ai_scrapper\frontend\src\components\forms\JobForm.tsx:23:20)
    at ToastProvider (C:\playground\Python\ai_scrapper\frontend\src\providers\ToastProvider.tsx:17:3)
    at Router (C:\playground\Python\ai_scrapper\frontend\node_modules\react-router\dist\development\chunk-R73PQUJU.js:414:13)
    at BrowserRouter (C:\playground\Python\ai_scrapper\frontend\node_modules\react-router\dist\development\chunk-R73PQUJU.js:872:3)
    at QueryClientProvider 
(file:///C:/playground/Python/ai_scrapper/frontend/node_modules/@tanstack/react-query/build/modern/QueryClientProvider.js:20:3)
    at AllTheProviders (C:\playground\Python\ai_scrapper\frontend\src\test\utils.tsx:11:28)
Warning: An update to UrlInput inside a test was not wrapped in act(...).

When testing, code that causes React state updates should be wrapped into act(...):

act(() => {
  /* fire events that update state */
});
/* assert on the output */

This ensures that you're testing the behavior the user would see in the browser. Learn more at https://reactjs.org/link/wrap-tests-with-act
    at UrlInput (C:\playground\Python\ai_scrapper\frontend\src\components\forms\UrlInput.tsx:8:3)
    at div
    at form
    at div
    at JobForm (C:\playground\Python\ai_scrapper\frontend\src\components\forms\JobForm.tsx:23:20)
    at ToastProvider (C:\playground\Python\ai_scrapper\frontend\src\providers\ToastProvider.tsx:17:3)
    at Router (C:\playground\Python\ai_scrapper\frontend\node_modules\react-router\dist\development\chunk-R73PQUJU.js:414:13)
    at BrowserRouter (C:\playground\Python\ai_scrapper\frontend\node_modules\react-router\dist\development\chunk-R73PQUJU.js:872:3)
    at QueryClientProvider 
(file:///C:/playground/Python/ai_scrapper/frontend/node_modules/@tanstack/react-query/build/modern/QueryClientProvider.js:20:3)
    at AllTheProviders (C:\playground\Python\ai_scrapper\frontend\src\test\utils.tsx:11:28)

[90mstderr[2m | src/components/forms/__tests__/JobForm.test.tsx[2m > [22m[2mJobForm[2m > [22m[2mwith initialValues[2m > [22m[2mpreserves 
initial values when form is reset[22m[39m
Warning: An update to JobForm inside a test was not wrapped in act(...).

When testing, code that causes React state updates should be wrapped into act(...):

act(() => {
  /* fire events that update state */
});
/* assert on the output */

This ensures that you're testing the behavior the user would see in the browser. Learn more at https://reactjs.org/link/wrap-tests-with-act
    at JobForm (C:\playground\Python\ai_scrapper\frontend\src\components\forms\JobForm.tsx:23:20)
    at ToastProvider (C:\playground\Python\ai_scrapper\frontend\src\providers\ToastProvider.tsx:17:3)
    at Router (C:\playground\Python\ai_scrapper\frontend\node_modules\react-router\dist\development\chunk-R73PQUJU.js:414:13)
    at BrowserRouter (C:\playground\Python\ai_scrapper\frontend\node_modules\react-router\dist\development\chunk-R73PQUJU.js:872:3)
    at QueryClientProvider 
(file:///C:/playground/Python/ai_scrapper/frontend/node_modules/@tanstack/react-query/build/modern/QueryClientProvider.js:20:3)
    at AllTheProviders (C:\playground\Python\ai_scrapper\frontend\src\test\utils.tsx:11:28)
Warning: An update to UrlInput inside a test was not wrapped in act(...).

When testing, code that causes React state updates should be wrapped into act(...):

act(() => {
  /* fire events that update state */
});
/* assert on the output */

This ensures that you're testing the behavior the user would see in the browser. Learn more at https://reactjs.org/link/wrap-tests-with-act
    at UrlInput (C:\playground\Python\ai_scrapper\frontend\src\components\forms\UrlInput.tsx:8:3)
    at div
    at form
    at div
    at JobForm (C:\playground\Python\ai_scrapper\frontend\src\components\forms\JobForm.tsx:23:20)
    at ToastProvider (C:\playground\Python\ai_scrapper\frontend\src\providers\ToastProvider.tsx:17:3)
    at Router (C:\playground\Python\ai_scrapper\frontend\node_modules\react-router\dist\development\chunk-R73PQUJU.js:414:13)
    at BrowserRouter (C:\playground\Python\ai_scrapper\frontend\node_modules\react-router\dist\development\chunk-R73PQUJU.js:872:3)
    at QueryClientProvider 
(file:///C:/playground/Python/ai_scrapper/frontend/node_modules/@tanstack/react-query/build/modern/QueryClientProvider.js:20:3)
    at AllTheProviders (C:\playground\Python\ai_scrapper\frontend\src\test\utils.tsx:11:28)

[90mstderr[2m | src/components/forms/__tests__/JobForm.test.tsx[2m > [22m[2mJobForm[2m > [22m[2mwith initialValues[2m > [22m[2mpreserves 
initial values when form is reset[22m[39m
Warning: An update to JobForm inside a test was not wrapped in act(...).

When testing, code that causes React state updates should be wrapped into act(...):

act(() => {
  /* fire events that update state */
});
/* assert on the output */

This ensures that you're testing the behavior the user would see in the browser. Learn more at https://reactjs.org/link/wrap-tests-with-act
    at JobForm (C:\playground\Python\ai_scrapper\frontend\src\components\forms\JobForm.tsx:23:20)
    at ToastProvider (C:\playground\Python\ai_scrapper\frontend\src\providers\ToastProvider.tsx:17:3)
    at Router (C:\playground\Python\ai_scrapper\frontend\node_modules\react-router\dist\development\chunk-R73PQUJU.js:414:13)
    at BrowserRouter (C:\playground\Python\ai_scrapper\frontend\node_modules\react-router\dist\development\chunk-R73PQUJU.js:872:3)
    at QueryClientProvider 
(file:///C:/playground/Python/ai_scrapper/frontend/node_modules/@tanstack/react-query/build/modern/QueryClientProvider.js:20:3)
    at AllTheProviders (C:\playground\Python\ai_scrapper\frontend\src\test\utils.tsx:11:28)
Warning: An update to UrlInput inside a test was not wrapped in act(...).

When testing, code that causes React state updates should be wrapped into act(...):

act(() => {
  /* fire events that update state */
});
/* assert on the output */

This ensures that you're testing the behavior the user would see in the browser. Learn more at https://reactjs.org/link/wrap-tests-with-act
    at UrlInput (C:\playground\Python\ai_scrapper\frontend\src\components\forms\UrlInput.tsx:8:3)
    at div
    at form
    at div
    at JobForm (C:\playground\Python\ai_scrapper\frontend\src\components\forms\JobForm.tsx:23:20)
    at ToastProvider (C:\playground\Python\ai_scrapper\frontend\src\providers\ToastProvider.tsx:17:3)
    at Router (C:\playground\Python\ai_scrapper\frontend\node_modules\react-router\dist\development\chunk-R73PQUJU.js:414:13)
    at BrowserRouter (C:\playground\Python\ai_scrapper\frontend\node_modules\react-router\dist\development\chunk-R73PQUJU.js:872:3)
    at QueryClientProvider 
(file:///C:/playground/Python/ai_scrapper/frontend/node_modules/@tanstack/react-query/build/modern/QueryClientProvider.js:20:3)
    at AllTheProviders (C:\playground\Python\ai_scrapper\frontend\src\test\utils.tsx:11:28)

[90mstderr[2m | src/components/forms/__tests__/JobForm.test.tsx[2m > [22m[2mJobForm[2m > [22m[2mwith initialValues[2m > [22m[2mpreserves 
initial values when form is reset[22m[39m
Warning: An update to JobForm inside a test was not wrapped in act(...).

When testing, code that causes React state updates should be wrapped into act(...):

act(() => {
  /* fire events that update state */
});
/* assert on the output */

This ensures that you're testing the behavior the user would see in the browser. Learn more at https://reactjs.org/link/wrap-tests-with-act
    at JobForm (C:\playground\Python\ai_scrapper\frontend\src\components\forms\JobForm.tsx:23:20)
    at ToastProvider (C:\playground\Python\ai_scrapper\frontend\src\providers\ToastProvider.tsx:17:3)
    at Router (C:\playground\Python\ai_scrapper\frontend\node_modules\react-router\dist\development\chunk-R73PQUJU.js:414:13)
    at BrowserRouter (C:\playground\Python\ai_scrapper\frontend\node_modules\react-router\dist\development\chunk-R73PQUJU.js:872:3)
    at QueryClientProvider 
(file:///C:/playground/Python/ai_scrapper/frontend/node_modules/@tanstack/react-query/build/modern/QueryClientProvider.js:20:3)
    at AllTheProviders (C:\playground\Python\ai_scrapper\frontend\src\test\utils.tsx:11:28)
Warning: An update to UrlInput inside a test was not wrapped in act(...).

When testing, code that causes React state updates should be wrapped into act(...):

act(() => {
  /* fire events that update state */
});
/* assert on the output */

This ensures that you're testing the behavior the user would see in the browser. Learn more at https://reactjs.org/link/wrap-tests-with-act
    at UrlInput (C:\playground\Python\ai_scrapper\frontend\src\components\forms\UrlInput.tsx:8:3)
    at div
    at form
    at div
    at JobForm (C:\playground\Python\ai_scrapper\frontend\src\components\forms\JobForm.tsx:23:20)
    at ToastProvider (C:\playground\Python\ai_scrapper\frontend\src\providers\ToastProvider.tsx:17:3)
    at Router (C:\playground\Python\ai_scrapper\frontend\node_modules\react-router\dist\development\chunk-R73PQUJU.js:414:13)
    at BrowserRouter (C:\playground\Python\ai_scrapper\frontend\node_modules\react-router\dist\development\chunk-R73PQUJU.js:872:3)
    at QueryClientProvider 
(file:///C:/playground/Python/ai_scrapper/frontend/node_modules/@tanstack/react-query/build/modern/QueryClientProvider.js:20:3)
    at AllTheProviders (C:\playground\Python\ai_scrapper\frontend\src\test\utils.tsx:11:28)

[90mstderr[2m | src/components/forms/__tests__/JobForm.test.tsx[2m > [22m[2mJobForm[2m > [22m[2mwith initialValues[2m > [22m[2mpreserves 
initial values when form is reset[22m[39m
Warning: An update to JobForm inside a test was not wrapped in act(...).

When testing, code that causes React state updates should be wrapped into act(...):

act(() => {
  /* fire events that update state */
});
/* assert on the output */

This ensures that you're testing the behavior the user would see in the browser. Learn more at https://reactjs.org/link/wrap-tests-with-act
    at JobForm (C:\playground\Python\ai_scrapper\frontend\src\components\forms\JobForm.tsx:23:20)
    at ToastProvider (C:\playground\Python\ai_scrapper\frontend\src\providers\ToastProvider.tsx:17:3)
    at Router (C:\playground\Python\ai_scrapper\frontend\node_modules\react-router\dist\development\chunk-R73PQUJU.js:414:13)
    at BrowserRouter (C:\playground\Python\ai_scrapper\frontend\node_modules\react-router\dist\development\chunk-R73PQUJU.js:872:3)
    at QueryClientProvider 
(file:///C:/playground/Python/ai_scrapper/frontend/node_modules/@tanstack/react-query/build/modern/QueryClientProvider.js:20:3)
    at AllTheProviders (C:\playground\Python\ai_scrapper\frontend\src\test\utils.tsx:11:28)
Warning: An update to JobForm inside a test was not wrapped in act(...).

When testing, code that causes React state updates should be wrapped into act(...):

act(() => {
  /* fire events that update state */
});
/* assert on the output */

This ensures that you're testing the behavior the user would see in the browser. Learn more at https://reactjs.org/link/wrap-tests-with-act
    at JobForm (C:\playground\Python\ai_scrapper\frontend\src\components\forms\JobForm.tsx:23:20)
    at ToastProvider (C:\playground\Python\ai_scrapper\frontend\src\providers\ToastProvider.tsx:17:3)
    at Router (C:\playground\Python\ai_scrapper\frontend\node_modules\react-router\dist\development\chunk-R73PQUJU.js:414:13)
    at BrowserRouter (C:\playground\Python\ai_scrapper\frontend\node_modules\react-router\dist\development\chunk-R73PQUJU.js:872:3)
    at QueryClientProvider 
(file:///C:/playground/Python/ai_scrapper/frontend/node_modules/@tanstack/react-query/build/modern/QueryClientProvider.js:20:3)
    at AllTheProviders (C:\playground\Python\ai_scrapper\frontend\src\test\utils.tsx:11:28)
Warning: An update to UrlInput inside a test was not wrapped in act(...).

When testing, code that causes React state updates should be wrapped into act(...):

act(() => {
  /* fire events that update state */
});
/* assert on the output */

This ensures that you're testing the behavior the user would see in the browser. Learn more at https://reactjs.org/link/wrap-tests-with-act
    at UrlInput (C:\playground\Python\ai_scrapper\frontend\src\components\forms\UrlInput.tsx:8:3)
    at div
    at form
    at div
    at JobForm (C:\playground\Python\ai_scrapper\frontend\src\components\forms\JobForm.tsx:23:20)
    at ToastProvider (C:\playground\Python\ai_scrapper\frontend\src\providers\ToastProvider.tsx:17:3)
    at Router (C:\playground\Python\ai_scrapper\frontend\node_modules\react-router\dist\development\chunk-R73PQUJU.js:414:13)
    at BrowserRouter (C:\playground\Python\ai_scrapper\frontend\node_modules\react-router\dist\development\chunk-R73PQUJU.js:872:3)
    at QueryClientProvider 
(file:///C:/playground/Python/ai_scrapper/frontend/node_modules/@tanstack/react-query/build/modern/QueryClientProvider.js:20:3)
    at AllTheProviders (C:\playground\Python\ai_scrapper\frontend\src\test\utils.tsx:11:28)

[90mstderr[2m | src/components/forms/__tests__/JobForm.test.tsx[2m > [22m[2mJobForm[2m > [22m[2mform validation[2m > [22m[2mvalidates URL 
format[22m[39m
Warning: An update to JobForm inside a test was not wrapped in act(...).

When testing, code that causes React state updates should be wrapped into act(...):

act(() => {
  /* fire events that update state */
});
/* assert on the output */

This ensures that you're testing the behavior the user would see in the browser. Learn more at https://reactjs.org/link/wrap-tests-with-act
    at JobForm (C:\playground\Python\ai_scrapper\frontend\src\components\forms\JobForm.tsx:23:20)
    at ToastProvider (C:\playground\Python\ai_scrapper\frontend\src\providers\ToastProvider.tsx:17:3)
    at Router (C:\playground\Python\ai_scrapper\frontend\node_modules\react-router\dist\development\chunk-R73PQUJU.js:414:13)
    at BrowserRouter (C:\playground\Python\ai_scrapper\frontend\node_modules\react-router\dist\development\chunk-R73PQUJU.js:872:3)
    at QueryClientProvider 
(file:///C:/playground/Python/ai_scrapper/frontend/node_modules/@tanstack/react-query/build/modern/QueryClientProvider.js:20:3)
    at AllTheProviders (C:\playground\Python\ai_scrapper\frontend\src\test\utils.tsx:11:28)
Warning: An update to UrlInput inside a test was not wrapped in act(...).

When testing, code that causes React state updates should be wrapped into act(...):

act(() => {
  /* fire events that update state */
});
/* assert on the output */

This ensures that you're testing the behavior the user would see in the browser. Learn more at https://reactjs.org/link/wrap-tests-with-act
    at UrlInput (C:\playground\Python\ai_scrapper\frontend\src\components\forms\UrlInput.tsx:8:3)
    at div
    at form
    at div
    at JobForm (C:\playground\Python\ai_scrapper\frontend\src\components\forms\JobForm.tsx:23:20)
    at ToastProvider (C:\playground\Python\ai_scrapper\frontend\src\providers\ToastProvider.tsx:17:3)
    at Router (C:\playground\Python\ai_scrapper\frontend\node_modules\react-router\dist\development\chunk-R73PQUJU.js:414:13)
    at BrowserRouter (C:\playground\Python\ai_scrapper\frontend\node_modules\react-router\dist\development\chunk-R73PQUJU.js:872:3)
    at QueryClientProvider 
(file:///C:/playground/Python/ai_scrapper/frontend/node_modules/@tanstack/react-query/build/modern/QueryClientProvider.js:20:3)
    at AllTheProviders (C:\playground\Python\ai_scrapper\frontend\src\test\utils.tsx:11:28)
Warning: An update to JobForm inside a test was not wrapped in act(...).

When testing, code that causes React state updates should be wrapped into act(...):

act(() => {
  /* fire events that update state */
});
/* assert on the output */

This ensures that you're testing the behavior the user would see in the browser. Learn more at https://reactjs.org/link/wrap-tests-with-act
    at JobForm (C:\playground\Python\ai_scrapper\frontend\src\components\forms\JobForm.tsx:23:20)
    at ToastProvider (C:\playground\Python\ai_scrapper\frontend\src\providers\ToastProvider.tsx:17:3)
    at Router (C:\playground\Python\ai_scrapper\frontend\node_modules\react-router\dist\development\chunk-R73PQUJU.js:414:13)
    at BrowserRouter (C:\playground\Python\ai_scrapper\frontend\node_modules\react-router\dist\development\chunk-R73PQUJU.js:872:3)
    at QueryClientProvider 
(file:///C:/playground/Python/ai_scrapper/frontend/node_modules/@tanstack/react-query/build/modern/QueryClientProvider.js:20:3)
    at AllTheProviders (C:\playground\Python\ai_scrapper\frontend\src\test\utils.tsx:11:28)
Warning: An update to JobForm inside a test was not wrapped in act(...).

When testing, code that causes React state updates should be wrapped into act(...):

act(() => {
  /* fire events that update state */
});
/* assert on the output */

This ensures that you're testing the behavior the user would see in the browser. Learn more at https://reactjs.org/link/wrap-tests-with-act
    at JobForm (C:\playground\Python\ai_scrapper\frontend\src\components\forms\JobForm.tsx:23:20)
    at ToastProvider (C:\playground\Python\ai_scrapper\frontend\src\providers\ToastProvider.tsx:17:3)
    at Router (C:\playground\Python\ai_scrapper\frontend\node_modules\react-router\dist\development\chunk-R73PQUJU.js:414:13)
    at BrowserRouter (C:\playground\Python\ai_scrapper\frontend\node_modules\react-router\dist\development\chunk-R73PQUJU.js:872:3)
    at QueryClientProvider 
(file:///C:/playground/Python/ai_scrapper/frontend/node_modules/@tanstack/react-query/build/modern/QueryClientProvider.js:20:3)
    at AllTheProviders (C:\playground\Python\ai_scrapper\frontend\src\test\utils.tsx:11:28)
Warning: An update to UrlInput inside a test was not wrapped in act(...).

When testing, code that causes React state updates should be wrapped into act(...):

act(() => {
  /* fire events that update state */
});
/* assert on the output */

This ensures that you're testing the behavior the user would see in the browser. Learn more at https://reactjs.org/link/wrap-tests-with-act
    at UrlInput (C:\playground\Python\ai_scrapper\frontend\src\components\forms\UrlInput.tsx:8:3)
    at div
    at form
    at div
    at JobForm (C:\playground\Python\ai_scrapper\frontend\src\components\forms\JobForm.tsx:23:20)
    at ToastProvider (C:\playground\Python\ai_scrapper\frontend\src\providers\ToastProvider.tsx:17:3)
    at Router (C:\playground\Python\ai_scrapper\frontend\node_modules\react-router\dist\development\chunk-R73PQUJU.js:414:13)
    at BrowserRouter (C:\playground\Python\ai_scrapper\frontend\node_modules\react-router\dist\development\chunk-R73PQUJU.js:872:3)
    at QueryClientProvider 
(file:///C:/playground/Python/ai_scrapper/frontend/node_modules/@tanstack/react-query/build/modern/QueryClientProvider.js:20:3)
    at AllTheProviders (C:\playground\Python\ai_scrapper\frontend\src\test\utils.tsx:11:28)

[90mstderr[2m | src/components/forms/__tests__/JobForm.test.tsx[2m > [22m[2mJobForm[2m > [22m[2mform validation[2m > [22m[2mvalidates URL 
format[22m[39m
Warning: An update to JobForm inside a test was not wrapped in act(...).

When testing, code that causes React state updates should be wrapped into act(...):

act(() => {
  /* fire events that update state */
});
/* assert on the output */

This ensures that you're testing the behavior the user would see in the browser. Learn more at https://reactjs.org/link/wrap-tests-with-act
    at JobForm (C:\playground\Python\ai_scrapper\frontend\src\components\forms\JobForm.tsx:23:20)
    at ToastProvider (C:\playground\Python\ai_scrapper\frontend\src\providers\ToastProvider.tsx:17:3)
    at Router (C:\playground\Python\ai_scrapper\frontend\node_modules\react-router\dist\development\chunk-R73PQUJU.js:414:13)
    at BrowserRouter (C:\playground\Python\ai_scrapper\frontend\node_modules\react-router\dist\development\chunk-R73PQUJU.js:872:3)
    at QueryClientProvider 
(file:///C:/playground/Python/ai_scrapper/frontend/node_modules/@tanstack/react-query/build/modern/QueryClientProvider.js:20:3)
    at AllTheProviders (C:\playground\Python\ai_scrapper\frontend\src\test\utils.tsx:11:28)
Warning: An update to UrlInput inside a test was not wrapped in act(...).

When testing, code that causes React state updates should be wrapped into act(...):

act(() => {
  /* fire events that update state */
});
/* assert on the output */

This ensures that you're testing the behavior the user would see in the browser. Learn more at https://reactjs.org/link/wrap-tests-with-act
    at UrlInput (C:\playground\Python\ai_scrapper\frontend\src\components\forms\UrlInput.tsx:8:3)
    at div
    at form
    at div
    at JobForm (C:\playground\Python\ai_scrapper\frontend\src\components\forms\JobForm.tsx:23:20)
    at ToastProvider (C:\playground\Python\ai_scrapper\frontend\src\providers\ToastProvider.tsx:17:3)
    at Router (C:\playground\Python\ai_scrapper\frontend\node_modules\react-router\dist\development\chunk-R73PQUJU.js:414:13)
    at BrowserRouter (C:\playground\Python\ai_scrapper\frontend\node_modules\react-router\dist\development\chunk-R73PQUJU.js:872:3)
    at QueryClientProvider 
(file:///C:/playground/Python/ai_scrapper/frontend/node_modules/@tanstack/react-query/build/modern/QueryClientProvider.js:20:3)
    at AllTheProviders (C:\playground\Python\ai_scrapper\frontend\src\test\utils.tsx:11:28)

[90mstderr[2m | src/components/forms/__tests__/JobForm.test.tsx[2m > [22m[2mJobForm[2m > [22m[2mform validation[2m > [22m[2mvalidates URL 
format[22m[39m
Warning: An update to JobForm inside a test was not wrapped in act(...).

When testing, code that causes React state updates should be wrapped into act(...):

act(() => {
  /* fire events that update state */
});
/* assert on the output */

This ensures that you're testing the behavior the user would see in the browser. Learn more at https://reactjs.org/link/wrap-tests-with-act
    at JobForm (C:\playground\Python\ai_scrapper\frontend\src\components\forms\JobForm.tsx:23:20)
    at ToastProvider (C:\playground\Python\ai_scrapper\frontend\src\providers\ToastProvider.tsx:17:3)
    at Router (C:\playground\Python\ai_scrapper\frontend\node_modules\react-router\dist\development\chunk-R73PQUJU.js:414:13)
    at BrowserRouter (C:\playground\Python\ai_scrapper\frontend\node_modules\react-router\dist\development\chunk-R73PQUJU.js:872:3)
    at QueryClientProvider 
(file:///C:/playground/Python/ai_scrapper/frontend/node_modules/@tanstack/react-query/build/modern/QueryClientProvider.js:20:3)
    at AllTheProviders (C:\playground\Python\ai_scrapper\frontend\src\test\utils.tsx:11:28)
Warning: An update to UrlInput inside a test was not wrapped in act(...).

When testing, code that causes React state updates should be wrapped into act(...):

act(() => {
  /* fire events that update state */
});
/* assert on the output */

This ensures that you're testing the behavior the user would see in the browser. Learn more at https://reactjs.org/link/wrap-tests-with-act
    at UrlInput (C:\playground\Python\ai_scrapper\frontend\src\components\forms\UrlInput.tsx:8:3)
    at div
    at form
    at div
    at JobForm (C:\playground\Python\ai_scrapper\frontend\src\components\forms\JobForm.tsx:23:20)
    at ToastProvider (C:\playground\Python\ai_scrapper\frontend\src\providers\ToastProvider.tsx:17:3)
    at Router (C:\playground\Python\ai_scrapper\frontend\node_modules\react-router\dist\development\chunk-R73PQUJU.js:414:13)
    at BrowserRouter (C:\playground\Python\ai_scrapper\frontend\node_modules\react-router\dist\development\chunk-R73PQUJU.js:872:3)
    at QueryClientProvider 
(file:///C:/playground/Python/ai_scrapper/frontend/node_modules/@tanstack/react-query/build/modern/QueryClientProvider.js:20:3)
    at AllTheProviders (C:\playground\Python\ai_scrapper\frontend\src\test\utils.tsx:11:28)

[90mstderr[2m | src/components/forms/__tests__/JobForm.test.tsx[2m > [22m[2mJobForm[2m > [22m[2mform validation[2m > [22m[2mvalidates URL 
format[22m[39m
Warning: An update to JobForm inside a test was not wrapped in act(...).

When testing, code that causes React state updates should be wrapped into act(...):

act(() => {
  /* fire events that update state */
});
/* assert on the output */

This ensures that you're testing the behavior the user would see in the browser. Learn more at https://reactjs.org/link/wrap-tests-with-act
    at JobForm (C:\playground\Python\ai_scrapper\frontend\src\components\forms\JobForm.tsx:23:20)
    at ToastProvider (C:\playground\Python\ai_scrapper\frontend\src\providers\ToastProvider.tsx:17:3)
    at Router (C:\playground\Python\ai_scrapper\frontend\node_modules\react-router\dist\development\chunk-R73PQUJU.js:414:13)
    at BrowserRouter (C:\playground\Python\ai_scrapper\frontend\node_modules\react-router\dist\development\chunk-R73PQUJU.js:872:3)
    at QueryClientProvider 
(file:///C:/playground/Python/ai_scrapper/frontend/node_modules/@tanstack/react-query/build/modern/QueryClientProvider.js:20:3)
    at AllTheProviders (C:\playground\Python\ai_scrapper\frontend\src\test\utils.tsx:11:28)
Warning: An update to UrlInput inside a test was not wrapped in act(...).

When testing, code that causes React state updates should be wrapped into act(...):

act(() => {
  /* fire events that update state */
});
/* assert on the output */

This ensures that you're testing the behavior the user would see in the browser. Learn more at https://reactjs.org/link/wrap-tests-with-act
    at UrlInput (C:\playground\Python\ai_scrapper\frontend\src\components\forms\UrlInput.tsx:8:3)
    at div
    at form
    at div
    at JobForm (C:\playground\Python\ai_scrapper\frontend\src\components\forms\JobForm.tsx:23:20)
    at ToastProvider (C:\playground\Python\ai_scrapper\frontend\src\providers\ToastProvider.tsx:17:3)
    at Router (C:\playground\Python\ai_scrapper\frontend\node_modules\react-router\dist\development\chunk-R73PQUJU.js:414:13)
    at BrowserRouter (C:\playground\Python\ai_scrapper\frontend\node_modules\react-router\dist\development\chunk-R73PQUJU.js:872:3)
    at QueryClientProvider 
(file:///C:/playground/Python/ai_scrapper/frontend/node_modules/@tanstack/react-query/build/modern/QueryClientProvider.js:20:3)
    at AllTheProviders (C:\playground\Python\ai_scrapper\frontend\src\test\utils.tsx:11:28)

[90mstderr[2m | src/components/forms/__tests__/JobForm.test.tsx[2m > [22m[2mJobForm[2m > [22m[2mform validation[2m > [22m[2mvalidates URL 
format[22m[39m
Warning: An update to JobForm inside a test was not wrapped in act(...).

When testing, code that causes React state updates should be wrapped into act(...):

act(() => {
  /* fire events that update state */
});
/* assert on the output */

This ensures that you're testing the behavior the user would see in the browser. Learn more at https://reactjs.org/link/wrap-tests-with-act
    at JobForm (C:\playground\Python\ai_scrapper\frontend\src\components\forms\JobForm.tsx:23:20)
    at ToastProvider (C:\playground\Python\ai_scrapper\frontend\src\providers\ToastProvider.tsx:17:3)
    at Router (C:\playground\Python\ai_scrapper\frontend\node_modules\react-router\dist\development\chunk-R73PQUJU.js:414:13)
    at BrowserRouter (C:\playground\Python\ai_scrapper\frontend\node_modules\react-router\dist\development\chunk-R73PQUJU.js:872:3)
    at QueryClientProvider 
(file:///C:/playground/Python/ai_scrapper/frontend/node_modules/@tanstack/react-query/build/modern/QueryClientProvider.js:20:3)
    at AllTheProviders (C:\playground\Python\ai_scrapper\frontend\src\test\utils.tsx:11:28)
Warning: An update to UrlInput inside a test was not wrapped in act(...).

When testing, code that causes React state updates should be wrapped into act(...):

act(() => {
  /* fire events that update state */
});
/* assert on the output */

This ensures that you're testing the behavior the user would see in the browser. Learn more at https://reactjs.org/link/wrap-tests-with-act
    at UrlInput (C:\playground\Python\ai_scrapper\frontend\src\components\forms\UrlInput.tsx:8:3)
    at div
    at form
    at div
    at JobForm (C:\playground\Python\ai_scrapper\frontend\src\components\forms\JobForm.tsx:23:20)
    at ToastProvider (C:\playground\Python\ai_scrapper\frontend\src\providers\ToastProvider.tsx:17:3)
    at Router (C:\playground\Python\ai_scrapper\frontend\node_modules\react-router\dist\development\chunk-R73PQUJU.js:414:13)
    at BrowserRouter (C:\playground\Python\ai_scrapper\frontend\node_modules\react-router\dist\development\chunk-R73PQUJU.js:872:3)
    at QueryClientProvider 
(file:///C:/playground/Python/ai_scrapper/frontend/node_modules/@tanstack/react-query/build/modern/QueryClientProvider.js:20:3)
    at AllTheProviders (C:\playground\Python\ai_scrapper\frontend\src\test\utils.tsx:11:28)

[90mstderr[2m | src/components/forms/__tests__/JobForm.test.tsx[2m > [22m[2mJobForm[2m > [22m[2mform validation[2m > [22m[2mvalidates URL 
format[22m[39m
Warning: An update to JobForm inside a test was not wrapped in act(...).

When testing, code that causes React state updates should be wrapped into act(...):

act(() => {
  /* fire events that update state */
});
/* assert on the output */

This ensures that you're testing the behavior the user would see in the browser. Learn more at https://reactjs.org/link/wrap-tests-with-act
    at JobForm (C:\playground\Python\ai_scrapper\frontend\src\components\forms\JobForm.tsx:23:20)
    at ToastProvider (C:\playground\Python\ai_scrapper\frontend\src\providers\ToastProvider.tsx:17:3)
    at Router (C:\playground\Python\ai_scrapper\frontend\node_modules\react-router\dist\development\chunk-R73PQUJU.js:414:13)
    at BrowserRouter (C:\playground\Python\ai_scrapper\frontend\node_modules\react-router\dist\development\chunk-R73PQUJU.js:872:3)
    at QueryClientProvider 
(file:///C:/playground/Python/ai_scrapper/frontend/node_modules/@tanstack/react-query/build/modern/QueryClientProvider.js:20:3)
    at AllTheProviders (C:\playground\Python\ai_scrapper\frontend\src\test\utils.tsx:11:28)
Warning: An update to UrlInput inside a test was not wrapped in act(...).

When testing, code that causes React state updates should be wrapped into act(...):

act(() => {
  /* fire events that update state */
});
/* assert on the output */

This ensures that you're testing the behavior the user would see in the browser. Learn more at https://reactjs.org/link/wrap-tests-with-act
    at UrlInput (C:\playground\Python\ai_scrapper\frontend\src\components\forms\UrlInput.tsx:8:3)
    at div
    at form
    at div
    at JobForm (C:\playground\Python\ai_scrapper\frontend\src\components\forms\JobForm.tsx:23:20)
    at ToastProvider (C:\playground\Python\ai_scrapper\frontend\src\providers\ToastProvider.tsx:17:3)
    at Router (C:\playground\Python\ai_scrapper\frontend\node_modules\react-router\dist\development\chunk-R73PQUJU.js:414:13)
    at BrowserRouter (C:\playground\Python\ai_scrapper\frontend\node_modules\react-router\dist\development\chunk-R73PQUJU.js:872:3)
    at QueryClientProvider 
(file:///C:/playground/Python/ai_scrapper/frontend/node_modules/@tanstack/react-query/build/modern/QueryClientProvider.js:20:3)
    at AllTheProviders (C:\playground\Python\ai_scrapper\frontend\src\test\utils.tsx:11:28)

[90mstderr[2m | src/components/forms/__tests__/JobForm.test.tsx[2m > [22m[2mJobForm[2m > [22m[2mform validation[2m > [22m[2mvalidates URL 
format[22m[39m
Warning: An update to JobForm inside a test was not wrapped in act(...).

When testing, code that causes React state updates should be wrapped into act(...):

act(() => {
  /* fire events that update state */
});
/* assert on the output */

This ensures that you're testing the behavior the user would see in the browser. Learn more at https://reactjs.org/link/wrap-tests-with-act
    at JobForm (C:\playground\Python\ai_scrapper\frontend\src\components\forms\JobForm.tsx:23:20)
    at ToastProvider (C:\playground\Python\ai_scrapper\frontend\src\providers\ToastProvider.tsx:17:3)
    at Router (C:\playground\Python\ai_scrapper\frontend\node_modules\react-router\dist\development\chunk-R73PQUJU.js:414:13)
    at BrowserRouter (C:\playground\Python\ai_scrapper\frontend\node_modules\react-router\dist\development\chunk-R73PQUJU.js:872:3)
    at QueryClientProvider 
(file:///C:/playground/Python/ai_scrapper/frontend/node_modules/@tanstack/react-query/build/modern/QueryClientProvider.js:20:3)
    at AllTheProviders (C:\playground\Python\ai_scrapper\frontend\src\test\utils.tsx:11:28)
Warning: An update to UrlInput inside a test was not wrapped in act(...).

When testing, code that causes React state updates should be wrapped into act(...):

act(() => {
  /* fire events that update state */
});
/* assert on the output */

This ensures that you're testing the behavior the user would see in the browser. Learn more at https://reactjs.org/link/wrap-tests-with-act
    at UrlInput (C:\playground\Python\ai_scrapper\frontend\src\components\forms\UrlInput.tsx:8:3)
    at div
    at form
    at div
    at JobForm (C:\playground\Python\ai_scrapper\frontend\src\components\forms\JobForm.tsx:23:20)
    at ToastProvider (C:\playground\Python\ai_scrapper\frontend\src\providers\ToastProvider.tsx:17:3)
    at Router (C:\playground\Python\ai_scrapper\frontend\node_modules\react-router\dist\development\chunk-R73PQUJU.js:414:13)
    at BrowserRouter (C:\playground\Python\ai_scrapper\frontend\node_modules\react-router\dist\development\chunk-R73PQUJU.js:872:3)
    at QueryClientProvider 
(file:///C:/playground/Python/ai_scrapper/frontend/node_modules/@tanstack/react-query/build/modern/QueryClientProvider.js:20:3)
    at AllTheProviders (C:\playground\Python\ai_scrapper\frontend\src\test\utils.tsx:11:28)

[90mstderr[2m | src/components/forms/__tests__/JobForm.test.tsx[2m > [22m[2mJobForm[2m > [22m[2mform validation[2m > [22m[2mvalidates URL 
format[22m[39m
Warning: An update to JobForm inside a test was not wrapped in act(...).

When testing, code that causes React state updates should be wrapped into act(...):

act(() => {
  /* fire events that update state */
});
/* assert on the output */

This ensures that you're testing the behavior the user would see in the browser. Learn more at https://reactjs.org/link/wrap-tests-with-act
    at JobForm (C:\playground\Python\ai_scrapper\frontend\src\components\forms\JobForm.tsx:23:20)
    at ToastProvider (C:\playground\Python\ai_scrapper\frontend\src\providers\ToastProvider.tsx:17:3)
    at Router (C:\playground\Python\ai_scrapper\frontend\node_modules\react-router\dist\development\chunk-R73PQUJU.js:414:13)
    at BrowserRouter (C:\playground\Python\ai_scrapper\frontend\node_modules\react-router\dist\development\chunk-R73PQUJU.js:872:3)
    at QueryClientProvider 
(file:///C:/playground/Python/ai_scrapper/frontend/node_modules/@tanstack/react-query/build/modern/QueryClientProvider.js:20:3)
    at AllTheProviders (C:\playground\Python\ai_scrapper\frontend\src\test\utils.tsx:11:28)
Warning: An update to UrlInput inside a test was not wrapped in act(...).

When testing, code that causes React state updates should be wrapped into act(...):

act(() => {
  /* fire events that update state */
});
/* assert on the output */

This ensures that you're testing the behavior the user would see in the browser. Learn more at https://reactjs.org/link/wrap-tests-with-act
    at UrlInput (C:\playground\Python\ai_scrapper\frontend\src\components\forms\UrlInput.tsx:8:3)
    at div
    at form
    at div
    at JobForm (C:\playground\Python\ai_scrapper\frontend\src\components\forms\JobForm.tsx:23:20)
    at ToastProvider (C:\playground\Python\ai_scrapper\frontend\src\providers\ToastProvider.tsx:17:3)
    at Router (C:\playground\Python\ai_scrapper\frontend\node_modules\react-router\dist\development\chunk-R73PQUJU.js:414:13)
    at BrowserRouter (C:\playground\Python\ai_scrapper\frontend\node_modules\react-router\dist\development\chunk-R73PQUJU.js:872:3)
    at QueryClientProvider 
(file:///C:/playground/Python/ai_scrapper/frontend/node_modules/@tanstack/react-query/build/modern/QueryClientProvider.js:20:3)
    at AllTheProviders (C:\playground\Python\ai_scrapper\frontend\src\test\utils.tsx:11:28)

[90mstderr[2m | src/components/forms/__tests__/JobForm.test.tsx[2m > [22m[2mJobForm[2m > [22m[2mform validation[2m > [22m[2mvalidates URL 
format[22m[39m
Warning: An update to JobForm inside a test was not wrapped in act(...).

When testing, code that causes React state updates should be wrapped into act(...):

act(() => {
  /* fire events that update state */
});
/* assert on the output */

This ensures that you're testing the behavior the user would see in the browser. Learn more at https://reactjs.org/link/wrap-tests-with-act
    at JobForm (C:\playground\Python\ai_scrapper\frontend\src\components\forms\JobForm.tsx:23:20)
    at ToastProvider (C:\playground\Python\ai_scrapper\frontend\src\providers\ToastProvider.tsx:17:3)
    at Router (C:\playground\Python\ai_scrapper\frontend\node_modules\react-router\dist\development\chunk-R73PQUJU.js:414:13)
    at BrowserRouter (C:\playground\Python\ai_scrapper\frontend\node_modules\react-router\dist\development\chunk-R73PQUJU.js:872:3)
    at QueryClientProvider 
(file:///C:/playground/Python/ai_scrapper/frontend/node_modules/@tanstack/react-query/build/modern/QueryClientProvider.js:20:3)
    at AllTheProviders (C:\playground\Python\ai_scrapper\frontend\src\test\utils.tsx:11:28)
Warning: An update to UrlInput inside a test was not wrapped in act(...).

When testing, code that causes React state updates should be wrapped into act(...):

act(() => {
  /* fire events that update state */
});
/* assert on the output */

This ensures that you're testing the behavior the user would see in the browser. Learn more at https://reactjs.org/link/wrap-tests-with-act
    at UrlInput (C:\playground\Python\ai_scrapper\frontend\src\components\forms\UrlInput.tsx:8:3)
    at div
    at form
    at div
    at JobForm (C:\playground\Python\ai_scrapper\frontend\src\components\forms\JobForm.tsx:23:20)
    at ToastProvider (C:\playground\Python\ai_scrapper\frontend\src\providers\ToastProvider.tsx:17:3)
    at Router (C:\playground\Python\ai_scrapper\frontend\node_modules\react-router\dist\development\chunk-R73PQUJU.js:414:13)
    at BrowserRouter (C:\playground\Python\ai_scrapper\frontend\node_modules\react-router\dist\development\chunk-R73PQUJU.js:872:3)
    at QueryClientProvider 
(file:///C:/playground/Python/ai_scrapper/frontend/node_modules/@tanstack/react-query/build/modern/QueryClientProvider.js:20:3)
    at AllTheProviders (C:\playground\Python\ai_scrapper\frontend\src\test\utils.tsx:11:28)

[90mstderr[2m | src/components/forms/__tests__/JobForm.test.tsx[2m > [22m[2mJobForm[2m > [22m[2mform validation[2m > [22m[2mvalidates URL 
format[22m[39m
Warning: An update to JobForm inside a test was not wrapped in act(...).

When testing, code that causes React state updates should be wrapped into act(...):

act(() => {
  /* fire events that update state */
});
/* assert on the output */

This ensures that you're testing the behavior the user would see in the browser. Learn more at https://reactjs.org/link/wrap-tests-with-act
    at JobForm (C:\playground\Python\ai_scrapper\frontend\src\components\forms\JobForm.tsx:23:20)
    at ToastProvider (C:\playground\Python\ai_scrapper\frontend\src\providers\ToastProvider.tsx:17:3)
    at Router (C:\playground\Python\ai_scrapper\frontend\node_modules\react-router\dist\development\chunk-R73PQUJU.js:414:13)
    at BrowserRouter (C:\playground\Python\ai_scrapper\frontend\node_modules\react-router\dist\development\chunk-R73PQUJU.js:872:3)
    at QueryClientProvider 
(file:///C:/playground/Python/ai_scrapper/frontend/node_modules/@tanstack/react-query/build/modern/QueryClientProvider.js:20:3)
    at AllTheProviders (C:\playground\Python\ai_scrapper\frontend\src\test\utils.tsx:11:28)
Warning: An update to UrlInput inside a test was not wrapped in act(...).

When testing, code that causes React state updates should be wrapped into act(...):

act(() => {
  /* fire events that update state */
});
/* assert on the output */

This ensures that you're testing the behavior the user would see in the browser. Learn more at https://reactjs.org/link/wrap-tests-with-act
    at UrlInput (C:\playground\Python\ai_scrapper\frontend\src\components\forms\UrlInput.tsx:8:3)
    at div
    at form
    at div
    at JobForm (C:\playground\Python\ai_scrapper\frontend\src\components\forms\JobForm.tsx:23:20)
    at ToastProvider (C:\playground\Python\ai_scrapper\frontend\src\providers\ToastProvider.tsx:17:3)
    at Router (C:\playground\Python\ai_scrapper\frontend\node_modules\react-router\dist\development\chunk-R73PQUJU.js:414:13)
    at BrowserRouter (C:\playground\Python\ai_scrapper\frontend\node_modules\react-router\dist\development\chunk-R73PQUJU.js:872:3)
    at QueryClientProvider 
(file:///C:/playground/Python/ai_scrapper/frontend/node_modules/@tanstack/react-query/build/modern/QueryClientProvider.js:20:3)
    at AllTheProviders (C:\playground\Python\ai_scrapper\frontend\src\test\utils.tsx:11:28)

[90mstderr[2m | src/components/forms/__tests__/JobForm.test.tsx[2m > [22m[2mJobForm[2m > [22m[2mform submission[2m > [22m[2mcalls 
onSuccess with job ID on successful submission[22m[39m
Warning: An update to JobForm inside a test was not wrapped in act(...).

When testing, code that causes React state updates should be wrapped into act(...):

act(() => {
  /* fire events that update state */
});
/* assert on the output */

This ensures that you're testing the behavior the user would see in the browser. Learn more at https://reactjs.org/link/wrap-tests-with-act
    at JobForm (C:\playground\Python\ai_scrapper\frontend\src\components\forms\JobForm.tsx:23:20)
    at ToastProvider (C:\playground\Python\ai_scrapper\frontend\src\providers\ToastProvider.tsx:17:3)
    at Router (C:\playground\Python\ai_scrapper\frontend\node_modules\react-router\dist\development\chunk-R73PQUJU.js:414:13)
    at BrowserRouter (C:\playground\Python\ai_scrapper\frontend\node_modules\react-router\dist\development\chunk-R73PQUJU.js:872:3)
    at QueryClientProvider 
(file:///C:/playground/Python/ai_scrapper/frontend/node_modules/@tanstack/react-query/build/modern/QueryClientProvider.js:20:3)
    at AllTheProviders (C:\playground\Python\ai_scrapper\frontend\src\test\utils.tsx:11:28)
Warning: An update to UrlInput inside a test was not wrapped in act(...).

When testing, code that causes React state updates should be wrapped into act(...):

act(() => {
  /* fire events that update state */
});
/* assert on the output */

This ensures that you're testing the behavior the user would see in the browser. Learn more at https://reactjs.org/link/wrap-tests-with-act
    at UrlInput (C:\playground\Python\ai_scrapper\frontend\src\components\forms\UrlInput.tsx:8:3)
    at div
    at form
    at div
    at JobForm (C:\playground\Python\ai_scrapper\frontend\src\components\forms\JobForm.tsx:23:20)
    at ToastProvider (C:\playground\Python\ai_scrapper\frontend\src\providers\ToastProvider.tsx:17:3)
    at Router (C:\playground\Python\ai_scrapper\frontend\node_modules\react-router\dist\development\chunk-R73PQUJU.js:414:13)
    at BrowserRouter (C:\playground\Python\ai_scrapper\frontend\node_modules\react-router\dist\development\chunk-R73PQUJU.js:872:3)
    at QueryClientProvider 
(file:///C:/playground/Python/ai_scrapper/frontend/node_modules/@tanstack/react-query/build/modern/QueryClientProvider.js:20:3)
    at AllTheProviders (C:\playground\Python\ai_scrapper\frontend\src\test\utils.tsx:11:28)
Warning: An update to JobForm inside a test was not wrapped in act(...).

When testing, code that causes React state updates should be wrapped into act(...):

act(() => {
  /* fire events that update state */
});
/* assert on the output */

This ensures that you're testing the behavior the user would see in the browser. Learn more at https://reactjs.org/link/wrap-tests-with-act
    at JobForm (C:\playground\Python\ai_scrapper\frontend\src\components\forms\JobForm.tsx:23:20)
    at ToastProvider (C:\playground\Python\ai_scrapper\frontend\src\providers\ToastProvider.tsx:17:3)
    at Router (C:\playground\Python\ai_scrapper\frontend\node_modules\react-router\dist\development\chunk-R73PQUJU.js:414:13)
    at BrowserRouter (C:\playground\Python\ai_scrapper\frontend\node_modules\react-router\dist\development\chunk-R73PQUJU.js:872:3)
    at QueryClientProvider 
(file:///C:/playground/Python/ai_scrapper/frontend/node_modules/@tanstack/react-query/build/modern/QueryClientProvider.js:20:3)
    at AllTheProviders (C:\playground\Python\ai_scrapper\frontend\src\test\utils.tsx:11:28)
Warning: An update to JobForm inside a test was not wrapped in act(...).

When testing, code that causes React state updates should be wrapped into act(...):

act(() => {
  /* fire events that update state */
});
/* assert on the output */

This ensures that you're testing the behavior the user would see in the browser. Learn more at https://reactjs.org/link/wrap-tests-with-act
    at JobForm (C:\playground\Python\ai_scrapper\frontend\src\components\forms\JobForm.tsx:23:20)
    at ToastProvider (C:\playground\Python\ai_scrapper\frontend\src\providers\ToastProvider.tsx:17:3)
    at Router (C:\playground\Python\ai_scrapper\frontend\node_modules\react-router\dist\development\chunk-R73PQUJU.js:414:13)
    at BrowserRouter (C:\playground\Python\ai_scrapper\frontend\node_modules\react-router\dist\development\chunk-R73PQUJU.js:872:3)
    at QueryClientProvider 
(file:///C:/playground/Python/ai_scrapper/frontend/node_modules/@tanstack/react-query/build/modern/QueryClientProvider.js:20:3)
    at AllTheProviders (C:\playground\Python\ai_scrapper\frontend\src\test\utils.tsx:11:28)
Warning: An update to UrlInput inside a test was not wrapped in act(...).

When testing, code that causes React state updates should be wrapped into act(...):

act(() => {
  /* fire events that update state */
});
/* assert on the output */

This ensures that you're testing the behavior the user would see in the browser. Learn more at https://reactjs.org/link/wrap-tests-with-act
    at UrlInput (C:\playground\Python\ai_scrapper\frontend\src\components\forms\UrlInput.tsx:8:3)
    at div
    at form
    at div
    at JobForm (C:\playground\Python\ai_scrapper\frontend\src\components\forms\JobForm.tsx:23:20)
    at ToastProvider (C:\playground\Python\ai_scrapper\frontend\src\providers\ToastProvider.tsx:17:3)
    at Router (C:\playground\Python\ai_scrapper\frontend\node_modules\react-router\dist\development\chunk-R73PQUJU.js:414:13)
    at BrowserRouter (C:\playground\Python\ai_scrapper\frontend\node_modules\react-router\dist\development\chunk-R73PQUJU.js:872:3)
    at QueryClientProvider 
(file:///C:/playground/Python/ai_scrapper/frontend/node_modules/@tanstack/react-query/build/modern/QueryClientProvider.js:20:3)
    at AllTheProviders (C:\playground\Python\ai_scrapper\frontend\src\test\utils.tsx:11:28)

[90mstderr[2m | src/components/forms/__tests__/JobForm.test.tsx[2m > [22m[2mJobForm[2m > [22m[2mform submission[2m > [22m[2mcalls 
onSuccess with job ID on successful submission[22m[39m
Warning: An update to JobForm inside a test was not wrapped in act(...).

When testing, code that causes React state updates should be wrapped into act(...):

act(() => {
  /* fire events that update state */
});
/* assert on the output */

This ensures that you're testing the behavior the user would see in the browser. Learn more at https://reactjs.org/link/wrap-tests-with-act
    at JobForm (C:\playground\Python\ai_scrapper\frontend\src\components\forms\JobForm.tsx:23:20)
    at ToastProvider (C:\playground\Python\ai_scrapper\frontend\src\providers\ToastProvider.tsx:17:3)
    at Router (C:\playground\Python\ai_scrapper\frontend\node_modules\react-router\dist\development\chunk-R73PQUJU.js:414:13)
    at BrowserRouter (C:\playground\Python\ai_scrapper\frontend\node_modules\react-router\dist\development\chunk-R73PQUJU.js:872:3)
    at QueryClientProvider 
(file:///C:/playground/Python/ai_scrapper/frontend/node_modules/@tanstack/react-query/build/modern/QueryClientProvider.js:20:3)
    at AllTheProviders (C:\playground\Python\ai_scrapper\frontend\src\test\utils.tsx:11:28)
Warning: An update to UrlInput inside a test was not wrapped in act(...).

When testing, code that causes React state updates should be wrapped into act(...):

act(() => {
  /* fire events that update state */
});
/* assert on the output */

This ensures that you're testing the behavior the user would see in the browser. Learn more at https://reactjs.org/link/wrap-tests-with-act
    at UrlInput (C:\playground\Python\ai_scrapper\frontend\src\components\forms\UrlInput.tsx:8:3)
    at div
    at form
    at div
    at JobForm (C:\playground\Python\ai_scrapper\frontend\src\components\forms\JobForm.tsx:23:20)
    at ToastProvider (C:\playground\Python\ai_scrapper\frontend\src\providers\ToastProvider.tsx:17:3)
    at Router (C:\playground\Python\ai_scrapper\frontend\node_modules\react-router\dist\development\chunk-R73PQUJU.js:414:13)
    at BrowserRouter (C:\playground\Python\ai_scrapper\frontend\node_modules\react-router\dist\development\chunk-R73PQUJU.js:872:3)
    at QueryClientProvider 
(file:///C:/playground/Python/ai_scrapper/frontend/node_modules/@tanstack/react-query/build/modern/QueryClientProvider.js:20:3)
    at AllTheProviders (C:\playground\Python\ai_scrapper\frontend\src\test\utils.tsx:11:28)

[90mstderr[2m | src/components/forms/__tests__/JobForm.test.tsx[2m > [22m[2mJobForm[2m > [22m[2mform submission[2m > [22m[2mcalls 
onSuccess with job ID on successful submission[22m[39m
Warning: An update to JobForm inside a test was not wrapped in act(...).

When testing, code that causes React state updates should be wrapped into act(...):

act(() => {
  /* fire events that update state */
});
/* assert on the output */

This ensures that you're testing the behavior the user would see in the browser. Learn more at https://reactjs.org/link/wrap-tests-with-act
    at JobForm (C:\playground\Python\ai_scrapper\frontend\src\components\forms\JobForm.tsx:23:20)
    at ToastProvider (C:\playground\Python\ai_scrapper\frontend\src\providers\ToastProvider.tsx:17:3)
    at Router (C:\playground\Python\ai_scrapper\frontend\node_modules\react-router\dist\development\chunk-R73PQUJU.js:414:13)
    at BrowserRouter (C:\playground\Python\ai_scrapper\frontend\node_modules\react-router\dist\development\chunk-R73PQUJU.js:872:3)
    at QueryClientProvider 
(file:///C:/playground/Python/ai_scrapper/frontend/node_modules/@tanstack/react-query/build/modern/QueryClientProvider.js:20:3)
    at AllTheProviders (C:\playground\Python\ai_scrapper\frontend\src\test\utils.tsx:11:28)
Warning: An update to UrlInput inside a test was not wrapped in act(...).

When testing, code that causes React state updates should be wrapped into act(...):

act(() => {
  /* fire events that update state */
});
/* assert on the output */

This ensures that you're testing the behavior the user would see in the browser. Learn more at https://reactjs.org/link/wrap-tests-with-act
    at UrlInput (C:\playground\Python\ai_scrapper\frontend\src\components\forms\UrlInput.tsx:8:3)
    at div
    at form
    at div
    at JobForm (C:\playground\Python\ai_scrapper\frontend\src\components\forms\JobForm.tsx:23:20)
    at ToastProvider (C:\playground\Python\ai_scrapper\frontend\src\providers\ToastProvider.tsx:17:3)
    at Router (C:\playground\Python\ai_scrapper\frontend\node_modules\react-router\dist\development\chunk-R73PQUJU.js:414:13)
    at BrowserRouter (C:\playground\Python\ai_scrapper\frontend\node_modules\react-router\dist\development\chunk-R73PQUJU.js:872:3)
    at QueryClientProvider 
(file:///C:/playground/Python/ai_scrapper/frontend/node_modules/@tanstack/react-query/build/modern/QueryClientProvider.js:20:3)
    at AllTheProviders (C:\playground\Python\ai_scrapper\frontend\src\test\utils.tsx:11:28)

[90mstderr[2m | src/components/forms/__tests__/JobForm.test.tsx[2m > [22m[2mJobForm[2m > [22m[2mform submission[2m > [22m[2mcalls 
onSuccess with job ID on successful submission[22m[39m
Warning: An update to JobForm inside a test was not wrapped in act(...).

When testing, code that causes React state updates should be wrapped into act(...):

act(() => {
  /* fire events that update state */
});
/* assert on the output */

This ensures that you're testing the behavior the user would see in the browser. Learn more at https://reactjs.org/link/wrap-tests-with-act
    at JobForm (C:\playground\Python\ai_scrapper\frontend\src\components\forms\JobForm.tsx:23:20)
    at ToastProvider (C:\playground\Python\ai_scrapper\frontend\src\providers\ToastProvider.tsx:17:3)
    at Router (C:\playground\Python\ai_scrapper\frontend\node_modules\react-router\dist\development\chunk-R73PQUJU.js:414:13)
    at BrowserRouter (C:\playground\Python\ai_scrapper\frontend\node_modules\react-router\dist\development\chunk-R73PQUJU.js:872:3)
    at QueryClientProvider 
(file:///C:/playground/Python/ai_scrapper/frontend/node_modules/@tanstack/react-query/build/modern/QueryClientProvider.js:20:3)
    at AllTheProviders (C:\playground\Python\ai_scrapper\frontend\src\test\utils.tsx:11:28)
Warning: An update to UrlInput inside a test was not wrapped in act(...).

When testing, code that causes React state updates should be wrapped into act(...):

act(() => {
  /* fire events that update state */
});
/* assert on the output */

This ensures that you're testing the behavior the user would see in the browser. Learn more at https://reactjs.org/link/wrap-tests-with-act
    at UrlInput (C:\playground\Python\ai_scrapper\frontend\src\components\forms\UrlInput.tsx:8:3)
    at div
    at form
    at div
    at JobForm (C:\playground\Python\ai_scrapper\frontend\src\components\forms\JobForm.tsx:23:20)
    at ToastProvider (C:\playground\Python\ai_scrapper\frontend\src\providers\ToastProvider.tsx:17:3)
    at Router (C:\playground\Python\ai_scrapper\frontend\node_modules\react-router\dist\development\chunk-R73PQUJU.js:414:13)
    at BrowserRouter (C:\playground\Python\ai_scrapper\frontend\node_modules\react-router\dist\development\chunk-R73PQUJU.js:872:3)
    at QueryClientProvider 
(file:///C:/playground/Python/ai_scrapper/frontend/node_modules/@tanstack/react-query/build/modern/QueryClientProvider.js:20:3)
    at AllTheProviders (C:\playground\Python\ai_scrapper\frontend\src\test\utils.tsx:11:28)

[90mstderr[2m | src/components/forms/__tests__/JobForm.test.tsx[2m > [22m[2mJobForm[2m > [22m[2mform submission[2m > [22m[2mcalls 
onSuccess with job ID on successful submission[22m[39m
Warning: An update to JobForm inside a test was not wrapped in act(...).

When testing, code that causes React state updates should be wrapped into act(...):

act(() => {
  /* fire events that update state */
});
/* assert on the output */

This ensures that you're testing the behavior the user would see in the browser. Learn more at https://reactjs.org/link/wrap-tests-with-act
    at JobForm (C:\playground\Python\ai_scrapper\frontend\src\components\forms\JobForm.tsx:23:20)
    at ToastProvider (C:\playground\Python\ai_scrapper\frontend\src\providers\ToastProvider.tsx:17:3)
    at Router (C:\playground\Python\ai_scrapper\frontend\node_modules\react-router\dist\development\chunk-R73PQUJU.js:414:13)
    at BrowserRouter (C:\playground\Python\ai_scrapper\frontend\node_modules\react-router\dist\development\chunk-R73PQUJU.js:872:3)
    at QueryClientProvider 
(file:///C:/playground/Python/ai_scrapper/frontend/node_modules/@tanstack/react-query/build/modern/QueryClientProvider.js:20:3)
    at AllTheProviders (C:\playground\Python\ai_scrapper\frontend\src\test\utils.tsx:11:28)
Warning: An update to UrlInput inside a test was not wrapped in act(...).

When testing, code that causes React state updates should be wrapped into act(...):

act(() => {
  /* fire events that update state */
});
/* assert on the output */

This ensures that you're testing the behavior the user would see in the browser. Learn more at https://reactjs.org/link/wrap-tests-with-act
    at UrlInput (C:\playground\Python\ai_scrapper\frontend\src\components\forms\UrlInput.tsx:8:3)
    at div
    at form
    at div
    at JobForm (C:\playground\Python\ai_scrapper\frontend\src\components\forms\JobForm.tsx:23:20)
    at ToastProvider (C:\playground\Python\ai_scrapper\frontend\src\providers\ToastProvider.tsx:17:3)
    at Router (C:\playground\Python\ai_scrapper\frontend\node_modules\react-router\dist\development\chunk-R73PQUJU.js:414:13)
    at BrowserRouter (C:\playground\Python\ai_scrapper\frontend\node_modules\react-router\dist\development\chunk-R73PQUJU.js:872:3)
    at QueryClientProvider 
(file:///C:/playground/Python/ai_scrapper/frontend/node_modules/@tanstack/react-query/build/modern/QueryClientProvider.js:20:3)
    at AllTheProviders (C:\playground\Python\ai_scrapper\frontend\src\test\utils.tsx:11:28)

[90mstderr[2m | src/components/forms/__tests__/JobForm.test.tsx[2m > [22m[2mJobForm[2m > [22m[2mform submission[2m > [22m[2mcalls 
onSuccess with job ID on successful submission[22m[39m
Warning: An update to JobForm inside a test was not wrapped in act(...).

When testing, code that causes React state updates should be wrapped into act(...):

act(() => {
  /* fire events that update state */
});
/* assert on the output */

This ensures that you're testing the behavior the user would see in the browser. Learn more at https://reactjs.org/link/wrap-tests-with-act
    at JobForm (C:\playground\Python\ai_scrapper\frontend\src\components\forms\JobForm.tsx:23:20)
    at ToastProvider (C:\playground\Python\ai_scrapper\frontend\src\providers\ToastProvider.tsx:17:3)
    at Router (C:\playground\Python\ai_scrapper\frontend\node_modules\react-router\dist\development\chunk-R73PQUJU.js:414:13)
    at BrowserRouter (C:\playground\Python\ai_scrapper\frontend\node_modules\react-router\dist\development\chunk-R73PQUJU.js:872:3)
    at QueryClientProvider 
(file:///C:/playground/Python/ai_scrapper/frontend/node_modules/@tanstack/react-query/build/modern/QueryClientProvider.js:20:3)
    at AllTheProviders (C:\playground\Python\ai_scrapper\frontend\src\test\utils.tsx:11:28)
Warning: An update to UrlInput inside a test was not wrapped in act(...).

When testing, code that causes React state updates should be wrapped into act(...):

act(() => {
  /* fire events that update state */
});
/* assert on the output */

This ensures that you're testing the behavior the user would see in the browser. Learn more at https://reactjs.org/link/wrap-tests-with-act
    at UrlInput (C:\playground\Python\ai_scrapper\frontend\src\components\forms\UrlInput.tsx:8:3)
    at div
    at form
    at div
    at JobForm (C:\playground\Python\ai_scrapper\frontend\src\components\forms\JobForm.tsx:23:20)
    at ToastProvider (C:\playground\Python\ai_scrapper\frontend\src\providers\ToastProvider.tsx:17:3)
    at Router (C:\playground\Python\ai_scrapper\frontend\node_modules\react-router\dist\development\chunk-R73PQUJU.js:414:13)
    at BrowserRouter (C:\playground\Python\ai_scrapper\frontend\node_modules\react-router\dist\development\chunk-R73PQUJU.js:872:3)
    at QueryClientProvider 
(file:///C:/playground/Python/ai_scrapper/frontend/node_modules/@tanstack/react-query/build/modern/QueryClientProvider.js:20:3)
    at AllTheProviders (C:\playground\Python\ai_scrapper\frontend\src\test\utils.tsx:11:28)

[90mstderr[2m | src/components/forms/__tests__/JobForm.test.tsx[2m > [22m[2mJobForm[2m > [22m[2mform submission[2m > [22m[2mcalls 
onSuccess with job ID on successful submission[22m[39m
Warning: An update to JobForm inside a test was not wrapped in act(...).

When testing, code that causes React state updates should be wrapped into act(...):

act(() => {
  /* fire events that update state */
});
/* assert on the output */

This ensures that you're testing the behavior the user would see in the browser. Learn more at https://reactjs.org/link/wrap-tests-with-act
    at JobForm (C:\playground\Python\ai_scrapper\frontend\src\components\forms\JobForm.tsx:23:20)
    at ToastProvider (C:\playground\Python\ai_scrapper\frontend\src\providers\ToastProvider.tsx:17:3)
    at Router (C:\playground\Python\ai_scrapper\frontend\node_modules\react-router\dist\development\chunk-R73PQUJU.js:414:13)
    at BrowserRouter (C:\playground\Python\ai_scrapper\frontend\node_modules\react-router\dist\development\chunk-R73PQUJU.js:872:3)
    at QueryClientProvider 
(file:///C:/playground/Python/ai_scrapper/frontend/node_modules/@tanstack/react-query/build/modern/QueryClientProvider.js:20:3)
    at AllTheProviders (C:\playground\Python\ai_scrapper\frontend\src\test\utils.tsx:11:28)
Warning: An update to UrlInput inside a test was not wrapped in act(...).

When testing, code that causes React state updates should be wrapped into act(...):

act(() => {
  /* fire events that update state */
});
/* assert on the output */

This ensures that you're testing the behavior the user would see in the browser. Learn more at https://reactjs.org/link/wrap-tests-with-act
    at UrlInput (C:\playground\Python\ai_scrapper\frontend\src\components\forms\UrlInput.tsx:8:3)
    at div
    at form
    at div
    at JobForm (C:\playground\Python\ai_scrapper\frontend\src\components\forms\JobForm.tsx:23:20)
    at ToastProvider (C:\playground\Python\ai_scrapper\frontend\src\providers\ToastProvider.tsx:17:3)
    at Router (C:\playground\Python\ai_scrapper\frontend\node_modules\react-router\dist\development\chunk-R73PQUJU.js:414:13)
    at BrowserRouter (C:\playground\Python\ai_scrapper\frontend\node_modules\react-router\dist\development\chunk-R73PQUJU.js:872:3)
    at QueryClientProvider 
(file:///C:/playground/Python/ai_scrapper/frontend/node_modules/@tanstack/react-query/build/modern/QueryClientProvider.js:20:3)
    at AllTheProviders (C:\playground\Python\ai_scrapper\frontend\src\test\utils.tsx:11:28)

[90mstderr[2m | src/components/forms/__tests__/JobForm.test.tsx[2m > [22m[2mJobForm[2m > [22m[2mform submission[2m > [22m[2mcalls 
onSuccess with job ID on successful submission[22m[39m
Warning: An update to JobForm inside a test was not wrapped in act(...).

When testing, code that causes React state updates should be wrapped into act(...):

act(() => {
  /* fire events that update state */
});
/* assert on the output */

This ensures that you're testing the behavior the user would see in the browser. Learn more at https://reactjs.org/link/wrap-tests-with-act
    at JobForm (C:\playground\Python\ai_scrapper\frontend\src\components\forms\JobForm.tsx:23:20)
    at ToastProvider (C:\playground\Python\ai_scrapper\frontend\src\providers\ToastProvider.tsx:17:3)
    at Router (C:\playground\Python\ai_scrapper\frontend\node_modules\react-router\dist\development\chunk-R73PQUJU.js:414:13)
    at BrowserRouter (C:\playground\Python\ai_scrapper\frontend\node_modules\react-router\dist\development\chunk-R73PQUJU.js:872:3)
    at QueryClientProvider 
(file:///C:/playground/Python/ai_scrapper/frontend/node_modules/@tanstack/react-query/build/modern/QueryClientProvider.js:20:3)
    at AllTheProviders (C:\playground\Python\ai_scrapper\frontend\src\test\utils.tsx:11:28)
Warning: An update to UrlInput inside a test was not wrapped in act(...).

When testing, code that causes React state updates should be wrapped into act(...):

act(() => {
  /* fire events that update state */
});
/* assert on the output */

This ensures that you're testing the behavior the user would see in the browser. Learn more at https://reactjs.org/link/wrap-tests-with-act
    at UrlInput (C:\playground\Python\ai_scrapper\frontend\src\components\forms\UrlInput.tsx:8:3)
    at div
    at form
    at div
    at JobForm (C:\playground\Python\ai_scrapper\frontend\src\components\forms\JobForm.tsx:23:20)
    at ToastProvider (C:\playground\Python\ai_scrapper\frontend\src\providers\ToastProvider.tsx:17:3)
    at Router (C:\playground\Python\ai_scrapper\frontend\node_modules\react-router\dist\development\chunk-R73PQUJU.js:414:13)
    at BrowserRouter (C:\playground\Python\ai_scrapper\frontend\node_modules\react-router\dist\development\chunk-R73PQUJU.js:872:3)
    at QueryClientProvider 
(file:///C:/playground/Python/ai_scrapper/frontend/node_modules/@tanstack/react-query/build/modern/QueryClientProvider.js:20:3)
    at AllTheProviders (C:\playground\Python\ai_scrapper\frontend\src\test\utils.tsx:11:28)
Warning: An update to JobForm inside a test was not wrapped in act(...).

When testing, code that causes React state updates should be wrapped into act(...):

act(() => {
  /* fire events that update state */
});
/* assert on the output */

This ensures that you're testing the behavior the user would see in the browser. Learn more at https://reactjs.org/link/wrap-tests-with-act
    at JobForm (C:\playground\Python\ai_scrapper\frontend\src\components\forms\JobForm.tsx:23:20)
    at ToastProvider (C:\playground\Python\ai_scrapper\frontend\src\providers\ToastProvider.tsx:17:3)
    at Router (C:\playground\Python\ai_scrapper\frontend\node_modules\react-router\dist\development\chunk-R73PQUJU.js:414:13)
    at BrowserRouter (C:\playground\Python\ai_scrapper\frontend\node_modules\react-router\dist\development\chunk-R73PQUJU.js:872:3)
    at QueryClientProvider 
(file:///C:/playground/Python/ai_scrapper/frontend/node_modules/@tanstack/react-query/build/modern/QueryClientProvider.js:20:3)
    at AllTheProviders (C:\playground\Python\ai_scrapper\frontend\src\test\utils.tsx:11:28)
Warning: An update to JobForm inside a test was not wrapped in act(...).

When testing, code that causes React state updates should be wrapped into act(...):

act(() => {
  /* fire events that update state */
});
/* assert on the output */

This ensures that you're testing the behavior the user would see in the browser. Learn more at https://reactjs.org/link/wrap-tests-with-act
    at JobForm (C:\playground\Python\ai_scrapper\frontend\src\components\forms\JobForm.tsx:23:20)
    at ToastProvider (C:\playground\Python\ai_scrapper\frontend\src\providers\ToastProvider.tsx:17:3)
    at Router (C:\playground\Python\ai_scrapper\frontend\node_modules\react-router\dist\development\chunk-R73PQUJU.js:414:13)
    at BrowserRouter (C:\playground\Python\ai_scrapper\frontend\node_modules\react-router\dist\development\chunk-R73PQUJU.js:872:3)
    at QueryClientProvider 
(file:///C:/playground/Python/ai_scrapper/frontend/node_modules/@tanstack/react-query/build/modern/QueryClientProvider.js:20:3)
    at AllTheProviders (C:\playground\Python\ai_scrapper\frontend\src\test\utils.tsx:11:28)
Warning: An update to UrlInput inside a test was not wrapped in act(...).

When testing, code that causes React state updates should be wrapped into act(...):

act(() => {
  /* fire events that update state */
});
/* assert on the output */

This ensures that you're testing the behavior the user would see in the browser. Learn more at https://reactjs.org/link/wrap-tests-with-act
    at UrlInput (C:\playground\Python\ai_scrapper\frontend\src\components\forms\UrlInput.tsx:8:3)
    at div
    at form
    at div
    at JobForm (C:\playground\Python\ai_scrapper\frontend\src\components\forms\JobForm.tsx:23:20)
    at ToastProvider (C:\playground\Python\ai_scrapper\frontend\src\providers\ToastProvider.tsx:17:3)
    at Router (C:\playground\Python\ai_scrapper\frontend\node_modules\react-router\dist\development\chunk-R73PQUJU.js:414:13)
    at BrowserRouter (C:\playground\Python\ai_scrapper\frontend\node_modules\react-router\dist\development\chunk-R73PQUJU.js:872:3)
    at QueryClientProvider 
(file:///C:/playground/Python/ai_scrapper/frontend/node_modules/@tanstack/react-query/build/modern/QueryClientProvider.js:20:3)
    at AllTheProviders (C:\playground\Python\ai_scrapper\frontend\src\test\utils.tsx:11:28)

[90mstderr[2m | src/components/forms/__tests__/JobForm.test.tsx[2m > [22m[2mJobForm[2m > [22m[2mform submission[2m > [22m[2mcalls 
onSuccess with job ID on successful submission[22m[39m
Warning: An update to JobForm inside a test was not wrapped in act(...).

When testing, code that causes React state updates should be wrapped into act(...):

act(() => {
  /* fire events that update state */
});
/* assert on the output */

This ensures that you're testing the behavior the user would see in the browser. Learn more at https://reactjs.org/link/wrap-tests-with-act
    at JobForm (C:\playground\Python\ai_scrapper\frontend\src\components\forms\JobForm.tsx:23:20)
    at ToastProvider (C:\playground\Python\ai_scrapper\frontend\src\providers\ToastProvider.tsx:17:3)
    at Router (C:\playground\Python\ai_scrapper\frontend\node_modules\react-router\dist\development\chunk-R73PQUJU.js:414:13)
    at BrowserRouter (C:\playground\Python\ai_scrapper\frontend\node_modules\react-router\dist\development\chunk-R73PQUJU.js:872:3)
    at QueryClientProvider 
(file:///C:/playground/Python/ai_scrapper/frontend/node_modules/@tanstack/react-query/build/modern/QueryClientProvider.js:20:3)
    at AllTheProviders (C:\playground\Python\ai_scrapper\frontend\src\test\utils.tsx:11:28)
Warning: An update to UrlInput inside a test was not wrapped in act(...).

When testing, code that causes React state updates should be wrapped into act(...):

act(() => {
  /* fire events that update state */
});
/* assert on the output */

This ensures that you're testing the behavior the user would see in the browser. Learn more at https://reactjs.org/link/wrap-tests-with-act
    at UrlInput (C:\playground\Python\ai_scrapper\frontend\src\components\forms\UrlInput.tsx:8:3)
    at div
    at form
    at div
    at JobForm (C:\playground\Python\ai_scrapper\frontend\src\components\forms\JobForm.tsx:23:20)
    at ToastProvider (C:\playground\Python\ai_scrapper\frontend\src\providers\ToastProvider.tsx:17:3)
    at Router (C:\playground\Python\ai_scrapper\frontend\node_modules\react-router\dist\development\chunk-R73PQUJU.js:414:13)
    at BrowserRouter (C:\playground\Python\ai_scrapper\frontend\node_modules\react-router\dist\development\chunk-R73PQUJU.js:872:3)
    at QueryClientProvider 
(file:///C:/playground/Python/ai_scrapper/frontend/node_modules/@tanstack/react-query/build/modern/QueryClientProvider.js:20:3)
    at AllTheProviders (C:\playground\Python\ai_scrapper\frontend\src\test\utils.tsx:11:28)

[90mstderr[2m | src/components/forms/__tests__/JobForm.test.tsx[2m > [22m[2mJobForm[2m > [22m[2mform submission[2m > [22m[2mcalls 
onSuccess with job ID on successful submission[22m[39m
Warning: An update to JobForm inside a test was not wrapped in act(...).

When testing, code that causes React state updates should be wrapped into act(...):

act(() => {
  /* fire events that update state */
});
/* assert on the output */

This ensures that you're testing the behavior the user would see in the browser. Learn more at https://reactjs.org/link/wrap-tests-with-act
    at JobForm (C:\playground\Python\ai_scrapper\frontend\src\components\forms\JobForm.tsx:23:20)
    at ToastProvider (C:\playground\Python\ai_scrapper\frontend\src\providers\ToastProvider.tsx:17:3)
    at Router (C:\playground\Python\ai_scrapper\frontend\node_modules\react-router\dist\development\chunk-R73PQUJU.js:414:13)
    at BrowserRouter (C:\playground\Python\ai_scrapper\frontend\node_modules\react-router\dist\development\chunk-R73PQUJU.js:872:3)
    at QueryClientProvider 
(file:///C:/playground/Python/ai_scrapper/frontend/node_modules/@tanstack/react-query/build/modern/QueryClientProvider.js:20:3)
    at AllTheProviders (C:\playground\Python\ai_scrapper\frontend\src\test\utils.tsx:11:28)
Warning: An update to UrlInput inside a test was not wrapped in act(...).

When testing, code that causes React state updates should be wrapped into act(...):

act(() => {
  /* fire events that update state */
});
/* assert on the output */

This ensures that you're testing the behavior the user would see in the browser. Learn more at https://reactjs.org/link/wrap-tests-with-act
    at UrlInput (C:\playground\Python\ai_scrapper\frontend\src\components\forms\UrlInput.tsx:8:3)
    at div
    at form
    at div
    at JobForm (C:\playground\Python\ai_scrapper\frontend\src\components\forms\JobForm.tsx:23:20)
    at ToastProvider (C:\playground\Python\ai_scrapper\frontend\src\providers\ToastProvider.tsx:17:3)
    at Router (C:\playground\Python\ai_scrapper\frontend\node_modules\react-router\dist\development\chunk-R73PQUJU.js:414:13)
    at BrowserRouter (C:\playground\Python\ai_scrapper\frontend\node_modules\react-router\dist\development\chunk-R73PQUJU.js:872:3)
    at QueryClientProvider 
(file:///C:/playground/Python/ai_scrapper/frontend/node_modules/@tanstack/react-query/build/modern/QueryClientProvider.js:20:3)
    at AllTheProviders (C:\playground\Python\ai_scrapper\frontend\src\test\utils.tsx:11:28)

[90mstderr[2m | src/components/forms/__tests__/JobForm.test.tsx[2m > [22m[2mJobForm[2m > [22m[2mform submission[2m > [22m[2mcalls 
onSuccess with job ID on successful submission[22m[39m
Warning: An update to JobForm inside a test was not wrapped in act(...).

When testing, code that causes React state updates should be wrapped into act(...):

act(() => {
  /* fire events that update state */
});
/* assert on the output */

This ensures that you're testing the behavior the user would see in the browser. Learn more at https://reactjs.org/link/wrap-tests-with-act
    at JobForm (C:\playground\Python\ai_scrapper\frontend\src\components\forms\JobForm.tsx:23:20)
    at ToastProvider (C:\playground\Python\ai_scrapper\frontend\src\providers\ToastProvider.tsx:17:3)
    at Router (C:\playground\Python\ai_scrapper\frontend\node_modules\react-router\dist\development\chunk-R73PQUJU.js:414:13)
    at BrowserRouter (C:\playground\Python\ai_scrapper\frontend\node_modules\react-router\dist\development\chunk-R73PQUJU.js:872:3)
    at QueryClientProvider 
(file:///C:/playground/Python/ai_scrapper/frontend/node_modules/@tanstack/react-query/build/modern/QueryClientProvider.js:20:3)
    at AllTheProviders (C:\playground\Python\ai_scrapper\frontend\src\test\utils.tsx:11:28)
Warning: An update to UrlInput inside a test was not wrapped in act(...).

When testing, code that causes React state updates should be wrapped into act(...):

act(() => {
  /* fire events that update state */
});
/* assert on the output */

This ensures that you're testing the behavior the user would see in the browser. Learn more at https://reactjs.org/link/wrap-tests-with-act
    at UrlInput (C:\playground\Python\ai_scrapper\frontend\src\components\forms\UrlInput.tsx:8:3)
    at div
    at form
    at div
    at JobForm (C:\playground\Python\ai_scrapper\frontend\src\components\forms\JobForm.tsx:23:20)
    at ToastProvider (C:\playground\Python\ai_scrapper\frontend\src\providers\ToastProvider.tsx:17:3)
    at Router (C:\playground\Python\ai_scrapper\frontend\node_modules\react-router\dist\development\chunk-R73PQUJU.js:414:13)
    at BrowserRouter (C:\playground\Python\ai_scrapper\frontend\node_modules\react-router\dist\development\chunk-R73PQUJU.js:872:3)
    at QueryClientProvider 
(file:///C:/playground/Python/ai_scrapper/frontend/node_modules/@tanstack/react-query/build/modern/QueryClientProvider.js:20:3)
    at AllTheProviders (C:\playground\Python\ai_scrapper\frontend\src\test\utils.tsx:11:28)

[90mstderr[2m | src/components/forms/__tests__/JobForm.test.tsx[2m > [22m[2mJobForm[2m > [22m[2mform submission[2m > [22m[2mcalls 
onSuccess with job ID on successful submission[22m[39m
Warning: An update to JobForm inside a test was not wrapped in act(...).

When testing, code that causes React state updates should be wrapped into act(...):

act(() => {
  /* fire events that update state */
});
/* assert on the output */

This ensures that you're testing the behavior the user would see in the browser. Learn more at https://reactjs.org/link/wrap-tests-with-act
    at JobForm (C:\playground\Python\ai_scrapper\frontend\src\components\forms\JobForm.tsx:23:20)
    at ToastProvider (C:\playground\Python\ai_scrapper\frontend\src\providers\ToastProvider.tsx:17:3)
    at Router (C:\playground\Python\ai_scrapper\frontend\node_modules\react-router\dist\development\chunk-R73PQUJU.js:414:13)
    at BrowserRouter (C:\playground\Python\ai_scrapper\frontend\node_modules\react-router\dist\development\chunk-R73PQUJU.js:872:3)
    at QueryClientProvider 
(file:///C:/playground/Python/ai_scrapper/frontend/node_modules/@tanstack/react-query/build/modern/QueryClientProvider.js:20:3)
    at AllTheProviders (C:\playground\Python\ai_scrapper\frontend\src\test\utils.tsx:11:28)
Warning: An update to UrlInput inside a test was not wrapped in act(...).

When testing, code that causes React state updates should be wrapped into act(...):

act(() => {
  /* fire events that update state */
});
/* assert on the output */

This ensures that you're testing the behavior the user would see in the browser. Learn more at https://reactjs.org/link/wrap-tests-with-act
    at UrlInput (C:\playground\Python\ai_scrapper\frontend\src\components\forms\UrlInput.tsx:8:3)
    at div
    at form
    at div
    at JobForm (C:\playground\Python\ai_scrapper\frontend\src\components\forms\JobForm.tsx:23:20)
    at ToastProvider (C:\playground\Python\ai_scrapper\frontend\src\providers\ToastProvider.tsx:17:3)
    at Router (C:\playground\Python\ai_scrapper\frontend\node_modules\react-router\dist\development\chunk-R73PQUJU.js:414:13)
    at BrowserRouter (C:\playground\Python\ai_scrapper\frontend\node_modules\react-router\dist\development\chunk-R73PQUJU.js:872:3)
    at QueryClientProvider 
(file:///C:/playground/Python/ai_scrapper/frontend/node_modules/@tanstack/react-query/build/modern/QueryClientProvider.js:20:3)
    at AllTheProviders (C:\playground\Python\ai_scrapper\frontend\src\test\utils.tsx:11:28)

[90mstderr[2m | src/components/forms/__tests__/JobForm.test.tsx[2m > [22m[2mJobForm[2m > [22m[2mform submission[2m > [22m[2mcalls 
onSuccess with job ID on successful submission[22m[39m
Warning: An update to JobForm inside a test was not wrapped in act(...).

When testing, code that causes React state updates should be wrapped into act(...):

act(() => {
  /* fire events that update state */
});
/* assert on the output */

This ensures that you're testing the behavior the user would see in the browser. Learn more at https://reactjs.org/link/wrap-tests-with-act
    at JobForm (C:\playground\Python\ai_scrapper\frontend\src\components\forms\JobForm.tsx:23:20)
    at ToastProvider (C:\playground\Python\ai_scrapper\frontend\src\providers\ToastProvider.tsx:17:3)
    at Router (C:\playground\Python\ai_scrapper\frontend\node_modules\react-router\dist\development\chunk-R73PQUJU.js:414:13)
    at BrowserRouter (C:\playground\Python\ai_scrapper\frontend\node_modules\react-router\dist\development\chunk-R73PQUJU.js:872:3)
    at QueryClientProvider 
(file:///C:/playground/Python/ai_scrapper/frontend/node_modules/@tanstack/react-query/build/modern/QueryClientProvider.js:20:3)
    at AllTheProviders (C:\playground\Python\ai_scrapper\frontend\src\test\utils.tsx:11:28)
Warning: An update to UrlInput inside a test was not wrapped in act(...).

When testing, code that causes React state updates should be wrapped into act(...):

act(() => {
  /* fire events that update state */
});
/* assert on the output */

This ensures that you're testing the behavior the user would see in the browser. Learn more at https://reactjs.org/link/wrap-tests-with-act
    at UrlInput (C:\playground\Python\ai_scrapper\frontend\src\components\forms\UrlInput.tsx:8:3)
    at div
    at form
    at div
    at JobForm (C:\playground\Python\ai_scrapper\frontend\src\components\forms\JobForm.tsx:23:20)
    at ToastProvider (C:\playground\Python\ai_scrapper\frontend\src\providers\ToastProvider.tsx:17:3)
    at Router (C:\playground\Python\ai_scrapper\frontend\node_modules\react-router\dist\development\chunk-R73PQUJU.js:414:13)
    at BrowserRouter (C:\playground\Python\ai_scrapper\frontend\node_modules\react-router\dist\development\chunk-R73PQUJU.js:872:3)
    at QueryClientProvider 
(file:///C:/playground/Python/ai_scrapper/frontend/node_modules/@tanstack/react-query/build/modern/QueryClientProvider.js:20:3)
    at AllTheProviders (C:\playground\Python\ai_scrapper\frontend\src\test\utils.tsx:11:28)

[90mstderr[2m | src/components/forms/__tests__/JobForm.test.tsx[2m > [22m[2mJobForm[2m > [22m[2mform submission[2m > [22m[2mcalls 
onSuccess with job ID on successful submission[22m[39m
Warning: An update to JobForm inside a test was not wrapped in act(...).

When testing, code that causes React state updates should be wrapped into act(...):

act(() => {
  /* fire events that update state */
});
/* assert on the output */

This ensures that you're testing the behavior the user would see in the browser. Learn more at https://reactjs.org/link/wrap-tests-with-act
    at JobForm (C:\playground\Python\ai_scrapper\frontend\src\components\forms\JobForm.tsx:23:20)
    at ToastProvider (C:\playground\Python\ai_scrapper\frontend\src\providers\ToastProvider.tsx:17:3)
    at Router (C:\playground\Python\ai_scrapper\frontend\node_modules\react-router\dist\development\chunk-R73PQUJU.js:414:13)
    at BrowserRouter (C:\playground\Python\ai_scrapper\frontend\node_modules\react-router\dist\development\chunk-R73PQUJU.js:872:3)
    at QueryClientProvider 
(file:///C:/playground/Python/ai_scrapper/frontend/node_modules/@tanstack/react-query/build/modern/QueryClientProvider.js:20:3)
    at AllTheProviders (C:\playground\Python\ai_scrapper\frontend\src\test\utils.tsx:11:28)
Warning: An update to UrlInput inside a test was not wrapped in act(...).

When testing, code that causes React state updates should be wrapped into act(...):

act(() => {
  /* fire events that update state */
});
/* assert on the output */

This ensures that you're testing the behavior the user would see in the browser. Learn more at https://reactjs.org/link/wrap-tests-with-act
    at UrlInput (C:\playground\Python\ai_scrapper\frontend\src\components\forms\UrlInput.tsx:8:3)
    at div
    at form
    at div
    at JobForm (C:\playground\Python\ai_scrapper\frontend\src\components\forms\JobForm.tsx:23:20)
    at ToastProvider (C:\playground\Python\ai_scrapper\frontend\src\providers\ToastProvider.tsx:17:3)
    at Router (C:\playground\Python\ai_scrapper\frontend\node_modules\react-router\dist\development\chunk-R73PQUJU.js:414:13)
    at BrowserRouter (C:\playground\Python\ai_scrapper\frontend\node_modules\react-router\dist\development\chunk-R73PQUJU.js:872:3)
    at QueryClientProvider 
(file:///C:/playground/Python/ai_scrapper/frontend/node_modules/@tanstack/react-query/build/modern/QueryClientProvider.js:20:3)
    at AllTheProviders (C:\playground\Python\ai_scrapper\frontend\src\test\utils.tsx:11:28)

[90mstderr[2m | src/components/forms/__tests__/JobForm.test.tsx[2m > [22m[2mJobForm[2m > [22m[2mform submission[2m > [22m[2mcalls 
onSuccess with job ID on successful submission[22m[39m
Warning: An update to JobForm inside a test was not wrapped in act(...).

When testing, code that causes React state updates should be wrapped into act(...):

act(() => {
  /* fire events that update state */
});
/* assert on the output */

This ensures that you're testing the behavior the user would see in the browser. Learn more at https://reactjs.org/link/wrap-tests-with-act
    at JobForm (C:\playground\Python\ai_scrapper\frontend\src\components\forms\JobForm.tsx:23:20)
    at ToastProvider (C:\playground\Python\ai_scrapper\frontend\src\providers\ToastProvider.tsx:17:3)
    at Router (C:\playground\Python\ai_scrapper\frontend\node_modules\react-router\dist\development\chunk-R73PQUJU.js:414:13)
    at BrowserRouter (C:\playground\Python\ai_scrapper\frontend\node_modules\react-router\dist\development\chunk-R73PQUJU.js:872:3)
    at QueryClientProvider 
(file:///C:/playground/Python/ai_scrapper/frontend/node_modules/@tanstack/react-query/build/modern/QueryClientProvider.js:20:3)
    at AllTheProviders (C:\playground\Python\ai_scrapper\frontend\src\test\utils.tsx:11:28)
Warning: An update to UrlInput inside a test was not wrapped in act(...).

When testing, code that causes React state updates should be wrapped into act(...):

act(() => {
  /* fire events that update state */
});
/* assert on the output */

This ensures that you're testing the behavior the user would see in the browser. Learn more at https://reactjs.org/link/wrap-tests-with-act
    at UrlInput (C:\playground\Python\ai_scrapper\frontend\src\components\forms\UrlInput.tsx:8:3)
    at div
    at form
    at div
    at JobForm (C:\playground\Python\ai_scrapper\frontend\src\components\forms\JobForm.tsx:23:20)
    at ToastProvider (C:\playground\Python\ai_scrapper\frontend\src\providers\ToastProvider.tsx:17:3)
    at Router (C:\playground\Python\ai_scrapper\frontend\node_modules\react-router\dist\development\chunk-R73PQUJU.js:414:13)
    at BrowserRouter (C:\playground\Python\ai_scrapper\frontend\node_modules\react-router\dist\development\chunk-R73PQUJU.js:872:3)
    at QueryClientProvider 
(file:///C:/playground/Python/ai_scrapper/frontend/node_modules/@tanstack/react-query/build/modern/QueryClientProvider.js:20:3)
    at AllTheProviders (C:\playground\Python\ai_scrapper\frontend\src\test\utils.tsx:11:28)

[90mstderr[2m | src/components/forms/__tests__/JobForm.test.tsx[2m > [22m[2mJobForm[2m > [22m[2mform submission[2m > [22m[2mcalls 
onSuccess with job ID on successful submission[22m[39m
Warning: An update to JobForm inside a test was not wrapped in act(...).

When testing, code that causes React state updates should be wrapped into act(...):

act(() => {
  /* fire events that update state */
});
/* assert on the output */

This ensures that you're testing the behavior the user would see in the browser. Learn more at https://reactjs.org/link/wrap-tests-with-act
    at JobForm (C:\playground\Python\ai_scrapper\frontend\src\components\forms\JobForm.tsx:23:20)
    at ToastProvider (C:\playground\Python\ai_scrapper\frontend\src\providers\ToastProvider.tsx:17:3)
    at Router (C:\playground\Python\ai_scrapper\frontend\node_modules\react-router\dist\development\chunk-R73PQUJU.js:414:13)
    at BrowserRouter (C:\playground\Python\ai_scrapper\frontend\node_modules\react-router\dist\development\chunk-R73PQUJU.js:872:3)
    at QueryClientProvider 
(file:///C:/playground/Python/ai_scrapper/frontend/node_modules/@tanstack/react-query/build/modern/QueryClientProvider.js:20:3)
    at AllTheProviders (C:\playground\Python\ai_scrapper\frontend\src\test\utils.tsx:11:28)
Warning: An update to UrlInput inside a test was not wrapped in act(...).

When testing, code that causes React state updates should be wrapped into act(...):

act(() => {
  /* fire events that update state */
});
/* assert on the output */

This ensures that you're testing the behavior the user would see in the browser. Learn more at https://reactjs.org/link/wrap-tests-with-act
    at UrlInput (C:\playground\Python\ai_scrapper\frontend\src\components\forms\UrlInput.tsx:8:3)
    at div
    at form
    at div
    at JobForm (C:\playground\Python\ai_scrapper\frontend\src\components\forms\JobForm.tsx:23:20)
    at ToastProvider (C:\playground\Python\ai_scrapper\frontend\src\providers\ToastProvider.tsx:17:3)
    at Router (C:\playground\Python\ai_scrapper\frontend\node_modules\react-router\dist\development\chunk-R73PQUJU.js:414:13)
    at BrowserRouter (C:\playground\Python\ai_scrapper\frontend\node_modules\react-router\dist\development\chunk-R73PQUJU.js:872:3)
    at QueryClientProvider 
(file:///C:/playground/Python/ai_scrapper/frontend/node_modules/@tanstack/react-query/build/modern/QueryClientProvider.js:20:3)
    at AllTheProviders (C:\playground\Python\ai_scrapper\frontend\src\test\utils.tsx:11:28)

[90mstderr[2m | src/components/forms/__tests__/JobForm.test.tsx[2m > [22m[2mJobForm[2m > [22m[2mform submission[2m > [22m[2mcalls 
onSuccess with job ID on successful submission[22m[39m
Warning: An update to JobForm inside a test was not wrapped in act(...).

When testing, code that causes React state updates should be wrapped into act(...):

act(() => {
  /* fire events that update state */
});
/* assert on the output */

This ensures that you're testing the behavior the user would see in the browser. Learn more at https://reactjs.org/link/wrap-tests-with-act
    at JobForm (C:\playground\Python\ai_scrapper\frontend\src\components\forms\JobForm.tsx:23:20)
    at ToastProvider (C:\playground\Python\ai_scrapper\frontend\src\providers\ToastProvider.tsx:17:3)
    at Router (C:\playground\Python\ai_scrapper\frontend\node_modules\react-router\dist\development\chunk-R73PQUJU.js:414:13)
    at BrowserRouter (C:\playground\Python\ai_scrapper\frontend\node_modules\react-router\dist\development\chunk-R73PQUJU.js:872:3)
    at QueryClientProvider 
(file:///C:/playground/Python/ai_scrapper/frontend/node_modules/@tanstack/react-query/build/modern/QueryClientProvider.js:20:3)
    at AllTheProviders (C:\playground\Python\ai_scrapper\frontend\src\test\utils.tsx:11:28)
Warning: An update to UrlInput inside a test was not wrapped in act(...).

When testing, code that causes React state updates should be wrapped into act(...):

act(() => {
  /* fire events that update state */
});
/* assert on the output */

This ensures that you're testing the behavior the user would see in the browser. Learn more at https://reactjs.org/link/wrap-tests-with-act
    at UrlInput (C:\playground\Python\ai_scrapper\frontend\src\components\forms\UrlInput.tsx:8:3)
    at div
    at form
    at div
    at JobForm (C:\playground\Python\ai_scrapper\frontend\src\components\forms\JobForm.tsx:23:20)
    at ToastProvider (C:\playground\Python\ai_scrapper\frontend\src\providers\ToastProvider.tsx:17:3)
    at Router (C:\playground\Python\ai_scrapper\frontend\node_modules\react-router\dist\development\chunk-R73PQUJU.js:414:13)
    at BrowserRouter (C:\playground\Python\ai_scrapper\frontend\node_modules\react-router\dist\development\chunk-R73PQUJU.js:872:3)
    at QueryClientProvider 
(file:///C:/playground/Python/ai_scrapper/frontend/node_modules/@tanstack/react-query/build/modern/QueryClientProvider.js:20:3)
    at AllTheProviders (C:\playground\Python\ai_scrapper\frontend\src\test\utils.tsx:11:28)

[90mstderr[2m | src/components/forms/__tests__/JobForm.test.tsx[2m > [22m[2mJobForm[2m > [22m[2mform submission[2m > [22m[2mcalls 
onSuccess with job ID on successful submission[22m[39m
Warning: An update to JobForm inside a test was not wrapped in act(...).

When testing, code that causes React state updates should be wrapped into act(...):

act(() => {
  /* fire events that update state */
});
/* assert on the output */

This ensures that you're testing the behavior the user would see in the browser. Learn more at https://reactjs.org/link/wrap-tests-with-act
    at JobForm (C:\playground\Python\ai_scrapper\frontend\src\components\forms\JobForm.tsx:23:20)
    at ToastProvider (C:\playground\Python\ai_scrapper\frontend\src\providers\ToastProvider.tsx:17:3)
    at Router (C:\playground\Python\ai_scrapper\frontend\node_modules\react-router\dist\development\chunk-R73PQUJU.js:414:13)
    at BrowserRouter (C:\playground\Python\ai_scrapper\frontend\node_modules\react-router\dist\development\chunk-R73PQUJU.js:872:3)
    at QueryClientProvider 
(file:///C:/playground/Python/ai_scrapper/frontend/node_modules/@tanstack/react-query/build/modern/QueryClientProvider.js:20:3)
    at AllTheProviders (C:\playground\Python\ai_scrapper\frontend\src\test\utils.tsx:11:28)
Warning: An update to JobForm inside a test was not wrapped in act(...).

When testing, code that causes React state updates should be wrapped into act(...):

act(() => {
  /* fire events that update state */
});
/* assert on the output */

This ensures that you're testing the behavior the user would see in the browser. Learn more at https://reactjs.org/link/wrap-tests-with-act
    at JobForm (C:\playground\Python\ai_scrapper\frontend\src\components\forms\JobForm.tsx:23:20)
    at ToastProvider (C:\playground\Python\ai_scrapper\frontend\src\providers\ToastProvider.tsx:17:3)
    at Router (C:\playground\Python\ai_scrapper\frontend\node_modules\react-router\dist\development\chunk-R73PQUJU.js:414:13)
    at BrowserRouter (C:\playground\Python\ai_scrapper\frontend\node_modules\react-router\dist\development\chunk-R73PQUJU.js:872:3)
    at QueryClientProvider 
(file:///C:/playground/Python/ai_scrapper/frontend/node_modules/@tanstack/react-query/build/modern/QueryClientProvider.js:20:3)
    at AllTheProviders (C:\playground\Python\ai_scrapper\frontend\src\test\utils.tsx:11:28)
Warning: An update to JobForm inside a test was not wrapped in act(...).

When testing, code that causes React state updates should be wrapped into act(...):

act(() => {
  /* fire events that update state */
});
/* assert on the output */

This ensures that you're testing the behavior the user would see in the browser. Learn more at https://reactjs.org/link/wrap-tests-with-act
    at JobForm (C:\playground\Python\ai_scrapper\frontend\src\components\forms\JobForm.tsx:23:20)
    at ToastProvider (C:\playground\Python\ai_scrapper\frontend\src\providers\ToastProvider.tsx:17:3)
    at Router (C:\playground\Python\ai_scrapper\frontend\node_modules\react-router\dist\development\chunk-R73PQUJU.js:414:13)
    at BrowserRouter (C:\playground\Python\ai_scrapper\frontend\node_modules\react-router\dist\development\chunk-R73PQUJU.js:872:3)
    at QueryClientProvider 
(file:///C:/playground/Python/ai_scrapper/frontend/node_modules/@tanstack/react-query/build/modern/QueryClientProvider.js:20:3)
    at AllTheProviders (C:\playground\Python\ai_scrapper\frontend\src\test\utils.tsx:11:28)
Warning: An update to JobForm inside a test was not wrapped in act(...).

When testing, code that causes React state updates should be wrapped into act(...):

act(() => {
  /* fire events that update state */
});
/* assert on the output */

This ensures that you're testing the behavior the user would see in the browser. Learn more at https://reactjs.org/link/wrap-tests-with-act
    at JobForm (C:\playground\Python\ai_scrapper\frontend\src\components\forms\JobForm.tsx:23:20)
    at ToastProvider (C:\playground\Python\ai_scrapper\frontend\src\providers\ToastProvider.tsx:17:3)
    at Router (C:\playground\Python\ai_scrapper\frontend\node_modules\react-router\dist\development\chunk-R73PQUJU.js:414:13)
    at BrowserRouter (C:\playground\Python\ai_scrapper\frontend\node_modules\react-router\dist\development\chunk-R73PQUJU.js:872:3)
    at QueryClientProvider 
(file:///C:/playground/Python/ai_scrapper/frontend/node_modules/@tanstack/react-query/build/modern/QueryClientProvider.js:20:3)
    at AllTheProviders (C:\playground\Python\ai_scrapper\frontend\src\test\utils.tsx:11:28)
Warning: An update to JobForm inside a test was not wrapped in act(...).

When testing, code that causes React state updates should be wrapped into act(...):

act(() => {
  /* fire events that update state */
});
/* assert on the output */

This ensures that you're testing the behavior the user would see in the browser. Learn more at https://reactjs.org/link/wrap-tests-with-act
    at JobForm (C:\playground\Python\ai_scrapper\frontend\src\components\forms\JobForm.tsx:23:20)
    at ToastProvider (C:\playground\Python\ai_scrapper\frontend\src\providers\ToastProvider.tsx:17:3)
    at Router (C:\playground\Python\ai_scrapper\frontend\node_modules\react-router\dist\development\chunk-R73PQUJU.js:414:13)
    at BrowserRouter (C:\playground\Python\ai_scrapper\frontend\node_modules\react-router\dist\development\chunk-R73PQUJU.js:872:3)
    at QueryClientProvider 
(file:///C:/playground/Python/ai_scrapper/frontend/node_modules/@tanstack/react-query/build/modern/QueryClientProvider.js:20:3)
    at AllTheProviders (C:\playground\Python\ai_scrapper\frontend\src\test\utils.tsx:11:28)
Warning: An update to UrlInput inside a test was not wrapped in act(...).

When testing, code that causes React state updates should be wrapped into act(...):

act(() => {
  /* fire events that update state */
});
/* assert on the output */

This ensures that you're testing the behavior the user would see in the browser. Learn more at https://reactjs.org/link/wrap-tests-with-act
    at UrlInput (C:\playground\Python\ai_scrapper\frontend\src\components\forms\UrlInput.tsx:8:3)
    at div
    at form
    at div
    at JobForm (C:\playground\Python\ai_scrapper\frontend\src\components\forms\JobForm.tsx:23:20)
    at ToastProvider (C:\playground\Python\ai_scrapper\frontend\src\providers\ToastProvider.tsx:17:3)
    at Router (C:\playground\Python\ai_scrapper\frontend\node_modules\react-router\dist\development\chunk-R73PQUJU.js:414:13)
    at BrowserRouter (C:\playground\Python\ai_scrapper\frontend\node_modules\react-router\dist\development\chunk-R73PQUJU.js:872:3)
    at QueryClientProvider 
(file:///C:/playground/Python/ai_scrapper/frontend/node_modules/@tanstack/react-query/build/modern/QueryClientProvider.js:20:3)
    at AllTheProviders (C:\playground\Python\ai_scrapper\frontend\src\test\utils.tsx:11:28)
Warning: An update to JobForm inside a test was not wrapped in act(...).

When testing, code that causes React state updates should be wrapped into act(...):

act(() => {
  /* fire events that update state */
});
/* assert on the output */

This ensures that you're testing the behavior the user would see in the browser. Learn more at https://reactjs.org/link/wrap-tests-with-act
    at JobForm (C:\playground\Python\ai_scrapper\frontend\src\components\forms\JobForm.tsx:23:20)
    at ToastProvider (C:\playground\Python\ai_scrapper\frontend\src\providers\ToastProvider.tsx:17:3)
    at Router (C:\playground\Python\ai_scrapper\frontend\node_modules\react-router\dist\development\chunk-R73PQUJU.js:414:13)
    at BrowserRouter (C:\playground\Python\ai_scrapper\frontend\node_modules\react-router\dist\development\chunk-R73PQUJU.js:872:3)
    at QueryClientProvider 
(file:///C:/playground/Python/ai_scrapper/frontend/node_modules/@tanstack/react-query/build/modern/QueryClientProvider.js:20:3)
    at AllTheProviders (C:\playground\Python\ai_scrapper\frontend\src\test\utils.tsx:11:28)
Warning: An update to JobForm inside a test was not wrapped in act(...).

When testing, code that causes React state updates should be wrapped into act(...):

act(() => {
  /* fire events that update state */
});
/* assert on the output */

This ensures that you're testing the behavior the user would see in the browser. Learn more at https://reactjs.org/link/wrap-tests-with-act
    at JobForm (C:\playground\Python\ai_scrapper\frontend\src\components\forms\JobForm.tsx:23:20)
    at ToastProvider (C:\playground\Python\ai_scrapper\frontend\src\providers\ToastProvider.tsx:17:3)
    at Router (C:\playground\Python\ai_scrapper\frontend\node_modules\react-router\dist\development\chunk-R73PQUJU.js:414:13)
    at BrowserRouter (C:\playground\Python\ai_scrapper\frontend\node_modules\react-router\dist\development\chunk-R73PQUJU.js:872:3)
    at QueryClientProvider 
(file:///C:/playground/Python/ai_scrapper/frontend/node_modules/@tanstack/react-query/build/modern/QueryClientProvider.js:20:3)
    at AllTheProviders (C:\playground\Python\ai_scrapper\frontend\src\test\utils.tsx:11:28)

[90mstderr[2m | src/components/forms/__tests__/JobForm.test.tsx[2m > [22m[2mJobForm[2m > [22m[2mform submission[2m > [22m[2msubmits with 
initial values correctly[22m[39m
Warning: An update to JobForm inside a test was not wrapped in act(...).

When testing, code that causes React state updates should be wrapped into act(...):

act(() => {
  /* fire events that update state */
});
/* assert on the output */

This ensures that you're testing the behavior the user would see in the browser. Learn more at https://reactjs.org/link/wrap-tests-with-act
    at JobForm (C:\playground\Python\ai_scrapper\frontend\src\components\forms\JobForm.tsx:23:20)
    at ToastProvider (C:\playground\Python\ai_scrapper\frontend\src\providers\ToastProvider.tsx:17:3)
    at Router (C:\playground\Python\ai_scrapper\frontend\node_modules\react-router\dist\development\chunk-R73PQUJU.js:414:13)
    at BrowserRouter (C:\playground\Python\ai_scrapper\frontend\node_modules\react-router\dist\development\chunk-R73PQUJU.js:872:3)
    at QueryClientProvider 
(file:///C:/playground/Python/ai_scrapper/frontend/node_modules/@tanstack/react-query/build/modern/QueryClientProvider.js:20:3)
    at AllTheProviders (C:\playground\Python\ai_scrapper\frontend\src\test\utils.tsx:11:28)

[90mstderr[2m | src/components/forms/__tests__/JobForm.test.tsx[2m > [22m[2mJobForm[2m > [22m[2mform submission[2m > [22m[2msubmits with 
initial values correctly[22m[39m
Warning: An update to JobForm inside a test was not wrapped in act(...).

When testing, code that causes React state updates should be wrapped into act(...):

act(() => {
  /* fire events that update state */
});
/* assert on the output */

This ensures that you're testing the behavior the user would see in the browser. Learn more at https://reactjs.org/link/wrap-tests-with-act
    at JobForm (C:\playground\Python\ai_scrapper\frontend\src\components\forms\JobForm.tsx:23:20)
    at ToastProvider (C:\playground\Python\ai_scrapper\frontend\src\providers\ToastProvider.tsx:17:3)
    at Router (C:\playground\Python\ai_scrapper\frontend\node_modules\react-router\dist\development\chunk-R73PQUJU.js:414:13)
    at BrowserRouter (C:\playground\Python\ai_scrapper\frontend\node_modules\react-router\dist\development\chunk-R73PQUJU.js:872:3)
    at QueryClientProvider 
(file:///C:/playground/Python/ai_scrapper/frontend/node_modules/@tanstack/react-query/build/modern/QueryClientProvider.js:20:3)
    at AllTheProviders (C:\playground\Python\ai_scrapper\frontend\src\test\utils.tsx:11:28)
Warning: An update to JobForm inside a test was not wrapped in act(...).

When testing, code that causes React state updates should be wrapped into act(...):

act(() => {
  /* fire events that update state */
});
/* assert on the output */

This ensures that you're testing the behavior the user would see in the browser. Learn more at https://reactjs.org/link/wrap-tests-with-act
    at JobForm (C:\playground\Python\ai_scrapper\frontend\src\components\forms\JobForm.tsx:23:20)
    at ToastProvider (C:\playground\Python\ai_scrapper\frontend\src\providers\ToastProvider.tsx:17:3)
    at Router (C:\playground\Python\ai_scrapper\frontend\node_modules\react-router\dist\development\chunk-R73PQUJU.js:414:13)
    at BrowserRouter (C:\playground\Python\ai_scrapper\frontend\node_modules\react-router\dist\development\chunk-R73PQUJU.js:872:3)
    at QueryClientProvider 
(file:///C:/playground/Python/ai_scrapper/frontend/node_modules/@tanstack/react-query/build/modern/QueryClientProvider.js:20:3)
    at AllTheProviders (C:\playground\Python\ai_scrapper\frontend\src\test\utils.tsx:11:28)
Warning: An update to JobForm inside a test was not wrapped in act(...).

When testing, code that causes React state updates should be wrapped into act(...):

act(() => {
  /* fire events that update state */
});
/* assert on the output */

This ensures that you're testing the behavior the user would see in the browser. Learn more at https://reactjs.org/link/wrap-tests-with-act
    at JobForm (C:\playground\Python\ai_scrapper\frontend\src\components\forms\JobForm.tsx:23:20)
    at ToastProvider (C:\playground\Python\ai_scrapper\frontend\src\providers\ToastProvider.tsx:17:3)
    at Router (C:\playground\Python\ai_scrapper\frontend\node_modules\react-router\dist\development\chunk-R73PQUJU.js:414:13)
    at BrowserRouter (C:\playground\Python\ai_scrapper\frontend\node_modules\react-router\dist\development\chunk-R73PQUJU.js:872:3)
    at QueryClientProvider 
(file:///C:/playground/Python/ai_scrapper/frontend/node_modules/@tanstack/react-query/build/modern/QueryClientProvider.js:20:3)
    at AllTheProviders (C:\playground\Python\ai_scrapper\frontend\src\test\utils.tsx:11:28)
Warning: An update to JobForm inside a test was not wrapped in act(...).

When testing, code that causes React state updates should be wrapped into act(...):

act(() => {
  /* fire events that update state */
});
/* assert on the output */

This ensures that you're testing the behavior the user would see in the browser. Learn more at https://reactjs.org/link/wrap-tests-with-act
    at JobForm (C:\playground\Python\ai_scrapper\frontend\src\components\forms\JobForm.tsx:23:20)
    at ToastProvider (C:\playground\Python\ai_scrapper\frontend\src\providers\ToastProvider.tsx:17:3)
    at Router (C:\playground\Python\ai_scrapper\frontend\node_modules\react-router\dist\development\chunk-R73PQUJU.js:414:13)
    at BrowserRouter (C:\playground\Python\ai_scrapper\frontend\node_modules\react-router\dist\development\chunk-R73PQUJU.js:872:3)
    at QueryClientProvider 
(file:///C:/playground/Python/ai_scrapper/frontend/node_modules/@tanstack/react-query/build/modern/QueryClientProvider.js:20:3)
    at AllTheProviders (C:\playground\Python\ai_scrapper\frontend\src\test\utils.tsx:11:28)
Warning: An update to JobForm inside a test was not wrapped in act(...).

When testing, code that causes React state updates should be wrapped into act(...):

act(() => {
  /* fire events that update state */
});
/* assert on the output */

This ensures that you're testing the behavior the user would see in the browser. Learn more at https://reactjs.org/link/wrap-tests-with-act
    at JobForm (C:\playground\Python\ai_scrapper\frontend\src\components\forms\JobForm.tsx:23:20)
    at ToastProvider (C:\playground\Python\ai_scrapper\frontend\src\providers\ToastProvider.tsx:17:3)
    at Router (C:\playground\Python\ai_scrapper\frontend\node_modules\react-router\dist\development\chunk-R73PQUJU.js:414:13)
    at BrowserRouter (C:\playground\Python\ai_scrapper\frontend\node_modules\react-router\dist\development\chunk-R73PQUJU.js:872:3)
    at QueryClientProvider 
(file:///C:/playground/Python/ai_scrapper/frontend/node_modules/@tanstack/react-query/build/modern/QueryClientProvider.js:20:3)
    at AllTheProviders (C:\playground\Python\ai_scrapper\frontend\src\test\utils.tsx:11:28)
Warning: An update to JobForm inside a test was not wrapped in act(...).

When testing, code that causes React state updates should be wrapped into act(...):

act(() => {
  /* fire events that update state */
});
/* assert on the output */

This ensures that you're testing the behavior the user would see in the browser. Learn more at https://reactjs.org/link/wrap-tests-with-act
    at JobForm (C:\playground\Python\ai_scrapper\frontend\src\components\forms\JobForm.tsx:23:20)
    at ToastProvider (C:\playground\Python\ai_scrapper\frontend\src\providers\ToastProvider.tsx:17:3)
    at Router (C:\playground\Python\ai_scrapper\frontend\node_modules\react-router\dist\development\chunk-R73PQUJU.js:414:13)
    at BrowserRouter (C:\playground\Python\ai_scrapper\frontend\node_modules\react-router\dist\development\chunk-R73PQUJU.js:872:3)
    at QueryClientProvider 
(file:///C:/playground/Python/ai_scrapper/frontend/node_modules/@tanstack/react-query/build/modern/QueryClientProvider.js:20:3)
    at AllTheProviders (C:\playground\Python\ai_scrapper\frontend\src\test\utils.tsx:11:28)

[90mstderr[2m | src/components/forms/__tests__/JobForm.test.tsx[2m > [22m[2mJobForm[2m > [22m[2mform behavior[2m > [22m[2mshows loading 
state during submission[22m[39m
Warning: An update to JobForm inside a test was not wrapped in act(...).

When testing, code that causes React state updates should be wrapped into act(...):

act(() => {
  /* fire events that update state */
});
/* assert on the output */

This ensures that you're testing the behavior the user would see in the browser. Learn more at https://reactjs.org/link/wrap-tests-with-act
    at JobForm (C:\playground\Python\ai_scrapper\frontend\src\components\forms\JobForm.tsx:23:20)
    at ToastProvider (C:\playground\Python\ai_scrapper\frontend\src\providers\ToastProvider.tsx:17:3)
    at Router (C:\playground\Python\ai_scrapper\frontend\node_modules\react-router\dist\development\chunk-R73PQUJU.js:414:13)
    at BrowserRouter (C:\playground\Python\ai_scrapper\frontend\node_modules\react-router\dist\development\chunk-R73PQUJU.js:872:3)
    at QueryClientProvider 
(file:///C:/playground/Python/ai_scrapper/frontend/node_modules/@tanstack/react-query/build/modern/QueryClientProvider.js:20:3)
    at AllTheProviders (C:\playground\Python\ai_scrapper\frontend\src\test\utils.tsx:11:28)
Warning: An update to UrlInput inside a test was not wrapped in act(...).

When testing, code that causes React state updates should be wrapped into act(...):

act(() => {
  /* fire events that update state */
});
/* assert on the output */

This ensures that you're testing the behavior the user would see in the browser. Learn more at https://reactjs.org/link/wrap-tests-with-act
    at UrlInput (C:\playground\Python\ai_scrapper\frontend\src\components\forms\UrlInput.tsx:8:3)
    at div
    at form
    at div
    at JobForm (C:\playground\Python\ai_scrapper\frontend\src\components\forms\JobForm.tsx:23:20)
    at ToastProvider (C:\playground\Python\ai_scrapper\frontend\src\providers\ToastProvider.tsx:17:3)
    at Router (C:\playground\Python\ai_scrapper\frontend\node_modules\react-router\dist\development\chunk-R73PQUJU.js:414:13)
    at BrowserRouter (C:\playground\Python\ai_scrapper\frontend\node_modules\react-router\dist\development\chunk-R73PQUJU.js:872:3)
    at QueryClientProvider 
(file:///C:/playground/Python/ai_scrapper/frontend/node_modules/@tanstack/react-query/build/modern/QueryClientProvider.js:20:3)
    at AllTheProviders (C:\playground\Python\ai_scrapper\frontend\src\test\utils.tsx:11:28)
Warning: An update to JobForm inside a test was not wrapped in act(...).

When testing, code that causes React state updates should be wrapped into act(...):

act(() => {
  /* fire events that update state */
});
/* assert on the output */

This ensures that you're testing the behavior the user would see in the browser. Learn more at https://reactjs.org/link/wrap-tests-with-act
    at JobForm (C:\playground\Python\ai_scrapper\frontend\src\components\forms\JobForm.tsx:23:20)
    at ToastProvider (C:\playground\Python\ai_scrapper\frontend\src\providers\ToastProvider.tsx:17:3)
    at Router (C:\playground\Python\ai_scrapper\frontend\node_modules\react-router\dist\development\chunk-R73PQUJU.js:414:13)
    at BrowserRouter (C:\playground\Python\ai_scrapper\frontend\node_modules\react-router\dist\development\chunk-R73PQUJU.js:872:3)
    at QueryClientProvider 
(file:///C:/playground/Python/ai_scrapper/frontend/node_modules/@tanstack/react-query/build/modern/QueryClientProvider.js:20:3)
    at AllTheProviders (C:\playground\Python\ai_scrapper\frontend\src\test\utils.tsx:11:28)
Warning: An update to JobForm inside a test was not wrapped in act(...).

When testing, code that causes React state updates should be wrapped into act(...):

act(() => {
  /* fire events that update state */
});
/* assert on the output */

This ensures that you're testing the behavior the user would see in the browser. Learn more at https://reactjs.org/link/wrap-tests-with-act
    at JobForm (C:\playground\Python\ai_scrapper\frontend\src\components\forms\JobForm.tsx:23:20)
    at ToastProvider (C:\playground\Python\ai_scrapper\frontend\src\providers\ToastProvider.tsx:17:3)
    at Router (C:\playground\Python\ai_scrapper\frontend\node_modules\react-router\dist\development\chunk-R73PQUJU.js:414:13)
    at BrowserRouter (C:\playground\Python\ai_scrapper\frontend\node_modules\react-router\dist\development\chunk-R73PQUJU.js:872:3)
    at QueryClientProvider 
(file:///C:/playground/Python/ai_scrapper/frontend/node_modules/@tanstack/react-query/build/modern/QueryClientProvider.js:20:3)
    at AllTheProviders (C:\playground\Python\ai_scrapper\frontend\src\test\utils.tsx:11:28)
Warning: An update to UrlInput inside a test was not wrapped in act(...).

When testing, code that causes React state updates should be wrapped into act(...):

act(() => {
  /* fire events that update state */
});
/* assert on the output */

This ensures that you're testing the behavior the user would see in the browser. Learn more at https://reactjs.org/link/wrap-tests-with-act
    at UrlInput (C:\playground\Python\ai_scrapper\frontend\src\components\forms\UrlInput.tsx:8:3)
    at div
    at form
    at div
    at JobForm (C:\playground\Python\ai_scrapper\frontend\src\components\forms\JobForm.tsx:23:20)
    at ToastProvider (C:\playground\Python\ai_scrapper\frontend\src\providers\ToastProvider.tsx:17:3)
    at Router (C:\playground\Python\ai_scrapper\frontend\node_modules\react-router\dist\development\chunk-R73PQUJU.js:414:13)
    at BrowserRouter (C:\playground\Python\ai_scrapper\frontend\node_modules\react-router\dist\development\chunk-R73PQUJU.js:872:3)
    at QueryClientProvider 
(file:///C:/playground/Python/ai_scrapper/frontend/node_modules/@tanstack/react-query/build/modern/QueryClientProvider.js:20:3)
    at AllTheProviders (C:\playground\Python\ai_scrapper\frontend\src\test\utils.tsx:11:28)

[90mstderr[2m | src/components/forms/__tests__/JobForm.test.tsx[2m > [22m[2mJobForm[2m > [22m[2mform behavior[2m > [22m[2mshows loading 
state during submission[22m[39m
Warning: An update to JobForm inside a test was not wrapped in act(...).

When testing, code that causes React state updates should be wrapped into act(...):

act(() => {
  /* fire events that update state */
});
/* assert on the output */

This ensures that you're testing the behavior the user would see in the browser. Learn more at https://reactjs.org/link/wrap-tests-with-act
    at JobForm (C:\playground\Python\ai_scrapper\frontend\src\components\forms\JobForm.tsx:23:20)
    at ToastProvider (C:\playground\Python\ai_scrapper\frontend\src\providers\ToastProvider.tsx:17:3)
    at Router (C:\playground\Python\ai_scrapper\frontend\node_modules\react-router\dist\development\chunk-R73PQUJU.js:414:13)
    at BrowserRouter (C:\playground\Python\ai_scrapper\frontend\node_modules\react-router\dist\development\chunk-R73PQUJU.js:872:3)
    at QueryClientProvider 
(file:///C:/playground/Python/ai_scrapper/frontend/node_modules/@tanstack/react-query/build/modern/QueryClientProvider.js:20:3)
    at AllTheProviders (C:\playground\Python\ai_scrapper\frontend\src\test\utils.tsx:11:28)
Warning: An update to UrlInput inside a test was not wrapped in act(...).

When testing, code that causes React state updates should be wrapped into act(...):

act(() => {
  /* fire events that update state */
});
/* assert on the output */

This ensures that you're testing the behavior the user would see in the browser. Learn more at https://reactjs.org/link/wrap-tests-with-act
    at UrlInput (C:\playground\Python\ai_scrapper\frontend\src\components\forms\UrlInput.tsx:8:3)
    at div
    at form
    at div
    at JobForm (C:\playground\Python\ai_scrapper\frontend\src\components\forms\JobForm.tsx:23:20)
    at ToastProvider (C:\playground\Python\ai_scrapper\frontend\src\providers\ToastProvider.tsx:17:3)
    at Router (C:\playground\Python\ai_scrapper\frontend\node_modules\react-router\dist\development\chunk-R73PQUJU.js:414:13)
    at BrowserRouter (C:\playground\Python\ai_scrapper\frontend\node_modules\react-router\dist\development\chunk-R73PQUJU.js:872:3)
    at QueryClientProvider 
(file:///C:/playground/Python/ai_scrapper/frontend/node_modules/@tanstack/react-query/build/modern/QueryClientProvider.js:20:3)
    at AllTheProviders (C:\playground\Python\ai_scrapper\frontend\src\test\utils.tsx:11:28)

[90mstderr[2m | src/components/forms/__tests__/JobForm.test.tsx[2m > [22m[2mJobForm[2m > [22m[2mform behavior[2m > [22m[2mshows loading 
state during submission[22m[39m
Warning: An update to JobForm inside a test was not wrapped in act(...).

When testing, code that causes React state updates should be wrapped into act(...):

act(() => {
  /* fire events that update state */
});
/* assert on the output */

This ensures that you're testing the behavior the user would see in the browser. Learn more at https://reactjs.org/link/wrap-tests-with-act
    at JobForm (C:\playground\Python\ai_scrapper\frontend\src\components\forms\JobForm.tsx:23:20)
    at ToastProvider (C:\playground\Python\ai_scrapper\frontend\src\providers\ToastProvider.tsx:17:3)
    at Router (C:\playground\Python\ai_scrapper\frontend\node_modules\react-router\dist\development\chunk-R73PQUJU.js:414:13)
    at BrowserRouter (C:\playground\Python\ai_scrapper\frontend\node_modules\react-router\dist\development\chunk-R73PQUJU.js:872:3)
    at QueryClientProvider 
(file:///C:/playground/Python/ai_scrapper/frontend/node_modules/@tanstack/react-query/build/modern/QueryClientProvider.js:20:3)
    at AllTheProviders (C:\playground\Python\ai_scrapper\frontend\src\test\utils.tsx:11:28)
Warning: An update to UrlInput inside a test was not wrapped in act(...).

When testing, code that causes React state updates should be wrapped into act(...):

act(() => {
  /* fire events that update state */
});
/* assert on the output */

This ensures that you're testing the behavior the user would see in the browser. Learn more at https://reactjs.org/link/wrap-tests-with-act
    at UrlInput (C:\playground\Python\ai_scrapper\frontend\src\components\forms\UrlInput.tsx:8:3)
    at div
    at form
    at div
    at JobForm (C:\playground\Python\ai_scrapper\frontend\src\components\forms\JobForm.tsx:23:20)
    at ToastProvider (C:\playground\Python\ai_scrapper\frontend\src\providers\ToastProvider.tsx:17:3)
    at Router (C:\playground\Python\ai_scrapper\frontend\node_modules\react-router\dist\development\chunk-R73PQUJU.js:414:13)
    at BrowserRouter (C:\playground\Python\ai_scrapper\frontend\node_modules\react-router\dist\development\chunk-R73PQUJU.js:872:3)
    at QueryClientProvider 
(file:///C:/playground/Python/ai_scrapper/frontend/node_modules/@tanstack/react-query/build/modern/QueryClientProvider.js:20:3)
    at AllTheProviders (C:\playground\Python\ai_scrapper\frontend\src\test\utils.tsx:11:28)

[90mstderr[2m | src/components/forms/__tests__/JobForm.test.tsx[2m > [22m[2mJobForm[2m > [22m[2mform behavior[2m > [22m[2mshows loading 
state during submission[22m[39m
Warning: An update to JobForm inside a test was not wrapped in act(...).

When testing, code that causes React state updates should be wrapped into act(...):

act(() => {
  /* fire events that update state */
});
/* assert on the output */

This ensures that you're testing the behavior the user would see in the browser. Learn more at https://reactjs.org/link/wrap-tests-with-act
    at JobForm (C:\playground\Python\ai_scrapper\frontend\src\components\forms\JobForm.tsx:23:20)
    at ToastProvider (C:\playground\Python\ai_scrapper\frontend\src\providers\ToastProvider.tsx:17:3)
    at Router (C:\playground\Python\ai_scrapper\frontend\node_modules\react-router\dist\development\chunk-R73PQUJU.js:414:13)
    at BrowserRouter (C:\playground\Python\ai_scrapper\frontend\node_modules\react-router\dist\development\chunk-R73PQUJU.js:872:3)
    at QueryClientProvider 
(file:///C:/playground/Python/ai_scrapper/frontend/node_modules/@tanstack/react-query/build/modern/QueryClientProvider.js:20:3)
    at AllTheProviders (C:\playground\Python\ai_scrapper\frontend\src\test\utils.tsx:11:28)
Warning: An update to UrlInput inside a test was not wrapped in act(...).

When testing, code that causes React state updates should be wrapped into act(...):

act(() => {
  /* fire events that update state */
});
/* assert on the output */

This ensures that you're testing the behavior the user would see in the browser. Learn more at https://reactjs.org/link/wrap-tests-with-act
    at UrlInput (C:\playground\Python\ai_scrapper\frontend\src\components\forms\UrlInput.tsx:8:3)
    at div
    at form
    at div
    at JobForm (C:\playground\Python\ai_scrapper\frontend\src\components\forms\JobForm.tsx:23:20)
    at ToastProvider (C:\playground\Python\ai_scrapper\frontend\src\providers\ToastProvider.tsx:17:3)
    at Router (C:\playground\Python\ai_scrapper\frontend\node_modules\react-router\dist\development\chunk-R73PQUJU.js:414:13)
    at BrowserRouter (C:\playground\Python\ai_scrapper\frontend\node_modules\react-router\dist\development\chunk-R73PQUJU.js:872:3)
    at QueryClientProvider 
(file:///C:/playground/Python/ai_scrapper/frontend/node_modules/@tanstack/react-query/build/modern/QueryClientProvider.js:20:3)
    at AllTheProviders (C:\playground\Python\ai_scrapper\frontend\src\test\utils.tsx:11:28)

[90mstderr[2m | src/components/forms/__tests__/JobForm.test.tsx[2m > [22m[2mJobForm[2m > [22m[2mform behavior[2m > [22m[2mshows loading 
state during submission[22m[39m
Warning: An update to JobForm inside a test was not wrapped in act(...).

When testing, code that causes React state updates should be wrapped into act(...):

act(() => {
  /* fire events that update state */
});
/* assert on the output */

This ensures that you're testing the behavior the user would see in the browser. Learn more at https://reactjs.org/link/wrap-tests-with-act
    at JobForm (C:\playground\Python\ai_scrapper\frontend\src\components\forms\JobForm.tsx:23:20)
    at ToastProvider (C:\playground\Python\ai_scrapper\frontend\src\providers\ToastProvider.tsx:17:3)
    at Router (C:\playground\Python\ai_scrapper\frontend\node_modules\react-router\dist\development\chunk-R73PQUJU.js:414:13)
    at BrowserRouter (C:\playground\Python\ai_scrapper\frontend\node_modules\react-router\dist\development\chunk-R73PQUJU.js:872:3)
    at QueryClientProvider 
(file:///C:/playground/Python/ai_scrapper/frontend/node_modules/@tanstack/react-query/build/modern/QueryClientProvider.js:20:3)
    at AllTheProviders (C:\playground\Python\ai_scrapper\frontend\src\test\utils.tsx:11:28)
Warning: An update to UrlInput inside a test was not wrapped in act(...).

When testing, code that causes React state updates should be wrapped into act(...):

act(() => {
  /* fire events that update state */
});
/* assert on the output */

This ensures that you're testing the behavior the user would see in the browser. Learn more at https://reactjs.org/link/wrap-tests-with-act
    at UrlInput (C:\playground\Python\ai_scrapper\frontend\src\components\forms\UrlInput.tsx:8:3)
    at div
    at form
    at div
    at JobForm (C:\playground\Python\ai_scrapper\frontend\src\components\forms\JobForm.tsx:23:20)
    at ToastProvider (C:\playground\Python\ai_scrapper\frontend\src\providers\ToastProvider.tsx:17:3)
    at Router (C:\playground\Python\ai_scrapper\frontend\node_modules\react-router\dist\development\chunk-R73PQUJU.js:414:13)
    at BrowserRouter (C:\playground\Python\ai_scrapper\frontend\node_modules\react-router\dist\development\chunk-R73PQUJU.js:872:3)
    at QueryClientProvider 
(file:///C:/playground/Python/ai_scrapper/frontend/node_modules/@tanstack/react-query/build/modern/QueryClientProvider.js:20:3)
    at AllTheProviders (C:\playground\Python\ai_scrapper\frontend\src\test\utils.tsx:11:28)

[90mstderr[2m | src/components/forms/__tests__/JobForm.test.tsx[2m > [22m[2mJobForm[2m > [22m[2mform behavior[2m > [22m[2mshows loading 
state during submission[22m[39m
Warning: An update to JobForm inside a test was not wrapped in act(...).

When testing, code that causes React state updates should be wrapped into act(...):

act(() => {
  /* fire events that update state */
});
/* assert on the output */

This ensures that you're testing the behavior the user would see in the browser. Learn more at https://reactjs.org/link/wrap-tests-with-act
    at JobForm (C:\playground\Python\ai_scrapper\frontend\src\components\forms\JobForm.tsx:23:20)
    at ToastProvider (C:\playground\Python\ai_scrapper\frontend\src\providers\ToastProvider.tsx:17:3)
    at Router (C:\playground\Python\ai_scrapper\frontend\node_modules\react-router\dist\development\chunk-R73PQUJU.js:414:13)
    at BrowserRouter (C:\playground\Python\ai_scrapper\frontend\node_modules\react-router\dist\development\chunk-R73PQUJU.js:872:3)
    at QueryClientProvider 
(file:///C:/playground/Python/ai_scrapper/frontend/node_modules/@tanstack/react-query/build/modern/QueryClientProvider.js:20:3)
    at AllTheProviders (C:\playground\Python\ai_scrapper\frontend\src\test\utils.tsx:11:28)
Warning: An update to UrlInput inside a test was not wrapped in act(...).

When testing, code that causes React state updates should be wrapped into act(...):

act(() => {
  /* fire events that update state */
});
/* assert on the output */

This ensures that you're testing the behavior the user would see in the browser. Learn more at https://reactjs.org/link/wrap-tests-with-act
    at UrlInput (C:\playground\Python\ai_scrapper\frontend\src\components\forms\UrlInput.tsx:8:3)
    at div
    at form
    at div
    at JobForm (C:\playground\Python\ai_scrapper\frontend\src\components\forms\JobForm.tsx:23:20)
    at ToastProvider (C:\playground\Python\ai_scrapper\frontend\src\providers\ToastProvider.tsx:17:3)
    at Router (C:\playground\Python\ai_scrapper\frontend\node_modules\react-router\dist\development\chunk-R73PQUJU.js:414:13)
    at BrowserRouter (C:\playground\Python\ai_scrapper\frontend\node_modules\react-router\dist\development\chunk-R73PQUJU.js:872:3)
    at QueryClientProvider 
(file:///C:/playground/Python/ai_scrapper/frontend/node_modules/@tanstack/react-query/build/modern/QueryClientProvider.js:20:3)
    at AllTheProviders (C:\playground\Python\ai_scrapper\frontend\src\test\utils.tsx:11:28)

[90mstderr[2m | src/components/forms/__tests__/JobForm.test.tsx[2m > [22m[2mJobForm[2m > [22m[2mform behavior[2m > [22m[2mshows loading 
state during submission[22m[39m
Warning: An update to JobForm inside a test was not wrapped in act(...).

When testing, code that causes React state updates should be wrapped into act(...):

act(() => {
  /* fire events that update state */
});
/* assert on the output */

This ensures that you're testing the behavior the user would see in the browser. Learn more at https://reactjs.org/link/wrap-tests-with-act
    at JobForm (C:\playground\Python\ai_scrapper\frontend\src\components\forms\JobForm.tsx:23:20)
    at ToastProvider (C:\playground\Python\ai_scrapper\frontend\src\providers\ToastProvider.tsx:17:3)
    at Router (C:\playground\Python\ai_scrapper\frontend\node_modules\react-router\dist\development\chunk-R73PQUJU.js:414:13)
    at BrowserRouter (C:\playground\Python\ai_scrapper\frontend\node_modules\react-router\dist\development\chunk-R73PQUJU.js:872:3)
    at QueryClientProvider 
(file:///C:/playground/Python/ai_scrapper/frontend/node_modules/@tanstack/react-query/build/modern/QueryClientProvider.js:20:3)
    at AllTheProviders (C:\playground\Python\ai_scrapper\frontend\src\test\utils.tsx:11:28)
Warning: An update to UrlInput inside a test was not wrapped in act(...).

When testing, code that causes React state updates should be wrapped into act(...):

act(() => {
  /* fire events that update state */
});
/* assert on the output */

This ensures that you're testing the behavior the user would see in the browser. Learn more at https://reactjs.org/link/wrap-tests-with-act
    at UrlInput (C:\playground\Python\ai_scrapper\frontend\src\components\forms\UrlInput.tsx:8:3)
    at div
    at form
    at div
    at JobForm (C:\playground\Python\ai_scrapper\frontend\src\components\forms\JobForm.tsx:23:20)
    at ToastProvider (C:\playground\Python\ai_scrapper\frontend\src\providers\ToastProvider.tsx:17:3)
    at Router (C:\playground\Python\ai_scrapper\frontend\node_modules\react-router\dist\development\chunk-R73PQUJU.js:414:13)
    at BrowserRouter (C:\playground\Python\ai_scrapper\frontend\node_modules\react-router\dist\development\chunk-R73PQUJU.js:872:3)
    at QueryClientProvider 
(file:///C:/playground/Python/ai_scrapper/frontend/node_modules/@tanstack/react-query/build/modern/QueryClientProvider.js:20:3)
    at AllTheProviders (C:\playground\Python\ai_scrapper\frontend\src\test\utils.tsx:11:28)

[90mstderr[2m | src/components/forms/__tests__/JobForm.test.tsx[2m > [22m[2mJobForm[2m > [22m[2mform behavior[2m > [22m[2mshows loading 
state during submission[22m[39m
Warning: An update to JobForm inside a test was not wrapped in act(...).

When testing, code that causes React state updates should be wrapped into act(...):

act(() => {
  /* fire events that update state */
});
/* assert on the output */

This ensures that you're testing the behavior the user would see in the browser. Learn more at https://reactjs.org/link/wrap-tests-with-act
    at JobForm (C:\playground\Python\ai_scrapper\frontend\src\components\forms\JobForm.tsx:23:20)
    at ToastProvider (C:\playground\Python\ai_scrapper\frontend\src\providers\ToastProvider.tsx:17:3)
    at Router (C:\playground\Python\ai_scrapper\frontend\node_modules\react-router\dist\development\chunk-R73PQUJU.js:414:13)
    at BrowserRouter (C:\playground\Python\ai_scrapper\frontend\node_modules\react-router\dist\development\chunk-R73PQUJU.js:872:3)
    at QueryClientProvider 
(file:///C:/playground/Python/ai_scrapper/frontend/node_modules/@tanstack/react-query/build/modern/QueryClientProvider.js:20:3)
    at AllTheProviders (C:\playground\Python\ai_scrapper\frontend\src\test\utils.tsx:11:28)
Warning: An update to UrlInput inside a test was not wrapped in act(...).

When testing, code that causes React state updates should be wrapped into act(...):

act(() => {
  /* fire events that update state */
});
/* assert on the output */

This ensures that you're testing the behavior the user would see in the browser. Learn more at https://reactjs.org/link/wrap-tests-with-act
    at UrlInput (C:\playground\Python\ai_scrapper\frontend\src\components\forms\UrlInput.tsx:8:3)
    at div
    at form
    at div
    at JobForm (C:\playground\Python\ai_scrapper\frontend\src\components\forms\JobForm.tsx:23:20)
    at ToastProvider (C:\playground\Python\ai_scrapper\frontend\src\providers\ToastProvider.tsx:17:3)
    at Router (C:\playground\Python\ai_scrapper\frontend\node_modules\react-router\dist\development\chunk-R73PQUJU.js:414:13)
    at BrowserRouter (C:\playground\Python\ai_scrapper\frontend\node_modules\react-router\dist\development\chunk-R73PQUJU.js:872:3)
    at QueryClientProvider 
(file:///C:/playground/Python/ai_scrapper/frontend/node_modules/@tanstack/react-query/build/modern/QueryClientProvider.js:20:3)
    at AllTheProviders (C:\playground\Python\ai_scrapper\frontend\src\test\utils.tsx:11:28)
Warning: An update to JobForm inside a test was not wrapped in act(...).

When testing, code that causes React state updates should be wrapped into act(...):

act(() => {
  /* fire events that update state */
});
/* assert on the output */

This ensures that you're testing the behavior the user would see in the browser. Learn more at https://reactjs.org/link/wrap-tests-with-act
    at JobForm (C:\playground\Python\ai_scrapper\frontend\src\components\forms\JobForm.tsx:23:20)
    at ToastProvider (C:\playground\Python\ai_scrapper\frontend\src\providers\ToastProvider.tsx:17:3)
    at Router (C:\playground\Python\ai_scrapper\frontend\node_modules\react-router\dist\development\chunk-R73PQUJU.js:414:13)
    at BrowserRouter (C:\playground\Python\ai_scrapper\frontend\node_modules\react-router\dist\development\chunk-R73PQUJU.js:872:3)
    at QueryClientProvider 
(file:///C:/playground/Python/ai_scrapper/frontend/node_modules/@tanstack/react-query/build/modern/QueryClientProvider.js:20:3)
    at AllTheProviders (C:\playground\Python\ai_scrapper\frontend\src\test\utils.tsx:11:28)
Warning: An update to JobForm inside a test was not wrapped in act(...).

When testing, code that causes React state updates should be wrapped into act(...):

act(() => {
  /* fire events that update state */
});
/* assert on the output */

This ensures that you're testing the behavior the user would see in the browser. Learn more at https://reactjs.org/link/wrap-tests-with-act
    at JobForm (C:\playground\Python\ai_scrapper\frontend\src\components\forms\JobForm.tsx:23:20)
    at ToastProvider (C:\playground\Python\ai_scrapper\frontend\src\providers\ToastProvider.tsx:17:3)
    at Router (C:\playground\Python\ai_scrapper\frontend\node_modules\react-router\dist\development\chunk-R73PQUJU.js:414:13)
    at BrowserRouter (C:\playground\Python\ai_scrapper\frontend\node_modules\react-router\dist\development\chunk-R73PQUJU.js:872:3)
    at QueryClientProvider 
(file:///C:/playground/Python/ai_scrapper/frontend/node_modules/@tanstack/react-query/build/modern/QueryClientProvider.js:20:3)
    at AllTheProviders (C:\playground\Python\ai_scrapper\frontend\src\test\utils.tsx:11:28)
Warning: An update to UrlInput inside a test was not wrapped in act(...).

When testing, code that causes React state updates should be wrapped into act(...):

act(() => {
  /* fire events that update state */
});
/* assert on the output */

This ensures that you're testing the behavior the user would see in the browser. Learn more at https://reactjs.org/link/wrap-tests-with-act
    at UrlInput (C:\playground\Python\ai_scrapper\frontend\src\components\forms\UrlInput.tsx:8:3)
    at div
    at form
    at div
    at JobForm (C:\playground\Python\ai_scrapper\frontend\src\components\forms\JobForm.tsx:23:20)
    at ToastProvider (C:\playground\Python\ai_scrapper\frontend\src\providers\ToastProvider.tsx:17:3)
    at Router (C:\playground\Python\ai_scrapper\frontend\node_modules\react-router\dist\development\chunk-R73PQUJU.js:414:13)
    at BrowserRouter (C:\playground\Python\ai_scrapper\frontend\node_modules\react-router\dist\development\chunk-R73PQUJU.js:872:3)
    at QueryClientProvider 
(file:///C:/playground/Python/ai_scrapper/frontend/node_modules/@tanstack/react-query/build/modern/QueryClientProvider.js:20:3)
    at AllTheProviders (C:\playground\Python\ai_scrapper\frontend\src\test\utils.tsx:11:28)

[90mstderr[2m | src/components/forms/__tests__/JobForm.test.tsx[2m > [22m[2mJobForm[2m > [22m[2mform behavior[2m > [22m[2mshows loading 
state during submission[22m[39m
Warning: An update to JobForm inside a test was not wrapped in act(...).

When testing, code that causes React state updates should be wrapped into act(...):

act(() => {
  /* fire events that update state */
});
/* assert on the output */

This ensures that you're testing the behavior the user would see in the browser. Learn more at https://reactjs.org/link/wrap-tests-with-act
    at JobForm (C:\playground\Python\ai_scrapper\frontend\src\components\forms\JobForm.tsx:23:20)
    at ToastProvider (C:\playground\Python\ai_scrapper\frontend\src\providers\ToastProvider.tsx:17:3)
    at Router (C:\playground\Python\ai_scrapper\frontend\node_modules\react-router\dist\development\chunk-R73PQUJU.js:414:13)
    at BrowserRouter (C:\playground\Python\ai_scrapper\frontend\node_modules\react-router\dist\development\chunk-R73PQUJU.js:872:3)
    at QueryClientProvider 
(file:///C:/playground/Python/ai_scrapper/frontend/node_modules/@tanstack/react-query/build/modern/QueryClientProvider.js:20:3)
    at AllTheProviders (C:\playground\Python\ai_scrapper\frontend\src\test\utils.tsx:11:28)
Warning: An update to UrlInput inside a test was not wrapped in act(...).

When testing, code that causes React state updates should be wrapped into act(...):

act(() => {
  /* fire events that update state */
});
/* assert on the output */

This ensures that you're testing the behavior the user would see in the browser. Learn more at https://reactjs.org/link/wrap-tests-with-act
    at UrlInput (C:\playground\Python\ai_scrapper\frontend\src\components\forms\UrlInput.tsx:8:3)
    at div
    at form
    at div
    at JobForm (C:\playground\Python\ai_scrapper\frontend\src\components\forms\JobForm.tsx:23:20)
    at ToastProvider (C:\playground\Python\ai_scrapper\frontend\src\providers\ToastProvider.tsx:17:3)
    at Router (C:\playground\Python\ai_scrapper\frontend\node_modules\react-router\dist\development\chunk-R73PQUJU.js:414:13)
    at BrowserRouter (C:\playground\Python\ai_scrapper\frontend\node_modules\react-router\dist\development\chunk-R73PQUJU.js:872:3)
    at QueryClientProvider 
(file:///C:/playground/Python/ai_scrapper/frontend/node_modules/@tanstack/react-query/build/modern/QueryClientProvider.js:20:3)
    at AllTheProviders (C:\playground\Python\ai_scrapper\frontend\src\test\utils.tsx:11:28)

[90mstderr[2m | src/components/forms/__tests__/JobForm.test.tsx[2m > [22m[2mJobForm[2m > [22m[2mform behavior[2m > [22m[2mshows loading 
state during submission[22m[39m
Warning: An update to JobForm inside a test was not wrapped in act(...).

When testing, code that causes React state updates should be wrapped into act(...):

act(() => {
  /* fire events that update state */
});
/* assert on the output */

This ensures that you're testing the behavior the user would see in the browser. Learn more at https://reactjs.org/link/wrap-tests-with-act
    at JobForm (C:\playground\Python\ai_scrapper\frontend\src\components\forms\JobForm.tsx:23:20)
    at ToastProvider (C:\playground\Python\ai_scrapper\frontend\src\providers\ToastProvider.tsx:17:3)
    at Router (C:\playground\Python\ai_scrapper\frontend\node_modules\react-router\dist\development\chunk-R73PQUJU.js:414:13)
    at BrowserRouter (C:\playground\Python\ai_scrapper\frontend\node_modules\react-router\dist\development\chunk-R73PQUJU.js:872:3)
    at QueryClientProvider 
(file:///C:/playground/Python/ai_scrapper/frontend/node_modules/@tanstack/react-query/build/modern/QueryClientProvider.js:20:3)
    at AllTheProviders (C:\playground\Python\ai_scrapper\frontend\src\test\utils.tsx:11:28)
Warning: An update to UrlInput inside a test was not wrapped in act(...).

When testing, code that causes React state updates should be wrapped into act(...):

act(() => {
  /* fire events that update state */
});
/* assert on the output */

This ensures that you're testing the behavior the user would see in the browser. Learn more at https://reactjs.org/link/wrap-tests-with-act
    at UrlInput (C:\playground\Python\ai_scrapper\frontend\src\components\forms\UrlInput.tsx:8:3)
    at div
    at form
    at div
    at JobForm (C:\playground\Python\ai_scrapper\frontend\src\components\forms\JobForm.tsx:23:20)
    at ToastProvider (C:\playground\Python\ai_scrapper\frontend\src\providers\ToastProvider.tsx:17:3)
    at Router (C:\playground\Python\ai_scrapper\frontend\node_modules\react-router\dist\development\chunk-R73PQUJU.js:414:13)
    at BrowserRouter (C:\playground\Python\ai_scrapper\frontend\node_modules\react-router\dist\development\chunk-R73PQUJU.js:872:3)
    at QueryClientProvider 
(file:///C:/playground/Python/ai_scrapper/frontend/node_modules/@tanstack/react-query/build/modern/QueryClientProvider.js:20:3)
    at AllTheProviders (C:\playground\Python\ai_scrapper\frontend\src\test\utils.tsx:11:28)

[90mstderr[2m | src/components/forms/__tests__/JobForm.test.tsx[2m > [22m[2mJobForm[2m > [22m[2mform behavior[2m > [22m[2mshows loading 
state during submission[22m[39m
Warning: An update to JobForm inside a test was not wrapped in act(...).

When testing, code that causes React state updates should be wrapped into act(...):

act(() => {
  /* fire events that update state */
});
/* assert on the output */

This ensures that you're testing the behavior the user would see in the browser. Learn more at https://reactjs.org/link/wrap-tests-with-act
    at JobForm (C:\playground\Python\ai_scrapper\frontend\src\components\forms\JobForm.tsx:23:20)
    at ToastProvider (C:\playground\Python\ai_scrapper\frontend\src\providers\ToastProvider.tsx:17:3)
    at Router (C:\playground\Python\ai_scrapper\frontend\node_modules\react-router\dist\development\chunk-R73PQUJU.js:414:13)
    at BrowserRouter (C:\playground\Python\ai_scrapper\frontend\node_modules\react-router\dist\development\chunk-R73PQUJU.js:872:3)
    at QueryClientProvider 
(file:///C:/playground/Python/ai_scrapper/frontend/node_modules/@tanstack/react-query/build/modern/QueryClientProvider.js:20:3)
    at AllTheProviders (C:\playground\Python\ai_scrapper\frontend\src\test\utils.tsx:11:28)
Warning: An update to UrlInput inside a test was not wrapped in act(...).

When testing, code that causes React state updates should be wrapped into act(...):

act(() => {
  /* fire events that update state */
});
/* assert on the output */

This ensures that you're testing the behavior the user would see in the browser. Learn more at https://reactjs.org/link/wrap-tests-with-act
    at UrlInput (C:\playground\Python\ai_scrapper\frontend\src\components\forms\UrlInput.tsx:8:3)
    at div
    at form
    at div
    at JobForm (C:\playground\Python\ai_scrapper\frontend\src\components\forms\JobForm.tsx:23:20)
    at ToastProvider (C:\playground\Python\ai_scrapper\frontend\src\providers\ToastProvider.tsx:17:3)
    at Router (C:\playground\Python\ai_scrapper\frontend\node_modules\react-router\dist\development\chunk-R73PQUJU.js:414:13)
    at BrowserRouter (C:\playground\Python\ai_scrapper\frontend\node_modules\react-router\dist\development\chunk-R73PQUJU.js:872:3)
    at QueryClientProvider 
(file:///C:/playground/Python/ai_scrapper/frontend/node_modules/@tanstack/react-query/build/modern/QueryClientProvider.js:20:3)
    at AllTheProviders (C:\playground\Python\ai_scrapper\frontend\src\test\utils.tsx:11:28)

[90mstderr[2m | src/components/forms/__tests__/JobForm.test.tsx[2m > [22m[2mJobForm[2m > [22m[2mform behavior[2m > [22m[2mshows loading 
state during submission[22m[39m
Warning: An update to JobForm inside a test was not wrapped in act(...).

When testing, code that causes React state updates should be wrapped into act(...):

act(() => {
  /* fire events that update state */
});
/* assert on the output */

This ensures that you're testing the behavior the user would see in the browser. Learn more at https://reactjs.org/link/wrap-tests-with-act
    at JobForm (C:\playground\Python\ai_scrapper\frontend\src\components\forms\JobForm.tsx:23:20)
    at ToastProvider (C:\playground\Python\ai_scrapper\frontend\src\providers\ToastProvider.tsx:17:3)
    at Router (C:\playground\Python\ai_scrapper\frontend\node_modules\react-router\dist\development\chunk-R73PQUJU.js:414:13)
    at BrowserRouter (C:\playground\Python\ai_scrapper\frontend\node_modules\react-router\dist\development\chunk-R73PQUJU.js:872:3)
    at QueryClientProvider 
(file:///C:/playground/Python/ai_scrapper/frontend/node_modules/@tanstack/react-query/build/modern/QueryClientProvider.js:20:3)
    at AllTheProviders (C:\playground\Python\ai_scrapper\frontend\src\test\utils.tsx:11:28)
Warning: An update to UrlInput inside a test was not wrapped in act(...).

When testing, code that causes React state updates should be wrapped into act(...):

act(() => {
  /* fire events that update state */
});
/* assert on the output */

This ensures that you're testing the behavior the user would see in the browser. Learn more at https://reactjs.org/link/wrap-tests-with-act
    at UrlInput (C:\playground\Python\ai_scrapper\frontend\src\components\forms\UrlInput.tsx:8:3)
    at div
    at form
    at div
    at JobForm (C:\playground\Python\ai_scrapper\frontend\src\components\forms\JobForm.tsx:23:20)
    at ToastProvider (C:\playground\Python\ai_scrapper\frontend\src\providers\ToastProvider.tsx:17:3)
    at Router (C:\playground\Python\ai_scrapper\frontend\node_modules\react-router\dist\development\chunk-R73PQUJU.js:414:13)
    at BrowserRouter (C:\playground\Python\ai_scrapper\frontend\node_modules\react-router\dist\development\chunk-R73PQUJU.js:872:3)
    at QueryClientProvider 
(file:///C:/playground/Python/ai_scrapper/frontend/node_modules/@tanstack/react-query/build/modern/QueryClientProvider.js:20:3)
    at AllTheProviders (C:\playground\Python\ai_scrapper\frontend\src\test\utils.tsx:11:28)

[90mstderr[2m | src/components/forms/__tests__/JobForm.test.tsx[2m > [22m[2mJobForm[2m > [22m[2mform behavior[2m > [22m[2mshows loading 
state during submission[22m[39m
Warning: An update to JobForm inside a test was not wrapped in act(...).

When testing, code that causes React state updates should be wrapped into act(...):

act(() => {
  /* fire events that update state */
});
/* assert on the output */

This ensures that you're testing the behavior the user would see in the browser. Learn more at https://reactjs.org/link/wrap-tests-with-act
    at JobForm (C:\playground\Python\ai_scrapper\frontend\src\components\forms\JobForm.tsx:23:20)
    at ToastProvider (C:\playground\Python\ai_scrapper\frontend\src\providers\ToastProvider.tsx:17:3)
    at Router (C:\playground\Python\ai_scrapper\frontend\node_modules\react-router\dist\development\chunk-R73PQUJU.js:414:13)
    at BrowserRouter (C:\playground\Python\ai_scrapper\frontend\node_modules\react-router\dist\development\chunk-R73PQUJU.js:872:3)
    at QueryClientProvider 
(file:///C:/playground/Python/ai_scrapper/frontend/node_modules/@tanstack/react-query/build/modern/QueryClientProvider.js:20:3)
    at AllTheProviders (C:\playground\Python\ai_scrapper\frontend\src\test\utils.tsx:11:28)
Warning: An update to UrlInput inside a test was not wrapped in act(...).

When testing, code that causes React state updates should be wrapped into act(...):

act(() => {
  /* fire events that update state */
});
/* assert on the output */

This ensures that you're testing the behavior the user would see in the browser. Learn more at https://reactjs.org/link/wrap-tests-with-act
    at UrlInput (C:\playground\Python\ai_scrapper\frontend\src\components\forms\UrlInput.tsx:8:3)
    at div
    at form
    at div
    at JobForm (C:\playground\Python\ai_scrapper\frontend\src\components\forms\JobForm.tsx:23:20)
    at ToastProvider (C:\playground\Python\ai_scrapper\frontend\src\providers\ToastProvider.tsx:17:3)
    at Router (C:\playground\Python\ai_scrapper\frontend\node_modules\react-router\dist\development\chunk-R73PQUJU.js:414:13)
    at BrowserRouter (C:\playground\Python\ai_scrapper\frontend\node_modules\react-router\dist\development\chunk-R73PQUJU.js:872:3)
    at QueryClientProvider 
(file:///C:/playground/Python/ai_scrapper/frontend/node_modules/@tanstack/react-query/build/modern/QueryClientProvider.js:20:3)
    at AllTheProviders (C:\playground\Python\ai_scrapper\frontend\src\test\utils.tsx:11:28)

[90mstderr[2m | src/components/forms/__tests__/JobForm.test.tsx[2m > [22m[2mJobForm[2m > [22m[2mform behavior[2m > [22m[2mshows loading 
state during submission[22m[39m
Warning: An update to JobForm inside a test was not wrapped in act(...).

When testing, code that causes React state updates should be wrapped into act(...):

act(() => {
  /* fire events that update state */
});
/* assert on the output */

This ensures that you're testing the behavior the user would see in the browser. Learn more at https://reactjs.org/link/wrap-tests-with-act
    at JobForm (C:\playground\Python\ai_scrapper\frontend\src\components\forms\JobForm.tsx:23:20)
    at ToastProvider (C:\playground\Python\ai_scrapper\frontend\src\providers\ToastProvider.tsx:17:3)
    at Router (C:\playground\Python\ai_scrapper\frontend\node_modules\react-router\dist\development\chunk-R73PQUJU.js:414:13)
    at BrowserRouter (C:\playground\Python\ai_scrapper\frontend\node_modules\react-router\dist\development\chunk-R73PQUJU.js:872:3)
    at QueryClientProvider 
(file:///C:/playground/Python/ai_scrapper/frontend/node_modules/@tanstack/react-query/build/modern/QueryClientProvider.js:20:3)
    at AllTheProviders (C:\playground\Python\ai_scrapper\frontend\src\test\utils.tsx:11:28)
Warning: An update to UrlInput inside a test was not wrapped in act(...).

When testing, code that causes React state updates should be wrapped into act(...):

act(() => {
  /* fire events that update state */
});
/* assert on the output */

This ensures that you're testing the behavior the user would see in the browser. Learn more at https://reactjs.org/link/wrap-tests-with-act
    at UrlInput (C:\playground\Python\ai_scrapper\frontend\src\components\forms\UrlInput.tsx:8:3)
    at div
    at form
    at div
    at JobForm (C:\playground\Python\ai_scrapper\frontend\src\components\forms\JobForm.tsx:23:20)
    at ToastProvider (C:\playground\Python\ai_scrapper\frontend\src\providers\ToastProvider.tsx:17:3)
    at Router (C:\playground\Python\ai_scrapper\frontend\node_modules\react-router\dist\development\chunk-R73PQUJU.js:414:13)
    at BrowserRouter (C:\playground\Python\ai_scrapper\frontend\node_modules\react-router\dist\development\chunk-R73PQUJU.js:872:3)
    at QueryClientProvider 
(file:///C:/playground/Python/ai_scrapper/frontend/node_modules/@tanstack/react-query/build/modern/QueryClientProvider.js:20:3)
    at AllTheProviders (C:\playground\Python\ai_scrapper\frontend\src\test\utils.tsx:11:28)

[90mstderr[2m | src/components/forms/__tests__/JobForm.test.tsx[2m > [22m[2mJobForm[2m > [22m[2mform behavior[2m > [22m[2mshows loading 
state during submission[22m[39m
Warning: An update to JobForm inside a test was not wrapped in act(...).

When testing, code that causes React state updates should be wrapped into act(...):

act(() => {
  /* fire events that update state */
});
/* assert on the output */

This ensures that you're testing the behavior the user would see in the browser. Learn more at https://reactjs.org/link/wrap-tests-with-act
    at JobForm (C:\playground\Python\ai_scrapper\frontend\src\components\forms\JobForm.tsx:23:20)
    at ToastProvider (C:\playground\Python\ai_scrapper\frontend\src\providers\ToastProvider.tsx:17:3)
    at Router (C:\playground\Python\ai_scrapper\frontend\node_modules\react-router\dist\development\chunk-R73PQUJU.js:414:13)
    at BrowserRouter (C:\playground\Python\ai_scrapper\frontend\node_modules\react-router\dist\development\chunk-R73PQUJU.js:872:3)
    at QueryClientProvider 
(file:///C:/playground/Python/ai_scrapper/frontend/node_modules/@tanstack/react-query/build/modern/QueryClientProvider.js:20:3)
    at AllTheProviders (C:\playground\Python\ai_scrapper\frontend\src\test\utils.tsx:11:28)
Warning: An update to UrlInput inside a test was not wrapped in act(...).

When testing, code that causes React state updates should be wrapped into act(...):

act(() => {
  /* fire events that update state */
});
/* assert on the output */

This ensures that you're testing the behavior the user would see in the browser. Learn more at https://reactjs.org/link/wrap-tests-with-act
    at UrlInput (C:\playground\Python\ai_scrapper\frontend\src\components\forms\UrlInput.tsx:8:3)
    at div
    at form
    at div
    at JobForm (C:\playground\Python\ai_scrapper\frontend\src\components\forms\JobForm.tsx:23:20)
    at ToastProvider (C:\playground\Python\ai_scrapper\frontend\src\providers\ToastProvider.tsx:17:3)
    at Router (C:\playground\Python\ai_scrapper\frontend\node_modules\react-router\dist\development\chunk-R73PQUJU.js:414:13)
    at BrowserRouter (C:\playground\Python\ai_scrapper\frontend\node_modules\react-router\dist\development\chunk-R73PQUJU.js:872:3)
    at QueryClientProvider 
(file:///C:/playground/Python/ai_scrapper/frontend/node_modules/@tanstack/react-query/build/modern/QueryClientProvider.js:20:3)
    at AllTheProviders (C:\playground\Python\ai_scrapper\frontend\src\test\utils.tsx:11:28)

[90mstderr[2m | src/components/forms/__tests__/JobForm.test.tsx[2m > [22m[2mJobForm[2m > [22m[2mform behavior[2m > [22m[2mshows loading 
state during submission[22m[39m
Warning: An update to JobForm inside a test was not wrapped in act(...).

When testing, code that causes React state updates should be wrapped into act(...):

act(() => {
  /* fire events that update state */
});
/* assert on the output */

This ensures that you're testing the behavior the user would see in the browser. Learn more at https://reactjs.org/link/wrap-tests-with-act
    at JobForm (C:\playground\Python\ai_scrapper\frontend\src\components\forms\JobForm.tsx:23:20)
    at ToastProvider (C:\playground\Python\ai_scrapper\frontend\src\providers\ToastProvider.tsx:17:3)
    at Router (C:\playground\Python\ai_scrapper\frontend\node_modules\react-router\dist\development\chunk-R73PQUJU.js:414:13)
    at BrowserRouter (C:\playground\Python\ai_scrapper\frontend\node_modules\react-router\dist\development\chunk-R73PQUJU.js:872:3)
    at QueryClientProvider 
(file:///C:/playground/Python/ai_scrapper/frontend/node_modules/@tanstack/react-query/build/modern/QueryClientProvider.js:20:3)
    at AllTheProviders (C:\playground\Python\ai_scrapper\frontend\src\test\utils.tsx:11:28)
Warning: An update to UrlInput inside a test was not wrapped in act(...).

When testing, code that causes React state updates should be wrapped into act(...):

act(() => {
  /* fire events that update state */
});
/* assert on the output */

This ensures that you're testing the behavior the user would see in the browser. Learn more at https://reactjs.org/link/wrap-tests-with-act
    at UrlInput (C:\playground\Python\ai_scrapper\frontend\src\components\forms\UrlInput.tsx:8:3)
    at div
    at form
    at div
    at JobForm (C:\playground\Python\ai_scrapper\frontend\src\components\forms\JobForm.tsx:23:20)
    at ToastProvider (C:\playground\Python\ai_scrapper\frontend\src\providers\ToastProvider.tsx:17:3)
    at Router (C:\playground\Python\ai_scrapper\frontend\node_modules\react-router\dist\development\chunk-R73PQUJU.js:414:13)
    at BrowserRouter (C:\playground\Python\ai_scrapper\frontend\node_modules\react-router\dist\development\chunk-R73PQUJU.js:872:3)
    at QueryClientProvider 
(file:///C:/playground/Python/ai_scrapper/frontend/node_modules/@tanstack/react-query/build/modern/QueryClientProvider.js:20:3)
    at AllTheProviders (C:\playground\Python\ai_scrapper\frontend\src\test\utils.tsx:11:28)

[90mstderr[2m | src/components/forms/__tests__/JobForm.test.tsx[2m > [22m[2mJobForm[2m > [22m[2mform behavior[2m > [22m[2mshows loading 
state during submission[22m[39m
Warning: An update to JobForm inside a test was not wrapped in act(...).

When testing, code that causes React state updates should be wrapped into act(...):

act(() => {
  /* fire events that update state */
});
/* assert on the output */

This ensures that you're testing the behavior the user would see in the browser. Learn more at https://reactjs.org/link/wrap-tests-with-act
    at JobForm (C:\playground\Python\ai_scrapper\frontend\src\components\forms\JobForm.tsx:23:20)
    at ToastProvider (C:\playground\Python\ai_scrapper\frontend\src\providers\ToastProvider.tsx:17:3)
    at Router (C:\playground\Python\ai_scrapper\frontend\node_modules\react-router\dist\development\chunk-R73PQUJU.js:414:13)
    at BrowserRouter (C:\playground\Python\ai_scrapper\frontend\node_modules\react-router\dist\development\chunk-R73PQUJU.js:872:3)
    at QueryClientProvider 
(file:///C:/playground/Python/ai_scrapper/frontend/node_modules/@tanstack/react-query/build/modern/QueryClientProvider.js:20:3)
    at AllTheProviders (C:\playground\Python\ai_scrapper\frontend\src\test\utils.tsx:11:28)
Warning: An update to UrlInput inside a test was not wrapped in act(...).

When testing, code that causes React state updates should be wrapped into act(...):

act(() => {
  /* fire events that update state */
});
/* assert on the output */

This ensures that you're testing the behavior the user would see in the browser. Learn more at https://reactjs.org/link/wrap-tests-with-act
    at UrlInput (C:\playground\Python\ai_scrapper\frontend\src\components\forms\UrlInput.tsx:8:3)
    at div
    at form
    at div
    at JobForm (C:\playground\Python\ai_scrapper\frontend\src\components\forms\JobForm.tsx:23:20)
    at ToastProvider (C:\playground\Python\ai_scrapper\frontend\src\providers\ToastProvider.tsx:17:3)
    at Router (C:\playground\Python\ai_scrapper\frontend\node_modules\react-router\dist\development\chunk-R73PQUJU.js:414:13)
    at BrowserRouter (C:\playground\Python\ai_scrapper\frontend\node_modules\react-router\dist\development\chunk-R73PQUJU.js:872:3)
    at QueryClientProvider 
(file:///C:/playground/Python/ai_scrapper/frontend/node_modules/@tanstack/react-query/build/modern/QueryClientProvider.js:20:3)
    at AllTheProviders (C:\playground\Python\ai_scrapper\frontend\src\test\utils.tsx:11:28)

[90mstderr[2m | src/components/forms/__tests__/JobForm.test.tsx[2m > [22m[2mJobForm[2m > [22m[2mform behavior[2m > [22m[2mshows loading 
state during submission[22m[39m
Warning: An update to JobForm inside a test was not wrapped in act(...).

When testing, code that causes React state updates should be wrapped into act(...):

act(() => {
  /* fire events that update state */
});
/* assert on the output */

This ensures that you're testing the behavior the user would see in the browser. Learn more at https://reactjs.org/link/wrap-tests-with-act
    at JobForm (C:\playground\Python\ai_scrapper\frontend\src\components\forms\JobForm.tsx:23:20)
    at ToastProvider (C:\playground\Python\ai_scrapper\frontend\src\providers\ToastProvider.tsx:17:3)
    at Router (C:\playground\Python\ai_scrapper\frontend\node_modules\react-router\dist\development\chunk-R73PQUJU.js:414:13)
    at BrowserRouter (C:\playground\Python\ai_scrapper\frontend\node_modules\react-router\dist\development\chunk-R73PQUJU.js:872:3)
    at QueryClientProvider 
(file:///C:/playground/Python/ai_scrapper/frontend/node_modules/@tanstack/react-query/build/modern/QueryClientProvider.js:20:3)
    at AllTheProviders (C:\playground\Python\ai_scrapper\frontend\src\test\utils.tsx:11:28)
Warning: An update to JobForm inside a test was not wrapped in act(...).

When testing, code that causes React state updates should be wrapped into act(...):

act(() => {
  /* fire events that update state */
});
/* assert on the output */

This ensures that you're testing the behavior the user would see in the browser. Learn more at https://reactjs.org/link/wrap-tests-with-act
    at JobForm (C:\playground\Python\ai_scrapper\frontend\src\components\forms\JobForm.tsx:23:20)
    at ToastProvider (C:\playground\Python\ai_scrapper\frontend\src\providers\ToastProvider.tsx:17:3)
    at Router (C:\playground\Python\ai_scrapper\frontend\node_modules\react-router\dist\development\chunk-R73PQUJU.js:414:13)
    at BrowserRouter (C:\playground\Python\ai_scrapper\frontend\node_modules\react-router\dist\development\chunk-R73PQUJU.js:872:3)
    at QueryClientProvider 
(file:///C:/playground/Python/ai_scrapper/frontend/node_modules/@tanstack/react-query/build/modern/QueryClientProvider.js:20:3)
    at AllTheProviders (C:\playground\Python\ai_scrapper\frontend\src\test\utils.tsx:11:28)
Warning: An update to JobForm inside a test was not wrapped in act(...).

When testing, code that causes React state updates should be wrapped into act(...):

act(() => {
  /* fire events that update state */
});
/* assert on the output */

This ensures that you're testing the behavior the user would see in the browser. Learn more at https://reactjs.org/link/wrap-tests-with-act
    at JobForm (C:\playground\Python\ai_scrapper\frontend\src\components\forms\JobForm.tsx:23:20)
    at ToastProvider (C:\playground\Python\ai_scrapper\frontend\src\providers\ToastProvider.tsx:17:3)
    at Router (C:\playground\Python\ai_scrapper\frontend\node_modules\react-router\dist\development\chunk-R73PQUJU.js:414:13)
    at BrowserRouter (C:\playground\Python\ai_scrapper\frontend\node_modules\react-router\dist\development\chunk-R73PQUJU.js:872:3)
    at QueryClientProvider 
(file:///C:/playground/Python/ai_scrapper/frontend/node_modules/@tanstack/react-query/build/modern/QueryClientProvider.js:20:3)
    at AllTheProviders (C:\playground\Python\ai_scrapper\frontend\src\test\utils.tsx:11:28)
Warning: An update to JobForm inside a test was not wrapped in act(...).

When testing, code that causes React state updates should be wrapped into act(...):

act(() => {
  /* fire events that update state */
});
/* assert on the output */

This ensures that you're testing the behavior the user would see in the browser. Learn more at https://reactjs.org/link/wrap-tests-with-act
    at JobForm (C:\playground\Python\ai_scrapper\frontend\src\components\forms\JobForm.tsx:23:20)
    at ToastProvider (C:\playground\Python\ai_scrapper\frontend\src\providers\ToastProvider.tsx:17:3)
    at Router (C:\playground\Python\ai_scrapper\frontend\node_modules\react-router\dist\development\chunk-R73PQUJU.js:414:13)
    at BrowserRouter (C:\playground\Python\ai_scrapper\frontend\node_modules\react-router\dist\development\chunk-R73PQUJU.js:872:3)
    at QueryClientProvider 
(file:///C:/playground/Python/ai_scrapper/frontend/node_modules/@tanstack/react-query/build/modern/QueryClientProvider.js:20:3)
    at AllTheProviders (C:\playground\Python\ai_scrapper\frontend\src\test\utils.tsx:11:28)
Warning: An update to JobForm inside a test was not wrapped in act(...).

When testing, code that causes React state updates should be wrapped into act(...):

act(() => {
  /* fire events that update state */
});
/* assert on the output */

This ensures that you're testing the behavior the user would see in the browser. Learn more at https://reactjs.org/link/wrap-tests-with-act
    at JobForm (C:\playground\Python\ai_scrapper\frontend\src\components\forms\JobForm.tsx:23:20)
    at ToastProvider (C:\playground\Python\ai_scrapper\frontend\src\providers\ToastProvider.tsx:17:3)
    at Router (C:\playground\Python\ai_scrapper\frontend\node_modules\react-router\dist\development\chunk-R73PQUJU.js:414:13)
    at BrowserRouter (C:\playground\Python\ai_scrapper\frontend\node_modules\react-router\dist\development\chunk-R73PQUJU.js:872:3)
    at QueryClientProvider 
(file:///C:/playground/Python/ai_scrapper/frontend/node_modules/@tanstack/react-query/build/modern/QueryClientProvider.js:20:3)
    at AllTheProviders (C:\playground\Python\ai_scrapper\frontend\src\test\utils.tsx:11:28)
Warning: An update to UrlInput inside a test was not wrapped in act(...).

When testing, code that causes React state updates should be wrapped into act(...):

act(() => {
  /* fire events that update state */
});
/* assert on the output */

This ensures that you're testing the behavior the user would see in the browser. Learn more at https://reactjs.org/link/wrap-tests-with-act
    at UrlInput (C:\playground\Python\ai_scrapper\frontend\src\components\forms\UrlInput.tsx:8:3)
    at div
    at form
    at div
    at JobForm (C:\playground\Python\ai_scrapper\frontend\src\components\forms\JobForm.tsx:23:20)
    at ToastProvider (C:\playground\Python\ai_scrapper\frontend\src\providers\ToastProvider.tsx:17:3)
    at Router (C:\playground\Python\ai_scrapper\frontend\node_modules\react-router\dist\development\chunk-R73PQUJU.js:414:13)
    at BrowserRouter (C:\playground\Python\ai_scrapper\frontend\node_modules\react-router\dist\development\chunk-R73PQUJU.js:872:3)
    at QueryClientProvider 
(file:///C:/playground/Python/ai_scrapper/frontend/node_modules/@tanstack/react-query/build/modern/QueryClientProvider.js:20:3)
    at AllTheProviders (C:\playground\Python\ai_scrapper\frontend\src\test\utils.tsx:11:28)
Warning: An update to JobForm inside a test was not wrapped in act(...).

When testing, code that causes React state updates should be wrapped into act(...):

act(() => {
  /* fire events that update state */
});
/* assert on the output */

This ensures that you're testing the behavior the user would see in the browser. Learn more at https://reactjs.org/link/wrap-tests-with-act
    at JobForm (C:\playground\Python\ai_scrapper\frontend\src\components\forms\JobForm.tsx:23:20)
    at ToastProvider (C:\playground\Python\ai_scrapper\frontend\src\providers\ToastProvider.tsx:17:3)
    at Router (C:\playground\Python\ai_scrapper\frontend\node_modules\react-router\dist\development\chunk-R73PQUJU.js:414:13)
    at BrowserRouter (C:\playground\Python\ai_scrapper\frontend\node_modules\react-router\dist\development\chunk-R73PQUJU.js:872:3)
    at QueryClientProvider 
(file:///C:/playground/Python/ai_scrapper/frontend/node_modules/@tanstack/react-query/build/modern/QueryClientProvider.js:20:3)
    at AllTheProviders (C:\playground\Python\ai_scrapper\frontend\src\test\utils.tsx:11:28)
Warning: An update to JobForm inside a test was not wrapped in act(...).

When testing, code that causes React state updates should be wrapped into act(...):

act(() => {
  /* fire events that update state */
});
/* assert on the output */

This ensures that you're testing the behavior the user would see in the browser. Learn more at https://reactjs.org/link/wrap-tests-with-act
    at JobForm (C:\playground\Python\ai_scrapper\frontend\src\components\forms\JobForm.tsx:23:20)
    at ToastProvider (C:\playground\Python\ai_scrapper\frontend\src\providers\ToastProvider.tsx:17:3)
    at Router (C:\playground\Python\ai_scrapper\frontend\node_modules\react-router\dist\development\chunk-R73PQUJU.js:414:13)
    at BrowserRouter (C:\playground\Python\ai_scrapper\frontend\node_modules\react-router\dist\development\chunk-R73PQUJU.js:872:3)
    at QueryClientProvider 
(file:///C:/playground/Python/ai_scrapper/frontend/node_modules/@tanstack/react-query/build/modern/QueryClientProvider.js:20:3)
    at AllTheProviders (C:\playground\Python\ai_scrapper\frontend\src\test\utils.tsx:11:28)

[90mstderr[2m | src/components/forms/__tests__/JobForm.test.tsx[2m > [22m[2mJobForm[2m > [22m[2mform behavior[2m > [22m[2mresets form 
after successful submission[22m[39m
Warning: An update to JobForm inside a test was not wrapped in act(...).

When testing, code that causes React state updates should be wrapped into act(...):

act(() => {
  /* fire events that update state */
});
/* assert on the output */

This ensures that you're testing the behavior the user would see in the browser. Learn more at https://reactjs.org/link/wrap-tests-with-act
    at JobForm (C:\playground\Python\ai_scrapper\frontend\src\components\forms\JobForm.tsx:23:20)
    at ToastProvider (C:\playground\Python\ai_scrapper\frontend\src\providers\ToastProvider.tsx:17:3)
    at Router (C:\playground\Python\ai_scrapper\frontend\node_modules\react-router\dist\development\chunk-R73PQUJU.js:414:13)
    at BrowserRouter (C:\playground\Python\ai_scrapper\frontend\node_modules\react-router\dist\development\chunk-R73PQUJU.js:872:3)
    at QueryClientProvider 
(file:///C:/playground/Python/ai_scrapper/frontend/node_modules/@tanstack/react-query/build/modern/QueryClientProvider.js:20:3)
    at AllTheProviders (C:\playground\Python\ai_scrapper\frontend\src\test\utils.tsx:11:28)
Warning: An update to UrlInput inside a test was not wrapped in act(...).

When testing, code that causes React state updates should be wrapped into act(...):

act(() => {
  /* fire events that update state */
});
/* assert on the output */

This ensures that you're testing the behavior the user would see in the browser. Learn more at https://reactjs.org/link/wrap-tests-with-act
    at UrlInput (C:\playground\Python\ai_scrapper\frontend\src\components\forms\UrlInput.tsx:8:3)
    at div
    at form
    at div
    at JobForm (C:\playground\Python\ai_scrapper\frontend\src\components\forms\JobForm.tsx:23:20)
    at ToastProvider (C:\playground\Python\ai_scrapper\frontend\src\providers\ToastProvider.tsx:17:3)
    at Router (C:\playground\Python\ai_scrapper\frontend\node_modules\react-router\dist\development\chunk-R73PQUJU.js:414:13)
    at BrowserRouter (C:\playground\Python\ai_scrapper\frontend\node_modules\react-router\dist\development\chunk-R73PQUJU.js:872:3)
    at QueryClientProvider 
(file:///C:/playground/Python/ai_scrapper/frontend/node_modules/@tanstack/react-query/build/modern/QueryClientProvider.js:20:3)
    at AllTheProviders (C:\playground\Python\ai_scrapper\frontend\src\test\utils.tsx:11:28)
Warning: An update to JobForm inside a test was not wrapped in act(...).

When testing, code that causes React state updates should be wrapped into act(...):

act(() => {
  /* fire events that update state */
});
/* assert on the output */

This ensures that you're testing the behavior the user would see in the browser. Learn more at https://reactjs.org/link/wrap-tests-with-act
    at JobForm (C:\playground\Python\ai_scrapper\frontend\src\components\forms\JobForm.tsx:23:20)
    at ToastProvider (C:\playground\Python\ai_scrapper\frontend\src\providers\ToastProvider.tsx:17:3)
    at Router (C:\playground\Python\ai_scrapper\frontend\node_modules\react-router\dist\development\chunk-R73PQUJU.js:414:13)
    at BrowserRouter (C:\playground\Python\ai_scrapper\frontend\node_modules\react-router\dist\development\chunk-R73PQUJU.js:872:3)
    at QueryClientProvider 
(file:///C:/playground/Python/ai_scrapper/frontend/node_modules/@tanstack/react-query/build/modern/QueryClientProvider.js:20:3)
    at AllTheProviders (C:\playground\Python\ai_scrapper\frontend\src\test\utils.tsx:11:28)
Warning: An update to JobForm inside a test was not wrapped in act(...).

When testing, code that causes React state updates should be wrapped into act(...):

act(() => {
  /* fire events that update state */
});
/* assert on the output */

This ensures that you're testing the behavior the user would see in the browser. Learn more at https://reactjs.org/link/wrap-tests-with-act
    at JobForm (C:\playground\Python\ai_scrapper\frontend\src\components\forms\JobForm.tsx:23:20)
    at ToastProvider (C:\playground\Python\ai_scrapper\frontend\src\providers\ToastProvider.tsx:17:3)
    at Router (C:\playground\Python\ai_scrapper\frontend\node_modules\react-router\dist\development\chunk-R73PQUJU.js:414:13)
    at BrowserRouter (C:\playground\Python\ai_scrapper\frontend\node_modules\react-router\dist\development\chunk-R73PQUJU.js:872:3)
    at QueryClientProvider 
(file:///C:/playground/Python/ai_scrapper/frontend/node_modules/@tanstack/react-query/build/modern/QueryClientProvider.js:20:3)
    at AllTheProviders (C:\playground\Python\ai_scrapper\frontend\src\test\utils.tsx:11:28)
Warning: An update to UrlInput inside a test was not wrapped in act(...).

When testing, code that causes React state updates should be wrapped into act(...):

act(() => {
  /* fire events that update state */
});
/* assert on the output */

This ensures that you're testing the behavior the user would see in the browser. Learn more at https://reactjs.org/link/wrap-tests-with-act
    at UrlInput (C:\playground\Python\ai_scrapper\frontend\src\components\forms\UrlInput.tsx:8:3)
    at div
    at form
    at div
    at JobForm (C:\playground\Python\ai_scrapper\frontend\src\components\forms\JobForm.tsx:23:20)
    at ToastProvider (C:\playground\Python\ai_scrapper\frontend\src\providers\ToastProvider.tsx:17:3)
    at Router (C:\playground\Python\ai_scrapper\frontend\node_modules\react-router\dist\development\chunk-R73PQUJU.js:414:13)
    at BrowserRouter (C:\playground\Python\ai_scrapper\frontend\node_modules\react-router\dist\development\chunk-R73PQUJU.js:872:3)
    at QueryClientProvider 
(file:///C:/playground/Python/ai_scrapper/frontend/node_modules/@tanstack/react-query/build/modern/QueryClientProvider.js:20:3)
    at AllTheProviders (C:\playground\Python\ai_scrapper\frontend\src\test\utils.tsx:11:28)

[90mstderr[2m | src/components/forms/__tests__/JobForm.test.tsx[2m > [22m[2mJobForm[2m > [22m[2mform behavior[2m > [22m[2mresets form 
after successful submission[22m[39m
Warning: An update to JobForm inside a test was not wrapped in act(...).

When testing, code that causes React state updates should be wrapped into act(...):

act(() => {
  /* fire events that update state */
});
/* assert on the output */

This ensures that you're testing the behavior the user would see in the browser. Learn more at https://reactjs.org/link/wrap-tests-with-act
    at JobForm (C:\playground\Python\ai_scrapper\frontend\src\components\forms\JobForm.tsx:23:20)
    at ToastProvider (C:\playground\Python\ai_scrapper\frontend\src\providers\ToastProvider.tsx:17:3)
    at Router (C:\playground\Python\ai_scrapper\frontend\node_modules\react-router\dist\development\chunk-R73PQUJU.js:414:13)
    at BrowserRouter (C:\playground\Python\ai_scrapper\frontend\node_modules\react-router\dist\development\chunk-R73PQUJU.js:872:3)
    at QueryClientProvider 
(file:///C:/playground/Python/ai_scrapper/frontend/node_modules/@tanstack/react-query/build/modern/QueryClientProvider.js:20:3)
    at AllTheProviders (C:\playground\Python\ai_scrapper\frontend\src\test\utils.tsx:11:28)
Warning: An update to UrlInput inside a test was not wrapped in act(...).

When testing, code that causes React state updates should be wrapped into act(...):

act(() => {
  /* fire events that update state */
});
/* assert on the output */

This ensures that you're testing the behavior the user would see in the browser. Learn more at https://reactjs.org/link/wrap-tests-with-act
    at UrlInput (C:\playground\Python\ai_scrapper\frontend\src\components\forms\UrlInput.tsx:8:3)
    at div
    at form
    at div
    at JobForm (C:\playground\Python\ai_scrapper\frontend\src\components\forms\JobForm.tsx:23:20)
    at ToastProvider (C:\playground\Python\ai_scrapper\frontend\src\providers\ToastProvider.tsx:17:3)
    at Router (C:\playground\Python\ai_scrapper\frontend\node_modules\react-router\dist\development\chunk-R73PQUJU.js:414:13)
    at BrowserRouter (C:\playground\Python\ai_scrapper\frontend\node_modules\react-router\dist\development\chunk-R73PQUJU.js:872:3)
    at QueryClientProvider 
(file:///C:/playground/Python/ai_scrapper/frontend/node_modules/@tanstack/react-query/build/modern/QueryClientProvider.js:20:3)
    at AllTheProviders (C:\playground\Python\ai_scrapper\frontend\src\test\utils.tsx:11:28)

[90mstderr[2m | src/components/forms/__tests__/JobForm.test.tsx[2m > [22m[2mJobForm[2m > [22m[2mform behavior[2m > [22m[2mresets form 
after successful submission[22m[39m
Warning: An update to JobForm inside a test was not wrapped in act(...).

When testing, code that causes React state updates should be wrapped into act(...):

act(() => {
  /* fire events that update state */
});
/* assert on the output */

This ensures that you're testing the behavior the user would see in the browser. Learn more at https://reactjs.org/link/wrap-tests-with-act
    at JobForm (C:\playground\Python\ai_scrapper\frontend\src\components\forms\JobForm.tsx:23:20)
    at ToastProvider (C:\playground\Python\ai_scrapper\frontend\src\providers\ToastProvider.tsx:17:3)
    at Router (C:\playground\Python\ai_scrapper\frontend\node_modules\react-router\dist\development\chunk-R73PQUJU.js:414:13)
    at BrowserRouter (C:\playground\Python\ai_scrapper\frontend\node_modules\react-router\dist\development\chunk-R73PQUJU.js:872:3)
    at QueryClientProvider 
(file:///C:/playground/Python/ai_scrapper/frontend/node_modules/@tanstack/react-query/build/modern/QueryClientProvider.js:20:3)
    at AllTheProviders (C:\playground\Python\ai_scrapper\frontend\src\test\utils.tsx:11:28)
Warning: An update to UrlInput inside a test was not wrapped in act(...).

When testing, code that causes React state updates should be wrapped into act(...):

act(() => {
  /* fire events that update state */
});
/* assert on the output */

This ensures that you're testing the behavior the user would see in the browser. Learn more at https://reactjs.org/link/wrap-tests-with-act
    at UrlInput (C:\playground\Python\ai_scrapper\frontend\src\components\forms\UrlInput.tsx:8:3)
    at div
    at form
    at div
    at JobForm (C:\playground\Python\ai_scrapper\frontend\src\components\forms\JobForm.tsx:23:20)
    at ToastProvider (C:\playground\Python\ai_scrapper\frontend\src\providers\ToastProvider.tsx:17:3)
    at Router (C:\playground\Python\ai_scrapper\frontend\node_modules\react-router\dist\development\chunk-R73PQUJU.js:414:13)
    at BrowserRouter (C:\playground\Python\ai_scrapper\frontend\node_modules\react-router\dist\development\chunk-R73PQUJU.js:872:3)
    at QueryClientProvider 
(file:///C:/playground/Python/ai_scrapper/frontend/node_modules/@tanstack/react-query/build/modern/QueryClientProvider.js:20:3)
    at AllTheProviders (C:\playground\Python\ai_scrapper\frontend\src\test\utils.tsx:11:28)

[90mstderr[2m | src/components/forms/__tests__/JobForm.test.tsx[2m > [22m[2mJobForm[2m > [22m[2mform behavior[2m > [22m[2mresets form 
after successful submission[22m[39m
Warning: An update to JobForm inside a test was not wrapped in act(...).

When testing, code that causes React state updates should be wrapped into act(...):

act(() => {
  /* fire events that update state */
});
/* assert on the output */

This ensures that you're testing the behavior the user would see in the browser. Learn more at https://reactjs.org/link/wrap-tests-with-act
    at JobForm (C:\playground\Python\ai_scrapper\frontend\src\components\forms\JobForm.tsx:23:20)
    at ToastProvider (C:\playground\Python\ai_scrapper\frontend\src\providers\ToastProvider.tsx:17:3)
    at Router (C:\playground\Python\ai_scrapper\frontend\node_modules\react-router\dist\development\chunk-R73PQUJU.js:414:13)
    at BrowserRouter (C:\playground\Python\ai_scrapper\frontend\node_modules\react-router\dist\development\chunk-R73PQUJU.js:872:3)
    at QueryClientProvider 
(file:///C:/playground/Python/ai_scrapper/frontend/node_modules/@tanstack/react-query/build/modern/QueryClientProvider.js:20:3)
    at AllTheProviders (C:\playground\Python\ai_scrapper\frontend\src\test\utils.tsx:11:28)
Warning: An update to UrlInput inside a test was not wrapped in act(...).

When testing, code that causes React state updates should be wrapped into act(...):

act(() => {
  /* fire events that update state */
});
/* assert on the output */

This ensures that you're testing the behavior the user would see in the browser. Learn more at https://reactjs.org/link/wrap-tests-with-act
    at UrlInput (C:\playground\Python\ai_scrapper\frontend\src\components\forms\UrlInput.tsx:8:3)
    at div
    at form
    at div
    at JobForm (C:\playground\Python\ai_scrapper\frontend\src\components\forms\JobForm.tsx:23:20)
    at ToastProvider (C:\playground\Python\ai_scrapper\frontend\src\providers\ToastProvider.tsx:17:3)
    at Router (C:\playground\Python\ai_scrapper\frontend\node_modules\react-router\dist\development\chunk-R73PQUJU.js:414:13)
    at BrowserRouter (C:\playground\Python\ai_scrapper\frontend\node_modules\react-router\dist\development\chunk-R73PQUJU.js:872:3)
    at QueryClientProvider 
(file:///C:/playground/Python/ai_scrapper/frontend/node_modules/@tanstack/react-query/build/modern/QueryClientProvider.js:20:3)
    at AllTheProviders (C:\playground\Python\ai_scrapper\frontend\src\test\utils.tsx:11:28)

[90mstderr[2m | src/components/forms/__tests__/JobForm.test.tsx[2m > [22m[2mJobForm[2m > [22m[2mform behavior[2m > [22m[2mresets form 
after successful submission[22m[39m
Warning: An update to JobForm inside a test was not wrapped in act(...).

When testing, code that causes React state updates should be wrapped into act(...):

act(() => {
  /* fire events that update state */
});
/* assert on the output */

This ensures that you're testing the behavior the user would see in the browser. Learn more at https://reactjs.org/link/wrap-tests-with-act
    at JobForm (C:\playground\Python\ai_scrapper\frontend\src\components\forms\JobForm.tsx:23:20)
    at ToastProvider (C:\playground\Python\ai_scrapper\frontend\src\providers\ToastProvider.tsx:17:3)
    at Router (C:\playground\Python\ai_scrapper\frontend\node_modules\react-router\dist\development\chunk-R73PQUJU.js:414:13)
    at BrowserRouter (C:\playground\Python\ai_scrapper\frontend\node_modules\react-router\dist\development\chunk-R73PQUJU.js:872:3)
    at QueryClientProvider 
(file:///C:/playground/Python/ai_scrapper/frontend/node_modules/@tanstack/react-query/build/modern/QueryClientProvider.js:20:3)
    at AllTheProviders (C:\playground\Python\ai_scrapper\frontend\src\test\utils.tsx:11:28)
Warning: An update to UrlInput inside a test was not wrapped in act(...).

When testing, code that causes React state updates should be wrapped into act(...):

act(() => {
  /* fire events that update state */
});
/* assert on the output */

This ensures that you're testing the behavior the user would see in the browser. Learn more at https://reactjs.org/link/wrap-tests-with-act
    at UrlInput (C:\playground\Python\ai_scrapper\frontend\src\components\forms\UrlInput.tsx:8:3)
    at div
    at form
    at div
    at JobForm (C:\playground\Python\ai_scrapper\frontend\src\components\forms\JobForm.tsx:23:20)
    at ToastProvider (C:\playground\Python\ai_scrapper\frontend\src\providers\ToastProvider.tsx:17:3)
    at Router (C:\playground\Python\ai_scrapper\frontend\node_modules\react-router\dist\development\chunk-R73PQUJU.js:414:13)
    at BrowserRouter (C:\playground\Python\ai_scrapper\frontend\node_modules\react-router\dist\development\chunk-R73PQUJU.js:872:3)
    at QueryClientProvider 
(file:///C:/playground/Python/ai_scrapper/frontend/node_modules/@tanstack/react-query/build/modern/QueryClientProvider.js:20:3)
    at AllTheProviders (C:\playground\Python\ai_scrapper\frontend\src\test\utils.tsx:11:28)

[90mstderr[2m | src/components/forms/__tests__/JobForm.test.tsx[2m > [22m[2mJobForm[2m > [22m[2mform behavior[2m > [22m[2mresets form 
after successful submission[22m[39m
Warning: An update to JobForm inside a test was not wrapped in act(...).

When testing, code that causes React state updates should be wrapped into act(...):

act(() => {
  /* fire events that update state */
});
/* assert on the output */

This ensures that you're testing the behavior the user would see in the browser. Learn more at https://reactjs.org/link/wrap-tests-with-act
    at JobForm (C:\playground\Python\ai_scrapper\frontend\src\components\forms\JobForm.tsx:23:20)
    at ToastProvider (C:\playground\Python\ai_scrapper\frontend\src\providers\ToastProvider.tsx:17:3)
    at Router (C:\playground\Python\ai_scrapper\frontend\node_modules\react-router\dist\development\chunk-R73PQUJU.js:414:13)
    at BrowserRouter (C:\playground\Python\ai_scrapper\frontend\node_modules\react-router\dist\development\chunk-R73PQUJU.js:872:3)
    at QueryClientProvider 
(file:///C:/playground/Python/ai_scrapper/frontend/node_modules/@tanstack/react-query/build/modern/QueryClientProvider.js:20:3)
    at AllTheProviders (C:\playground\Python\ai_scrapper\frontend\src\test\utils.tsx:11:28)
Warning: An update to UrlInput inside a test was not wrapped in act(...).

When testing, code that causes React state updates should be wrapped into act(...):

act(() => {
  /* fire events that update state */
});
/* assert on the output */

This ensures that you're testing the behavior the user would see in the browser. Learn more at https://reactjs.org/link/wrap-tests-with-act
    at UrlInput (C:\playground\Python\ai_scrapper\frontend\src\components\forms\UrlInput.tsx:8:3)
    at div
    at form
    at div
    at JobForm (C:\playground\Python\ai_scrapper\frontend\src\components\forms\JobForm.tsx:23:20)
    at ToastProvider (C:\playground\Python\ai_scrapper\frontend\src\providers\ToastProvider.tsx:17:3)
    at Router (C:\playground\Python\ai_scrapper\frontend\node_modules\react-router\dist\development\chunk-R73PQUJU.js:414:13)
    at BrowserRouter (C:\playground\Python\ai_scrapper\frontend\node_modules\react-router\dist\development\chunk-R73PQUJU.js:872:3)
    at QueryClientProvider 
(file:///C:/playground/Python/ai_scrapper/frontend/node_modules/@tanstack/react-query/build/modern/QueryClientProvider.js:20:3)
    at AllTheProviders (C:\playground\Python\ai_scrapper\frontend\src\test\utils.tsx:11:28)

[90mstderr[2m | src/components/forms/__tests__/JobForm.test.tsx[2m > [22m[2mJobForm[2m > [22m[2mform behavior[2m > [22m[2mresets form 
after successful submission[22m[39m
Warning: An update to JobForm inside a test was not wrapped in act(...).

When testing, code that causes React state updates should be wrapped into act(...):

act(() => {
  /* fire events that update state */
});
/* assert on the output */

This ensures that you're testing the behavior the user would see in the browser. Learn more at https://reactjs.org/link/wrap-tests-with-act
    at JobForm (C:\playground\Python\ai_scrapper\frontend\src\components\forms\JobForm.tsx:23:20)
    at ToastProvider (C:\playground\Python\ai_scrapper\frontend\src\providers\ToastProvider.tsx:17:3)
    at Router (C:\playground\Python\ai_scrapper\frontend\node_modules\react-router\dist\development\chunk-R73PQUJU.js:414:13)
    at BrowserRouter (C:\playground\Python\ai_scrapper\frontend\node_modules\react-router\dist\development\chunk-R73PQUJU.js:872:3)
    at QueryClientProvider 
(file:///C:/playground/Python/ai_scrapper/frontend/node_modules/@tanstack/react-query/build/modern/QueryClientProvider.js:20:3)
    at AllTheProviders (C:\playground\Python\ai_scrapper\frontend\src\test\utils.tsx:11:28)
Warning: An update to UrlInput inside a test was not wrapped in act(...).

When testing, code that causes React state updates should be wrapped into act(...):

act(() => {
  /* fire events that update state */
});
/* assert on the output */

This ensures that you're testing the behavior the user would see in the browser. Learn more at https://reactjs.org/link/wrap-tests-with-act
    at UrlInput (C:\playground\Python\ai_scrapper\frontend\src\components\forms\UrlInput.tsx:8:3)
    at div
    at form
    at div
    at JobForm (C:\playground\Python\ai_scrapper\frontend\src\components\forms\JobForm.tsx:23:20)
    at ToastProvider (C:\playground\Python\ai_scrapper\frontend\src\providers\ToastProvider.tsx:17:3)
    at Router (C:\playground\Python\ai_scrapper\frontend\node_modules\react-router\dist\development\chunk-R73PQUJU.js:414:13)
    at BrowserRouter (C:\playground\Python\ai_scrapper\frontend\node_modules\react-router\dist\development\chunk-R73PQUJU.js:872:3)
    at QueryClientProvider 
(file:///C:/playground/Python/ai_scrapper/frontend/node_modules/@tanstack/react-query/build/modern/QueryClientProvider.js:20:3)
    at AllTheProviders (C:\playground\Python\ai_scrapper\frontend\src\test\utils.tsx:11:28)

[90mstderr[2m | src/components/forms/__tests__/JobForm.test.tsx[2m > [22m[2mJobForm[2m > [22m[2mform behavior[2m > [22m[2mresets form 
after successful submission[22m[39m
Warning: An update to JobForm inside a test was not wrapped in act(...).

When testing, code that causes React state updates should be wrapped into act(...):

act(() => {
  /* fire events that update state */
});
/* assert on the output */

This ensures that you're testing the behavior the user would see in the browser. Learn more at https://reactjs.org/link/wrap-tests-with-act
    at JobForm (C:\playground\Python\ai_scrapper\frontend\src\components\forms\JobForm.tsx:23:20)
    at ToastProvider (C:\playground\Python\ai_scrapper\frontend\src\providers\ToastProvider.tsx:17:3)
    at Router (C:\playground\Python\ai_scrapper\frontend\node_modules\react-router\dist\development\chunk-R73PQUJU.js:414:13)
    at BrowserRouter (C:\playground\Python\ai_scrapper\frontend\node_modules\react-router\dist\development\chunk-R73PQUJU.js:872:3)
    at QueryClientProvider 
(file:///C:/playground/Python/ai_scrapper/frontend/node_modules/@tanstack/react-query/build/modern/QueryClientProvider.js:20:3)
    at AllTheProviders (C:\playground\Python\ai_scrapper\frontend\src\test\utils.tsx:11:28)
Warning: An update to UrlInput inside a test was not wrapped in act(...).

When testing, code that causes React state updates should be wrapped into act(...):

act(() => {
  /* fire events that update state */
});
/* assert on the output */

This ensures that you're testing the behavior the user would see in the browser. Learn more at https://reactjs.org/link/wrap-tests-with-act
    at UrlInput (C:\playground\Python\ai_scrapper\frontend\src\components\forms\UrlInput.tsx:8:3)
    at div
    at form
    at div
    at JobForm (C:\playground\Python\ai_scrapper\frontend\src\components\forms\JobForm.tsx:23:20)
    at ToastProvider (C:\playground\Python\ai_scrapper\frontend\src\providers\ToastProvider.tsx:17:3)
    at Router (C:\playground\Python\ai_scrapper\frontend\node_modules\react-router\dist\development\chunk-R73PQUJU.js:414:13)
    at BrowserRouter (C:\playground\Python\ai_scrapper\frontend\node_modules\react-router\dist\development\chunk-R73PQUJU.js:872:3)
    at QueryClientProvider 
(file:///C:/playground/Python/ai_scrapper/frontend/node_modules/@tanstack/react-query/build/modern/QueryClientProvider.js:20:3)
    at AllTheProviders (C:\playground\Python\ai_scrapper\frontend\src\test\utils.tsx:11:28)
Warning: An update to JobForm inside a test was not wrapped in act(...).

When testing, code that causes React state updates should be wrapped into act(...):

act(() => {
  /* fire events that update state */
});
/* assert on the output */

This ensures that you're testing the behavior the user would see in the browser. Learn more at https://reactjs.org/link/wrap-tests-with-act
    at JobForm (C:\playground\Python\ai_scrapper\frontend\src\components\forms\JobForm.tsx:23:20)
    at ToastProvider (C:\playground\Python\ai_scrapper\frontend\src\providers\ToastProvider.tsx:17:3)
    at Router (C:\playground\Python\ai_scrapper\frontend\node_modules\react-router\dist\development\chunk-R73PQUJU.js:414:13)
    at BrowserRouter (C:\playground\Python\ai_scrapper\frontend\node_modules\react-router\dist\development\chunk-R73PQUJU.js:872:3)
    at QueryClientProvider 
(file:///C:/playground/Python/ai_scrapper/frontend/node_modules/@tanstack/react-query/build/modern/QueryClientProvider.js:20:3)
    at AllTheProviders (C:\playground\Python\ai_scrapper\frontend\src\test\utils.tsx:11:28)
Warning: An update to JobForm inside a test was not wrapped in act(...).

When testing, code that causes React state updates should be wrapped into act(...):

act(() => {
  /* fire events that update state */
});
/* assert on the output */

This ensures that you're testing the behavior the user would see in the browser. Learn more at https://reactjs.org/link/wrap-tests-with-act
    at JobForm (C:\playground\Python\ai_scrapper\frontend\src\components\forms\JobForm.tsx:23:20)
    at ToastProvider (C:\playground\Python\ai_scrapper\frontend\src\providers\ToastProvider.tsx:17:3)
    at Router (C:\playground\Python\ai_scrapper\frontend\node_modules\react-router\dist\development\chunk-R73PQUJU.js:414:13)
    at BrowserRouter (C:\playground\Python\ai_scrapper\frontend\node_modules\react-router\dist\development\chunk-R73PQUJU.js:872:3)
    at QueryClientProvider 
(file:///C:/playground/Python/ai_scrapper/frontend/node_modules/@tanstack/react-query/build/modern/QueryClientProvider.js:20:3)
    at AllTheProviders (C:\playground\Python\ai_scrapper\frontend\src\test\utils.tsx:11:28)
Warning: An update to UrlInput inside a test was not wrapped in act(...).

When testing, code that causes React state updates should be wrapped into act(...):

act(() => {
  /* fire events that update state */
});
/* assert on the output */

This ensures that you're testing the behavior the user would see in the browser. Learn more at https://reactjs.org/link/wrap-tests-with-act
    at UrlInput (C:\playground\Python\ai_scrapper\frontend\src\components\forms\UrlInput.tsx:8:3)
    at div
    at form
    at div
    at JobForm (C:\playground\Python\ai_scrapper\frontend\src\components\forms\JobForm.tsx:23:20)
    at ToastProvider (C:\playground\Python\ai_scrapper\frontend\src\providers\ToastProvider.tsx:17:3)
    at Router (C:\playground\Python\ai_scrapper\frontend\node_modules\react-router\dist\development\chunk-R73PQUJU.js:414:13)
    at BrowserRouter (C:\playground\Python\ai_scrapper\frontend\node_modules\react-router\dist\development\chunk-R73PQUJU.js:872:3)
    at QueryClientProvider 
(file:///C:/playground/Python/ai_scrapper/frontend/node_modules/@tanstack/react-query/build/modern/QueryClientProvider.js:20:3)
    at AllTheProviders (C:\playground\Python\ai_scrapper\frontend\src\test\utils.tsx:11:28)

[90mstderr[2m | src/components/forms/__tests__/JobForm.test.tsx[2m > [22m[2mJobForm[2m > [22m[2mform behavior[2m > [22m[2mresets form 
after successful submission[22m[39m
Warning: An update to JobForm inside a test was not wrapped in act(...).

When testing, code that causes React state updates should be wrapped into act(...):

act(() => {
  /* fire events that update state */
});
/* assert on the output */

This ensures that you're testing the behavior the user would see in the browser. Learn more at https://reactjs.org/link/wrap-tests-with-act
    at JobForm (C:\playground\Python\ai_scrapper\frontend\src\components\forms\JobForm.tsx:23:20)
    at ToastProvider (C:\playground\Python\ai_scrapper\frontend\src\providers\ToastProvider.tsx:17:3)
    at Router (C:\playground\Python\ai_scrapper\frontend\node_modules\react-router\dist\development\chunk-R73PQUJU.js:414:13)
    at BrowserRouter (C:\playground\Python\ai_scrapper\frontend\node_modules\react-router\dist\development\chunk-R73PQUJU.js:872:3)
    at QueryClientProvider 
(file:///C:/playground/Python/ai_scrapper/frontend/node_modules/@tanstack/react-query/build/modern/QueryClientProvider.js:20:3)
    at AllTheProviders (C:\playground\Python\ai_scrapper\frontend\src\test\utils.tsx:11:28)
Warning: An update to UrlInput inside a test was not wrapped in act(...).

When testing, code that causes React state updates should be wrapped into act(...):

act(() => {
  /* fire events that update state */
});
/* assert on the output */

This ensures that you're testing the behavior the user would see in the browser. Learn more at https://reactjs.org/link/wrap-tests-with-act
    at UrlInput (C:\playground\Python\ai_scrapper\frontend\src\components\forms\UrlInput.tsx:8:3)
    at div
    at form
    at div
    at JobForm (C:\playground\Python\ai_scrapper\frontend\src\components\forms\JobForm.tsx:23:20)
    at ToastProvider (C:\playground\Python\ai_scrapper\frontend\src\providers\ToastProvider.tsx:17:3)
    at Router (C:\playground\Python\ai_scrapper\frontend\node_modules\react-router\dist\development\chunk-R73PQUJU.js:414:13)
    at BrowserRouter (C:\playground\Python\ai_scrapper\frontend\node_modules\react-router\dist\development\chunk-R73PQUJU.js:872:3)
    at QueryClientProvider 
(file:///C:/playground/Python/ai_scrapper/frontend/node_modules/@tanstack/react-query/build/modern/QueryClientProvider.js:20:3)
    at AllTheProviders (C:\playground\Python\ai_scrapper\frontend\src\test\utils.tsx:11:28)

[90mstderr[2m | src/components/forms/__tests__/JobForm.test.tsx[2m > [22m[2mJobForm[2m > [22m[2mform behavior[2m > [22m[2mresets form 
after successful submission[22m[39m
Warning: An update to JobForm inside a test was not wrapped in act(...).

When testing, code that causes React state updates should be wrapped into act(...):

act(() => {
  /* fire events that update state */
});
/* assert on the output */

This ensures that you're testing the behavior the user would see in the browser. Learn more at https://reactjs.org/link/wrap-tests-with-act
    at JobForm (C:\playground\Python\ai_scrapper\frontend\src\components\forms\JobForm.tsx:23:20)
    at ToastProvider (C:\playground\Python\ai_scrapper\frontend\src\providers\ToastProvider.tsx:17:3)
    at Router (C:\playground\Python\ai_scrapper\frontend\node_modules\react-router\dist\development\chunk-R73PQUJU.js:414:13)
    at BrowserRouter (C:\playground\Python\ai_scrapper\frontend\node_modules\react-router\dist\development\chunk-R73PQUJU.js:872:3)
    at QueryClientProvider 
(file:///C:/playground/Python/ai_scrapper/frontend/node_modules/@tanstack/react-query/build/modern/QueryClientProvider.js:20:3)
    at AllTheProviders (C:\playground\Python\ai_scrapper\frontend\src\test\utils.tsx:11:28)
Warning: An update to UrlInput inside a test was not wrapped in act(...).

When testing, code that causes React state updates should be wrapped into act(...):

act(() => {
  /* fire events that update state */
});
/* assert on the output */

This ensures that you're testing the behavior the user would see in the browser. Learn more at https://reactjs.org/link/wrap-tests-with-act
    at UrlInput (C:\playground\Python\ai_scrapper\frontend\src\components\forms\UrlInput.tsx:8:3)
    at div
    at form
    at div
    at JobForm (C:\playground\Python\ai_scrapper\frontend\src\components\forms\JobForm.tsx:23:20)
    at ToastProvider (C:\playground\Python\ai_scrapper\frontend\src\providers\ToastProvider.tsx:17:3)
    at Router (C:\playground\Python\ai_scrapper\frontend\node_modules\react-router\dist\development\chunk-R73PQUJU.js:414:13)
    at BrowserRouter (C:\playground\Python\ai_scrapper\frontend\node_modules\react-router\dist\development\chunk-R73PQUJU.js:872:3)
    at QueryClientProvider 
(file:///C:/playground/Python/ai_scrapper/frontend/node_modules/@tanstack/react-query/build/modern/QueryClientProvider.js:20:3)
    at AllTheProviders (C:\playground\Python\ai_scrapper\frontend\src\test\utils.tsx:11:28)

[90mstderr[2m | src/components/forms/__tests__/JobForm.test.tsx[2m > [22m[2mJobForm[2m > [22m[2mform behavior[2m > [22m[2mresets form 
after successful submission[22m[39m
Warning: An update to JobForm inside a test was not wrapped in act(...).

When testing, code that causes React state updates should be wrapped into act(...):

act(() => {
  /* fire events that update state */
});
/* assert on the output */

This ensures that you're testing the behavior the user would see in the browser. Learn more at https://reactjs.org/link/wrap-tests-with-act
    at JobForm (C:\playground\Python\ai_scrapper\frontend\src\components\forms\JobForm.tsx:23:20)
    at ToastProvider (C:\playground\Python\ai_scrapper\frontend\src\providers\ToastProvider.tsx:17:3)
    at Router (C:\playground\Python\ai_scrapper\frontend\node_modules\react-router\dist\development\chunk-R73PQUJU.js:414:13)
    at BrowserRouter (C:\playground\Python\ai_scrapper\frontend\node_modules\react-router\dist\development\chunk-R73PQUJU.js:872:3)
    at QueryClientProvider 
(file:///C:/playground/Python/ai_scrapper/frontend/node_modules/@tanstack/react-query/build/modern/QueryClientProvider.js:20:3)
    at AllTheProviders (C:\playground\Python\ai_scrapper\frontend\src\test\utils.tsx:11:28)
Warning: An update to UrlInput inside a test was not wrapped in act(...).

When testing, code that causes React state updates should be wrapped into act(...):

act(() => {
  /* fire events that update state */
});
/* assert on the output */

This ensures that you're testing the behavior the user would see in the browser. Learn more at https://reactjs.org/link/wrap-tests-with-act
    at UrlInput (C:\playground\Python\ai_scrapper\frontend\src\components\forms\UrlInput.tsx:8:3)
    at div
    at form
    at div
    at JobForm (C:\playground\Python\ai_scrapper\frontend\src\components\forms\JobForm.tsx:23:20)
    at ToastProvider (C:\playground\Python\ai_scrapper\frontend\src\providers\ToastProvider.tsx:17:3)
    at Router (C:\playground\Python\ai_scrapper\frontend\node_modules\react-router\dist\development\chunk-R73PQUJU.js:414:13)
    at BrowserRouter (C:\playground\Python\ai_scrapper\frontend\node_modules\react-router\dist\development\chunk-R73PQUJU.js:872:3)
    at QueryClientProvider 
(file:///C:/playground/Python/ai_scrapper/frontend/node_modules/@tanstack/react-query/build/modern/QueryClientProvider.js:20:3)
    at AllTheProviders (C:\playground\Python\ai_scrapper\frontend\src\test\utils.tsx:11:28)

[90mstderr[2m | src/components/forms/__tests__/JobForm.test.tsx[2m > [22m[2mJobForm[2m > [22m[2mform behavior[2m > [22m[2mresets form 
after successful submission[22m[39m
Warning: An update to JobForm inside a test was not wrapped in act(...).

When testing, code that causes React state updates should be wrapped into act(...):

act(() => {
  /* fire events that update state */
});
/* assert on the output */

This ensures that you're testing the behavior the user would see in the browser. Learn more at https://reactjs.org/link/wrap-tests-with-act
    at JobForm (C:\playground\Python\ai_scrapper\frontend\src\components\forms\JobForm.tsx:23:20)
    at ToastProvider (C:\playground\Python\ai_scrapper\frontend\src\providers\ToastProvider.tsx:17:3)
    at Router (C:\playground\Python\ai_scrapper\frontend\node_modules\react-router\dist\development\chunk-R73PQUJU.js:414:13)
    at BrowserRouter (C:\playground\Python\ai_scrapper\frontend\node_modules\react-router\dist\development\chunk-R73PQUJU.js:872:3)
    at QueryClientProvider 
(file:///C:/playground/Python/ai_scrapper/frontend/node_modules/@tanstack/react-query/build/modern/QueryClientProvider.js:20:3)
    at AllTheProviders (C:\playground\Python\ai_scrapper\frontend\src\test\utils.tsx:11:28)
Warning: An update to UrlInput inside a test was not wrapped in act(...).

When testing, code that causes React state updates should be wrapped into act(...):

act(() => {
  /* fire events that update state */
});
/* assert on the output */

This ensures that you're testing the behavior the user would see in the browser. Learn more at https://reactjs.org/link/wrap-tests-with-act
    at UrlInput (C:\playground\Python\ai_scrapper\frontend\src\components\forms\UrlInput.tsx:8:3)
    at div
    at form
    at div
    at JobForm (C:\playground\Python\ai_scrapper\frontend\src\components\forms\JobForm.tsx:23:20)
    at ToastProvider (C:\playground\Python\ai_scrapper\frontend\src\providers\ToastProvider.tsx:17:3)
    at Router (C:\playground\Python\ai_scrapper\frontend\node_modules\react-router\dist\development\chunk-R73PQUJU.js:414:13)
    at BrowserRouter (C:\playground\Python\ai_scrapper\frontend\node_modules\react-router\dist\development\chunk-R73PQUJU.js:872:3)
    at QueryClientProvider 
(file:///C:/playground/Python/ai_scrapper/frontend/node_modules/@tanstack/react-query/build/modern/QueryClientProvider.js:20:3)
    at AllTheProviders (C:\playground\Python\ai_scrapper\frontend\src\test\utils.tsx:11:28)

[90mstderr[2m | src/components/forms/__tests__/JobForm.test.tsx[2m > [22m[2mJobForm[2m > [22m[2mform behavior[2m > [22m[2mresets form 
after successful submission[22m[39m
Warning: An update to JobForm inside a test was not wrapped in act(...).

When testing, code that causes React state updates should be wrapped into act(...):

act(() => {
  /* fire events that update state */
});
/* assert on the output */

This ensures that you're testing the behavior the user would see in the browser. Learn more at https://reactjs.org/link/wrap-tests-with-act
    at JobForm (C:\playground\Python\ai_scrapper\frontend\src\components\forms\JobForm.tsx:23:20)
    at ToastProvider (C:\playground\Python\ai_scrapper\frontend\src\providers\ToastProvider.tsx:17:3)
    at Router (C:\playground\Python\ai_scrapper\frontend\node_modules\react-router\dist\development\chunk-R73PQUJU.js:414:13)
    at BrowserRouter (C:\playground\Python\ai_scrapper\frontend\node_modules\react-router\dist\development\chunk-R73PQUJU.js:872:3)
    at QueryClientProvider 
(file:///C:/playground/Python/ai_scrapper/frontend/node_modules/@tanstack/react-query/build/modern/QueryClientProvider.js:20:3)
    at AllTheProviders (C:\playground\Python\ai_scrapper\frontend\src\test\utils.tsx:11:28)
Warning: An update to UrlInput inside a test was not wrapped in act(...).

When testing, code that causes React state updates should be wrapped into act(...):

act(() => {
  /* fire events that update state */
});
/* assert on the output */

This ensures that you're testing the behavior the user would see in the browser. Learn more at https://reactjs.org/link/wrap-tests-with-act
    at UrlInput (C:\playground\Python\ai_scrapper\frontend\src\components\forms\UrlInput.tsx:8:3)
    at div
    at form
    at div
    at JobForm (C:\playground\Python\ai_scrapper\frontend\src\components\forms\JobForm.tsx:23:20)
    at ToastProvider (C:\playground\Python\ai_scrapper\frontend\src\providers\ToastProvider.tsx:17:3)
    at Router (C:\playground\Python\ai_scrapper\frontend\node_modules\react-router\dist\development\chunk-R73PQUJU.js:414:13)
    at BrowserRouter (C:\playground\Python\ai_scrapper\frontend\node_modules\react-router\dist\development\chunk-R73PQUJU.js:872:3)
    at QueryClientProvider 
(file:///C:/playground/Python/ai_scrapper/frontend/node_modules/@tanstack/react-query/build/modern/QueryClientProvider.js:20:3)
    at AllTheProviders (C:\playground\Python\ai_scrapper\frontend\src\test\utils.tsx:11:28)

[90mstderr[2m | src/components/forms/__tests__/JobForm.test.tsx[2m > [22m[2mJobForm[2m > [22m[2mform behavior[2m > [22m[2mresets form 
after successful submission[22m[39m
Warning: An update to JobForm inside a test was not wrapped in act(...).

When testing, code that causes React state updates should be wrapped into act(...):

act(() => {
  /* fire events that update state */
});
/* assert on the output */

This ensures that you're testing the behavior the user would see in the browser. Learn more at https://reactjs.org/link/wrap-tests-with-act
    at JobForm (C:\playground\Python\ai_scrapper\frontend\src\components\forms\JobForm.tsx:23:20)
    at ToastProvider (C:\playground\Python\ai_scrapper\frontend\src\providers\ToastProvider.tsx:17:3)
    at Router (C:\playground\Python\ai_scrapper\frontend\node_modules\react-router\dist\development\chunk-R73PQUJU.js:414:13)
    at BrowserRouter (C:\playground\Python\ai_scrapper\frontend\node_modules\react-router\dist\development\chunk-R73PQUJU.js:872:3)
    at QueryClientProvider 
(file:///C:/playground/Python/ai_scrapper/frontend/node_modules/@tanstack/react-query/build/modern/QueryClientProvider.js:20:3)
    at AllTheProviders (C:\playground\Python\ai_scrapper\frontend\src\test\utils.tsx:11:28)
Warning: An update to UrlInput inside a test was not wrapped in act(...).

When testing, code that causes React state updates should be wrapped into act(...):

act(() => {
  /* fire events that update state */
});
/* assert on the output */

This ensures that you're testing the behavior the user would see in the browser. Learn more at https://reactjs.org/link/wrap-tests-with-act
    at UrlInput (C:\playground\Python\ai_scrapper\frontend\src\components\forms\UrlInput.tsx:8:3)
    at div
    at form
    at div
    at JobForm (C:\playground\Python\ai_scrapper\frontend\src\components\forms\JobForm.tsx:23:20)
    at ToastProvider (C:\playground\Python\ai_scrapper\frontend\src\providers\ToastProvider.tsx:17:3)
    at Router (C:\playground\Python\ai_scrapper\frontend\node_modules\react-router\dist\development\chunk-R73PQUJU.js:414:13)
    at BrowserRouter (C:\playground\Python\ai_scrapper\frontend\node_modules\react-router\dist\development\chunk-R73PQUJU.js:872:3)
    at QueryClientProvider 
(file:///C:/playground/Python/ai_scrapper/frontend/node_modules/@tanstack/react-query/build/modern/QueryClientProvider.js:20:3)
    at AllTheProviders (C:\playground\Python\ai_scrapper\frontend\src\test\utils.tsx:11:28)

[90mstderr[2m | src/components/forms/__tests__/JobForm.test.tsx[2m > [22m[2mJobForm[2m > [22m[2mform behavior[2m > [22m[2mresets form 
after successful submission[22m[39m
Warning: An update to JobForm inside a test was not wrapped in act(...).

When testing, code that causes React state updates should be wrapped into act(...):

act(() => {
  /* fire events that update state */
});
/* assert on the output */

This ensures that you're testing the behavior the user would see in the browser. Learn more at https://reactjs.org/link/wrap-tests-with-act
    at JobForm (C:\playground\Python\ai_scrapper\frontend\src\components\forms\JobForm.tsx:23:20)
    at ToastProvider (C:\playground\Python\ai_scrapper\frontend\src\providers\ToastProvider.tsx:17:3)
    at Router (C:\playground\Python\ai_scrapper\frontend\node_modules\react-router\dist\development\chunk-R73PQUJU.js:414:13)
    at BrowserRouter (C:\playground\Python\ai_scrapper\frontend\node_modules\react-router\dist\development\chunk-R73PQUJU.js:872:3)
    at QueryClientProvider 
(file:///C:/playground/Python/ai_scrapper/frontend/node_modules/@tanstack/react-query/build/modern/QueryClientProvider.js:20:3)
    at AllTheProviders (C:\playground\Python\ai_scrapper\frontend\src\test\utils.tsx:11:28)
Warning: An update to UrlInput inside a test was not wrapped in act(...).

When testing, code that causes React state updates should be wrapped into act(...):

act(() => {
  /* fire events that update state */
});
/* assert on the output */

This ensures that you're testing the behavior the user would see in the browser. Learn more at https://reactjs.org/link/wrap-tests-with-act
    at UrlInput (C:\playground\Python\ai_scrapper\frontend\src\components\forms\UrlInput.tsx:8:3)
    at div
    at form
    at div
    at JobForm (C:\playground\Python\ai_scrapper\frontend\src\components\forms\JobForm.tsx:23:20)
    at ToastProvider (C:\playground\Python\ai_scrapper\frontend\src\providers\ToastProvider.tsx:17:3)
    at Router (C:\playground\Python\ai_scrapper\frontend\node_modules\react-router\dist\development\chunk-R73PQUJU.js:414:13)
    at BrowserRouter (C:\playground\Python\ai_scrapper\frontend\node_modules\react-router\dist\development\chunk-R73PQUJU.js:872:3)
    at QueryClientProvider 
(file:///C:/playground/Python/ai_scrapper/frontend/node_modules/@tanstack/react-query/build/modern/QueryClientProvider.js:20:3)
    at AllTheProviders (C:\playground\Python\ai_scrapper\frontend\src\test\utils.tsx:11:28)

[90mstderr[2m | src/components/forms/__tests__/JobForm.test.tsx[2m > [22m[2mJobForm[2m > [22m[2mform behavior[2m > [22m[2mresets form 
after successful submission[22m[39m
Warning: An update to JobForm inside a test was not wrapped in act(...).

When testing, code that causes React state updates should be wrapped into act(...):

act(() => {
  /* fire events that update state */
});
/* assert on the output */

This ensures that you're testing the behavior the user would see in the browser. Learn more at https://reactjs.org/link/wrap-tests-with-act
    at JobForm (C:\playground\Python\ai_scrapper\frontend\src\components\forms\JobForm.tsx:23:20)
    at ToastProvider (C:\playground\Python\ai_scrapper\frontend\src\providers\ToastProvider.tsx:17:3)
    at Router (C:\playground\Python\ai_scrapper\frontend\node_modules\react-router\dist\development\chunk-R73PQUJU.js:414:13)
    at BrowserRouter (C:\playground\Python\ai_scrapper\frontend\node_modules\react-router\dist\development\chunk-R73PQUJU.js:872:3)
    at QueryClientProvider 
(file:///C:/playground/Python/ai_scrapper/frontend/node_modules/@tanstack/react-query/build/modern/QueryClientProvider.js:20:3)
    at AllTheProviders (C:\playground\Python\ai_scrapper\frontend\src\test\utils.tsx:11:28)
Warning: An update to UrlInput inside a test was not wrapped in act(...).

When testing, code that causes React state updates should be wrapped into act(...):

act(() => {
  /* fire events that update state */
});
/* assert on the output */

This ensures that you're testing the behavior the user would see in the browser. Learn more at https://reactjs.org/link/wrap-tests-with-act
    at UrlInput (C:\playground\Python\ai_scrapper\frontend\src\components\forms\UrlInput.tsx:8:3)
    at div
    at form
    at div
    at JobForm (C:\playground\Python\ai_scrapper\frontend\src\components\forms\JobForm.tsx:23:20)
    at ToastProvider (C:\playground\Python\ai_scrapper\frontend\src\providers\ToastProvider.tsx:17:3)
    at Router (C:\playground\Python\ai_scrapper\frontend\node_modules\react-router\dist\development\chunk-R73PQUJU.js:414:13)
    at BrowserRouter (C:\playground\Python\ai_scrapper\frontend\node_modules\react-router\dist\development\chunk-R73PQUJU.js:872:3)
    at QueryClientProvider 
(file:///C:/playground/Python/ai_scrapper/frontend/node_modules/@tanstack/react-query/build/modern/QueryClientProvider.js:20:3)
    at AllTheProviders (C:\playground\Python\ai_scrapper\frontend\src\test\utils.tsx:11:28)

[90mstderr[2m | src/components/forms/__tests__/JobForm.test.tsx[2m > [22m[2mJobForm[2m > [22m[2mform behavior[2m > [22m[2mresets form 
after successful submission[22m[39m
Warning: An update to JobForm inside a test was not wrapped in act(...).

When testing, code that causes React state updates should be wrapped into act(...):

act(() => {
  /* fire events that update state */
});
/* assert on the output */

This ensures that you're testing the behavior the user would see in the browser. Learn more at https://reactjs.org/link/wrap-tests-with-act
    at JobForm (C:\playground\Python\ai_scrapper\frontend\src\components\forms\JobForm.tsx:23:20)
    at ToastProvider (C:\playground\Python\ai_scrapper\frontend\src\providers\ToastProvider.tsx:17:3)
    at Router (C:\playground\Python\ai_scrapper\frontend\node_modules\react-router\dist\development\chunk-R73PQUJU.js:414:13)
    at BrowserRouter (C:\playground\Python\ai_scrapper\frontend\node_modules\react-router\dist\development\chunk-R73PQUJU.js:872:3)
    at QueryClientProvider 
(file:///C:/playground/Python/ai_scrapper/frontend/node_modules/@tanstack/react-query/build/modern/QueryClientProvider.js:20:3)
    at AllTheProviders (C:\playground\Python\ai_scrapper\frontend\src\test\utils.tsx:11:28)
Warning: An update to UrlInput inside a test was not wrapped in act(...).

When testing, code that causes React state updates should be wrapped into act(...):

act(() => {
  /* fire events that update state */
});
/* assert on the output */

This ensures that you're testing the behavior the user would see in the browser. Learn more at https://reactjs.org/link/wrap-tests-with-act
    at UrlInput (C:\playground\Python\ai_scrapper\frontend\src\components\forms\UrlInput.tsx:8:3)
    at div
    at form
    at div
    at JobForm (C:\playground\Python\ai_scrapper\frontend\src\components\forms\JobForm.tsx:23:20)
    at ToastProvider (C:\playground\Python\ai_scrapper\frontend\src\providers\ToastProvider.tsx:17:3)
    at Router (C:\playground\Python\ai_scrapper\frontend\node_modules\react-router\dist\development\chunk-R73PQUJU.js:414:13)
    at BrowserRouter (C:\playground\Python\ai_scrapper\frontend\node_modules\react-router\dist\development\chunk-R73PQUJU.js:872:3)
    at QueryClientProvider 
(file:///C:/playground/Python/ai_scrapper/frontend/node_modules/@tanstack/react-query/build/modern/QueryClientProvider.js:20:3)
    at AllTheProviders (C:\playground\Python\ai_scrapper\frontend\src\test\utils.tsx:11:28)

[90mstderr[2m | src/components/forms/__tests__/JobForm.test.tsx[2m > [22m[2mJobForm[2m > [22m[2mform behavior[2m > [22m[2mresets form 
after successful submission[22m[39m
Warning: An update to JobForm inside a test was not wrapped in act(...).

When testing, code that causes React state updates should be wrapped into act(...):

act(() => {
  /* fire events that update state */
});
/* assert on the output */

This ensures that you're testing the behavior the user would see in the browser. Learn more at https://reactjs.org/link/wrap-tests-with-act
    at JobForm (C:\playground\Python\ai_scrapper\frontend\src\components\forms\JobForm.tsx:23:20)
    at ToastProvider (C:\playground\Python\ai_scrapper\frontend\src\providers\ToastProvider.tsx:17:3)
    at Router (C:\playground\Python\ai_scrapper\frontend\node_modules\react-router\dist\development\chunk-R73PQUJU.js:414:13)
    at BrowserRouter (C:\playground\Python\ai_scrapper\frontend\node_modules\react-router\dist\development\chunk-R73PQUJU.js:872:3)
    at QueryClientProvider 
(file:///C:/playground/Python/ai_scrapper/frontend/node_modules/@tanstack/react-query/build/modern/QueryClientProvider.js:20:3)
    at AllTheProviders (C:\playground\Python\ai_scrapper\frontend\src\test\utils.tsx:11:28)
Warning: An update to JobForm inside a test was not wrapped in act(...).

When testing, code that causes React state updates should be wrapped into act(...):

act(() => {
  /* fire events that update state */
});
/* assert on the output */

This ensures that you're testing the behavior the user would see in the browser. Learn more at https://reactjs.org/link/wrap-tests-with-act
    at JobForm (C:\playground\Python\ai_scrapper\frontend\src\components\forms\JobForm.tsx:23:20)
    at ToastProvider (C:\playground\Python\ai_scrapper\frontend\src\providers\ToastProvider.tsx:17:3)
    at Router (C:\playground\Python\ai_scrapper\frontend\node_modules\react-router\dist\development\chunk-R73PQUJU.js:414:13)
    at BrowserRouter (C:\playground\Python\ai_scrapper\frontend\node_modules\react-router\dist\development\chunk-R73PQUJU.js:872:3)
    at QueryClientProvider 
(file:///C:/playground/Python/ai_scrapper/frontend/node_modules/@tanstack/react-query/build/modern/QueryClientProvider.js:20:3)
    at AllTheProviders (C:\playground\Python\ai_scrapper\frontend\src\test\utils.tsx:11:28)
Warning: An update to JobForm inside a test was not wrapped in act(...).

When testing, code that causes React state updates should be wrapped into act(...):

act(() => {
  /* fire events that update state */
});
/* assert on the output */

This ensures that you're testing the behavior the user would see in the browser. Learn more at https://reactjs.org/link/wrap-tests-with-act
    at JobForm (C:\playground\Python\ai_scrapper\frontend\src\components\forms\JobForm.tsx:23:20)
    at ToastProvider (C:\playground\Python\ai_scrapper\frontend\src\providers\ToastProvider.tsx:17:3)
    at Router (C:\playground\Python\ai_scrapper\frontend\node_modules\react-router\dist\development\chunk-R73PQUJU.js:414:13)
    at BrowserRouter (C:\playground\Python\ai_scrapper\frontend\node_modules\react-router\dist\development\chunk-R73PQUJU.js:872:3)
    at QueryClientProvider 
(file:///C:/playground/Python/ai_scrapper/frontend/node_modules/@tanstack/react-query/build/modern/QueryClientProvider.js:20:3)
    at AllTheProviders (C:\playground\Python\ai_scrapper\frontend\src\test\utils.tsx:11:28)
Warning: An update to JobForm inside a test was not wrapped in act(...).

When testing, code that causes React state updates should be wrapped into act(...):

act(() => {
  /* fire events that update state */
});
/* assert on the output */
 [33mΓ¥»[39m src/components/forms/__tests__/JobForm.test.tsx [2m ([22m[2m10 tests[22m [2m|[22m [31m2 failed[39m[2m)[22m[33m 3766[2mms[22m[39m
[31m   [33mΓ¥»[31m src/components/forms/__tests__/JobForm.test.tsx[2m > [22mJobForm[2m > [22mform validation[2m > [22mvalidates required URL field[39m
[31m     ΓåÆ Unable to find an element with the text: /url is required/i. This could be because the text is broken up by multiple elements. In this case, you can provide a function for your text matcher to make your matcher more flexible.

Ignored nodes: comments, script, style
[36m<body>[31m
  [36m<div[31m
    [33mid[31m=[32m"toast-container"[31m
  [36m/>[31m
  [36m<div>[31m

This ensures that you're testing the behavior the user would see in the browser. Learn more at https://reactjs.org/link/wrap-tests-with-act
    at JobForm (C:\playground\Python\ai_scrapper\frontend\src\components\forms\JobForm.tsx:23:20)
    at ToastProvider (C:\playground\Python\ai_scrapper\frontend\src\providers\ToastProvider.tsx:17:3)
    at Router (C:\playground\Python\ai_scrapper\frontend\node_modules\react-router\dist\development\chunk-R73PQUJU.js:414:13)
    at BrowserRouter (C:\playground\Python\ai_scrapper\frontend\node_modules\react-router\dist\development\chunk-R73PQUJU.js:872:3)
    at QueryClientProvider 
(file:///C:/playground/Python/ai_scrapper/frontend/node_modules/@tanstack/react-query/build/modern/QueryClientProvider.js:20:3)
    at AllTheProviders (C:\playground\Python\ai_scrapper\frontend\src\test\utils.tsx:11:28)
    [36m<div[31m
      [33mclass[31m=[32m"max-w-4xl mx-auto "[31m
    [36m>[31m
      [36m<form[31m
        [33mclass[31m=[32m"space-y-6"[31m
      [36m>[31m
        [36m<div[31m
          [33mclass[31m=[32m"bg-white shadow rounded-lg p-6"[31m
Warning: An update to JobForm inside a test was not wrapped in act(...).

When testing, code that causes React state updates should be wrapped into act(...):

act(() => {
  /* fire events that update state */
});
        [36m>[31m
          [36m<div[31m
            [33mclass[31m=[32m"space-y-2 "[31m
          [36m>[31m
            [36m<label[31m
              [33mclass[31m=[32m"block text-sm font-medium text-gray-700"[31m
              [33mfor[31m=[32m"url-input-il604wu81"[31m
            [36m>[31m
              [0mURL[0m
              [36m<span[31m
                [33maria-hidden[31m=[32m"true"[31m
                [33mclass[31m=[32m"text-red-500 ml-1"[31m
/* assert on the output */

This ensures that you're testing the behavior the user would see in the browser. Learn more at https://reactjs.org/link/wrap-tests-with-act
    at JobForm (C:\playground\Python\ai_scrapper\frontend\src\components\forms\JobForm.tsx:23:20)
    at ToastProvider (C:\playground\Python\ai_scrapper\frontend\src\providers\ToastProvider.tsx:17:3)
    at Router (C:\playground\Python\ai_scrapper\frontend\node_modules\react-router\dist\development\chunk-R73PQUJU.js:414:13)
    at BrowserRouter (C:\playground\Python\ai_scrapper\frontend\node_modules\react-router\dist\development\chunk-R73PQUJU.js:872:3)
    at QueryClientProvider 
(file:///C:/playground/Python/ai_scrapper/frontend/node_modules/@tanstack/react-query/build/modern/QueryClientProvider.js:20:3)
    at AllTheProviders (C:\playground\Python\ai_scrapper\frontend\src\test\utils.tsx:11:28)
              [36m>[31m
                [0m*[0m
              [36m</span>[31m
              [36m<span[31m
                [33mclass[31m=[32m"sr-only"[31m
              [36m>[31m
                [0mrequired[0m
              [36m</span>[31m
            [36m</label>[31m
Warning: An update to UrlInput inside a test was not wrapped in act(...).

When testing, code that causes React state updates should be wrapped into act(...):

act(() => {
  /* fire events that update state */
});
/* assert on the output */
            [36m<div[31m
              [33mclass[31m=[32m"relative"[31m
            [36m>[31m
              [36m<input[31m
                [33maria-describedby[31m=[32m"url-input-il604wu81-help"[31m
                [33maria-invalid[31m=[32m"false"[31m
                [33maria-required[31m=[32m"true"[31m
                [33mclass[31m=[32m"
            block w-full px-3 py-2 border rounded-md shadow-sm transition-colors duration-200
            placeholder-gray-400 focus:outline-none focus:ring-2 focus:ring-primary-500 focus:border-primary-500
            border-gray-300
          "[31m

This ensures that you're testing the behavior the user would see in the browser. Learn more at https://reactjs.org/link/wrap-tests-with-act
    at UrlInput (C:\playground\Python\ai_scrapper\frontend\src\components\forms\UrlInput.tsx:8:3)
    at div
    at form
    at div
    at JobForm (C:\playground\Python\ai_scrapper\frontend\src\components\forms\JobForm.tsx:23:20)
    at ToastProvider (C:\playground\Python\ai_scrapper\frontend\src\providers\ToastProvider.tsx:17:3)
    at Router (C:\playground\Python\ai_scrapper\frontend\node_modules\react-router\dist\development\chunk-R73PQUJU.js:414:13)
                [33mid[31m=[32m"url-input-il604wu81"[31m
                [33mname[31m=[32m"url"[31m
                [33mplaceholder[31m=[32m"https://example.com"[31m
                [33mtype[31m=[32m"url"[31m
              [36m/>[31m
            [36m</div>[31m
            [36m<p[31m
              [33mclass[31m=[32m"text-sm text-gray-500"[31m
              [33mid[31m=[32m"url-input-il604wu81-help"[31m
            [36m>[31m
              [0mEnter a valid URL starting with http:// or https://[0m
    at BrowserRouter (C:\playground\Python\ai_scrapper\frontend\node_modules\react-router\dist\development\chunk-R73PQUJU.js:872:3)
    at QueryClientProvider 
(file:///C:/playground/Python/ai_scrapper/frontend/node_modules/@tanstack/react-query/build/modern/QueryClientProvider.js:20:3)
    at AllTheProviders (C:\playground\Python\ai_scrapper\frontend\src\test\utils.tsx:11:28)
Warning: An update to JobForm inside a test was not wrapped in act(...).

When testing, code that causes React state updates should be wrapped into act(...):

act(() => {
  /* fire events that update state */
});
            [36m</p>[31m
          [36m</div>[31m
        [36m</div>[31m
        [36m<div[31m
          [33mclass[31m=[32m"bg-white shadow rounded-lg p-6"[31m
        [36m>[31m
          [36m<div[31m
            [33mclass[31m=[32m"space-y-4"[31m
          [36m>[31m
            [36m<div[31m
/* assert on the output */

This ensures that you're testing the behavior the user would see in the browser. Learn more at https://reactjs.org/link/wrap-tests-with-act
    at JobForm (C:\playground\Python\ai_scrapper\frontend\src\components\forms\JobForm.tsx:23:20)
    at ToastProvider (C:\playground\Python\ai_scrapper\frontend\src\providers\ToastProvider.tsx:17:3)
    at Router (C:\playground\Python\ai_scrapper\frontend\node_modules\react-router\dist\development\chunk-R73PQUJU.js:414:13)
    at BrowserRouter (C:\playground\Python\ai_scrapper\frontend\node_modules\react-router\dist\development\chunk-R73PQUJU.js:872:3)
    at QueryClientProvider 
(file:///C:/playground/Python/ai_scrapper/frontend/node_modules/@tanstack/react-query/build/modern/QueryClientProvider.js:20:3)
    at AllTheProviders (C:\playground\Python\ai_scrapper\frontend\src\test\utils.tsx:11:28)
Warning: An update to JobForm inside a test was not wrapped in act(...).

When testing, code that causes React state updates should be wrapped into act(...):
              [33mclass[31m=[32m"flex items-center justify-between"[31m
            [36m>[31m
              [36m<label[31m
                [33mclass[31m=[32m"block text-sm font-medium text-gray-700"[31m
              [36m>[31m
                [0mCSS Selectors[0m

act(() => {
  /* fire events that update state */
});
/* assert on the output */

This ensures that you're testing the behavior the user would see in the browser. Learn more at https://reactjs.org/link/wrap-tests-with-act
    at JobForm (C:\playground\Python\ai_scrapper\frontend\src\components\forms\JobForm.tsx:23:20)
    at ToastProvider (C:\playground\Python\ai_scrapper\frontend\src\providers\ToastProvider.tsx:17:3)
    at Router (C:\playground\Python\ai_scrapper\frontend\node_modules\react-router\dist\development\chunk-R73PQUJU.js:414:13)
    at BrowserRouter (C:\playground\Python\ai_scrapper\frontend\node_modules\react-router\dist\development\chunk-R73PQUJU.js:872:3)
    at QueryClientProvider 
(file:///C:/playground/Python/ai_scrapper/frontend/node_modules/@tanstack/react-query/build/modern/QueryClientProvider.js:20:3)
    at AllTheProviders (C:\playground\Python\ai_scrapper\frontend\src\test\utils.tsx:11:28)
              [36m</label>[31m
              [36m<span[31m
                [33mclass[31m=[32m"text-xs text-gray-500"[31m
              [36m>[31m
                [0mDefine what data to extract from the page[0m
              [36m</span>[31m
            [36m</div>[31m
            [36m<div[31m
              [33mclass[31m=[32m"border-2 border-dashed border-gray-300 rounded-lg p-4"[31m

            [36m>[31m
              [36m<div[31m
                [33mclass[31m=[32m"space-y-3"[31m
              [36m>[31m
                [36m<div[31m
                  [33mclass[31m=[32m"grid grid-cols-1 md:grid-cols-2 gap-3"[31m
                [36m>[31m
                  [36m<div>[31m
                    [36m<input[31m
                      [33mclass[31m=[32m"
                  block w-full px-3 py-2 text-sm border rounded-md focus:outline-none focus:ring-2 focus:ring-blue-500 focus:border-blue-500
                  border-gray-300
                "[31m
                      [33mplaceholder[31m=[32m"Field name (e.g., title, price, description)"[31m
                      [33mtype[31m=[32m"text"[31m
                      [33mvalue[31m=[32m""[31m
                    [36m/>[31m
                  [36m</div>[31m
                  [36m<div>[31m
                    [36m<input[31m
                      [33mclass[31m=[32m"
                  block w-full px-3 py-2 text-sm border rounded-md focus:outline-none focus:ring-2 focus:ring-blue-500 focus:border-blue-500
                  border-gray-300
                "[31m
                      [33mplaceholder[31m=[32m"CSS selector (e.g., h1, .title, #main-content)"[31m
                      [33mtype[31m=[32m"text"[31m
                      [33mvalue[31m=[32m""[31m
                    [36m/>[31m
                  [36m</div>[31m
                [36m</div>[31m
                [36m<button[31m
                  [33mclass[31m=[32m"inline-flex items-center px-3 py-2 text-sm font-medium text-blue-700 bg-blue-100 border border-transparent rounded-md hover:bg-blue-200 focus:outline-none focus:ring-2 focus:ring-offset-2 focus:ring-blue-500 transition-colors"[31m
                  [33mtype[31m=[32m"button"[31m
                [36m>[31m
                  [36m<svg[31m
                    [33mclass[31m=[32m"w-4 h-4 mr-2"[31m
                    [33mfill[31m=[32m"currentColor"[31m
                    [33mviewBox[31m=[32m"0 0 20 20"[31m
                  [36m>[31m
                    [36m<path[31m
                      [33mclip-rule[31m=[32m"evenodd"[31m
                      [33md[31m=[32m"M10 3a1 1 0 011 1v5h5a1 1 0 110 2h-5v5a1 1 0 11-2 0v-5H4a1 1 0 110-2h5V4a1 1 0 011-1z"[31m
                      [33mfill-rule[31m=[32m"evenodd"[31m
                    [36m/>[31m
                  [36m</svg>[31m
                  [0mAdd Selector[0m
                [36m</button>[31m
              [36m</div>[31m
            [36m</div>[31m
            [36m<div[31m
              [33mclass[31m=[32m"bg-blue-50 border border-blue-200 rounded-lg p-3"[31m
            [36m>[31m
              [36m<div[31m
                [33mclass[31m=[32m"flex"[31m
              [36m>[31m
                [36m<svg[31m
                  [33mclass[31m=[32m"w-5 h-5 text-blue-400 mt-0.5"[31m
                  [33mfill[31m=[32m"currentColor"[31m
                  [33mviewBox[31m=[32m"0 0 20 20"[31m
                [36m>[31m
                  [36m<path[31m
                    [33mclip-rule[31m=[32m"evenodd"[31m
                    [33md[31m=[32m"M18 10a8 8 0 11-16 0 8 8 0 0116 0zm-7-4a1 1 0 11-2 0 1 1 0 012 0zM9 9a1 1 0 000 2v3a1 1 0 001 1h1a1 1 0 100-2v-3a1 1 0 00-1-1H9z"[31m
                    [33mfill-rule[31m=[32m"evenodd"[31m
                  [36m/>[31m
                [36m</svg>[31m
                [36m<div[31m
                  [33mclass[31m=[32m"ml-3"[31m
                [36m>[31m
                  [36m<h4[31m
                    [33mclass[31m=[32m"text-sm font-medium text-blue-800"[31m
                  [36m>[31m
                    [0mCSS Selector Tips[0m
                  [36m</h4>[31m
                  [36m<div[31m
                    [33mclass[31m=[32m"mt-1 text-sm text-blue-700"[31m
                  [36m>[31m
                    [36m<ul[31m
                      [33mclass[31m=[32m"list-disc list-inside space-y-1"[31m
                    [36m>[31m
                      [36m<li>[31m
                        [36m<code[31m
                          [33mclass[31m=[32m"bg-blue-100 px-1 rounded"[31m
                        [36m>[31m
                          [0mh1[0m
                        [36m</code>[31m
                        [0m - Select by tag name[0m
                      [36m</li>[31m
                      [36m<li>[31m
                        [36m<code[31m
                          [33mclass[31m=[32m"bg-blue-100 px-1 rounded"[31m
                        [36m>[31m
                          [0m.class-name[0m
                        [36m</code>[31m
                        [0m - Select by class[0m
                      [36m</li>[31m
                      [36m<li>[31m
                        [36m<code[31m
                          [33mclass[31m=[32m"bg-blue-100 px-1 rounded"[31m
                        [36m>[31m
                          [0m#element-id[0m
                        [36m</code>[31m
                        [0m - Select by ID[0m
                      [36m</li>[31m
                      [36m<li>[31m
                        [36m<code[31m
                          [33mclass[31m=[32m"bg-blue-100 px-1 rounded"[31m
                        [36m>[31m
                          [0m[data-testid="value"][0m
                        [36m</code>[31m
                        [0m - Select by attribute[0m
                      [36m</li>[31m
                    [36m</ul>[31m
                  [36m</div>[31m
                [36m</div>[31m
              [36m</div>[31m
            [36m</div>[31m
          [36m</div>[31m
        [36m</div>[31m
        [36m<div[31m
          [33mclass[31m=[32m"bg-white shadow rounded-lg"[31m
        [36m>[31m
          [36m<div[31m
            [33mclass[31m=[32m"border border-gray-200 rounded-lg"[31m
          [36m>[31m
            [36m<button[31m
              [33mclass[31m=[32m"w-full px-4 py-3 text-left flex items-center justify-between bg-gray-50 hover:bg-gray-100 rounded-t-lg transition-colors"[31m
              [33mtype[31m=[32m"button"[31m
            [36m>[31m
              [36m<span[31m
                [33mclass[31m=[32m"text-sm font-medium text-gray-700"[31m
              [36m>[31m
                [0mAdvanced Options[0m
              [36m</span>[31m
              [36m<svg[31m
                [33mclass[31m=[32m"w-5 h-5 text-gray-500 transition-transform "[31m
                [33mfill[31m=[32m"currentColor"[31m
                [33mviewBox[31m=[32m"0 0 20 20"[31m
              [36m>[31m
                [36m<path[31m
                  [33mclip-rule[31m=[32m"evenodd"[31m
                  [33md[31m=[32m"M5.293 7.293a1 1 0 011.414 0L10 10.586l3.293-3.293a1 1 0 111.414 1.414l-4 4a1 1 0 01-1.414 0l-4-4a1 1 0 010-1.414z"[31m
                  [33mfill-rule[31m=[32m"evenodd"[31m
                [36m/>[31m
              [36m</svg>[31m
            [36m</button>[31m
          [36m</div>[31m
        [36m</div>[31m
        [36m<div[31m
          [33mclass[31m=[32m"bg-white shadow rounded-lg p-6"[31m
        [36m>[31m
          [36m<div[31m
            [33mclass[31m=[32m"flex items-center justify-between"[31m
          [36m>[31m
            [36m<div[31m
              [33mclass[31m=[32m"flex items-center space-x-4"[31m
            [36m>[31m
              [36m<button[31m
                [33mclass[31m=[32m"inline-flex items-center px-4 py-2 border border-gray-300 text-sm font-medium rounded-md text-gray-700 bg-white hover:bg-gray-50 focus:outline-none focus:ring-2 focus:ring-offset-2 focus:ring-gray-500 disabled:opacity-50 disabled:cursor-not-allowed transition-colors"[31m
                [33mtype[31m=[32m"button"[31m
              [36m>[31m
                [0mReset Form[0m
              [36m</button>[31m
              [36m<div[31m
                [33mclass[31m=[32m"text-sm text-gray-500"[31m
              [36m/>[31m
            [36m</div>[31m
            [36m<div[31m
              [33mclass[31m=[32m"flex items-center space-x-3"[31m
            [36m>[31m
              [36m<button[31m
                [33mclass[31m=[32m"
                  inline-flex items-center px-4 py-2 text-sm font-medium rounded-md focus:outline-none focus:ring-2 focus:ring-offset-2 transition-colors disabled:opacity-50 disabled:cursor-not-allowed
                  border border-gray-300 text-gray-500 bg-gray-50
                "[31m
                [33mdisabled[31m=[32m""[31m
                [33mtype[31m=[32m"submit"[31m
              [36m>[31m
                [0mCreate Job[0m
              [36m</button>[31m
            [36m</div>[31m
          [36m</div>[31m
          [36m<div[31m
            [33mclass[31m=[32m"mt-4 pt-4 border-t border-gray-200"[31m
          [36m>[31m
            [36m<div[31m
              [33mclass[31m=[32m"grid grid-cols-1 md:grid-cols-3 gap-4 text-sm"[31m
            [36m>[31m
              [36m<div>[31m
                [36m<span[31m
                  [33mclass[31m=[32m"font-medium text-gray-700"[31m
                [36m>[31m
                  [0mURL:[0m
                [36m</span>[31m
                [36m<span[31m
                  [33mclass[31m=[32m"ml-2 text-gray-600 truncate block"[31m
                [36m>[31m
                  [0mNot specified[0m
                [36m</span>[31m
              [36m</div>[31m
              [36m<div>[31m
                [36m<span[31m
                  [33mclass[31m=[32m"font-medium text-gray-700"[31m
                [36m>[31m
                  [0mSelectors:[0m
                [36m</span>[31m
                [36m<span[31m
                  [33mclass[31m=[32m"ml-2 text-gray-600"[31m
                [36m>[31m
                  [0m0[0m
                  [0m configured[0m
                [36m</span>[31m
              [36m</div>[31m
              [36m<div>[31m
                [36m<span[31m
                  [33mclass[31m=[32m"font-medium text-gray-700"[31m
                [36m>[31m
                  [0mTimeout:[0m
                [36m</span>[31m
                [36m<span[31m
                  [33mclass[31m=[32m"ml-2 text-gray-600"[31m
                [36m>[31m
                  [0m30[0m
                  [0m seconds[0m
                [36m</span>[31m
              [36m</div>[31m
            [36m</div>[31m
          [36m</div>[31m
        [36m</div>[31m
      [36m</form>[31m
    [36m</div>[31m
  [36m</div>[31m
[36m</body>[31m

Ignored nodes: comments, script, style
[36m<html>[31m
  [36m<head />[31m
  [36m<body>[31m
    [36m<div[31m
      [33mid[31m=[32m"toast-container"[31m
    [36m/>[31m
    [36m<div>[31m
      [36m<div[31m
        [33mclass[31m=[32m"max-w-4xl mx-auto "[31m
      [36m>[31m
        [36m<form[31m
          [33mclass[31m=[32m"space-y-6"[31m
        [36m>[31m
          [36m<div[31m
            [33mclass[31m=[32m"bg-white shadow rounded-lg p-6"[31m
          [36m>[31m
            [36m<div[31m
              [33mclass[31m=[32m"space-y-2 "[31m
            [36m>[31m
              [36m<label[31m
                [33mclass[31m=[32m"block text-sm font-medium text-gray-700"[31m
                [33mfor[31m=[32m"url-input-il604wu81"[31m
              [36m>[31m
                [0mURL[0m
                [36m<span[31m
                  [33maria-hidden[31m=[32m"true"[31m
                  [33mclass[31m=[32m"text-red-500 ml-1"[31m
                [36m>[31m
                  [0m*[0m
                [36m</span>[31m
                [36m<span[31m
                  [33mclass[31m=[32m"sr-only"[31m
                [36m>[31m
                  [0mrequired[0m
                [36m</span>[31m
              [36m</label>[31m
              [36m<div[31m
                [33mclass[31m=[32m"relative"[31m
              [36m>[31m
                [36m<input[31m
                  [33maria-describedby[31m=[32m"url-input-il604wu81-help"[31m
                  [33maria-invalid[31m=[32m"false"[31m
                  [33maria-required[31m=[32m"true"[31m
                  [33mclass[31m=[32m"
            block w-full px-3 py-2 border rounded-md shadow-sm transition-colors duration-200
            placeholder-gray-400 focus:outline-none focus:ring-2 focus:ring-primary-500 focus:border-primary-500
            border-gray-300
          "[31m
                  [33mid[31m=[32m"url-input-il604wu81"[31m
                  [33mname[31m=[32m"url"[31m
                  [33mplaceholder[31m=[32m"https://example.com"[31m
                  [33mtype[31m=[32m"url"[31m
                [36m/>[31m
              [36m</div>[31m
              [36m<p[31m
                [33mclass[31m=[32m"text-sm text-gray-500"[31m
                [33mid[31m=[32m"url-input-il604wu81-help"[31m
              [36m>[31m
                [0mEnter a valid URL starting with http:// or https://[0m
              [36m</p>[31m
            [36m</div>[31m
          [36m</div>[31m
          [36m<div[31m
            [33mclass[31m=[32m"bg-white shadow rounded-lg p-6"[31m
          [36m>[31m
            [36m<div[31m
              [33mclass[31m=[32m"space-y-4"[31m
            [36m>[31m
              [36m<div[31m
                [33mclass[31m=[32m"flex items-center justify-between"[31m
              [36m>[31m
                [36m<label[31m
                  [33mclass[31m=[32m"block text-sm font-medium text-gray-700"[31m
                [36m>[31m
                  [0mCSS Selectors[0m
                [36m</label>[31m
                [36m<span[31m
                  [33mclass[31m=[32m"text-xs text-gray-500"[31m
                [36m>[31m
                  [0mDefine what data to extract from the page[0m
                [36m</span>[31m
              [36m</div>[31m
              [36m<div[31m
                [33mclass[31m=[32m"border-2 border-dashed border-gray-300 rounded-lg p-4"[31m
              [36m>[31m
                [36m<div[31m
                  [33mclass[31m=[32m"space-y-3"[31m
                [36m>[31m
                  [36m<div[31m
                    [33mclass[31m=[32m"grid grid-cols-1 md:grid-cols-2 gap-3"[31m
                  [36m>[31m
                    [36m<div>[31m
                      [36m<input[31m
                        [33mclass[31m=[32m"
                  block w-full px-3 py-2 text-sm border rounded-md focus:outline-none focus:ring-2 focus:ring-blue-500 focus:border-blue-500
                  border-gray-300
                "[31m
                        [33mplaceholder[31m=[32m"Field name (e.g., title, price, description)"[31m
                        [33mtype[31m=[32m"text"[31m
                        [33mvalue[31m=[32m""[31m
                      [36m/>[31m
                    [36m</div>[31m
                    [36m<div>[31m
                      [36m<input[31m
                        [33mclass[31m=[32m"
                  block w-full px-3 py-2 text-sm border rounded-md focus:outline-none focus:ring-2 focus:ring-blue-500 focus:border-blue-500
                  border-gray-300
                "[31m
                        [33mplaceholder[31m=[32m"CSS selector (e.g., h1, .title, #main-content)"[31m
                        [33mtype[31m=[32m"text"[31m
                        [33mvalue[31m=[32m""[31m
                      [36m/>[31m
                    [36m</div>[31m
                  [36m</div>[31m
                  [36m<button[31m
                    [33mclass[31m=[32m"inline-flex items-center px-3 py-2 text-sm font-medium text-blue-700 bg-blue-100 border border-transparent rounded-md hover:bg-blue-200 focus:outline-none focus:ring-2 focus:ring-offset-2 focus:ring-blue-500 transition-colors"[31m
                    [33mtype[31m=[32m"button"[31m
                  [36m>[31m
                    [36m<svg[31m
                      [33mclass[31m=[32m"w-4 h-4 mr-2"[31m
                      [33mfill[31m=[32m"currentColor"[31m
                      [33mviewBox[31m=[32m"0 0 20 20"[31m
                    [36m>[31m
                      [36m<path[31m
                        [33mclip-rule[31m=[32m"evenodd"[31m
                        [33md[31m=[32m"M10 3a1 1 0 011 1v5h5a1 1 0 110 2h-5v5a1 1 0 11-2 0v-5H4a1 1 0 110-2h5V4a1 1 0 011-1z"[31m
                        [33mfill-rule[31m=[32m"evenodd"[31m
                      [36m/>[31m
                    [36m</svg>[31m
                    [0mAdd Selector[0m
                  [36m</button>[31m
                [36m</div>[31m
              [36m</div>[31m
              [36m<div[31m
                [33mclass[31m=[32m"bg-blue-50 border border-blue-200 rounded-lg p-3"[31m
              [36m>[31m
                [36m<div[31m
                  [33mclass[31m=[32m"flex"[31m
                [36m>[31m
                  [36m<svg[31m
                    [33mclass[31m=[32m"w-5 h-5 text-blue-400 mt-0.5"[31m
                    [33mfill[31m=[32m"currentColor"[31m
                    [33mviewBox[31m=[32m"0 0 20 20"[31m
                  [36m>[31m
                    [36m<path[31m
                      [33mclip-rule[31m=[32m"evenodd"[31m
                      [33md[31m=[32m"M18 10a8 8 0 11-16 0 8 8 0 0116 0zm-7-4a1 1 0 11-2 0 1 1 0 012 0zM9 9a1 1 0 000 2v3a1 1 0 001 1h1a1 1 0 100-2v-3a1 1 0 00-1-1H9z"[31m
                      [33mfill-rule[31m=[32m"evenodd"[31m
                    [36m/>[31m
                  [36m</svg>[31m
                  [36m<div[31m
                    [33mclass[31m=[32m"ml-3"[31m
                  [36m>[31m
                    [36m<h4[31m
                      [33mclass[31m=[32m"text-sm font-medium text-blue-800"[31m
                    [36m>[31m
                      [0mCSS Selector Tips[0m
                    [36m</h4>[31m
                    [36m<div[31m
                      [33mclass[31m=[32m"mt-1 text-sm text-blue-700"[31m
                    [36m>[31m
                      [36m<ul[31m
                        [33mclass[31m=[32m"list-disc list-inside space-y-1"[31m
                      [36m>[31m
                        [36m<li>[31m
                          [36m<code[31m
                            [33mclass[31m=[32m"bg-blue-100 px-1 rounded"[31m
                          [36m>[31m
                            [0mh1[0m
                          [36m</code>[31m
                          [0m - Select by tag name[0m
                        [36m</li>[31m
                        [36m<li>[31m
                          [36m<code[31m
                            [33mclass[31m=[32m"bg-blue-100 px-1 rounded"[31m
                          [36m>[31m
                            [0m.class-name[0m
                          [36m</code>[31m
                          [0m - Select by class[0m
                        [36m</li>[31m
                        [36m<li>[31m
                          [36m<code[31m
                            [33mclass[31m=[32m"bg-blue-100 px-1 rounded"[31m
                          [36m>[31m
                            [0m#element-id[0m
                          [36m</code>[31m
                          [0m - Select by ID[0m
                        [36m</li>[31m
                        [36m<li>[31m
                          [36m<code[31m
                            [33mclass[31m=[32m"bg-blue-100 px-1 rounded"[31m
                          [36m>[31m
                            [0m[data-testid="value"][0m
                          [36m</code>[31m
                          [0m - Select by attribute[0m
                        [36m</li>[31m
                      [36m</ul>[31m
                    [36m</div>[31m
                  [36m</div>[31m
                [36m</div>[31m
              [36m</div>[31m
            [36m</div>[31m
          [36m</div>[31m
          [36m<div[31m
            [33mclass[31m=[32m"bg-white shadow rounded-lg"[31m
          [36m>[31m
            [36m<div[31m
              [33mclass[31m=[32m"border border-gray-200 rounded-lg"[31m
            [36m>[31m
              [36m<button[31m
                [33mclass[31m=[32m"w-full px-4 py-3 text-left flex items-center justify-between bg-gray-50 hover:bg-gray-100 rounded-t-lg transition-colors"[31m
                [33mtype[31m=[32m"button"[31m
              [36m>[31m
                [36m<span[31m
                  [33mclass[31m=[32m"text-sm font-medium text-gray-700"[31m
                [36m>[31m
                  [0mAdvanced Options[0m
                [36m</span>[31m
                [36m<svg[31m
                  [33mclass[31m=[32m"w-5 h-5 text-gray-500 transition-transform "[31m
                  [33mfill[31m=[32m"currentColor"[31m
                  [33mviewBox[31m=[32m"0 0 20 20"[31m
                [36m>[31m
                  [36m<path[31m
                    [33mclip-rule[31m=[32m"evenodd"[31m
                    [33md[31m=[32m"M5.293 7.293a1 1 0 011.414 0L10 10.586l3.293-3.293a1 1 0 111.414 1.414l-4 4a1 1 0 01-1.414 0l-4-4a1 1 0 010-1.414z"[31m
                    [33mfill-rule[31m=[32m"evenodd"[31m
                  [36m/>[31m
                [36m</svg>[31m
              [36m</button>[31m
            [36m</div>[31m
          [36m</div>[31m
          [36m<div[31m
            [33mclass[31m=[32m"bg-white shadow rounded-lg p-6"[31m
          [36m>[31m
            [36m<div[31m
              [33mclass[31m=[32m"flex items-center justify-between"[31m
            [36m>[31m
              [36m<div[31m
                [33mclass[31m=[32m"flex items-center space-x-4"[31m
              [36m>[31m
                [36m<button[31m
                  [33mclass[31m=[32m"inline-flex items-center px-4 py-2 border border-gray-300 text-sm font-medium rounded-md text-gray-700 bg-white hover:bg-gray-50 focus:outline-none focus:ring-2 focus:ring-offset-2 focus:ring-gray-500 disabled:opacity-50 disabled:cursor-not-allowed transition-colors"[31m
                  [33mtype[31m=[32m"button"[31m
                [36m>[31m
                  [0mReset Form[0m
                [36m</button>[31m
                [36m<div[31m
                  [33mclass[31m=[32m"text-sm text-gray-500"[31m
                [36m/>[31m
              [36m</div>[31m
              [36m<div[31m
                [33mclass[31m=[32m"flex items-center space-x-3"[31m
              [36m>[31m
                [36m<button[31m
                  [33mclass[31m=[32m"
                  inline-flex items-center px-4 py-2 text-sm font-medium rounded-md focus:outline-none focus:ring-2 focus:ring-offset-2 transition-colors disabled:opacity-50 disabled:cursor-not-allowed
                  border border-gray-300 text-gray-500 bg-gray-50
                "[31m
                  [33mdisabled[31m=[32m""[31m
                  [33mtype[31m=[32m"submit"[31m
                [36m>[31m
                  [0mCreate Job[0m
                [36m</button>[31m
              [36m</div>[31m
            [36m</div>[31m
            [36m<div[31m
              [33mclass[31m=[32m"mt-4 pt-4 border-t border-gray-200"[31m
            [36m>[31m
              [36m<div[31m
                [33mclass[31m=[32m"grid grid-cols-1 md:grid-cols-3 gap-4 text-sm"[31m
              [36m>[31m
                [36m<div>[31m
                  [36m<span[31m
                    [33mclass[31m=[32m"font-medium text-gray-700"[31m
                  [36m>[31m
                    [0mURL:[0m
                  [36m</span>[31m
                  [36m<span[31m
                    [33mclass[31m=[32m"ml-2 text-gray-600 truncate block"[31m
                  [36m>[31m
                    [0mNot specified[0m
                  [36m</span>[31m
                [36m</div>[31m
                [36m<div>[31m
                  [36m<span[31m
                    [33mclass[31m=[32m"font-medium text-gray-700"[31m
                  [36m>[31m
                    [0mSelectors:[0m
                  [36m</span>[31m
                  [36m<span[31m
                    [33mclass[31m=[32m"ml-2 text-gray-600"[31m
                  [36m>[31m
                    [0m0[0m
                    [0m configured[0m
                  [36m</span>[31m
                [36m</div>[31m
                [36m<div>[31m
                  [36m<span[31m
                    [33mclass[31m=[32m"font-medium text-gray-700"[31m
                  [36m>[31m
                    [0mTimeout:[0m
                  [36m</span>[31m
                  [36m<span[31m
                    [33mclass[31m=[32m"ml-2 text-gray-600"[31m
                  [36m>[31m
                    [0m30[0m
                    [0m seconds[0m
                  [36m</span>[31m
                [36m</div>[31m
              [36m</div>[31m
            [36m</div>[31m
          [36m</div>[31m
        [36m</form>[31m
      [36m</div>[31m
    [36m</div>[31m
  [36m</body>[31m
[36m</html>[31m[39m
[31m   [33mΓ¥»[31m src/components/forms/__tests__/JobForm.test.tsx[2m > [22mJobForm[2m > [22mform behavior[2m > [22mshows loading state during submission[39m
[31m     ΓåÆ Unable to find an element with the text: Creating.... This could be because the text is broken up by multiple elements. In this case, you can provide a function for your text matcher to make your matcher more flexible.

Ignored nodes: comments, script, style
[36m<body>[31m
  [36m<div[31m
    [33mid[31m=[32m"toast-container"[31m
  [36m/>[31m
  [36m<div>[31m
    [36m<div[31m
      [33mclass[31m=[32m"max-w-4xl mx-auto "[31m
    [36m>[31m
      [36m<form[31m
        [33mclass[31m=[32m"space-y-6"[31m
      [36m>[31m
        [36m<div[31m
          [33mclass[31m=[32m"bg-white shadow rounded-lg p-6"[31m
        [36m>[31m
          [36m<div[31m
            [33mclass[31m=[32m"space-y-2 "[31m
          [36m>[31m
            [36m<label[31m
              [33mclass[31m=[32m"block text-sm font-medium text-gray-700"[31m
              [33mfor[31m=[32m"url-input-hjgmxqerx"[31m
            [36m>[31m
              [0mURL[0m
              [36m<span[31m
                [33maria-hidden[31m=[32m"true"[31m
                [33mclass[31m=[32m"text-red-500 ml-1"[31m
              [36m>[31m
                [0m*[0m
              [36m</span>[31m
              [36m<span[31m
                [33mclass[31m=[32m"sr-only"[31m
              [36m>[31m
                [0mrequired[0m
              [36m</span>[31m
            [36m</label>[31m
            [36m<div[31m
              [33mclass[31m=[32m"relative"[31m
            [36m>[31m
              [36m<input[31m
                [33maria-describedby[31m=[32m"url-input-hjgmxqerx-help"[31m
                [33maria-invalid[31m=[32m"false"[31m
                [33maria-required[31m=[32m"true"[31m
                [33mclass[31m=[32m"
            block w-full px-3 py-2 border rounded-md shadow-sm transition-colors duration-200
            placeholder-gray-400 focus:outline-none focus:ring-2 focus:ring-primary-500 focus:border-primary-500
            border-gray-300
          "[31m
                [33mid[31m=[32m"url-input-hjgmxqerx"[31m
                [33mname[31m=[32m"url"[31m
                [33mplaceholder[31m=[32m"https://example.com"[31m
                [33mtype[31m=[32m"url"[31m
              [36m/>[31m
            [36m</div>[31m
            [36m<p[31m
              [33mclass[31m=[32m"text-sm text-gray-500"[31m
              [33mid[31m=[32m"url-input-hjgmxqerx-help"[31m
            [36m>[31m
              [0mEnter a valid URL starting with http:// or https://[0m
            [36m</p>[31m
          [36m</div>[31m
        [36m</div>[31m
        [36m<div[31m
          [33mclass[31m=[32m"bg-white shadow rounded-lg p-6"[31m
        [36m>[31m
          [36m<div[31m
            [33mclass[31m=[32m"space-y-4"[31m
          [36m>[31m
            [36m<div[31m
              [33mclass[31m=[32m"flex items-center justify-between"[31m
            [36m>[31m
              [36m<label[31m
                [33mclass[31m=[32m"block text-sm font-medium text-gray-700"[31m
              [36m>[31m
                [0mCSS Selectors[0m
              [36m</label>[31m
              [36m<span[31m
                [33mclass[31m=[32m"text-xs text-gray-500"[31m
              [36m>[31m
                [0mDefine what data to extract from the page[0m
              [36m</span>[31m
            [36m</div>[31m
            [36m<div[31m
              [33mclass[31m=[32m"border-2 border-dashed border-gray-300 rounded-lg p-4"[31m
            [36m>[31m
              [36m<div[31m
                [33mclass[31m=[32m"space-y-3"[31m
              [36m>[31m
                [36m<div[31m
                  [33mclass[31m=[32m"grid grid-cols-1 md:grid-cols-2 gap-3"[31m
                [36m>[31m
                  [36m<div>[31m
                    [36m<input[31m
                      [33mclass[31m=[32m"
                  block w-full px-3 py-2 text-sm border rounded-md focus:outline-none focus:ring-2 focus:ring-blue-500 focus:border-blue-500
                  border-gray-300
                "[31m
                      [33mplaceholder[31m=[32m"Field name (e.g., title, price, description)"[31m
                      [33mtype[31m=[32m"text"[31m
                      [33mvalue[31m=[32m""[31m
                    [36m/>[31m
                  [36m</div>[31m
                  [36m<div>[31m
                    [36m<input[31m
                      [33mclass[31m=[32m"
                  block w-full px-3 py-2 text-sm border rounded-md focus:outline-none focus:ring-2 focus:ring-blue-500 focus:border-blue-500
                  border-gray-300
                "[31m
                      [33mplaceholder[31m=[32m"CSS selector (e.g., h1, .title, #main-content)"[31m
                      [33mtype[31m=[32m"text"[31m
                      [33mvalue[31m=[32m""[31m
                    [36m/>[31m
                  [36m</div>[31m
                [36m</div>[31m
                [36m<button[31m
                  [33mclass[31m=[32m"inline-flex items-center px-3 py-2 text-sm font-medium text-blue-700 bg-blue-100 border border-transparent rounded-md hover:bg-blue-200 focus:outline-none focus:ring-2 focus:ring-offset-2 focus:ring-blue-500 transition-colors"[31m
                  [33mtype[31m=[32m"button"[31m
                [36m>[31m
                  [36m<svg[31m
                    [33mclass[31m=[32m"w-4 h-4 mr-2"[31m
                    [33mfill[31m=[32m"currentColor"[31m
                    [33mviewBox[31m=[32m"0 0 20 20"[31m
                  [36m>[31m
                    [36m<path[31m
                      [33mclip-rule[31m=[32m"evenodd"[31m
                      [33md[31m=[32m"M10 3a1 1 0 011 1v5h5a1 1 0 110 2h-5v5a1 1 0 11-2 0v-5H4a1 1 0 110-2h5V4a1 1 0 011-1z"[31m
                      [33mfill-rule[31m=[32m"evenodd"[31m
                    [36m/>[31m
                  [36m</svg>[31m
                  [0mAdd Selector[0m
                [36m</button>[31m
              [36m</div>[31m
            [36m</div>[31m
            [36m<div[31m
              [33mclass[31m=[32m"bg-blue-50 border border-blue-200 rounded-lg p-3"[31m
            [36m>[31m
              [36m<div[31m
                [33mclass[31m=[32m"flex"[31m
              [36m>[31m
                [36m<svg[31m
                  [33mclass[31m=[32m"w-5 h-5 text-blue-400 mt-0.5"[31m
                  [33mfill[31m=[32m"currentColor"[31m
                  [33mviewBox[31m=[32m"0 0 20 20"[31m
                [36m>[31m
                  [36m<path[31m
                    [33mclip-rule[31m=[32m"evenodd"[31m
                    [33md[31m=[32m"M18 10a8 8 0 11-16 0 8 8 0 0116 0zm-7-4a1 1 0 11-2 0 1 1 0 012 0zM9 9a1 1 0 000 2v3a1 1 0 001 1h1a1 1 0 100-2v-3a1 1 0 00-1-1H9z"[31m
                    [33mfill-rule[31m=[32m"evenodd"[31m
                  [36m/>[31m
                [36m</svg>[31m
                [36m<div[31m
                  [33mclass[31m=[32m"ml-3"[31m
                [36m>[31m
                  [36m<h4[31m
                    [33mclass[31m=[32m"text-sm font-medium text-blue-800"[31m
                  [36m>[31m
                    [0mCSS Selector Tips[0m
                  [36m</h4>[31m
                  [36m<div[31m
                    [33mclass[31m=[32m"mt-1 text-sm text-blue-700"[31m
                  [36m>[31m
                    [36m<ul[31m
                      [33mclass[31m=[32m"list-disc list-inside space-y-1"[31m
                    [36m>[31m
                      [36m<li>[31m
                        [36m<code[31m
                          [33mclass[31m=[32m"bg-blue-100 px-1 rounded"[31m
                        [36m>[31m
                          [0mh1[0m
                        [36m</code>[31m
                        [0m - Select by tag name[0m
                      [36m</li>[31m
                      [36m<li>[31m
                        [36m<code[31m
                          [33mclass[31m=[32m"bg-blue-100 px-1 rounded"[31m
                        [36m>[31m
                          [0m.class-name[0m
                        [36m</code>[31m
                        [0m - Select by class[0m
                      [36m</li>[31m
                      [36m<li>[31m
                        [36m<code[31m
                          [33mclass[31m=[32m"bg-blue-100 px-1 rounded"[31m
                        [36m>[31m
                          [0m#element-id[0m
                        [36m</code>[31m
                        [0m - Select by ID[0m
                      [36m</li>[31m
                      [36m<li>[31m
                        [36m<code[31m
                          [33mclass[31m=[32m"bg-blue-100 px-1 rounded"[31m
                        [36m>[31m
                          [0m[data-testid="value"][0m
                        [36m</code>[31m
                        [0m - Select by attribute[0m
                      [36m</li>[31m
                    [36m</ul>[31m
                  [36m</div>[31m
                [36m</div>[31m
              [36m</div>[31m
            [36m</div>[31m
          [36m</div>[31m
        [36m</div>[31m
        [36m<div[31m
          [33mclass[31m=[32m"bg-white shadow rounded-lg"[31m
        [36m>[31m
          [36m<div[31m
            [33mclass[31m=[32m"border border-gray-200 rounded-lg"[31m
          [36m>[31m
            [36m<button[31m
              [33mclass[31m=[32m"w-full px-4 py-3 text-left flex items-center justify-between bg-gray-50 hover:bg-gray-100 rounded-t-lg transition-colors"[31m
              [33mtype[31m=[32m"button"[31m
            [36m>[31m
              [36m<span[31m
                [33mclass[31m=[32m"text-sm font-medium text-gray-700"[31m
              [36m>[31m
                [0mAdvanced Options[0m
              [36m</span>[31m
              [36m<svg[31m
                [33mclass[31m=[32m"w-5 h-5 text-gray-500 transition-transform "[31m
                [33mfill[31m=[32m"currentColor"[31m
                [33mviewBox[31m=[32m"0 0 20 20"[31m
              [36m>[31m
                [36m<path[31m
                  [33mclip-rule[31m=[32m"evenodd"[31m
                  [33md[31m=[32m"M5.293 7.293a1 1 0 011.414 0L10 10.586l3.293-3.293a1 1 0 111.414 1.414l-4 4a1 1 0 01-1.414 0l-4-4a1 1 0 010-1.414z"[31m
                  [33mfill-rule[31m=[32m"evenodd"[31m
                [36m/>[31m
              [36m</svg>[31m
            [36m</button>[31m
          [36m</div>[31m
        [36m</div>[31m
        [36m<div[31m
          [33mclass[31m=[32m"bg-white shadow rounded-lg p-6"[31m
        [36m>[31m
          [36m<div[31m
            [33mclass[31m=[32m"flex items-center justify-between"[31m
          [36m>[31m
            [36m<div[31m
              [33mclass[31m=[32m"flex items-center space-x-4"[31m
            [36m>[31m
              [36m<button[31m
                [33mclass[31m=[32m"inline-flex items-center px-4 py-2 border border-gray-300 text-sm font-medium rounded-md text-gray-700 bg-white hover:bg-gray-50 focus:outline-none focus:ring-2 focus:ring-offset-2 focus:ring-gray-500 disabled:opacity-50 disabled:cursor-not-allowed transition-colors"[31m
                [33mtype[31m=[32m"button"[31m
              [36m>[31m
                [0mReset Form[0m
              [36m</button>[31m
              [36m<div[31m
                [33mclass[31m=[32m"text-sm text-gray-500"[31m
              [36m/>[31m
            [36m</div>[31m
            [36m<div[31m
              [33mclass[31m=[32m"flex items-center space-x-3"[31m
            [36m>[31m
              [36m<button[31m
                [33mclass[31m=[32m"
                  inline-flex items-center px-4 py-2 text-sm font-medium rounded-md focus:outline-none focus:ring-2 focus:ring-offset-2 transition-colors disabled:opacity-50 disabled:cursor-not-allowed
                  border border-gray-300 text-gray-500 bg-gray-50
                "[31m
                [33mdisabled[31m=[32m""[31m
                [33mtype[31m=[32m"submit"[31m
              [36m>[31m
                [0mCreate Job[0m
              [36m</button>[31m
            [36m</div>[31m
          [36m</div>[31m
          [36m<div[31m
            [33mclass[31m=[32m"mt-4 pt-4 border-t border-gray-200"[31m
          [36m>[31m
            [36m<div[31m
              [33mclass[31m=[32m"grid grid-cols-1 md:grid-cols-3 gap-4 text-sm"[31m
            [36m>[31m
              [36m<div>[31m
                [36m<span[31m
                  [33mclass[31m=[32m"font-medium text-gray-700"[31m
                [36m>[31m
                  [0mURL:[0m
                [36m</span>[31m
                [36m<span[31m
                  [33mclass[31m=[32m"ml-2 text-gray-600 truncate block"[31m
                [36m>[31m
                  [0mNot specified[0m
                [36m</span>[31m
              [36m</div>[31m
              [36m<div>[31m
                [36m<span[31m
                  [33mclass[31m=[32m"font-medium text-gray-700"[31m
                [36m>[31m
                  [0mSelectors:[0m
                [36m</span>[31m
                [36m<span[31m
                  [33mclass[31m=[32m"ml-2 text-gray-600"[31m
                [36m>[31m
                  [0m0[0m
                  [0m configured[0m
                [36m</span>[31m
              [36m</div>[31m
              [36m<div>[31m
                [36m<span[31m
                  [33mclass[31m=[32m"font-medium text-gray-700"[31m
                [36m>[31m
                  [0mTimeout:[0m
                [36m</span>[31m
                [36m<span[31m
                  [33mclass[31m=[32m"ml-2 text-gray-600"[31m
                [36m>[31m
                  [0m30[0m
                  [0m seconds[0m
                [36m</span>[31m
              [36m</div>[31m
            [36m</div>[31m
          [36m</div>[31m
        [36m</div>[31m
      [36m</form>[31m
    [36m</div>[31m
  [36m</div>[31m
[36m</body>[31m[39m
 [33mΓ¥»[39m src/test/integration/userWorkflows.test.tsx [2m ([22m[2m12 tests[22m [2m|[22m [31m12 failed[39m[2m)[22m[90m 72[2mms[22m[39m
[31m   [33mΓ¥»[31m src/test/integration/userWorkflows.test.tsx[2m > [22mEnd-to-End User Workflows[2m > [22mJob Creation Workflow[2m > [22mshould allow user to create a new scraping job[39m
[31m     ΓåÆ Cannot find module '../../services/api'
Require stack:
- C:\playground\Python\ai_scrapper\frontend\src\test\integration\userWorkflows.test.tsx[39m
[31m   [33mΓ¥»[31m src/test/integration/userWorkflows.test.tsx[2m > [22mEnd-to-End User Workflows[2m > [22mJob Creation Workflow[2m > [22mshould show validation errors for invalid input[39m
[31m     ΓåÆ Cannot find module '../../services/api'
Require stack:
- C:\playground\Python\ai_scrapper\frontend\src\test\integration\userWorkflows.test.tsx[39m
[31m   [33mΓ¥»[31m src/test/integration/userWorkflows.test.tsx[2m > [22mEnd-to-End User Workflows[2m > [22mJob Monitoring Workflow[2m > [22mshould display job list and allow monitoring[39m
[31m     ΓåÆ Cannot find module '../../services/api'
Require stack:
- C:\playground\Python\ai_scrapper\frontend\src\test\integration\userWorkflows.test.tsx[39m
[31m   [33mΓ¥»[31m src/test/integration/userWorkflows.test.tsx[2m > [22mEnd-to-End User Workflows[2m > [22mJob Monitoring Workflow[2m > [22mshould allow viewing job details[39m
[31m     ΓåÆ Cannot find module '../../services/api'
Require stack:
- C:\playground\Python\ai_scrapper\frontend\src\test\integration\userWorkflows.test.tsx[39m
[31m   [33mΓ¥»[31m src/test/integration/userWorkflows.test.tsx[2m > [22mEnd-to-End User Workflows[2m > [22mResults Viewing Workflow[2m > [22mshould display job results when available[39m
[31m     ΓåÆ Cannot find module '../../services/api'
Require stack:
- C:\playground\Python\ai_scrapper\frontend\src\test\integration\userWorkflows.test.tsx[39m
[31m   [33mΓ¥»[31m src/test/integration/userWorkflows.test.tsx[2m > [22mEnd-to-End User Workflows[2m > [22mResults Viewing Workflow[2m > [22mshould allow exporting results[39m
[31m     ΓåÆ Cannot find module '../../services/api'
Require stack:
- C:\playground\Python\ai_scrapper\frontend\src\test\integration\userWorkflows.test.tsx[39m
[31m   [33mΓ¥»[31m src/test/integration/userWorkflows.test.tsx[2m > [22mEnd-to-End User Workflows[2m > [22mError Handling Scenarios[2m > [22mshould handle API errors gracefully[39m
[31m     ΓåÆ Cannot find module '../../services/api'
Require stack:
- C:\playground\Python\ai_scrapper\frontend\src\test\integration\userWorkflows.test.tsx[39m
[31m   [33mΓ¥»[31m src/test/integration/userWorkflows.test.tsx[2m > [22mEnd-to-End User Workflows[2m > [22mError Handling Scenarios[2m > [22mshould handle network errors[39m
[31m     ΓåÆ Cannot find module '../../services/api'
Require stack:
- C:\playground\Python\ai_scrapper\frontend\src\test\integration\userWorkflows.test.tsx[39m
[31m   [33mΓ¥»[31m src/test/integration/userWorkflows.test.tsx[2m > [22mEnd-to-End User Workflows[2m > [22mError Handling Scenarios[2m > [22mshould show retry options for failed operations[39m
[31m     ΓåÆ Cannot find module '../../services/api'
Require stack:
- C:\playground\Python\ai_scrapper\frontend\src\test\integration\userWorkflows.test.tsx[39m
[31m   [33mΓ¥»[31m src/test/integration/userWorkflows.test.tsx[2m > [22mEnd-to-End User Workflows[2m > [22mAccessibility Compliance[2m > [22mshould have proper ARIA labels and roles[39m
[31m     ΓåÆ Cannot find module '../../services/api'
Require stack:
- C:\playground\Python\ai_scrapper\frontend\src\test\integration\userWorkflows.test.tsx[39m
[31m   [33mΓ¥»[31m src/test/integration/userWorkflows.test.tsx[2m > [22mEnd-to-End User Workflows[2m > [22mAccessibility Compliance[2m > [22mshould support keyboard navigation[39m
[31m     ΓåÆ Cannot find module '../../services/api'
Require stack:
- C:\playground\Python\ai_scrapper\frontend\src\test\integration\userWorkflows.test.tsx[39m
[31m   [33mΓ¥»[31m src/test/integration/userWorkflows.test.tsx[2m > [22mEnd-to-End User Workflows[2m > [22mPerformance Considerations[2m > [22mshould handle large datasets efficiently[39m
[31m     ΓåÆ Cannot find module '../../services/api'
Require stack:
- C:\playground\Python\ai_scrapper\frontend\src\test\integration\userWorkflows.test.tsx[39m
 [33mΓ¥»[39m src/utils/__tests__/validation.test.ts [2m ([22m[2m19 tests[22m [2m|[22m [31m2 failed[39m[2m)[22m[90m 99[2mms[22m[39m
[31m   [33mΓ¥»[31m src/utils/__tests__/validation.test.ts[2m > [22mvalidation utilities[2m > [22mvalidateUrl[2m > [22mhandles edge cases[39m
[31m     ΓåÆ expected true to be false // Object.is equality[39m
[31m   [33mΓ¥»[31m src/utils/__tests__/validation.test.ts[2m > [22mvalidation utilities[2m > [22mvalidateSelector[2m > [22mrejects invalid CSS selectors[39m
[31m     ΓåÆ expected true to be false // Object.is equality[39m
 [33mΓ¥»[39m src/hooks/__tests__/useHealth.test.tsx [2m ([22m[2m0 test[22m[2m)[22m
 [33mΓ¥»[39m src/pages/__tests__/CreateJob.test.tsx [2m ([22m[2m0 test[22m[2m)[22m
 [33mΓ¥»[39m src/pages/__tests__/Dashboard.test.tsx [2m ([22m[2m0 test[22m[2m)[22m
 [33mΓ¥»[39m src/services/__tests__/healthService.test.ts [2m ([22m[2m0 test[22m[2m)[22m
 [33mΓ¥»[39m src/hooks/__tests__/useJob.test.tsx [2m ([22m[2m0 test[22m[2m)[22m
 [33mΓ¥»[39m src/components/forms/__tests__/SelectorBuilder.test.tsx [2m ([22m[2m0 test[22m[2m)[22m
 [32mΓ£ô[39m src/components/__tests__/JobActions.test.tsx [2m ([22m[2m8 tests[22m[2m)[22m[33m 517[2mms[22m[39m
 [33mΓ¥»[39m src/hooks/__tests__/useJobs.test.tsx [2m ([22m[2m0 test[22m[2m)[22m
 [33mΓ¥»[39m src/components/results/__tests__/ExportButton.test.tsx [2m ([22m[2m9 tests[22m [2m|[22m [31m9 failed[39m[2m)[22m[90m 228[2mms[22m[39m
[31m   [33mΓ¥»[31m src/components/results/__tests__/ExportButton.test.tsx[2m > [22mExportButton[2m > [22mrenders export button correctly[39m
[31m     ΓåÆ [vitest] No "estimateExportSize" export is defined on the "../../../utils/exportUtils" mock. Did you forget to return it from "vi.mock"?
If you need to partially mock a module, you can use "importOriginal" helper inside:
[39m
[31m   [33mΓ¥»[31m src/components/results/__tests__/ExportButton.test.tsx[2m > [22mExportButton[2m > [22mshows format selection dropdown when clicked[39m
[31m     ΓåÆ [vitest] No "estimateExportSize" export is defined on the "../../../utils/exportUtils" mock. Did you forget to return it from "vi.mock"?
If you need to partially mock a module, you can use "importOriginal" helper inside:
[39m
[31m   [33mΓ¥»[31m src/components/results/__tests__/ExportButton.test.tsx[2m > [22mExportButton[2m > [22mexports data as JSON when JSON option is selected[39m
[31m     ΓåÆ [vitest] No "estimateExportSize" export is defined on the "../../../utils/exportUtils" mock. Did you forget to return it from "vi.mock"?
If you need to partially mock a module, you can use "importOriginal" helper inside:
[39m
[31m   [33mΓ¥»[31m src/components/results/__tests__/ExportButton.test.tsx[2m > [22mExportButton[2m > [22mexports data as CSV when CSV option is selected[39m
[31m     ΓåÆ [vitest] No "estimateExportSize" export is defined on the "../../../utils/exportUtils" mock. Did you forget to return it from "vi.mock"?
If you need to partially mock a module, you can use "importOriginal" helper inside:
[39m
[31m   [33mΓ¥»[31m src/components/results/__tests__/ExportButton.test.tsx[2m > [22mExportButton[2m > [22mshows loading state during export[39m
[31m     ΓåÆ [vitest] No "estimateExportSize" export is defined on the "../../../utils/exportUtils" mock. Did you forget to return it from "vi.mock"?
If you need to partially mock a module, you can use "importOriginal" helper inside:
[39m
[31m   [33mΓ¥»[31m src/components/results/__tests__/ExportButton.test.tsx[2m > [22mExportButton[2m > [22mhandles export errors gracefully[39m
[31m     ΓåÆ [vitest] No "estimateExportSize" export is defined on the "../../../utils/exportUtils" mock. Did you forget to return it from "vi.mock"?
If you need to partially mock a module, you can use "importOriginal" helper inside:
[39m
[31m   [33mΓ¥»[31m src/components/results/__tests__/ExportButton.test.tsx[2m > [22mExportButton[2m > [22mis disabled when no data is provided[39m
[31m     ΓåÆ [vitest] No "estimateExportSize" export is defined on the "../../../utils/exportUtils" mock. Did you forget to return it from "vi.mock"?
If you need to partially mock a module, you can use "importOriginal" helper inside:
[39m
[31m   [33mΓ¥»[31m src/components/results/__tests__/ExportButton.test.tsx[2m > [22mExportButton[2m > [22mhas proper accessibility attributes[39m
[31m     ΓåÆ [vitest] No "estimateExportSize" export is defined on the "../../../utils/exportUtils" mock. Did you forget to return it from "vi.mock"?
If you need to partially mock a module, you can use "importOriginal" helper inside:
[39m
[31m   [33mΓ¥»[31m src/components/results/__tests__/ExportButton.test.tsx[2m > [22mExportButton[2m > [22msupports keyboard navigation[39m
[31m     ΓåÆ [vitest] No "estimateExportSize" export is defined on the "../../../utils/exportUtils" mock. Did you forget to return it from "vi.mock"?
If you need to partially mock a module, you can use "importOriginal" helper inside:
[39m
[90mstderr[2m | src/components/results/__tests__/ExportButton.test.tsx[2m > [22m[2mExportButton[2m > [22m[2mrenders export button 
correctly[22m[39m
Error: Uncaught [Error: [vitest] No "estimateExportSize" export is defined on the "../../../utils/exportUtils" mock. Did you forget to return it 
from "vi.mock"?
If you need to partially mock a module, you can use "importOriginal" helper inside:
]
    at reportException (C:\playground\Python\ai_scrapper\frontend\node_modules\jsdom\lib\jsdom\living\helpers\runtime-script-errors.js:66:24)
    at innerInvokeEventListeners (C:\playground\Python\ai_scrapper\frontend\node_modules\jsdom\lib\jsdom\living\events\EventTarget-impl.js:353:9)
    at invokeEventListeners (C:\playground\Python\ai_scrapper\frontend\node_modules\jsdom\lib\jsdom\living\events\EventTarget-impl.js:286:3)
    at HTMLUnknownElementImpl._dispatch 
(C:\playground\Python\ai_scrapper\frontend\node_modules\jsdom\lib\jsdom\living\events\EventTarget-impl.js:233:9)
    at HTMLUnknownElementImpl.dispatchEvent 
(C:\playground\Python\ai_scrapper\frontend\node_modules\jsdom\lib\jsdom\living\events\EventTarget-impl.js:104:17)
    at HTMLUnknownElement.dispatchEvent 
(C:\playground\Python\ai_scrapper\frontend\node_modules\jsdom\lib\jsdom\living\generated\EventTarget.js:241:34)
    at Object.invokeGuardedCallbackDev (C:\playground\Python\ai_scrapper\frontend\node_modules\react-dom\cjs\react-dom.development.js:4213:16)
    at invokeGuardedCallback (C:\playground\Python\ai_scrapper\frontend\node_modules\react-dom\cjs\react-dom.development.js:4277:31)
    at beginWork$1 (C:\playground\Python\ai_scrapper\frontend\node_modules\react-dom\cjs\react-dom.development.js:27490:7)
    at performUnitOfWork (C:\playground\Python\ai_scrapper\frontend\node_modules\react-dom\cjs\react-dom.development.js:26599:12) Error: [vitest] No 
"estimateExportSize" export is defined on the "../../../utils/exportUtils" mock. Did you forget to return it from "vi.mock"?
If you need to partially mock a module, you can use "importOriginal" helper inside:

    at VitestMocker.createError 
[90m(file:///C:/playground/Python/ai_scrapper/frontend/[39mnode_modules/[4mvitest[24m/dist/vendor/execute.fL3szUAI.js:79:19[90m)[39m
    at Object.get 
[90m(file:///C:/playground/Python/ai_scrapper/frontend/[39mnode_modules/[4mvitest[24m/dist/vendor/execute.fL3szUAI.js:153:22[90m)[39m
    at ExportButton [90m(C:\playground\Python\ai_scrapper\frontend\[39msrc\components\results\ExportButton.tsx:43:20[90m)[39m
    at renderWithHooks 
[90m(C:\playground\Python\ai_scrapper\frontend\[39mnode_modules\[4mreact-dom[24m\cjs\react-dom.development.js:15486:18[90m)[39m
    at mountIndeterminateComponent 
[90m(C:\playground\Python\ai_scrapper\frontend\[39mnode_modules\[4mreact-dom[24m\cjs\react-dom.development.js:20103:13[90m)[39m
    at beginWork 
[90m(C:\playground\Python\ai_scrapper\frontend\[39mnode_modules\[4mreact-dom[24m\cjs\react-dom.development.js:21626:16[90m)[39m
    at HTMLUnknownElement.callCallback 
[90m(C:\playground\Python\ai_scrapper\frontend\[39mnode_modules\[4mreact-dom[24m\cjs\react-dom.development.js:4164:14[90m)[39m
    at HTMLUnknownElement.callTheUserObjectsOperation 
[90m(C:\playground\Python\ai_scrapper\frontend\[39mnode_modules\[4mjsdom[24m\lib\jsdom\living\generated\EventListener.js:26:30[90m)[39m
    at innerInvokeEventListeners 
[90m(C:\playground\Python\ai_scrapper\frontend\[39mnode_modules\[4mjsdom[24m\lib\jsdom\living\events\EventTarget-impl.js:350:25[90m)[39m
    at invokeEventListeners 
[90m(C:\playground\Python\ai_scrapper\frontend\[39mnode_modules\[4mjsdom[24m\lib\jsdom\living\events\EventTarget-impl.js:286:3[90m)[39m {
  codeFrame: [32m'vi\x1B[33m.\x1B[39m\x1B[34mmock\x1B[39m(\x1B[32m"../../../utils/exportUtils"\x1B[39m\x1B[33m,\x1B[39m \x1B[35masync\x1B[39m 
(importOriginal) \x1B[33m=>\x1B[39m {\n'[39m +
    [32m'  \x1B[35mconst\x1B[39m actual \x1B[33m=\x1B[39m \x1B[35mawait\x1B[39m \x1B[34mimportOriginal\x1B[39m()\n'[39m +
    [32m'  \x1B[35mreturn\x1B[39m {\n'[39m +
    [32m'    \x1B[33m...\x1B[39mactual\x1B[33m,\x1B[39m\n'[39m +
    [32m'    \x1B[90m// your mocked methods\x1B[39m\n'[39m +
    [32m'  }\n'[39m +
    [32m'})'[39m
}
Error: Uncaught [Error: [vitest] No "estimateExportSize" export is defined on the "../../../utils/exportUtils" mock. Did you forget to return it 
from "vi.mock"?
If you need to partially mock a module, you can use "importOriginal" helper inside:
]
    at reportException (C:\playground\Python\ai_scrapper\frontend\node_modules\jsdom\lib\jsdom\living\helpers\runtime-script-errors.js:66:24)
    at innerInvokeEventListeners (C:\playground\Python\ai_scrapper\frontend\node_modules\jsdom\lib\jsdom\living\events\EventTarget-impl.js:353:9)
    at invokeEventListeners (C:\playground\Python\ai_scrapper\frontend\node_modules\jsdom\lib\jsdom\living\events\EventTarget-impl.js:286:3)
    at HTMLUnknownElementImpl._dispatch 
(C:\playground\Python\ai_scrapper\frontend\node_modules\jsdom\lib\jsdom\living\events\EventTarget-impl.js:233:9)
    at HTMLUnknownElementImpl.dispatchEvent 
(C:\playground\Python\ai_scrapper\frontend\node_modules\jsdom\lib\jsdom\living\events\EventTarget-impl.js:104:17)
    at HTMLUnknownElement.dispatchEvent 
(C:\playground\Python\ai_scrapper\frontend\node_modules\jsdom\lib\jsdom\living\generated\EventTarget.js:241:34)
    at Object.invokeGuardedCallbackDev (C:\playground\Python\ai_scrapper\frontend\node_modules\react-dom\cjs\react-dom.development.js:4213:16)
    at invokeGuardedCallback (C:\playground\Python\ai_scrapper\frontend\node_modules\react-dom\cjs\react-dom.development.js:4277:31)
    at beginWork$1 (C:\playground\Python\ai_scrapper\frontend\node_modules\react-dom\cjs\react-dom.development.js:27490:7)
    at performUnitOfWork (C:\playground\Python\ai_scrapper\frontend\node_modules\react-dom\cjs\react-dom.development.js:26599:12) Error: [vitest] No 
"estimateExportSize" export is defined on the "../../../utils/exportUtils" mock. Did you forget to return it from "vi.mock"?
If you need to partially mock a module, you can use "importOriginal" helper inside:

    at VitestMocker.createError 
[90m(file:///C:/playground/Python/ai_scrapper/frontend/[39mnode_modules/[4mvitest[24m/dist/vendor/execute.fL3szUAI.js:79:19[90m)[39m
    at Object.get 
[90m(file:///C:/playground/Python/ai_scrapper/frontend/[39mnode_modules/[4mvitest[24m/dist/vendor/execute.fL3szUAI.js:153:22[90m)[39m
    at ExportButton [90m(C:\playground\Python\ai_scrapper\frontend\[39msrc\components\results\ExportButton.tsx:43:20[90m)[39m
    at renderWithHooks 
[90m(C:\playground\Python\ai_scrapper\frontend\[39mnode_modules\[4mreact-dom[24m\cjs\react-dom.development.js:15486:18[90m)[39m
    at mountIndeterminateComponent 
[90m(C:\playground\Python\ai_scrapper\frontend\[39mnode_modules\[4mreact-dom[24m\cjs\react-dom.development.js:20103:13[90m)[39m
    at beginWork 
[90m(C:\playground\Python\ai_scrapper\frontend\[39mnode_modules\[4mreact-dom[24m\cjs\react-dom.development.js:21626:16[90m)[39m
    at HTMLUnknownElement.callCallback 
[90m(C:\playground\Python\ai_scrapper\frontend\[39mnode_modules\[4mreact-dom[24m\cjs\react-dom.development.js:4164:14[90m)[39m
    at HTMLUnknownElement.callTheUserObjectsOperation 
[90m(C:\playground\Python\ai_scrapper\frontend\[39mnode_modules\[4mjsdom[24m\lib\jsdom\living\generated\EventListener.js:26:30[90m)[39m
    at innerInvokeEventListeners 
[90m(C:\playground\Python\ai_scrapper\frontend\[39mnode_modules\[4mjsdom[24m\lib\jsdom\living\events\EventTarget-impl.js:350:25[90m)[39m
    at invokeEventListeners 
[90m(C:\playground\Python\ai_scrapper\frontend\[39mnode_modules\[4mjsdom[24m\lib\jsdom\living\events\EventTarget-impl.js:286:3[90m)[39m {
  codeFrame: [32m'vi\x1B[33m.\x1B[39m\x1B[34mmock\x1B[39m(\x1B[32m"../../../utils/exportUtils"\x1B[39m\x1B[33m,\x1B[39m \x1B[35masync\x1B[39m 
(importOriginal) \x1B[33m=>\x1B[39m {\n'[39m +
    [32m'  \x1B[35mconst\x1B[39m actual \x1B[33m=\x1B[39m \x1B[35mawait\x1B[39m \x1B[34mimportOriginal\x1B[39m()\n'[39m +
    [32m'  \x1B[35mreturn\x1B[39m {\n'[39m +
    [32m'    \x1B[33m...\x1B[39mactual\x1B[33m,\x1B[39m\n'[39m +
    [32m'    \x1B[90m// your mocked methods\x1B[39m\n'[39m +
    [32m'  }\n'[39m +
    [32m'})'[39m
}
The above error occurred in the <ExportButton> component:

    at ExportButton (C:\playground\Python\ai_scrapper\frontend\src\components\results\ExportButton.tsx:10:3)
    at ToastProvider (C:\playground\Python\ai_scrapper\frontend\src\providers\ToastProvider.tsx:17:3)
    at Router (C:\playground\Python\ai_scrapper\frontend\node_modules\react-router\dist\development\chunk-R73PQUJU.js:414:13)
    at BrowserRouter (C:\playground\Python\ai_scrapper\frontend\node_modules\react-router\dist\development\chunk-R73PQUJU.js:872:3)
    at QueryClientProvider 
(file:///C:/playground/Python/ai_scrapper/frontend/node_modules/@tanstack/react-query/build/modern/QueryClientProvider.js:20:3)
    at AllTheProviders (C:\playground\Python\ai_scrapper\frontend\src\test\utils.tsx:11:28)

Consider adding an error boundary to your tree to customize error handling behavior.
Visit https://reactjs.org/link/error-boundaries to learn more about error boundaries.

[90mstderr[2m | src/components/results/__tests__/ExportButton.test.tsx[2m > [22m[2mExportButton[2m > [22m[2mshows format selection dropdown 
when clicked[22m[39m
Error: Uncaught [Error: [vitest] No "estimateExportSize" export is defined on the "../../../utils/exportUtils" mock. Did you forget to return it 
from "vi.mock"?
If you need to partially mock a module, you can use "importOriginal" helper inside:
]
    at reportException (C:\playground\Python\ai_scrapper\frontend\node_modules\jsdom\lib\jsdom\living\helpers\runtime-script-errors.js:66:24)
    at innerInvokeEventListeners (C:\playground\Python\ai_scrapper\frontend\node_modules\jsdom\lib\jsdom\living\events\EventTarget-impl.js:353:9)
    at invokeEventListeners (C:\playground\Python\ai_scrapper\frontend\node_modules\jsdom\lib\jsdom\living\events\EventTarget-impl.js:286:3)
    at HTMLUnknownElementImpl._dispatch 
(C:\playground\Python\ai_scrapper\frontend\node_modules\jsdom\lib\jsdom\living\events\EventTarget-impl.js:233:9)
    at HTMLUnknownElementImpl.dispatchEvent 
(C:\playground\Python\ai_scrapper\frontend\node_modules\jsdom\lib\jsdom\living\events\EventTarget-impl.js:104:17)
    at HTMLUnknownElement.dispatchEvent 
(C:\playground\Python\ai_scrapper\frontend\node_modules\jsdom\lib\jsdom\living\generated\EventTarget.js:241:34)
    at Object.invokeGuardedCallbackDev (C:\playground\Python\ai_scrapper\frontend\node_modules\react-dom\cjs\react-dom.development.js:4213:16)
    at invokeGuardedCallback (C:\playground\Python\ai_scrapper\frontend\node_modules\react-dom\cjs\react-dom.development.js:4277:31)
    at beginWork$1 (C:\playground\Python\ai_scrapper\frontend\node_modules\react-dom\cjs\react-dom.development.js:27490:7)
    at performUnitOfWork (C:\playground\Python\ai_scrapper\frontend\node_modules\react-dom\cjs\react-dom.development.js:26599:12) Error: [vitest] No 
"estimateExportSize" export is defined on the "../../../utils/exportUtils" mock. Did you forget to return it from "vi.mock"?
If you need to partially mock a module, you can use "importOriginal" helper inside:

    at VitestMocker.createError 
[90m(file:///C:/playground/Python/ai_scrapper/frontend/[39mnode_modules/[4mvitest[24m/dist/vendor/execute.fL3szUAI.js:79:19[90m)[39m
    at Object.get 
[90m(file:///C:/playground/Python/ai_scrapper/frontend/[39mnode_modules/[4mvitest[24m/dist/vendor/execute.fL3szUAI.js:153:22[90m)[39m
    at ExportButton [90m(C:\playground\Python\ai_scrapper\frontend\[39msrc\components\results\ExportButton.tsx:43:20[90m)[39m
    at renderWithHooks 
[90m(C:\playground\Python\ai_scrapper\frontend\[39mnode_modules\[4mreact-dom[24m\cjs\react-dom.development.js:15486:18[90m)[39m
    at mountIndeterminateComponent 
[90m(C:\playground\Python\ai_scrapper\frontend\[39mnode_modules\[4mreact-dom[24m\cjs\react-dom.development.js:20103:13[90m)[39m
    at beginWork 
[90m(C:\playground\Python\ai_scrapper\frontend\[39mnode_modules\[4mreact-dom[24m\cjs\react-dom.development.js:21626:16[90m)[39m
    at HTMLUnknownElement.callCallback 
[90m(C:\playground\Python\ai_scrapper\frontend\[39mnode_modules\[4mreact-dom[24m\cjs\react-dom.development.js:4164:14[90m)[39m
    at HTMLUnknownElement.callTheUserObjectsOperation 
[90m(C:\playground\Python\ai_scrapper\frontend\[39mnode_modules\[4mjsdom[24m\lib\jsdom\living\generated\EventListener.js:26:30[90m)[39m
    at innerInvokeEventListeners 
[90m(C:\playground\Python\ai_scrapper\frontend\[39mnode_modules\[4mjsdom[24m\lib\jsdom\living\events\EventTarget-impl.js:350:25[90m)[39m
    at invokeEventListeners 
[90m(C:\playground\Python\ai_scrapper\frontend\[39mnode_modules\[4mjsdom[24m\lib\jsdom\living\events\EventTarget-impl.js:286:3[90m)[39m {
  codeFrame: [32m'vi\x1B[33m.\x1B[39m\x1B[34mmock\x1B[39m(\x1B[32m"../../../utils/exportUtils"\x1B[39m\x1B[33m,\x1B[39m \x1B[35masync\x1B[39m 
(importOriginal) \x1B[33m=>\x1B[39m {\n'[39m +
    [32m'  \x1B[35mconst\x1B[39m actual \x1B[33m=\x1B[39m \x1B[35mawait\x1B[39m \x1B[34mimportOriginal\x1B[39m()\n'[39m +
    [32m'  \x1B[35mreturn\x1B[39m {\n'[39m +
    [32m'    \x1B[33m...\x1B[39mactual\x1B[33m,\x1B[39m\n'[39m +
    [32m'    \x1B[90m// your mocked methods\x1B[39m\n'[39m +
    [32m'  }\n'[39m +
    [32m'})'[39m
}
Error: Uncaught [Error: [vitest] No "estimateExportSize" export is defined on the "../../../utils/exportUtils" mock. Did you forget to return it 
from "vi.mock"?
If you need to partially mock a module, you can use "importOriginal" helper inside:
]
    at reportException (C:\playground\Python\ai_scrapper\frontend\node_modules\jsdom\lib\jsdom\living\helpers\runtime-script-errors.js:66:24)
    at innerInvokeEventListeners (C:\playground\Python\ai_scrapper\frontend\node_modules\jsdom\lib\jsdom\living\events\EventTarget-impl.js:353:9)
    at invokeEventListeners (C:\playground\Python\ai_scrapper\frontend\node_modules\jsdom\lib\jsdom\living\events\EventTarget-impl.js:286:3)
    at HTMLUnknownElementImpl._dispatch 
(C:\playground\Python\ai_scrapper\frontend\node_modules\jsdom\lib\jsdom\living\events\EventTarget-impl.js:233:9)
    at HTMLUnknownElementImpl.dispatchEvent 
(C:\playground\Python\ai_scrapper\frontend\node_modules\jsdom\lib\jsdom\living\events\EventTarget-impl.js:104:17)
    at HTMLUnknownElement.dispatchEvent 
(C:\playground\Python\ai_scrapper\frontend\node_modules\jsdom\lib\jsdom\living\generated\EventTarget.js:241:34)
    at Object.invokeGuardedCallbackDev (C:\playground\Python\ai_scrapper\frontend\node_modules\react-dom\cjs\react-dom.development.js:4213:16)
    at invokeGuardedCallback (C:\playground\Python\ai_scrapper\frontend\node_modules\react-dom\cjs\react-dom.development.js:4277:31)
    at beginWork$1 (C:\playground\Python\ai_scrapper\frontend\node_modules\react-dom\cjs\react-dom.development.js:27490:7)
    at performUnitOfWork (C:\playground\Python\ai_scrapper\frontend\node_modules\react-dom\cjs\react-dom.development.js:26599:12) Error: [vitest] No 
"estimateExportSize" export is defined on the "../../../utils/exportUtils" mock. Did you forget to return it from "vi.mock"?
If you need to partially mock a module, you can use "importOriginal" helper inside:

    at VitestMocker.createError 
[90m(file:///C:/playground/Python/ai_scrapper/frontend/[39mnode_modules/[4mvitest[24m/dist/vendor/execute.fL3szUAI.js:79:19[90m)[39m
    at Object.get 
[90m(file:///C:/playground/Python/ai_scrapper/frontend/[39mnode_modules/[4mvitest[24m/dist/vendor/execute.fL3szUAI.js:153:22[90m)[39m
    at ExportButton [90m(C:\playground\Python\ai_scrapper\frontend\[39msrc\components\results\ExportButton.tsx:43:20[90m)[39m
    at renderWithHooks 
[90m(C:\playground\Python\ai_scrapper\frontend\[39mnode_modules\[4mreact-dom[24m\cjs\react-dom.development.js:15486:18[90m)[39m
    at mountIndeterminateComponent 
[90m(C:\playground\Python\ai_scrapper\frontend\[39mnode_modules\[4mreact-dom[24m\cjs\react-dom.development.js:20103:13[90m)[39m
    at beginWork 
[90m(C:\playground\Python\ai_scrapper\frontend\[39mnode_modules\[4mreact-dom[24m\cjs\react-dom.development.js:21626:16[90m)[39m
    at HTMLUnknownElement.callCallback 
[90m(C:\playground\Python\ai_scrapper\frontend\[39mnode_modules\[4mreact-dom[24m\cjs\react-dom.development.js:4164:14[90m)[39m
    at HTMLUnknownElement.callTheUserObjectsOperation 
[90m(C:\playground\Python\ai_scrapper\frontend\[39mnode_modules\[4mjsdom[24m\lib\jsdom\living\generated\EventListener.js:26:30[90m)[39m
    at innerInvokeEventListeners 
[90m(C:\playground\Python\ai_scrapper\frontend\[39mnode_modules\[4mjsdom[24m\lib\jsdom\living\events\EventTarget-impl.js:350:25[90m)[39m
    at invokeEventListeners 
[90m(C:\playground\Python\ai_scrapper\frontend\[39mnode_modules\[4mjsdom[24m\lib\jsdom\living\events\EventTarget-impl.js:286:3[90m)[39m {
  codeFrame: [32m'vi\x1B[33m.\x1B[39m\x1B[34mmock\x1B[39m(\x1B[32m"../../../utils/exportUtils"\x1B[39m\x1B[33m,\x1B[39m \x1B[35masync\x1B[39m 
(importOriginal) \x1B[33m=>\x1B[39m {\n'[39m +
    [32m'  \x1B[35mconst\x1B[39m actual \x1B[33m=\x1B[39m \x1B[35mawait\x1B[39m \x1B[34mimportOriginal\x1B[39m()\n'[39m +
    [32m'  \x1B[35mreturn\x1B[39m {\n'[39m +
    [32m'    \x1B[33m...\x1B[39mactual\x1B[33m,\x1B[39m\n'[39m +
    [32m'    \x1B[90m// your mocked methods\x1B[39m\n'[39m +
    [32m'  }\n'[39m +
    [32m'})'[39m
}
The above error occurred in the <ExportButton> component:

    at ExportButton (C:\playground\Python\ai_scrapper\frontend\src\components\results\ExportButton.tsx:10:3)
    at ToastProvider (C:\playground\Python\ai_scrapper\frontend\src\providers\ToastProvider.tsx:17:3)
    at Router (C:\playground\Python\ai_scrapper\frontend\node_modules\react-router\dist\development\chunk-R73PQUJU.js:414:13)
    at BrowserRouter (C:\playground\Python\ai_scrapper\frontend\node_modules\react-router\dist\development\chunk-R73PQUJU.js:872:3)
    at QueryClientProvider 
(file:///C:/playground/Python/ai_scrapper/frontend/node_modules/@tanstack/react-query/build/modern/QueryClientProvider.js:20:3)
    at AllTheProviders (C:\playground\Python\ai_scrapper\frontend\src\test\utils.tsx:11:28)

Consider adding an error boundary to your tree to customize error handling behavior.
Visit https://reactjs.org/link/error-boundaries to learn more about error boundaries.

[90mstderr[2m | src/components/results/__tests__/ExportButton.test.tsx[2m > [22m[2mExportButton[2m > [22m[2mexports data as JSON when JSON 
option is selected[22m[39m
Error: Uncaught [Error: [vitest] No "estimateExportSize" export is defined on the "../../../utils/exportUtils" mock. Did you forget to return it 
from "vi.mock"?
If you need to partially mock a module, you can use "importOriginal" helper inside:
]
    at reportException (C:\playground\Python\ai_scrapper\frontend\node_modules\jsdom\lib\jsdom\living\helpers\runtime-script-errors.js:66:24)
    at innerInvokeEventListeners (C:\playground\Python\ai_scrapper\frontend\node_modules\jsdom\lib\jsdom\living\events\EventTarget-impl.js:353:9)
    at invokeEventListeners (C:\playground\Python\ai_scrapper\frontend\node_modules\jsdom\lib\jsdom\living\events\EventTarget-impl.js:286:3)
    at HTMLUnknownElementImpl._dispatch 
(C:\playground\Python\ai_scrapper\frontend\node_modules\jsdom\lib\jsdom\living\events\EventTarget-impl.js:233:9)
    at HTMLUnknownElementImpl.dispatchEvent 
(C:\playground\Python\ai_scrapper\frontend\node_modules\jsdom\lib\jsdom\living\events\EventTarget-impl.js:104:17)
    at HTMLUnknownElement.dispatchEvent 
(C:\playground\Python\ai_scrapper\frontend\node_modules\jsdom\lib\jsdom\living\generated\EventTarget.js:241:34)
    at Object.invokeGuardedCallbackDev (C:\playground\Python\ai_scrapper\frontend\node_modules\react-dom\cjs\react-dom.development.js:4213:16)
    at invokeGuardedCallback (C:\playground\Python\ai_scrapper\frontend\node_modules\react-dom\cjs\react-dom.development.js:4277:31)
    at beginWork$1 (C:\playground\Python\ai_scrapper\frontend\node_modules\react-dom\cjs\react-dom.development.js:27490:7)
    at performUnitOfWork (C:\playground\Python\ai_scrapper\frontend\node_modules\react-dom\cjs\react-dom.development.js:26599:12) Error: [vitest] No 
"estimateExportSize" export is defined on the "../../../utils/exportUtils" mock. Did you forget to return it from "vi.mock"?
If you need to partially mock a module, you can use "importOriginal" helper inside:

    at VitestMocker.createError 
[90m(file:///C:/playground/Python/ai_scrapper/frontend/[39mnode_modules/[4mvitest[24m/dist/vendor/execute.fL3szUAI.js:79:19[90m)[39m
    at Object.get 
[90m(file:///C:/playground/Python/ai_scrapper/frontend/[39mnode_modules/[4mvitest[24m/dist/vendor/execute.fL3szUAI.js:153:22[90m)[39m
    at ExportButton [90m(C:\playground\Python\ai_scrapper\frontend\[39msrc\components\results\ExportButton.tsx:43:20[90m)[39m
    at renderWithHooks 
[90m(C:\playground\Python\ai_scrapper\frontend\[39mnode_modules\[4mreact-dom[24m\cjs\react-dom.development.js:15486:18[90m)[39m
    at mountIndeterminateComponent 
[90m(C:\playground\Python\ai_scrapper\frontend\[39mnode_modules\[4mreact-dom[24m\cjs\react-dom.development.js:20103:13[90m)[39m
    at beginWork 
[90m(C:\playground\Python\ai_scrapper\frontend\[39mnode_modules\[4mreact-dom[24m\cjs\react-dom.development.js:21626:16[90m)[39m
    at HTMLUnknownElement.callCallback 
[90m(C:\playground\Python\ai_scrapper\frontend\[39mnode_modules\[4mreact-dom[24m\cjs\react-dom.development.js:4164:14[90m)[39m
    at HTMLUnknownElement.callTheUserObjectsOperation 
[90m(C:\playground\Python\ai_scrapper\frontend\[39mnode_modules\[4mjsdom[24m\lib\jsdom\living\generated\EventListener.js:26:30[90m)[39m
    at innerInvokeEventListeners 
[90m(C:\playground\Python\ai_scrapper\frontend\[39mnode_modules\[4mjsdom[24m\lib\jsdom\living\events\EventTarget-impl.js:350:25[90m)[39m
    at invokeEventListeners 
[90m(C:\playground\Python\ai_scrapper\frontend\[39mnode_modules\[4mjsdom[24m\lib\jsdom\living\events\EventTarget-impl.js:286:3[90m)[39m {
  codeFrame: [32m'vi\x1B[33m.\x1B[39m\x1B[34mmock\x1B[39m(\x1B[32m"../../../utils/exportUtils"\x1B[39m\x1B[33m,\x1B[39m \x1B[35masync\x1B[39m 
(importOriginal) \x1B[33m=>\x1B[39m {\n'[39m +
    [32m'  \x1B[35mconst\x1B[39m actual \x1B[33m=\x1B[39m \x1B[35mawait\x1B[39m \x1B[34mimportOriginal\x1B[39m()\n'[39m +
    [32m'  \x1B[35mreturn\x1B[39m {\n'[39m +
    [32m'    \x1B[33m...\x1B[39mactual\x1B[33m,\x1B[39m\n'[39m +
    [32m'    \x1B[90m// your mocked methods\x1B[39m\n'[39m +
    [32m'  }\n'[39m +
    [32m'})'[39m
}
Error: Uncaught [Error: [vitest] No "estimateExportSize" export is defined on the "../../../utils/exportUtils" mock. Did you forget to return it 
from "vi.mock"?
If you need to partially mock a module, you can use "importOriginal" helper inside:
]
    at reportException (C:\playground\Python\ai_scrapper\frontend\node_modules\jsdom\lib\jsdom\living\helpers\runtime-script-errors.js:66:24)
    at innerInvokeEventListeners (C:\playground\Python\ai_scrapper\frontend\node_modules\jsdom\lib\jsdom\living\events\EventTarget-impl.js:353:9)
    at invokeEventListeners (C:\playground\Python\ai_scrapper\frontend\node_modules\jsdom\lib\jsdom\living\events\EventTarget-impl.js:286:3)
    at HTMLUnknownElementImpl._dispatch 
(C:\playground\Python\ai_scrapper\frontend\node_modules\jsdom\lib\jsdom\living\events\EventTarget-impl.js:233:9)
    at HTMLUnknownElementImpl.dispatchEvent 
(C:\playground\Python\ai_scrapper\frontend\node_modules\jsdom\lib\jsdom\living\events\EventTarget-impl.js:104:17)
    at HTMLUnknownElement.dispatchEvent 
(C:\playground\Python\ai_scrapper\frontend\node_modules\jsdom\lib\jsdom\living\generated\EventTarget.js:241:34)
    at Object.invokeGuardedCallbackDev (C:\playground\Python\ai_scrapper\frontend\node_modules\react-dom\cjs\react-dom.development.js:4213:16)
    at invokeGuardedCallback (C:\playground\Python\ai_scrapper\frontend\node_modules\react-dom\cjs\react-dom.development.js:4277:31)
    at beginWork$1 (C:\playground\Python\ai_scrapper\frontend\node_modules\react-dom\cjs\react-dom.development.js:27490:7)
    at performUnitOfWork (C:\playground\Python\ai_scrapper\frontend\node_modules\react-dom\cjs\react-dom.development.js:26599:12) Error: [vitest] No 
"estimateExportSize" export is defined on the "../../../utils/exportUtils" mock. Did you forget to return it from "vi.mock"?
If you need to partially mock a module, you can use "importOriginal" helper inside:

    at VitestMocker.createError 
[90m(file:///C:/playground/Python/ai_scrapper/frontend/[39mnode_modules/[4mvitest[24m/dist/vendor/execute.fL3szUAI.js:79:19[90m)[39m
    at Object.get 
[90m(file:///C:/playground/Python/ai_scrapper/frontend/[39mnode_modules/[4mvitest[24m/dist/vendor/execute.fL3szUAI.js:153:22[90m)[39m
    at ExportButton [90m(C:\playground\Python\ai_scrapper\frontend\[39msrc\components\results\ExportButton.tsx:43:20[90m)[39m
    at renderWithHooks 
[90m(C:\playground\Python\ai_scrapper\frontend\[39mnode_modules\[4mreact-dom[24m\cjs\react-dom.development.js:15486:18[90m)[39m
    at mountIndeterminateComponent 
[90m(C:\playground\Python\ai_scrapper\frontend\[39mnode_modules\[4mreact-dom[24m\cjs\react-dom.development.js:20103:13[90m)[39m
    at beginWork 
[90m(C:\playground\Python\ai_scrapper\frontend\[39mnode_modules\[4mreact-dom[24m\cjs\react-dom.development.js:21626:16[90m)[39m
    at HTMLUnknownElement.callCallback 
[90m(C:\playground\Python\ai_scrapper\frontend\[39mnode_modules\[4mreact-dom[24m\cjs\react-dom.development.js:4164:14[90m)[39m
    at HTMLUnknownElement.callTheUserObjectsOperation 
[90m(C:\playground\Python\ai_scrapper\frontend\[39mnode_modules\[4mjsdom[24m\lib\jsdom\living\generated\EventListener.js:26:30[90m)[39m
    at innerInvokeEventListeners 
[90m(C:\playground\Python\ai_scrapper\frontend\[39mnode_modules\[4mjsdom[24m\lib\jsdom\living\events\EventTarget-impl.js:350:25[90m)[39m
    at invokeEventListeners 
[90m(C:\playground\Python\ai_scrapper\frontend\[39mnode_modules\[4mjsdom[24m\lib\jsdom\living\events\EventTarget-impl.js:286:3[90m)[39m {
  codeFrame: [32m'vi\x1B[33m.\x1B[39m\x1B[34mmock\x1B[39m(\x1B[32m"../../../utils/exportUtils"\x1B[39m\x1B[33m,\x1B[39m \x1B[35masync\x1B[39m 
(importOriginal) \x1B[33m=>\x1B[39m {\n'[39m +
    [32m'  \x1B[35mconst\x1B[39m actual \x1B[33m=\x1B[39m \x1B[35mawait\x1B[39m \x1B[34mimportOriginal\x1B[39m()\n'[39m +
    [32m'  \x1B[35mreturn\x1B[39m {\n'[39m +
    [32m'    \x1B[33m...\x1B[39mactual\x1B[33m,\x1B[39m\n'[39m +
    [32m'    \x1B[90m// your mocked methods\x1B[39m\n'[39m +
    [32m'  }\n'[39m +
    [32m'})'[39m
}
The above error occurred in the <ExportButton> component:

    at ExportButton (C:\playground\Python\ai_scrapper\frontend\src\components\results\ExportButton.tsx:10:3)
    at ToastProvider (C:\playground\Python\ai_scrapper\frontend\src\providers\ToastProvider.tsx:17:3)
    at Router (C:\playground\Python\ai_scrapper\frontend\node_modules\react-router\dist\development\chunk-R73PQUJU.js:414:13)
    at BrowserRouter (C:\playground\Python\ai_scrapper\frontend\node_modules\react-router\dist\development\chunk-R73PQUJU.js:872:3)
    at QueryClientProvider 
(file:///C:/playground/Python/ai_scrapper/frontend/node_modules/@tanstack/react-query/build/modern/QueryClientProvider.js:20:3)
    at AllTheProviders (C:\playground\Python\ai_scrapper\frontend\src\test\utils.tsx:11:28)

Consider adding an error boundary to your tree to customize error handling behavior.
Visit https://reactjs.org/link/error-boundaries to learn more about error boundaries.

[90mstderr[2m | src/components/results/__tests__/ExportButton.test.tsx[2m > [22m[2mExportButton[2m > [22m[2mexports data as CSV when CSV 
option is selected[22m[39m
Error: Uncaught [Error: [vitest] No "estimateExportSize" export is defined on the "../../../utils/exportUtils" mock. Did you forget to return it 
from "vi.mock"?
If you need to partially mock a module, you can use "importOriginal" helper inside:
]
    at reportException (C:\playground\Python\ai_scrapper\frontend\node_modules\jsdom\lib\jsdom\living\helpers\runtime-script-errors.js:66:24)
    at innerInvokeEventListeners (C:\playground\Python\ai_scrapper\frontend\node_modules\jsdom\lib\jsdom\living\events\EventTarget-impl.js:353:9)
    at invokeEventListeners (C:\playground\Python\ai_scrapper\frontend\node_modules\jsdom\lib\jsdom\living\events\EventTarget-impl.js:286:3)
    at HTMLUnknownElementImpl._dispatch 
(C:\playground\Python\ai_scrapper\frontend\node_modules\jsdom\lib\jsdom\living\events\EventTarget-impl.js:233:9)
    at HTMLUnknownElementImpl.dispatchEvent 
(C:\playground\Python\ai_scrapper\frontend\node_modules\jsdom\lib\jsdom\living\events\EventTarget-impl.js:104:17)
    at HTMLUnknownElement.dispatchEvent 
(C:\playground\Python\ai_scrapper\frontend\node_modules\jsdom\lib\jsdom\living\generated\EventTarget.js:241:34)
    at Object.invokeGuardedCallbackDev (C:\playground\Python\ai_scrapper\frontend\node_modules\react-dom\cjs\react-dom.development.js:4213:16)
    at invokeGuardedCallback (C:\playground\Python\ai_scrapper\frontend\node_modules\react-dom\cjs\react-dom.development.js:4277:31)
    at beginWork$1 (C:\playground\Python\ai_scrapper\frontend\node_modules\react-dom\cjs\react-dom.development.js:27490:7)
    at performUnitOfWork (C:\playground\Python\ai_scrapper\frontend\node_modules\react-dom\cjs\react-dom.development.js:26599:12) Error: [vitest] No 
"estimateExportSize" export is defined on the "../../../utils/exportUtils" mock. Did you forget to return it from "vi.mock"?
If you need to partially mock a module, you can use "importOriginal" helper inside:

    at VitestMocker.createError 
[90m(file:///C:/playground/Python/ai_scrapper/frontend/[39mnode_modules/[4mvitest[24m/dist/vendor/execute.fL3szUAI.js:79:19[90m)[39m
    at Object.get 
[90m(file:///C:/playground/Python/ai_scrapper/frontend/[39mnode_modules/[4mvitest[24m/dist/vendor/execute.fL3szUAI.js:153:22[90m)[39m
    at ExportButton [90m(C:\playground\Python\ai_scrapper\frontend\[39msrc\components\results\ExportButton.tsx:43:20[90m)[39m
    at renderWithHooks 
[90m(C:\playground\Python\ai_scrapper\frontend\[39mnode_modules\[4mreact-dom[24m\cjs\react-dom.development.js:15486:18[90m)[39m
    at mountIndeterminateComponent 
[90m(C:\playground\Python\ai_scrapper\frontend\[39mnode_modules\[4mreact-dom[24m\cjs\react-dom.development.js:20103:13[90m)[39m
    at beginWork 
[90m(C:\playground\Python\ai_scrapper\frontend\[39mnode_modules\[4mreact-dom[24m\cjs\react-dom.development.js:21626:16[90m)[39m
    at HTMLUnknownElement.callCallback 
[90m(C:\playground\Python\ai_scrapper\frontend\[39mnode_modules\[4mreact-dom[24m\cjs\react-dom.development.js:4164:14[90m)[39m
    at HTMLUnknownElement.callTheUserObjectsOperation 
[90m(C:\playground\Python\ai_scrapper\frontend\[39mnode_modules\[4mjsdom[24m\lib\jsdom\living\generated\EventListener.js:26:30[90m)[39m
    at innerInvokeEventListeners 
[90m(C:\playground\Python\ai_scrapper\frontend\[39mnode_modules\[4mjsdom[24m\lib\jsdom\living\events\EventTarget-impl.js:350:25[90m)[39m
    at invokeEventListeners 
[90m(C:\playground\Python\ai_scrapper\frontend\[39mnode_modules\[4mjsdom[24m\lib\jsdom\living\events\EventTarget-impl.js:286:3[90m)[39m {
  codeFrame: [32m'vi\x1B[33m.\x1B[39m\x1B[34mmock\x1B[39m(\x1B[32m"../../../utils/exportUtils"\x1B[39m\x1B[33m,\x1B[39m \x1B[35masync\x1B[39m 
(importOriginal) \x1B[33m=>\x1B[39m {\n'[39m +
    [32m'  \x1B[35mconst\x1B[39m actual \x1B[33m=\x1B[39m \x1B[35mawait\x1B[39m \x1B[34mimportOriginal\x1B[39m()\n'[39m +
    [32m'  \x1B[35mreturn\x1B[39m {\n'[39m +
    [32m'    \x1B[33m...\x1B[39mactual\x1B[33m,\x1B[39m\n'[39m +
    [32m'    \x1B[90m// your mocked methods\x1B[39m\n'[39m +
    [32m'  }\n'[39m +
    [32m'})'[39m
}
Error: Uncaught [Error: [vitest] No "estimateExportSize" export is defined on the "../../../utils/exportUtils" mock. Did you forget to return it 
from "vi.mock"?
If you need to partially mock a module, you can use "importOriginal" helper inside:
]
    at reportException (C:\playground\Python\ai_scrapper\frontend\node_modules\jsdom\lib\jsdom\living\helpers\runtime-script-errors.js:66:24)
    at innerInvokeEventListeners (C:\playground\Python\ai_scrapper\frontend\node_modules\jsdom\lib\jsdom\living\events\EventTarget-impl.js:353:9)
    at invokeEventListeners (C:\playground\Python\ai_scrapper\frontend\node_modules\jsdom\lib\jsdom\living\events\EventTarget-impl.js:286:3)
    at HTMLUnknownElementImpl._dispatch 
(C:\playground\Python\ai_scrapper\frontend\node_modules\jsdom\lib\jsdom\living\events\EventTarget-impl.js:233:9)
    at HTMLUnknownElementImpl.dispatchEvent 
(C:\playground\Python\ai_scrapper\frontend\node_modules\jsdom\lib\jsdom\living\events\EventTarget-impl.js:104:17)
    at HTMLUnknownElement.dispatchEvent 
(C:\playground\Python\ai_scrapper\frontend\node_modules\jsdom\lib\jsdom\living\generated\EventTarget.js:241:34)
    at Object.invokeGuardedCallbackDev (C:\playground\Python\ai_scrapper\frontend\node_modules\react-dom\cjs\react-dom.development.js:4213:16)
    at invokeGuardedCallback (C:\playground\Python\ai_scrapper\frontend\node_modules\react-dom\cjs\react-dom.development.js:4277:31)
    at beginWork$1 (C:\playground\Python\ai_scrapper\frontend\node_modules\react-dom\cjs\react-dom.development.js:27490:7)
    at performUnitOfWork (C:\playground\Python\ai_scrapper\frontend\node_modules\react-dom\cjs\react-dom.development.js:26599:12) Error: [vitest] No 
"estimateExportSize" export is defined on the "../../../utils/exportUtils" mock. Did you forget to return it from "vi.mock"?
If you need to partially mock a module, you can use "importOriginal" helper inside:

    at VitestMocker.createError 
[90m(file:///C:/playground/Python/ai_scrapper/frontend/[39mnode_modules/[4mvitest[24m/dist/vendor/execute.fL3szUAI.js:79:19[90m)[39m
    at Object.get 
[90m(file:///C:/playground/Python/ai_scrapper/frontend/[39mnode_modules/[4mvitest[24m/dist/vendor/execute.fL3szUAI.js:153:22[90m)[39m
    at ExportButton [90m(C:\playground\Python\ai_scrapper\frontend\[39msrc\components\results\ExportButton.tsx:43:20[90m)[39m
    at renderWithHooks 
[90m(C:\playground\Python\ai_scrapper\frontend\[39mnode_modules\[4mreact-dom[24m\cjs\react-dom.development.js:15486:18[90m)[39m
    at mountIndeterminateComponent 
[90m(C:\playground\Python\ai_scrapper\frontend\[39mnode_modules\[4mreact-dom[24m\cjs\react-dom.development.js:20103:13[90m)[39m
    at beginWork 
[90m(C:\playground\Python\ai_scrapper\frontend\[39mnode_modules\[4mreact-dom[24m\cjs\react-dom.development.js:21626:16[90m)[39m
    at HTMLUnknownElement.callCallback 
[90m(C:\playground\Python\ai_scrapper\frontend\[39mnode_modules\[4mreact-dom[24m\cjs\react-dom.development.js:4164:14[90m)[39m
    at HTMLUnknownElement.callTheUserObjectsOperation 
[90m(C:\playground\Python\ai_scrapper\frontend\[39mnode_modules\[4mjsdom[24m\lib\jsdom\living\generated\EventListener.js:26:30[90m)[39m
    at innerInvokeEventListeners 
[90m(C:\playground\Python\ai_scrapper\frontend\[39mnode_modules\[4mjsdom[24m\lib\jsdom\living\events\EventTarget-impl.js:350:25[90m)[39m
    at invokeEventListeners 
[90m(C:\playground\Python\ai_scrapper\frontend\[39mnode_modules\[4mjsdom[24m\lib\jsdom\living\events\EventTarget-impl.js:286:3[90m)[39m {
  codeFrame: [32m'vi\x1B[33m.\x1B[39m\x1B[34mmock\x1B[39m(\x1B[32m"../../../utils/exportUtils"\x1B[39m\x1B[33m,\x1B[39m \x1B[35masync\x1B[39m 
(importOriginal) \x1B[33m=>\x1B[39m {\n'[39m +
    [32m'  \x1B[35mconst\x1B[39m actual \x1B[33m=\x1B[39m \x1B[35mawait\x1B[39m \x1B[34mimportOriginal\x1B[39m()\n'[39m +
    [32m'  \x1B[35mreturn\x1B[39m {\n'[39m +
    [32m'    \x1B[33m...\x1B[39mactual\x1B[33m,\x1B[39m\n'[39m +
    [32m'    \x1B[90m// your mocked methods\x1B[39m\n'[39m +
    [32m'  }\n'[39m +
    [32m'})'[39m
}
The above error occurred in the <ExportButton> component:

    at ExportButton (C:\playground\Python\ai_scrapper\frontend\src\components\results\ExportButton.tsx:10:3)
    at ToastProvider (C:\playground\Python\ai_scrapper\frontend\src\providers\ToastProvider.tsx:17:3)
    at Router (C:\playground\Python\ai_scrapper\frontend\node_modules\react-router\dist\development\chunk-R73PQUJU.js:414:13)
    at BrowserRouter (C:\playground\Python\ai_scrapper\frontend\node_modules\react-router\dist\development\chunk-R73PQUJU.js:872:3)
    at QueryClientProvider 
(file:///C:/playground/Python/ai_scrapper/frontend/node_modules/@tanstack/react-query/build/modern/QueryClientProvider.js:20:3)
    at AllTheProviders (C:\playground\Python\ai_scrapper\frontend\src\test\utils.tsx:11:28)

Consider adding an error boundary to your tree to customize error handling behavior.
Visit https://reactjs.org/link/error-boundaries to learn more about error boundaries.

[90mstderr[2m | src/components/results/__tests__/ExportButton.test.tsx[2m > [22m[2mExportButton[2m > [22m[2mshows loading state during 
export[22m[39m
Error: Uncaught [Error: [vitest] No "estimateExportSize" export is defined on the "../../../utils/exportUtils" mock. Did you forget to return it 
from "vi.mock"?
If you need to partially mock a module, you can use "importOriginal" helper inside:
]
    at reportException (C:\playground\Python\ai_scrapper\frontend\node_modules\jsdom\lib\jsdom\living\helpers\runtime-script-errors.js:66:24)
    at innerInvokeEventListeners (C:\playground\Python\ai_scrapper\frontend\node_modules\jsdom\lib\jsdom\living\events\EventTarget-impl.js:353:9)
    at invokeEventListeners (C:\playground\Python\ai_scrapper\frontend\node_modules\jsdom\lib\jsdom\living\events\EventTarget-impl.js:286:3)
    at HTMLUnknownElementImpl._dispatch 
(C:\playground\Python\ai_scrapper\frontend\node_modules\jsdom\lib\jsdom\living\events\EventTarget-impl.js:233:9)
    at HTMLUnknownElementImpl.dispatchEvent 
(C:\playground\Python\ai_scrapper\frontend\node_modules\jsdom\lib\jsdom\living\events\EventTarget-impl.js:104:17)
    at HTMLUnknownElement.dispatchEvent 
(C:\playground\Python\ai_scrapper\frontend\node_modules\jsdom\lib\jsdom\living\generated\EventTarget.js:241:34)
    at Object.invokeGuardedCallbackDev (C:\playground\Python\ai_scrapper\frontend\node_modules\react-dom\cjs\react-dom.development.js:4213:16)
    at invokeGuardedCallback (C:\playground\Python\ai_scrapper\frontend\node_modules\react-dom\cjs\react-dom.development.js:4277:31)
    at beginWork$1 (C:\playground\Python\ai_scrapper\frontend\node_modules\react-dom\cjs\react-dom.development.js:27490:7)
    at performUnitOfWork (C:\playground\Python\ai_scrapper\frontend\node_modules\react-dom\cjs\react-dom.development.js:26599:12) Error: [vitest] No 
"estimateExportSize" export is defined on the "../../../utils/exportUtils" mock. Did you forget to return it from "vi.mock"?
If you need to partially mock a module, you can use "importOriginal" helper inside:

    at VitestMocker.createError 
[90m(file:///C:/playground/Python/ai_scrapper/frontend/[39mnode_modules/[4mvitest[24m/dist/vendor/execute.fL3szUAI.js:79:19[90m)[39m
    at Object.get 
[90m(file:///C:/playground/Python/ai_scrapper/frontend/[39mnode_modules/[4mvitest[24m/dist/vendor/execute.fL3szUAI.js:153:22[90m)[39m
    at ExportButton [90m(C:\playground\Python\ai_scrapper\frontend\[39msrc\components\results\ExportButton.tsx:43:20[90m)[39m
    at renderWithHooks 
[90m(C:\playground\Python\ai_scrapper\frontend\[39mnode_modules\[4mreact-dom[24m\cjs\react-dom.development.js:15486:18[90m)[39m
    at mountIndeterminateComponent 
[90m(C:\playground\Python\ai_scrapper\frontend\[39mnode_modules\[4mreact-dom[24m\cjs\react-dom.development.js:20103:13[90m)[39m
    at beginWork 
[90m(C:\playground\Python\ai_scrapper\frontend\[39mnode_modules\[4mreact-dom[24m\cjs\react-dom.development.js:21626:16[90m)[39m
    at HTMLUnknownElement.callCallback 
[90m(C:\playground\Python\ai_scrapper\frontend\[39mnode_modules\[4mreact-dom[24m\cjs\react-dom.development.js:4164:14[90m)[39m
    at HTMLUnknownElement.callTheUserObjectsOperation 
[90m(C:\playground\Python\ai_scrapper\frontend\[39mnode_modules\[4mjsdom[24m\lib\jsdom\living\generated\EventListener.js:26:30[90m)[39m
    at innerInvokeEventListeners 
[90m(C:\playground\Python\ai_scrapper\frontend\[39mnode_modules\[4mjsdom[24m\lib\jsdom\living\events\EventTarget-impl.js:350:25[90m)[39m
    at invokeEventListeners 
[90m(C:\playground\Python\ai_scrapper\frontend\[39mnode_modules\[4mjsdom[24m\lib\jsdom\living\events\EventTarget-impl.js:286:3[90m)[39m {
  codeFrame: [32m'vi\x1B[33m.\x1B[39m\x1B[34mmock\x1B[39m(\x1B[32m"../../../utils/exportUtils"\x1B[39m\x1B[33m,\x1B[39m \x1B[35masync\x1B[39m 
(importOriginal) \x1B[33m=>\x1B[39m {\n'[39m +
    [32m'  \x1B[35mconst\x1B[39m actual \x1B[33m=\x1B[39m \x1B[35mawait\x1B[39m \x1B[34mimportOriginal\x1B[39m()\n'[39m +
    [32m'  \x1B[35mreturn\x1B[39m {\n'[39m +
    [32m'    \x1B[33m...\x1B[39mactual\x1B[33m,\x1B[39m\n'[39m +
    [32m'    \x1B[90m// your mocked methods\x1B[39m\n'[39m +
    [32m'  }\n'[39m +
    [32m'})'[39m
}
Error: Uncaught [Error: [vitest] No "estimateExportSize" export is defined on the "../../../utils/exportUtils" mock. Did you forget to return it 
from "vi.mock"?
If you need to partially mock a module, you can use "importOriginal" helper inside:
]
    at reportException (C:\playground\Python\ai_scrapper\frontend\node_modules\jsdom\lib\jsdom\living\helpers\runtime-script-errors.js:66:24)
    at innerInvokeEventListeners (C:\playground\Python\ai_scrapper\frontend\node_modules\jsdom\lib\jsdom\living\events\EventTarget-impl.js:353:9)
    at invokeEventListeners (C:\playground\Python\ai_scrapper\frontend\node_modules\jsdom\lib\jsdom\living\events\EventTarget-impl.js:286:3)
    at HTMLUnknownElementImpl._dispatch 
(C:\playground\Python\ai_scrapper\frontend\node_modules\jsdom\lib\jsdom\living\events\EventTarget-impl.js:233:9)
    at HTMLUnknownElementImpl.dispatchEvent 
(C:\playground\Python\ai_scrapper\frontend\node_modules\jsdom\lib\jsdom\living\events\EventTarget-impl.js:104:17)
    at HTMLUnknownElement.dispatchEvent 
(C:\playground\Python\ai_scrapper\frontend\node_modules\jsdom\lib\jsdom\living\generated\EventTarget.js:241:34)
    at Object.invokeGuardedCallbackDev (C:\playground\Python\ai_scrapper\frontend\node_modules\react-dom\cjs\react-dom.development.js:4213:16)
    at invokeGuardedCallback (C:\playground\Python\ai_scrapper\frontend\node_modules\react-dom\cjs\react-dom.development.js:4277:31)
    at beginWork$1 (C:\playground\Python\ai_scrapper\frontend\node_modules\react-dom\cjs\react-dom.development.js:27490:7)
    at performUnitOfWork (C:\playground\Python\ai_scrapper\frontend\node_modules\react-dom\cjs\react-dom.development.js:26599:12) Error: [vitest] No 
"estimateExportSize" export is defined on the "../../../utils/exportUtils" mock. Did you forget to return it from "vi.mock"?
If you need to partially mock a module, you can use "importOriginal" helper inside:

    at VitestMocker.createError 
[90m(file:///C:/playground/Python/ai_scrapper/frontend/[39mnode_modules/[4mvitest[24m/dist/vendor/execute.fL3szUAI.js:79:19[90m)[39m
    at Object.get 
[90m(file:///C:/playground/Python/ai_scrapper/frontend/[39mnode_modules/[4mvitest[24m/dist/vendor/execute.fL3szUAI.js:153:22[90m)[39m
    at ExportButton [90m(C:\playground\Python\ai_scrapper\frontend\[39msrc\components\results\ExportButton.tsx:43:20[90m)[39m
    at renderWithHooks 
[90m(C:\playground\Python\ai_scrapper\frontend\[39mnode_modules\[4mreact-dom[24m\cjs\react-dom.development.js:15486:18[90m)[39m
    at mountIndeterminateComponent 
[90m(C:\playground\Python\ai_scrapper\frontend\[39mnode_modules\[4mreact-dom[24m\cjs\react-dom.development.js:20103:13[90m)[39m
    at beginWork 
[90m(C:\playground\Python\ai_scrapper\frontend\[39mnode_modules\[4mreact-dom[24m\cjs\react-dom.development.js:21626:16[90m)[39m
    at HTMLUnknownElement.callCallback 
[90m(C:\playground\Python\ai_scrapper\frontend\[39mnode_modules\[4mreact-dom[24m\cjs\react-dom.development.js:4164:14[90m)[39m
    at HTMLUnknownElement.callTheUserObjectsOperation 
[90m(C:\playground\Python\ai_scrapper\frontend\[39mnode_modules\[4mjsdom[24m\lib\jsdom\living\generated\EventListener.js:26:30[90m)[39m
    at innerInvokeEventListeners 
[90m(C:\playground\Python\ai_scrapper\frontend\[39mnode_modules\[4mjsdom[24m\lib\jsdom\living\events\EventTarget-impl.js:350:25[90m)[39m
    at invokeEventListeners 
[90m(C:\playground\Python\ai_scrapper\frontend\[39mnode_modules\[4mjsdom[24m\lib\jsdom\living\events\EventTarget-impl.js:286:3[90m)[39m {
  codeFrame: [32m'vi\x1B[33m.\x1B[39m\x1B[34mmock\x1B[39m(\x1B[32m"../../../utils/exportUtils"\x1B[39m\x1B[33m,\x1B[39m \x1B[35masync\x1B[39m 
(importOriginal) \x1B[33m=>\x1B[39m {\n'[39m +
    [32m'  \x1B[35mconst\x1B[39m actual \x1B[33m=\x1B[39m \x1B[35mawait\x1B[39m \x1B[34mimportOriginal\x1B[39m()\n'[39m +
    [32m'  \x1B[35mreturn\x1B[39m {\n'[39m +
    [32m'    \x1B[33m...\x1B[39mactual\x1B[33m,\x1B[39m\n'[39m +
    [32m'    \x1B[90m// your mocked methods\x1B[39m\n'[39m +
    [32m'  }\n'[39m +
    [32m'})'[39m
}
The above error occurred in the <ExportButton> component:

    at ExportButton (C:\playground\Python\ai_scrapper\frontend\src\components\results\ExportButton.tsx:10:3)
    at ToastProvider (C:\playground\Python\ai_scrapper\frontend\src\providers\ToastProvider.tsx:17:3)
    at Router (C:\playground\Python\ai_scrapper\frontend\node_modules\react-router\dist\development\chunk-R73PQUJU.js:414:13)
    at BrowserRouter (C:\playground\Python\ai_scrapper\frontend\node_modules\react-router\dist\development\chunk-R73PQUJU.js:872:3)
    at QueryClientProvider 
(file:///C:/playground/Python/ai_scrapper/frontend/node_modules/@tanstack/react-query/build/modern/QueryClientProvider.js:20:3)
    at AllTheProviders (C:\playground\Python\ai_scrapper\frontend\src\test\utils.tsx:11:28)

Consider adding an error boundary to your tree to customize error handling behavior.
Visit https://reactjs.org/link/error-boundaries to learn more about error boundaries.

[90mstderr[2m | src/components/results/__tests__/ExportButton.test.tsx[2m > [22m[2mExportButton[2m > [22m[2mhandles export errors 
gracefully[22m[39m
Error: Uncaught [Error: [vitest] No "estimateExportSize" export is defined on the "../../../utils/exportUtils" mock. Did you forget to return it 
from "vi.mock"?
If you need to partially mock a module, you can use "importOriginal" helper inside:
]
    at reportException (C:\playground\Python\ai_scrapper\frontend\node_modules\jsdom\lib\jsdom\living\helpers\runtime-script-errors.js:66:24)
    at innerInvokeEventListeners (C:\playground\Python\ai_scrapper\frontend\node_modules\jsdom\lib\jsdom\living\events\EventTarget-impl.js:353:9)
    at invokeEventListeners (C:\playground\Python\ai_scrapper\frontend\node_modules\jsdom\lib\jsdom\living\events\EventTarget-impl.js:286:3)
    at HTMLUnknownElementImpl._dispatch 
(C:\playground\Python\ai_scrapper\frontend\node_modules\jsdom\lib\jsdom\living\events\EventTarget-impl.js:233:9)
    at HTMLUnknownElementImpl.dispatchEvent 
(C:\playground\Python\ai_scrapper\frontend\node_modules\jsdom\lib\jsdom\living\events\EventTarget-impl.js:104:17)
    at HTMLUnknownElement.dispatchEvent 
(C:\playground\Python\ai_scrapper\frontend\node_modules\jsdom\lib\jsdom\living\generated\EventTarget.js:241:34)
    at Object.invokeGuardedCallbackDev (C:\playground\Python\ai_scrapper\frontend\node_modules\react-dom\cjs\react-dom.development.js:4213:16)
    at invokeGuardedCallback (C:\playground\Python\ai_scrapper\frontend\node_modules\react-dom\cjs\react-dom.development.js:4277:31)
    at beginWork$1 (C:\playground\Python\ai_scrapper\frontend\node_modules\react-dom\cjs\react-dom.development.js:27490:7)
    at performUnitOfWork (C:\playground\Python\ai_scrapper\frontend\node_modules\react-dom\cjs\react-dom.development.js:26599:12) Error: [vitest] No 
"estimateExportSize" export is defined on the "../../../utils/exportUtils" mock. Did you forget to return it from "vi.mock"?
If you need to partially mock a module, you can use "importOriginal" helper inside:

    at VitestMocker.createError 
[90m(file:///C:/playground/Python/ai_scrapper/frontend/[39mnode_modules/[4mvitest[24m/dist/vendor/execute.fL3szUAI.js:79:19[90m)[39m
    at Object.get 
[90m(file:///C:/playground/Python/ai_scrapper/frontend/[39mnode_modules/[4mvitest[24m/dist/vendor/execute.fL3szUAI.js:153:22[90m)[39m
    at ExportButton [90m(C:\playground\Python\ai_scrapper\frontend\[39msrc\components\results\ExportButton.tsx:43:20[90m)[39m
    at renderWithHooks 
[90m(C:\playground\Python\ai_scrapper\frontend\[39mnode_modules\[4mreact-dom[24m\cjs\react-dom.development.js:15486:18[90m)[39m
    at mountIndeterminateComponent 
[90m(C:\playground\Python\ai_scrapper\frontend\[39mnode_modules\[4mreact-dom[24m\cjs\react-dom.development.js:20103:13[90m)[39m
    at beginWork 
[90m(C:\playground\Python\ai_scrapper\frontend\[39mnode_modules\[4mreact-dom[24m\cjs\react-dom.development.js:21626:16[90m)[39m
    at HTMLUnknownElement.callCallback 
[90m(C:\playground\Python\ai_scrapper\frontend\[39mnode_modules\[4mreact-dom[24m\cjs\react-dom.development.js:4164:14[90m)[39m
    at HTMLUnknownElement.callTheUserObjectsOperation 
[90m(C:\playground\Python\ai_scrapper\frontend\[39mnode_modules\[4mjsdom[24m\lib\jsdom\living\generated\EventListener.js:26:30[90m)[39m
    at innerInvokeEventListeners 
[90m(C:\playground\Python\ai_scrapper\frontend\[39mnode_modules\[4mjsdom[24m\lib\jsdom\living\events\EventTarget-impl.js:350:25[90m)[39m
    at invokeEventListeners 
[90m(C:\playground\Python\ai_scrapper\frontend\[39mnode_modules\[4mjsdom[24m\lib\jsdom\living\events\EventTarget-impl.js:286:3[90m)[39m {
  codeFrame: [32m'vi\x1B[33m.\x1B[39m\x1B[34mmock\x1B[39m(\x1B[32m"../../../utils/exportUtils"\x1B[39m\x1B[33m,\x1B[39m \x1B[35masync\x1B[39m 
(importOriginal) \x1B[33m=>\x1B[39m {\n'[39m +
    [32m'  \x1B[35mconst\x1B[39m actual \x1B[33m=\x1B[39m \x1B[35mawait\x1B[39m \x1B[34mimportOriginal\x1B[39m()\n'[39m +
    [32m'  \x1B[35mreturn\x1B[39m {\n'[39m +
    [32m'    \x1B[33m...\x1B[39mactual\x1B[33m,\x1B[39m\n'[39m +
    [32m'    \x1B[90m// your mocked methods\x1B[39m\n'[39m +
    [32m'  }\n'[39m +
    [32m'})'[39m
}
Error: Uncaught [Error: [vitest] No "estimateExportSize" export is defined on the "../../../utils/exportUtils" mock. Did you forget to return it 
from "vi.mock"?
If you need to partially mock a module, you can use "importOriginal" helper inside:
]
    at reportException (C:\playground\Python\ai_scrapper\frontend\node_modules\jsdom\lib\jsdom\living\helpers\runtime-script-errors.js:66:24)
    at innerInvokeEventListeners (C:\playground\Python\ai_scrapper\frontend\node_modules\jsdom\lib\jsdom\living\events\EventTarget-impl.js:353:9)
    at invokeEventListeners (C:\playground\Python\ai_scrapper\frontend\node_modules\jsdom\lib\jsdom\living\events\EventTarget-impl.js:286:3)
    at HTMLUnknownElementImpl._dispatch 
(C:\playground\Python\ai_scrapper\frontend\node_modules\jsdom\lib\jsdom\living\events\EventTarget-impl.js:233:9)
    at HTMLUnknownElementImpl.dispatchEvent 
(C:\playground\Python\ai_scrapper\frontend\node_modules\jsdom\lib\jsdom\living\events\EventTarget-impl.js:104:17)
    at HTMLUnknownElement.dispatchEvent 
(C:\playground\Python\ai_scrapper\frontend\node_modules\jsdom\lib\jsdom\living\generated\EventTarget.js:241:34)
    at Object.invokeGuardedCallbackDev (C:\playground\Python\ai_scrapper\frontend\node_modules\react-dom\cjs\react-dom.development.js:4213:16)
    at invokeGuardedCallback (C:\playground\Python\ai_scrapper\frontend\node_modules\react-dom\cjs\react-dom.development.js:4277:31)
    at beginWork$1 (C:\playground\Python\ai_scrapper\frontend\node_modules\react-dom\cjs\react-dom.development.js:27490:7)
    at performUnitOfWork (C:\playground\Python\ai_scrapper\frontend\node_modules\react-dom\cjs\react-dom.development.js:26599:12) Error: [vitest] No 
"estimateExportSize" export is defined on the "../../../utils/exportUtils" mock. Did you forget to return it from "vi.mock"?
If you need to partially mock a module, you can use "importOriginal" helper inside:

    at VitestMocker.createError 
[90m(file:///C:/playground/Python/ai_scrapper/frontend/[39mnode_modules/[4mvitest[24m/dist/vendor/execute.fL3szUAI.js:79:19[90m)[39m
    at Object.get 
[90m(file:///C:/playground/Python/ai_scrapper/frontend/[39mnode_modules/[4mvitest[24m/dist/vendor/execute.fL3szUAI.js:153:22[90m)[39m
    at ExportButton [90m(C:\playground\Python\ai_scrapper\frontend\[39msrc\components\results\ExportButton.tsx:43:20[90m)[39m
    at renderWithHooks 
[90m(C:\playground\Python\ai_scrapper\frontend\[39mnode_modules\[4mreact-dom[24m\cjs\react-dom.development.js:15486:18[90m)[39m
    at mountIndeterminateComponent 
[90m(C:\playground\Python\ai_scrapper\frontend\[39mnode_modules\[4mreact-dom[24m\cjs\react-dom.development.js:20103:13[90m)[39m
    at beginWork 
[90m(C:\playground\Python\ai_scrapper\frontend\[39mnode_modules\[4mreact-dom[24m\cjs\react-dom.development.js:21626:16[90m)[39m
    at HTMLUnknownElement.callCallback 
[90m(C:\playground\Python\ai_scrapper\frontend\[39mnode_modules\[4mreact-dom[24m\cjs\react-dom.development.js:4164:14[90m)[39m
    at HTMLUnknownElement.callTheUserObjectsOperation 
[90m(C:\playground\Python\ai_scrapper\frontend\[39mnode_modules\[4mjsdom[24m\lib\jsdom\living\generated\EventListener.js:26:30[90m)[39m
    at innerInvokeEventListeners 
[90m(C:\playground\Python\ai_scrapper\frontend\[39mnode_modules\[4mjsdom[24m\lib\jsdom\living\events\EventTarget-impl.js:350:25[90m)[39m
    at invokeEventListeners 
[90m(C:\playground\Python\ai_scrapper\frontend\[39mnode_modules\[4mjsdom[24m\lib\jsdom\living\events\EventTarget-impl.js:286:3[90m)[39m {
  codeFrame: [32m'vi\x1B[33m.\x1B[39m\x1B[34mmock\x1B[39m(\x1B[32m"../../../utils/exportUtils"\x1B[39m\x1B[33m,\x1B[39m \x1B[35masync\x1B[39m 
(importOriginal) \x1B[33m=>\x1B[39m {\n'[39m +
    [32m'  \x1B[35mconst\x1B[39m actual \x1B[33m=\x1B[39m \x1B[35mawait\x1B[39m \x1B[34mimportOriginal\x1B[39m()\n'[39m +
    [32m'  \x1B[35mreturn\x1B[39m {\n'[39m +
    [32m'    \x1B[33m...\x1B[39mactual\x1B[33m,\x1B[39m\n'[39m +
    [32m'    \x1B[90m// your mocked methods\x1B[39m\n'[39m +
    [32m'  }\n'[39m +
    [32m'})'[39m
}
The above error occurred in the <ExportButton> component:

    at ExportButton (C:\playground\Python\ai_scrapper\frontend\src\components\results\ExportButton.tsx:10:3)
    at ToastProvider (C:\playground\Python\ai_scrapper\frontend\src\providers\ToastProvider.tsx:17:3)
    at Router (C:\playground\Python\ai_scrapper\frontend\node_modules\react-router\dist\development\chunk-R73PQUJU.js:414:13)
    at BrowserRouter (C:\playground\Python\ai_scrapper\frontend\node_modules\react-router\dist\development\chunk-R73PQUJU.js:872:3)
    at QueryClientProvider 
(file:///C:/playground/Python/ai_scrapper/frontend/node_modules/@tanstack/react-query/build/modern/QueryClientProvider.js:20:3)
    at AllTheProviders (C:\playground\Python\ai_scrapper\frontend\src\test\utils.tsx:11:28)

Consider adding an error boundary to your tree to customize error handling behavior.
Visit https://reactjs.org/link/error-boundaries to learn more about error boundaries.

[90mstderr[2m | src/components/results/__tests__/ExportButton.test.tsx[2m > [22m[2mExportButton[2m > [22m[2mis disabled when no data is 
provided[22m[39m
Error: Uncaught [Error: [vitest] No "estimateExportSize" export is defined on the "../../../utils/exportUtils" mock. Did you forget to return it 
from "vi.mock"?
If you need to partially mock a module, you can use "importOriginal" helper inside:
]
    at reportException (C:\playground\Python\ai_scrapper\frontend\node_modules\jsdom\lib\jsdom\living\helpers\runtime-script-errors.js:66:24)
    at innerInvokeEventListeners (C:\playground\Python\ai_scrapper\frontend\node_modules\jsdom\lib\jsdom\living\events\EventTarget-impl.js:353:9)
    at invokeEventListeners (C:\playground\Python\ai_scrapper\frontend\node_modules\jsdom\lib\jsdom\living\events\EventTarget-impl.js:286:3)
    at HTMLUnknownElementImpl._dispatch 
(C:\playground\Python\ai_scrapper\frontend\node_modules\jsdom\lib\jsdom\living\events\EventTarget-impl.js:233:9)
    at HTMLUnknownElementImpl.dispatchEvent 
(C:\playground\Python\ai_scrapper\frontend\node_modules\jsdom\lib\jsdom\living\events\EventTarget-impl.js:104:17)
    at HTMLUnknownElement.dispatchEvent 
(C:\playground\Python\ai_scrapper\frontend\node_modules\jsdom\lib\jsdom\living\generated\EventTarget.js:241:34)
    at Object.invokeGuardedCallbackDev (C:\playground\Python\ai_scrapper\frontend\node_modules\react-dom\cjs\react-dom.development.js:4213:16)
    at invokeGuardedCallback (C:\playground\Python\ai_scrapper\frontend\node_modules\react-dom\cjs\react-dom.development.js:4277:31)
    at beginWork$1 (C:\playground\Python\ai_scrapper\frontend\node_modules\react-dom\cjs\react-dom.development.js:27490:7)
    at performUnitOfWork (C:\playground\Python\ai_scrapper\frontend\node_modules\react-dom\cjs\react-dom.development.js:26599:12) Error: [vitest] No 
"estimateExportSize" export is defined on the "../../../utils/exportUtils" mock. Did you forget to return it from "vi.mock"?
If you need to partially mock a module, you can use "importOriginal" helper inside:

    at VitestMocker.createError 
[90m(file:///C:/playground/Python/ai_scrapper/frontend/[39mnode_modules/[4mvitest[24m/dist/vendor/execute.fL3szUAI.js:79:19[90m)[39m
    at Object.get 
[90m(file:///C:/playground/Python/ai_scrapper/frontend/[39mnode_modules/[4mvitest[24m/dist/vendor/execute.fL3szUAI.js:153:22[90m)[39m
    at ExportButton [90m(C:\playground\Python\ai_scrapper\frontend\[39msrc\components\results\ExportButton.tsx:43:20[90m)[39m
    at renderWithHooks 
[90m(C:\playground\Python\ai_scrapper\frontend\[39mnode_modules\[4mreact-dom[24m\cjs\react-dom.development.js:15486:18[90m)[39m
    at mountIndeterminateComponent 
[90m(C:\playground\Python\ai_scrapper\frontend\[39mnode_modules\[4mreact-dom[24m\cjs\react-dom.development.js:20103:13[90m)[39m
    at beginWork 
[90m(C:\playground\Python\ai_scrapper\frontend\[39mnode_modules\[4mreact-dom[24m\cjs\react-dom.development.js:21626:16[90m)[39m
    at HTMLUnknownElement.callCallback 
[90m(C:\playground\Python\ai_scrapper\frontend\[39mnode_modules\[4mreact-dom[24m\cjs\react-dom.development.js:4164:14[90m)[39m
    at HTMLUnknownElement.callTheUserObjectsOperation 
[90m(C:\playground\Python\ai_scrapper\frontend\[39mnode_modules\[4mjsdom[24m\lib\jsdom\living\generated\EventListener.js:26:30[90m)[39m
    at innerInvokeEventListeners 
[90m(C:\playground\Python\ai_scrapper\frontend\[39mnode_modules\[4mjsdom[24m\lib\jsdom\living\events\EventTarget-impl.js:350:25[90m)[39m
    at invokeEventListeners 
[90m(C:\playground\Python\ai_scrapper\frontend\[39mnode_modules\[4mjsdom[24m\lib\jsdom\living\events\EventTarget-impl.js:286:3[90m)[39m {
  codeFrame: [32m'vi\x1B[33m.\x1B[39m\x1B[34mmock\x1B[39m(\x1B[32m"../../../utils/exportUtils"\x1B[39m\x1B[33m,\x1B[39m \x1B[35masync\x1B[39m 
(importOriginal) \x1B[33m=>\x1B[39m {\n'[39m +
    [32m'  \x1B[35mconst\x1B[39m actual \x1B[33m=\x1B[39m \x1B[35mawait\x1B[39m \x1B[34mimportOriginal\x1B[39m()\n'[39m +
    [32m'  \x1B[35mreturn\x1B[39m {\n'[39m +
    [32m'    \x1B[33m...\x1B[39mactual\x1B[33m,\x1B[39m\n'[39m +
    [32m'    \x1B[90m// your mocked methods\x1B[39m\n'[39m +
    [32m'  }\n'[39m +
    [32m'})'[39m
}
Error: Uncaught [Error: [vitest] No "estimateExportSize" export is defined on the "../../../utils/exportUtils" mock. Did you forget to return it 
from "vi.mock"?
If you need to partially mock a module, you can use "importOriginal" helper inside:
]
    at reportException (C:\playground\Python\ai_scrapper\frontend\node_modules\jsdom\lib\jsdom\living\helpers\runtime-script-errors.js:66:24)
    at innerInvokeEventListeners (C:\playground\Python\ai_scrapper\frontend\node_modules\jsdom\lib\jsdom\living\events\EventTarget-impl.js:353:9)
    at invokeEventListeners (C:\playground\Python\ai_scrapper\frontend\node_modules\jsdom\lib\jsdom\living\events\EventTarget-impl.js:286:3)
    at HTMLUnknownElementImpl._dispatch 
(C:\playground\Python\ai_scrapper\frontend\node_modules\jsdom\lib\jsdom\living\events\EventTarget-impl.js:233:9)
    at HTMLUnknownElementImpl.dispatchEvent 
(C:\playground\Python\ai_scrapper\frontend\node_modules\jsdom\lib\jsdom\living\events\EventTarget-impl.js:104:17)
    at HTMLUnknownElement.dispatchEvent 
(C:\playground\Python\ai_scrapper\frontend\node_modules\jsdom\lib\jsdom\living\generated\EventTarget.js:241:34)
    at Object.invokeGuardedCallbackDev (C:\playground\Python\ai_scrapper\frontend\node_modules\react-dom\cjs\react-dom.development.js:4213:16)
    at invokeGuardedCallback (C:\playground\Python\ai_scrapper\frontend\node_modules\react-dom\cjs\react-dom.development.js:4277:31)
    at beginWork$1 (C:\playground\Python\ai_scrapper\frontend\node_modules\react-dom\cjs\react-dom.development.js:27490:7)
    at performUnitOfWork (C:\playground\Python\ai_scrapper\frontend\node_modules\react-dom\cjs\react-dom.development.js:26599:12) Error: [vitest] No 
"estimateExportSize" export is defined on the "../../../utils/exportUtils" mock. Did you forget to return it from "vi.mock"?
If you need to partially mock a module, you can use "importOriginal" helper inside:

    at VitestMocker.createError 
[90m(file:///C:/playground/Python/ai_scrapper/frontend/[39mnode_modules/[4mvitest[24m/dist/vendor/execute.fL3szUAI.js:79:19[90m)[39m
    at Object.get 
[90m(file:///C:/playground/Python/ai_scrapper/frontend/[39mnode_modules/[4mvitest[24m/dist/vendor/execute.fL3szUAI.js:153:22[90m)[39m
    at ExportButton [90m(C:\playground\Python\ai_scrapper\frontend\[39msrc\components\results\ExportButton.tsx:43:20[90m)[39m
    at renderWithHooks 
[90m(C:\playground\Python\ai_scrapper\frontend\[39mnode_modules\[4mreact-dom[24m\cjs\react-dom.development.js:15486:18[90m)[39m
    at mountIndeterminateComponent 
[90m(C:\playground\Python\ai_scrapper\frontend\[39mnode_modules\[4mreact-dom[24m\cjs\react-dom.development.js:20103:13[90m)[39m
    at beginWork 
[90m(C:\playground\Python\ai_scrapper\frontend\[39mnode_modules\[4mreact-dom[24m\cjs\react-dom.development.js:21626:16[90m)[39m
    at HTMLUnknownElement.callCallback 
[90m(C:\playground\Python\ai_scrapper\frontend\[39mnode_modules\[4mreact-dom[24m\cjs\react-dom.development.js:4164:14[90m)[39m
    at HTMLUnknownElement.callTheUserObjectsOperation 
[90m(C:\playground\Python\ai_scrapper\frontend\[39mnode_modules\[4mjsdom[24m\lib\jsdom\living\generated\EventListener.js:26:30[90m)[39m
    at innerInvokeEventListeners 
[90m(C:\playground\Python\ai_scrapper\frontend\[39mnode_modules\[4mjsdom[24m\lib\jsdom\living\events\EventTarget-impl.js:350:25[90m)[39m
    at invokeEventListeners 
[90m(C:\playground\Python\ai_scrapper\frontend\[39mnode_modules\[4mjsdom[24m\lib\jsdom\living\events\EventTarget-impl.js:286:3[90m)[39m {
  codeFrame: [32m'vi\x1B[33m.\x1B[39m\x1B[34mmock\x1B[39m(\x1B[32m"../../../utils/exportUtils"\x1B[39m\x1B[33m,\x1B[39m \x1B[35masync\x1B[39m 
(importOriginal) \x1B[33m=>\x1B[39m {\n'[39m +
    [32m'  \x1B[35mconst\x1B[39m actual \x1B[33m=\x1B[39m \x1B[35mawait\x1B[39m \x1B[34mimportOriginal\x1B[39m()\n'[39m +
    [32m'  \x1B[35mreturn\x1B[39m {\n'[39m +
    [32m'    \x1B[33m...\x1B[39mactual\x1B[33m,\x1B[39m\n'[39m +
    [32m'    \x1B[90m// your mocked methods\x1B[39m\n'[39m +
    [32m'  }\n'[39m +
    [32m'})'[39m
}
The above error occurred in the <ExportButton> component:

    at ExportButton (C:\playground\Python\ai_scrapper\frontend\src\components\results\ExportButton.tsx:10:3)
    at ToastProvider (C:\playground\Python\ai_scrapper\frontend\src\providers\ToastProvider.tsx:17:3)
    at Router (C:\playground\Python\ai_scrapper\frontend\node_modules\react-router\dist\development\chunk-R73PQUJU.js:414:13)
    at BrowserRouter (C:\playground\Python\ai_scrapper\frontend\node_modules\react-router\dist\development\chunk-R73PQUJU.js:872:3)
    at QueryClientProvider 
(file:///C:/playground/Python/ai_scrapper/frontend/node_modules/@tanstack/react-query/build/modern/QueryClientProvider.js:20:3)
    at AllTheProviders (C:\playground\Python\ai_scrapper\frontend\src\test\utils.tsx:11:28)

Consider adding an error boundary to your tree to customize error handling behavior.
Visit https://reactjs.org/link/error-boundaries to learn more about error boundaries.

[90mstderr[2m | src/components/results/__tests__/ExportButton.test.tsx[2m > [22m[2mExportButton[2m > [22m[2mhas proper accessibility 
attributes[22m[39m
Error: Uncaught [Error: [vitest] No "estimateExportSize" export is defined on the "../../../utils/exportUtils" mock. Did you forget to return it 
from "vi.mock"?
If you need to partially mock a module, you can use "importOriginal" helper inside:
]
    at reportException (C:\playground\Python\ai_scrapper\frontend\node_modules\jsdom\lib\jsdom\living\helpers\runtime-script-errors.js:66:24)
    at innerInvokeEventListeners (C:\playground\Python\ai_scrapper\frontend\node_modules\jsdom\lib\jsdom\living\events\EventTarget-impl.js:353:9)
    at invokeEventListeners (C:\playground\Python\ai_scrapper\frontend\node_modules\jsdom\lib\jsdom\living\events\EventTarget-impl.js:286:3)
    at HTMLUnknownElementImpl._dispatch 
(C:\playground\Python\ai_scrapper\frontend\node_modules\jsdom\lib\jsdom\living\events\EventTarget-impl.js:233:9)
    at HTMLUnknownElementImpl.dispatchEvent 
(C:\playground\Python\ai_scrapper\frontend\node_modules\jsdom\lib\jsdom\living\events\EventTarget-impl.js:104:17)
    at HTMLUnknownElement.dispatchEvent 
(C:\playground\Python\ai_scrapper\frontend\node_modules\jsdom\lib\jsdom\living\generated\EventTarget.js:241:34)
    at Object.invokeGuardedCallbackDev (C:\playground\Python\ai_scrapper\frontend\node_modules\react-dom\cjs\react-dom.development.js:4213:16)
    at invokeGuardedCallback (C:\playground\Python\ai_scrapper\frontend\node_modules\react-dom\cjs\react-dom.development.js:4277:31)
    at beginWork$1 (C:\playground\Python\ai_scrapper\frontend\node_modules\react-dom\cjs\react-dom.development.js:27490:7)
    at performUnitOfWork (C:\playground\Python\ai_scrapper\frontend\node_modules\react-dom\cjs\react-dom.development.js:26599:12) Error: [vitest] No 
"estimateExportSize" export is defined on the "../../../utils/exportUtils" mock. Did you forget to return it from "vi.mock"?
If you need to partially mock a module, you can use "importOriginal" helper inside:

    at VitestMocker.createError 
[90m(file:///C:/playground/Python/ai_scrapper/frontend/[39mnode_modules/[4mvitest[24m/dist/vendor/execute.fL3szUAI.js:79:19[90m)[39m
    at Object.get 
[90m(file:///C:/playground/Python/ai_scrapper/frontend/[39mnode_modules/[4mvitest[24m/dist/vendor/execute.fL3szUAI.js:153:22[90m)[39m
    at ExportButton [90m(C:\playground\Python\ai_scrapper\frontend\[39msrc\components\results\ExportButton.tsx:43:20[90m)[39m
    at renderWithHooks 
[90m(C:\playground\Python\ai_scrapper\frontend\[39mnode_modules\[4mreact-dom[24m\cjs\react-dom.development.js:15486:18[90m)[39m
    at mountIndeterminateComponent 
[90m(C:\playground\Python\ai_scrapper\frontend\[39mnode_modules\[4mreact-dom[24m\cjs\react-dom.development.js:20103:13[90m)[39m
    at beginWork 
[90m(C:\playground\Python\ai_scrapper\frontend\[39mnode_modules\[4mreact-dom[24m\cjs\react-dom.development.js:21626:16[90m)[39m
    at HTMLUnknownElement.callCallback 
[90m(C:\playground\Python\ai_scrapper\frontend\[39mnode_modules\[4mreact-dom[24m\cjs\react-dom.development.js:4164:14[90m)[39m
    at HTMLUnknownElement.callTheUserObjectsOperation 
[90m(C:\playground\Python\ai_scrapper\frontend\[39mnode_modules\[4mjsdom[24m\lib\jsdom\living\generated\EventListener.js:26:30[90m)[39m
    at innerInvokeEventListeners 
[90m(C:\playground\Python\ai_scrapper\frontend\[39mnode_modules\[4mjsdom[24m\lib\jsdom\living\events\EventTarget-impl.js:350:25[90m)[39m
    at invokeEventListeners 
[90m(C:\playground\Python\ai_scrapper\frontend\[39mnode_modules\[4mjsdom[24m\lib\jsdom\living\events\EventTarget-impl.js:286:3[90m)[39m {
  codeFrame: [32m'vi\x1B[33m.\x1B[39m\x1B[34mmock\x1B[39m(\x1B[32m"../../../utils/exportUtils"\x1B[39m\x1B[33m,\x1B[39m \x1B[35masync\x1B[39m 
(importOriginal) \x1B[33m=>\x1B[39m {\n'[39m +
    [32m'  \x1B[35mconst\x1B[39m actual \x1B[33m=\x1B[39m \x1B[35mawait\x1B[39m \x1B[34mimportOriginal\x1B[39m()\n'[39m +
    [32m'  \x1B[35mreturn\x1B[39m {\n'[39m +
    [32m'    \x1B[33m...\x1B[39mactual\x1B[33m,\x1B[39m\n'[39m +
    [32m'    \x1B[90m// your mocked methods\x1B[39m\n'[39m +
    [32m'  }\n'[39m +
    [32m'})'[39m
}
Error: Uncaught [Error: [vitest] No "estimateExportSize" export is defined on the "../../../utils/exportUtils" mock. Did you forget to return it 
from "vi.mock"?
If you need to partially mock a module, you can use "importOriginal" helper inside:
]
    at reportException (C:\playground\Python\ai_scrapper\frontend\node_modules\jsdom\lib\jsdom\living\helpers\runtime-script-errors.js:66:24)
    at innerInvokeEventListeners (C:\playground\Python\ai_scrapper\frontend\node_modules\jsdom\lib\jsdom\living\events\EventTarget-impl.js:353:9)
    at invokeEventListeners (C:\playground\Python\ai_scrapper\frontend\node_modules\jsdom\lib\jsdom\living\events\EventTarget-impl.js:286:3)
    at HTMLUnknownElementImpl._dispatch 
(C:\playground\Python\ai_scrapper\frontend\node_modules\jsdom\lib\jsdom\living\events\EventTarget-impl.js:233:9)
    at HTMLUnknownElementImpl.dispatchEvent 
(C:\playground\Python\ai_scrapper\frontend\node_modules\jsdom\lib\jsdom\living\events\EventTarget-impl.js:104:17)
    at HTMLUnknownElement.dispatchEvent 
(C:\playground\Python\ai_scrapper\frontend\node_modules\jsdom\lib\jsdom\living\generated\EventTarget.js:241:34)
    at Object.invokeGuardedCallbackDev (C:\playground\Python\ai_scrapper\frontend\node_modules\react-dom\cjs\react-dom.development.js:4213:16)
    at invokeGuardedCallback (C:\playground\Python\ai_scrapper\frontend\node_modules\react-dom\cjs\react-dom.development.js:4277:31)
    at beginWork$1 (C:\playground\Python\ai_scrapper\frontend\node_modules\react-dom\cjs\react-dom.development.js:27490:7)
    at performUnitOfWork (C:\playground\Python\ai_scrapper\frontend\node_modules\react-dom\cjs\react-dom.development.js:26599:12) Error: [vitest] No 
"estimateExportSize" export is defined on the "../../../utils/exportUtils" mock. Did you forget to return it from "vi.mock"?
If you need to partially mock a module, you can use "importOriginal" helper inside:

    at VitestMocker.createError 
[90m(file:///C:/playground/Python/ai_scrapper/frontend/[39mnode_modules/[4mvitest[24m/dist/vendor/execute.fL3szUAI.js:79:19[90m)[39m
    at Object.get 
[90m(file:///C:/playground/Python/ai_scrapper/frontend/[39mnode_modules/[4mvitest[24m/dist/vendor/execute.fL3szUAI.js:153:22[90m)[39m
    at ExportButton [90m(C:\playground\Python\ai_scrapper\frontend\[39msrc\components\results\ExportButton.tsx:43:20[90m)[39m
    at renderWithHooks 
[90m(C:\playground\Python\ai_scrapper\frontend\[39mnode_modules\[4mreact-dom[24m\cjs\react-dom.development.js:15486:18[90m)[39m
    at mountIndeterminateComponent 
[90m(C:\playground\Python\ai_scrapper\frontend\[39mnode_modules\[4mreact-dom[24m\cjs\react-dom.development.js:20103:13[90m)[39m
    at beginWork 
[90m(C:\playground\Python\ai_scrapper\frontend\[39mnode_modules\[4mreact-dom[24m\cjs\react-dom.development.js:21626:16[90m)[39m
    at HTMLUnknownElement.callCallback 
[90m(C:\playground\Python\ai_scrapper\frontend\[39mnode_modules\[4mreact-dom[24m\cjs\react-dom.development.js:4164:14[90m)[39m
    at HTMLUnknownElement.callTheUserObjectsOperation 
[90m(C:\playground\Python\ai_scrapper\frontend\[39mnode_modules\[4mjsdom[24m\lib\jsdom\living\generated\EventListener.js:26:30[90m)[39m
    at innerInvokeEventListeners 
[90m(C:\playground\Python\ai_scrapper\frontend\[39mnode_modules\[4mjsdom[24m\lib\jsdom\living\events\EventTarget-impl.js:350:25[90m)[39m
    at invokeEventListeners 
[90m(C:\playground\Python\ai_scrapper\frontend\[39mnode_modules\[4mjsdom[24m\lib\jsdom\living\events\EventTarget-impl.js:286:3[90m)[39m {
  codeFrame: [32m'vi\x1B[33m.\x1B[39m\x1B[34mmock\x1B[39m(\x1B[32m"../../../utils/exportUtils"\x1B[39m\x1B[33m,\x1B[39m \x1B[35masync\x1B[39m 
(importOriginal) \x1B[33m=>\x1B[39m {\n'[39m +
    [32m'  \x1B[35mconst\x1B[39m actual \x1B[33m=\x1B[39m \x1B[35mawait\x1B[39m \x1B[34mimportOriginal\x1B[39m()\n'[39m +
    [32m'  \x1B[35mreturn\x1B[39m {\n'[39m +
    [32m'    \x1B[33m...\x1B[39mactual\x1B[33m,\x1B[39m\n'[39m +
    [32m'    \x1B[90m// your mocked methods\x1B[39m\n'[39m +
    [32m'  }\n'[39m +
    [32m'})'[39m
}
The above error occurred in the <ExportButton> component:

    at ExportButton (C:\playground\Python\ai_scrapper\frontend\src\components\results\ExportButton.tsx:10:3)
    at ToastProvider (C:\playground\Python\ai_scrapper\frontend\src\providers\ToastProvider.tsx:17:3)
    at Router (C:\playground\Python\ai_scrapper\frontend\node_modules\react-router\dist\development\chunk-R73PQUJU.js:414:13)
    at BrowserRouter (C:\playground\Python\ai_scrapper\frontend\node_modules\react-router\dist\development\chunk-R73PQUJU.js:872:3)
    at QueryClientProvider 
(file:///C:/playground/Python/ai_scrapper/frontend/node_modules/@tanstack/react-query/build/modern/QueryClientProvider.js:20:3)
    at AllTheProviders (C:\playground\Python\ai_scrapper\frontend\src\test\utils.tsx:11:28)

Consider adding an error boundary to your tree to customize error handling behavior.
Visit https://reactjs.org/link/error-boundaries to learn more about error boundaries.

[90mstderr[2m | src/components/results/__tests__/ExportButton.test.tsx[2m > [22m[2mExportButton[2m > [22m[2msupports keyboard 
navigation[22m[39m
Error: Uncaught [Error: [vitest] No "estimateExportSize" export is defined on the "../../../utils/exportUtils" mock. Did you forget to return it 
from "vi.mock"?
If you need to partially mock a module, you can use "importOriginal" helper inside:
]
    at reportException (C:\playground\Python\ai_scrapper\frontend\node_modules\jsdom\lib\jsdom\living\helpers\runtime-script-errors.js:66:24)
    at innerInvokeEventListeners (C:\playground\Python\ai_scrapper\frontend\node_modules\jsdom\lib\jsdom\living\events\EventTarget-impl.js:353:9)
    at invokeEventListeners (C:\playground\Python\ai_scrapper\frontend\node_modules\jsdom\lib\jsdom\living\events\EventTarget-impl.js:286:3)
    at HTMLUnknownElementImpl._dispatch 
(C:\playground\Python\ai_scrapper\frontend\node_modules\jsdom\lib\jsdom\living\events\EventTarget-impl.js:233:9)
    at HTMLUnknownElementImpl.dispatchEvent 
(C:\playground\Python\ai_scrapper\frontend\node_modules\jsdom\lib\jsdom\living\events\EventTarget-impl.js:104:17)
    at HTMLUnknownElement.dispatchEvent 
(C:\playground\Python\ai_scrapper\frontend\node_modules\jsdom\lib\jsdom\living\generated\EventTarget.js:241:34)
    at Object.invokeGuardedCallbackDev (C:\playground\Python\ai_scrapper\frontend\node_modules\react-dom\cjs\react-dom.development.js:4213:16)
    at invokeGuardedCallback (C:\playground\Python\ai_scrapper\frontend\node_modules\react-dom\cjs\react-dom.development.js:4277:31)
    at beginWork$1 (C:\playground\Python\ai_scrapper\frontend\node_modules\react-dom\cjs\react-dom.development.js:27490:7)
    at performUnitOfWork (C:\playground\Python\ai_scrapper\frontend\node_modules\react-dom\cjs\react-dom.development.js:26599:12) Error: [vitest] No 
"estimateExportSize" export is defined on the "../../../utils/exportUtils" mock. Did you forget to return it from "vi.mock"?
If you need to partially mock a module, you can use "importOriginal" helper inside:

    at VitestMocker.createError 
[90m(file:///C:/playground/Python/ai_scrapper/frontend/[39mnode_modules/[4mvitest[24m/dist/vendor/execute.fL3szUAI.js:79:19[90m)[39m
    at Object.get 
[90m(file:///C:/playground/Python/ai_scrapper/frontend/[39mnode_modules/[4mvitest[24m/dist/vendor/execute.fL3szUAI.js:153:22[90m)[39m
    at ExportButton [90m(C:\playground\Python\ai_scrapper\frontend\[39msrc\components\results\ExportButton.tsx:43:20[90m)[39m
    at renderWithHooks 
[90m(C:\playground\Python\ai_scrapper\frontend\[39mnode_modules\[4mreact-dom[24m\cjs\react-dom.development.js:15486:18[90m)[39m
    at mountIndeterminateComponent 
[90m(C:\playground\Python\ai_scrapper\frontend\[39mnode_modules\[4mreact-dom[24m\cjs\react-dom.development.js:20103:13[90m)[39m
    at beginWork 
[90m(C:\playground\Python\ai_scrapper\frontend\[39mnode_modules\[4mreact-dom[24m\cjs\react-dom.development.js:21626:16[90m)[39m
    at HTMLUnknownElement.callCallback 
[90m(C:\playground\Python\ai_scrapper\frontend\[39mnode_modules\[4mreact-dom[24m\cjs\react-dom.development.js:4164:14[90m)[39m
    at HTMLUnknownElement.callTheUserObjectsOperation 
[90m(C:\playground\Python\ai_scrapper\frontend\[39mnode_modules\[4mjsdom[24m\lib\jsdom\living\generated\EventListener.js:26:30[90m)[39m
    at innerInvokeEventListeners 
[90m(C:\playground\Python\ai_scrapper\frontend\[39mnode_modules\[4mjsdom[24m\lib\jsdom\living\events\EventTarget-impl.js:350:25[90m)[39m
    at invokeEventListeners 
[90m(C:\playground\Python\ai_scrapper\frontend\[39mnode_modules\[4mjsdom[24m\lib\jsdom\living\events\EventTarget-impl.js:286:3[90m)[39m {
  codeFrame: [32m'vi\x1B[33m.\x1B[39m\x1B[34mmock\x1B[39m(\x1B[32m"../../../utils/exportUtils"\x1B[39m\x1B[33m,\x1B[39m \x1B[35masync\x1B[39m 
(importOriginal) \x1B[33m=>\x1B[39m {\n'[39m +
    [32m'  \x1B[35mconst\x1B[39m actual \x1B[33m=\x1B[39m \x1B[35mawait\x1B[39m \x1B[34mimportOriginal\x1B[39m()\n'[39m +
    [32m'  \x1B[35mreturn\x1B[39m {\n'[39m +
    [32m'    \x1B[33m...\x1B[39mactual\x1B[33m,\x1B[39m\n'[39m +
    [32m'    \x1B[90m// your mocked methods\x1B[39m\n'[39m +
    [32m'  }\n'[39m +
    [32m'})'[39m
}
Error: Uncaught [Error: [vitest] No "estimateExportSize" export is defined on the "../../../utils/exportUtils" mock. Did you forget to return it 
from "vi.mock"?
If you need to partially mock a module, you can use "importOriginal" helper inside:
]
    at reportException (C:\playground\Python\ai_scrapper\frontend\node_modules\jsdom\lib\jsdom\living\helpers\runtime-script-errors.js:66:24)
    at innerInvokeEventListeners (C:\playground\Python\ai_scrapper\frontend\node_modules\jsdom\lib\jsdom\living\events\EventTarget-impl.js:353:9)
    at invokeEventListeners (C:\playground\Python\ai_scrapper\frontend\node_modules\jsdom\lib\jsdom\living\events\EventTarget-impl.js:286:3)
    at HTMLUnknownElementImpl._dispatch 
(C:\playground\Python\ai_scrapper\frontend\node_modules\jsdom\lib\jsdom\living\events\EventTarget-impl.js:233:9)
    at HTMLUnknownElementImpl.dispatchEvent 
(C:\playground\Python\ai_scrapper\frontend\node_modules\jsdom\lib\jsdom\living\events\EventTarget-impl.js:104:17)
    at HTMLUnknownElement.dispatchEvent 
(C:\playground\Python\ai_scrapper\frontend\node_modules\jsdom\lib\jsdom\living\generated\EventTarget.js:241:34)
    at Object.invokeGuardedCallbackDev (C:\playground\Python\ai_scrapper\frontend\node_modules\react-dom\cjs\react-dom.development.js:4213:16)
    at invokeGuardedCallback (C:\playground\Python\ai_scrapper\frontend\node_modules\react-dom\cjs\react-dom.development.js:4277:31)
    at beginWork$1 (C:\playground\Python\ai_scrapper\frontend\node_modules\react-dom\cjs\react-dom.development.js:27490:7)
    at performUnitOfWork (C:\playground\Python\ai_scrapper\frontend\node_modules\react-dom\cjs\react-dom.development.js:26599:12) Error: [vitest] No 
"estimateExportSize" export is defined on the "../../../utils/exportUtils" mock. Did you forget to return it from "vi.mock"?
If you need to partially mock a module, you can use "importOriginal" helper inside:

    at VitestMocker.createError 
[90m(file:///C:/playground/Python/ai_scrapper/frontend/[39mnode_modules/[4mvitest[24m/dist/vendor/execute.fL3szUAI.js:79:19[90m)[39m
    at Object.get 
[90m(file:///C:/playground/Python/ai_scrapper/frontend/[39mnode_modules/[4mvitest[24m/dist/vendor/execute.fL3szUAI.js:153:22[90m)[39m
    at ExportButton [90m(C:\playground\Python\ai_scrapper\frontend\[39msrc\components\results\ExportButton.tsx:43:20[90m)[39m
    at renderWithHooks 
[90m(C:\playground\Python\ai_scrapper\frontend\[39mnode_modules\[4mreact-dom[24m\cjs\react-dom.development.js:15486:18[90m)[39m
    at mountIndeterminateComponent 
[90m(C:\playground\Python\ai_scrapper\frontend\[39mnode_modules\[4mreact-dom[24m\cjs\react-dom.development.js:20103:13[90m)[39m
    at beginWork 
[90m(C:\playground\Python\ai_scrapper\frontend\[39mnode_modules\[4mreact-dom[24m\cjs\react-dom.development.js:21626:16[90m)[39m
    at HTMLUnknownElement.callCallback 
[90m(C:\playground\Python\ai_scrapper\frontend\[39mnode_modules\[4mreact-dom[24m\cjs\react-dom.development.js:4164:14[90m)[39m
    at HTMLUnknownElement.callTheUserObjectsOperation 
[90m(C:\playground\Python\ai_scrapper\frontend\[39mnode_modules\[4mjsdom[24m\lib\jsdom\living\generated\EventListener.js:26:30[90m)[39m
    at innerInvokeEventListeners 
[90m(C:\playground\Python\ai_scrapper\frontend\[39mnode_modules\[4mjsdom[24m\lib\jsdom\living\events\EventTarget-impl.js:350:25[90m)[39m
    at invokeEventListeners 
[90m(C:\playground\Python\ai_scrapper\frontend\[39mnode_modules\[4mjsdom[24m\lib\jsdom\living\events\EventTarget-impl.js:286:3[90m)[39m {
  codeFrame: [32m'vi\x1B[33m.\x1B[39m\x1B[34mmock\x1B[39m(\x1B[32m"../../../utils/exportUtils"\x1B[39m\x1B[33m,\x1B[39m \x1B[35masync\x1B[39m 
(importOriginal) \x1B[33m=>\x1B[39m {\n'[39m +
    [32m'  \x1B[35mconst\x1B[39m actual \x1B[33m=\x1B[39m \x1B[35mawait\x1B[39m \x1B[34mimportOriginal\x1B[39m()\n'[39m +
    [32m'  \x1B[35mreturn\x1B[39m {\n'[39m +
    [32m'    \x1B[33m...\x1B[39mactual\x1B[33m,\x1B[39m\n'[39m +
    [32m'    \x1B[90m// your mocked methods\x1B[39m\n'[39m +
    [32m'  }\n'[39m +
    [32m'})'[39m
}
The above error occurred in the <ExportButton> component:

    at ExportButton (C:\playground\Python\ai_scrapper\frontend\src\components\results\ExportButton.tsx:10:3)
    at ToastProvider (C:\playground\Python\ai_scrapper\frontend\src\providers\ToastProvider.tsx:17:3)
    at Router (C:\playground\Python\ai_scrapper\frontend\node_modules\react-router\dist\development\chunk-R73PQUJU.js:414:13)
    at BrowserRouter (C:\playground\Python\ai_scrapper\frontend\node_modules\react-router\dist\development\chunk-R73PQUJU.js:872:3)
    at QueryClientProvider 
(file:///C:/playground/Python/ai_scrapper/frontend/node_modules/@tanstack/react-query/build/modern/QueryClientProvider.js:20:3)
    at AllTheProviders (C:\playground\Python\ai_scrapper\frontend\src\test\utils.tsx:11:28)

Consider adding an error boundary to your tree to customize error handling behavior.
Visit https://reactjs.org/link/error-boundaries to learn more about error boundaries.

 [33mΓ¥»[39m src/pages/__tests__/CloneJobPage.test.tsx [2m ([22m[2m0 test[22m[2m)[22m
 [33mΓ¥»[39m src/utils/__tests__/exportUtils.test.ts [2m ([22m[2m4 tests[22m [2m|[22m [31m2 failed[39m[2m)[22m[90m 74[2mms[22m[39m
[31m   [33mΓ¥»[31m src/utils/__tests__/exportUtils.test.ts[2m > [22mexportUtils[2m > [22mexportToCSV[2m > [22mhandles empty jobs array[39m
[31m     ΓåÆ expected "spy" to be called at least once[39m
[31m   [33mΓ¥»[31m src/utils/__tests__/exportUtils.test.ts[2m > [22mexportUtils[2m > [22mexportToJSON[2m > [22mexports jobs to JSON format[39m
[31m     ΓåÆ expected 'test-export.csv' to be 'test-export.json' // Object.is equality[39m
[90mstderr[2m | src/utils/__tests__/exportUtils.test.ts[22m[39m
Error: Not implemented: navigation (except hash changes)
    at module.exports (C:\playground\Python\ai_scrapper\frontend\node_modules\jsdom\lib\jsdom\browser\not-implemented.js:9:17)
    at navigateFetch (C:\playground\Python\ai_scrapper\frontend\node_modules\jsdom\lib\jsdom\living\window\navigation.js:77:3)
    at exports.navigate (C:\playground\Python\ai_scrapper\frontend\node_modules\jsdom\lib\jsdom\living\window\navigation.js:55:3)
    at Timeout._onTimeout 
(C:\playground\Python\ai_scrapper\frontend\node_modules\jsdom\lib\jsdom\living\nodes\HTMLHyperlinkElementUtils-impl.js:81:7)
    at listOnTimeout (node:internal/timers:573:17)
    at processTimers (node:internal/timers:514:7) [90mundefined[39m
Error: Not implemented: navigation (except hash changes)
    at module.exports (C:\playground\Python\ai_scrapper\frontend\node_modules\jsdom\lib\jsdom\browser\not-implemented.js:9:17)
    at navigateFetch (C:\playground\Python\ai_scrapper\frontend\node_modules\jsdom\lib\jsdom\living\window\navigation.js:77:3)
    at exports.navigate (C:\playground\Python\ai_scrapper\frontend\node_modules\jsdom\lib\jsdom\living\window\navigation.js:55:3)
    at Timeout._onTimeout 
(C:\playground\Python\ai_scrapper\frontend\node_modules\jsdom\lib\jsdom\living\nodes\HTMLHyperlinkElementUtils-impl.js:81:7)
    at listOnTimeout (node:internal/timers:573:17)
    at processTimers (node:internal/timers:514:7) [90mundefined[39m
Error: Not implemented: navigation (except hash changes)
    at module.exports (C:\playground\Python\ai_scrapper\frontend\node_modules\jsdom\lib\jsdom\browser\not-implemented.js:9:17)
    at navigateFetch (C:\playground\Python\ai_scrapper\frontend\node_modules\jsdom\lib\jsdom\living\window\navigation.js:77:3)
    at exports.navigate (C:\playground\Python\ai_scrapper\frontend\node_modules\jsdom\lib\jsdom\living\window\navigation.js:55:3)
    at Timeout._onTimeout 
(C:\playground\Python\ai_scrapper\frontend\node_modules\jsdom\lib\jsdom\living\nodes\HTMLHyperlinkElementUtils-impl.js:81:7)
    at listOnTimeout (node:internal/timers:573:17)
    at processTimers (node:internal/timers:514:7) [90mundefined[39m

 [32mΓ£ô[39m src/components/__tests__/HealthIndicator.test.tsx [2m ([22m[2m4 tests[22m[2m)[22m[90m 131[2mms[22m[39m
 [33mΓ¥»[39m src/components/results/__tests__/ResultsViewer.test.tsx [2m ([22m[2m10 tests[22m [2m|[22m [31m10 failed[39m[2m)[22m[90m 211[2mms[22m[39m
[31m   [33mΓ¥»[31m src/components/results/__tests__/ResultsViewer.test.tsx[2m > [22mResultsViewer[2m > [22mrenders results data correctly[39m
[31m     ΓåÆ Cannot read properties of undefined (reading 'data')[39m
[31m   [33mΓ¥»[31m src/components/results/__tests__/ResultsViewer.test.tsx[2m > [22mResultsViewer[2m > [22mshows different view modes[39m
[31m     ΓåÆ Cannot read properties of undefined (reading 'data')[39m
[31m   [33mΓ¥»[31m src/components/results/__tests__/ResultsViewer.test.tsx[2m > [22mResultsViewer[2m > [22mswitches between view modes[39m
[31m     ΓåÆ Cannot read properties of undefined (reading 'data')[39m
[31m   [33mΓ¥»[31m src/components/results/__tests__/ResultsViewer.test.tsx[2m > [22mResultsViewer[2m > [22mshows export button[39m
[31m     ΓåÆ Cannot read properties of undefined (reading 'data')[39m
[31m   [33mΓ¥»[31m src/components/results/__tests__/ResultsViewer.test.tsx[2m > [22mResultsViewer[2m > [22mdisplays metadata information[39m
[31m     ΓåÆ Cannot read properties of undefined (reading 'data')[39m
[31m   [33mΓ¥»[31m src/components/results/__tests__/ResultsViewer.test.tsx[2m > [22mResultsViewer[2m > [22mshows empty state when no data[39m
[31m     ΓåÆ Cannot read properties of undefined (reading 'data')[39m
[31m   [33mΓ¥»[31m src/components/results/__tests__/ResultsViewer.test.tsx[2m > [22mResultsViewer[2m > [22mshows screenshot viewer when screenshot is available[39m
[31m     ΓåÆ Cannot read properties of undefined (reading 'data')[39m
[31m   [33mΓ¥»[31m src/components/results/__tests__/ResultsViewer.test.tsx[2m > [22mResultsViewer[2m > [22mshows raw HTML viewer when available[39m
[31m     ΓåÆ Cannot read properties of undefined (reading 'data')[39m
[31m   [33mΓ¥»[31m src/components/results/__tests__/ResultsViewer.test.tsx[2m > [22mResultsViewer[2m > [22mhas proper accessibility attributes[39m
[31m     ΓåÆ Cannot read properties of undefined (reading 'data')[39m
[31m   [33mΓ¥»[31m src/components/results/__tests__/ResultsViewer.test.tsx[2m > [22mResultsViewer[2m > [22mhandles large datasets with pagination[39m
[31m     ΓåÆ Cannot read properties of undefined (reading 'data')[39m
[90mstderr[2m | src/components/results/__tests__/ResultsViewer.test.tsx[2m > [22m[2mResultsViewer[2m > [22m[2mrenders results data 
correctly[22m[39m
Error: Uncaught [TypeError: Cannot read properties of undefined (reading 'data')]
    at reportException (C:\playground\Python\ai_scrapper\frontend\node_modules\jsdom\lib\jsdom\living\helpers\runtime-script-errors.js:66:24)
    at innerInvokeEventListeners (C:\playground\Python\ai_scrapper\frontend\node_modules\jsdom\lib\jsdom\living\events\EventTarget-impl.js:353:9)
    at invokeEventListeners (C:\playground\Python\ai_scrapper\frontend\node_modules\jsdom\lib\jsdom\living\events\EventTarget-impl.js:286:3)
    at HTMLUnknownElementImpl._dispatch 
(C:\playground\Python\ai_scrapper\frontend\node_modules\jsdom\lib\jsdom\living\events\EventTarget-impl.js:233:9)
    at HTMLUnknownElementImpl.dispatchEvent 
(C:\playground\Python\ai_scrapper\frontend\node_modules\jsdom\lib\jsdom\living\events\EventTarget-impl.js:104:17)
    at HTMLUnknownElement.dispatchEvent 
(C:\playground\Python\ai_scrapper\frontend\node_modules\jsdom\lib\jsdom\living\generated\EventTarget.js:241:34)
    at Object.invokeGuardedCallbackDev (C:\playground\Python\ai_scrapper\frontend\node_modules\react-dom\cjs\react-dom.development.js:4213:16)
    at invokeGuardedCallback (C:\playground\Python\ai_scrapper\frontend\node_modules\react-dom\cjs\react-dom.development.js:4277:31)
    at beginWork$1 (C:\playground\Python\ai_scrapper\frontend\node_modules\react-dom\cjs\react-dom.development.js:27490:7)
    at performUnitOfWork (C:\playground\Python\ai_scrapper\frontend\node_modules\react-dom\cjs\react-dom.development.js:26599:12) TypeError: Cannot 
read properties of undefined (reading 'data')
    at ResultsViewer [90m(C:\playground\Python\ai_scrapper\frontend\[39msrc\components\results\ResultsViewer.tsx:45:18[90m)[39m
    at renderWithHooks 
[90m(C:\playground\Python\ai_scrapper\frontend\[39mnode_modules\[4mreact-dom[24m\cjs\react-dom.development.js:15486:18[90m)[39m
    at mountIndeterminateComponent 
[90m(C:\playground\Python\ai_scrapper\frontend\[39mnode_modules\[4mreact-dom[24m\cjs\react-dom.development.js:20103:13[90m)[39m
    at beginWork 
[90m(C:\playground\Python\ai_scrapper\frontend\[39mnode_modules\[4mreact-dom[24m\cjs\react-dom.development.js:21626:16[90m)[39m
    at HTMLUnknownElement.callCallback 
[90m(C:\playground\Python\ai_scrapper\frontend\[39mnode_modules\[4mreact-dom[24m\cjs\react-dom.development.js:4164:14[90m)[39m
    at HTMLUnknownElement.callTheUserObjectsOperation 
[90m(C:\playground\Python\ai_scrapper\frontend\[39mnode_modules\[4mjsdom[24m\lib\jsdom\living\generated\EventListener.js:26:30[90m)[39m
    at innerInvokeEventListeners 
[90m(C:\playground\Python\ai_scrapper\frontend\[39mnode_modules\[4mjsdom[24m\lib\jsdom\living\events\EventTarget-impl.js:350:25[90m)[39m
    at invokeEventListeners 
[90m(C:\playground\Python\ai_scrapper\frontend\[39mnode_modules\[4mjsdom[24m\lib\jsdom\living\events\EventTarget-impl.js:286:3[90m)[39m
    at HTMLUnknownElementImpl._dispatch 
[90m(C:\playground\Python\ai_scrapper\frontend\[39mnode_modules\[4mjsdom[24m\lib\jsdom\living\events\EventTarget-impl.js:233:9[90m)[39m
    at HTMLUnknownElementImpl.dispatchEvent 
[90m(C:\playground\Python\ai_scrapper\frontend\[39mnode_modules\[4mjsdom[24m\lib\jsdom\living\events\EventTarget-impl.js:104:17[90m)[39m
Error: Uncaught [TypeError: Cannot read properties of undefined (reading 'data')]
    at reportException (C:\playground\Python\ai_scrapper\frontend\node_modules\jsdom\lib\jsdom\living\helpers\runtime-script-errors.js:66:24)
    at innerInvokeEventListeners (C:\playground\Python\ai_scrapper\frontend\node_modules\jsdom\lib\jsdom\living\events\EventTarget-impl.js:353:9)
    at invokeEventListeners (C:\playground\Python\ai_scrapper\frontend\node_modules\jsdom\lib\jsdom\living\events\EventTarget-impl.js:286:3)
    at HTMLUnknownElementImpl._dispatch 
(C:\playground\Python\ai_scrapper\frontend\node_modules\jsdom\lib\jsdom\living\events\EventTarget-impl.js:233:9)
    at HTMLUnknownElementImpl.dispatchEvent 
(C:\playground\Python\ai_scrapper\frontend\node_modules\jsdom\lib\jsdom\living\events\EventTarget-impl.js:104:17)
    at HTMLUnknownElement.dispatchEvent 
(C:\playground\Python\ai_scrapper\frontend\node_modules\jsdom\lib\jsdom\living\generated\EventTarget.js:241:34)
    at Object.invokeGuardedCallbackDev (C:\playground\Python\ai_scrapper\frontend\node_modules\react-dom\cjs\react-dom.development.js:4213:16)
    at invokeGuardedCallback (C:\playground\Python\ai_scrapper\frontend\node_modules\react-dom\cjs\react-dom.development.js:4277:31)
    at beginWork$1 (C:\playground\Python\ai_scrapper\frontend\node_modules\react-dom\cjs\react-dom.development.js:27490:7)
    at performUnitOfWork (C:\playground\Python\ai_scrapper\frontend\node_modules\react-dom\cjs\react-dom.development.js:26599:12) TypeError: Cannot 
read properties of undefined (reading 'data')
    at ResultsViewer [90m(C:\playground\Python\ai_scrapper\frontend\[39msrc\components\results\ResultsViewer.tsx:45:18[90m)[39m
    at renderWithHooks 
[90m(C:\playground\Python\ai_scrapper\frontend\[39mnode_modules\[4mreact-dom[24m\cjs\react-dom.development.js:15486:18[90m)[39m
    at mountIndeterminateComponent 
[90m(C:\playground\Python\ai_scrapper\frontend\[39mnode_modules\[4mreact-dom[24m\cjs\react-dom.development.js:20103:13[90m)[39m
    at beginWork 
[90m(C:\playground\Python\ai_scrapper\frontend\[39mnode_modules\[4mreact-dom[24m\cjs\react-dom.development.js:21626:16[90m)[39m
    at HTMLUnknownElement.callCallback 
[90m(C:\playground\Python\ai_scrapper\frontend\[39mnode_modules\[4mreact-dom[24m\cjs\react-dom.development.js:4164:14[90m)[39m
    at HTMLUnknownElement.callTheUserObjectsOperation 
[90m(C:\playground\Python\ai_scrapper\frontend\[39mnode_modules\[4mjsdom[24m\lib\jsdom\living\generated\EventListener.js:26:30[90m)[39m
    at innerInvokeEventListeners 
[90m(C:\playground\Python\ai_scrapper\frontend\[39mnode_modules\[4mjsdom[24m\lib\jsdom\living\events\EventTarget-impl.js:350:25[90m)[39m
    at invokeEventListeners 
[90m(C:\playground\Python\ai_scrapper\frontend\[39mnode_modules\[4mjsdom[24m\lib\jsdom\living\events\EventTarget-impl.js:286:3[90m)[39m
    at HTMLUnknownElementImpl._dispatch 
[90m(C:\playground\Python\ai_scrapper\frontend\[39mnode_modules\[4mjsdom[24m\lib\jsdom\living\events\EventTarget-impl.js:233:9[90m)[39m
    at HTMLUnknownElementImpl.dispatchEvent 
[90m(C:\playground\Python\ai_scrapper\frontend\[39mnode_modules\[4mjsdom[24m\lib\jsdom\living\events\EventTarget-impl.js:104:17[90m)[39m
The above error occurred in the <ResultsViewer> component:

    at ResultsViewer (C:\playground\Python\ai_scrapper\frontend\src\components\results\ResultsViewer.tsx:18:3)
    at ToastProvider (C:\playground\Python\ai_scrapper\frontend\src\providers\ToastProvider.tsx:17:3)
    at Router (C:\playground\Python\ai_scrapper\frontend\node_modules\react-router\dist\development\chunk-R73PQUJU.js:414:13)
    at BrowserRouter (C:\playground\Python\ai_scrapper\frontend\node_modules\react-router\dist\development\chunk-R73PQUJU.js:872:3)
    at QueryClientProvider 
(file:///C:/playground/Python/ai_scrapper/frontend/node_modules/@tanstack/react-query/build/modern/QueryClientProvider.js:20:3)
    at AllTheProviders (C:\playground\Python\ai_scrapper\frontend\src\test\utils.tsx:11:28)

Consider adding an error boundary to your tree to customize error handling behavior.
Visit https://reactjs.org/link/error-boundaries to learn more about error boundaries.

[90mstderr[2m | src/components/results/__tests__/ResultsViewer.test.tsx[2m > [22m[2mResultsViewer[2m > [22m[2mshows different view 
modes[22m[39m
Error: Uncaught [TypeError: Cannot read properties of undefined (reading 'data')]
    at reportException (C:\playground\Python\ai_scrapper\frontend\node_modules\jsdom\lib\jsdom\living\helpers\runtime-script-errors.js:66:24)
    at innerInvokeEventListeners (C:\playground\Python\ai_scrapper\frontend\node_modules\jsdom\lib\jsdom\living\events\EventTarget-impl.js:353:9)
    at invokeEventListeners (C:\playground\Python\ai_scrapper\frontend\node_modules\jsdom\lib\jsdom\living\events\EventTarget-impl.js:286:3)
    at HTMLUnknownElementImpl._dispatch 
(C:\playground\Python\ai_scrapper\frontend\node_modules\jsdom\lib\jsdom\living\events\EventTarget-impl.js:233:9)
    at HTMLUnknownElementImpl.dispatchEvent 
(C:\playground\Python\ai_scrapper\frontend\node_modules\jsdom\lib\jsdom\living\events\EventTarget-impl.js:104:17)
    at HTMLUnknownElement.dispatchEvent 
(C:\playground\Python\ai_scrapper\frontend\node_modules\jsdom\lib\jsdom\living\generated\EventTarget.js:241:34)
    at Object.invokeGuardedCallbackDev (C:\playground\Python\ai_scrapper\frontend\node_modules\react-dom\cjs\react-dom.development.js:4213:16)
    at invokeGuardedCallback (C:\playground\Python\ai_scrapper\frontend\node_modules\react-dom\cjs\react-dom.development.js:4277:31)
    at beginWork$1 (C:\playground\Python\ai_scrapper\frontend\node_modules\react-dom\cjs\react-dom.development.js:27490:7)
    at performUnitOfWork (C:\playground\Python\ai_scrapper\frontend\node_modules\react-dom\cjs\react-dom.development.js:26599:12) TypeError: Cannot 
read properties of undefined (reading 'data')
    at ResultsViewer [90m(C:\playground\Python\ai_scrapper\frontend\[39msrc\components\results\ResultsViewer.tsx:45:18[90m)[39m
    at renderWithHooks 
[90m(C:\playground\Python\ai_scrapper\frontend\[39mnode_modules\[4mreact-dom[24m\cjs\react-dom.development.js:15486:18[90m)[39m
    at mountIndeterminateComponent 
[90m(C:\playground\Python\ai_scrapper\frontend\[39mnode_modules\[4mreact-dom[24m\cjs\react-dom.development.js:20103:13[90m)[39m
    at beginWork 
[90m(C:\playground\Python\ai_scrapper\frontend\[39mnode_modules\[4mreact-dom[24m\cjs\react-dom.development.js:21626:16[90m)[39m
    at HTMLUnknownElement.callCallback 
[90m(C:\playground\Python\ai_scrapper\frontend\[39mnode_modules\[4mreact-dom[24m\cjs\react-dom.development.js:4164:14[90m)[39m
    at HTMLUnknownElement.callTheUserObjectsOperation 
[90m(C:\playground\Python\ai_scrapper\frontend\[39mnode_modules\[4mjsdom[24m\lib\jsdom\living\generated\EventListener.js:26:30[90m)[39m
    at innerInvokeEventListeners 
[90m(C:\playground\Python\ai_scrapper\frontend\[39mnode_modules\[4mjsdom[24m\lib\jsdom\living\events\EventTarget-impl.js:350:25[90m)[39m
    at invokeEventListeners 
[90m(C:\playground\Python\ai_scrapper\frontend\[39mnode_modules\[4mjsdom[24m\lib\jsdom\living\events\EventTarget-impl.js:286:3[90m)[39m
    at HTMLUnknownElementImpl._dispatch 
[90m(C:\playground\Python\ai_scrapper\frontend\[39mnode_modules\[4mjsdom[24m\lib\jsdom\living\events\EventTarget-impl.js:233:9[90m)[39m
    at HTMLUnknownElementImpl.dispatchEvent 
[90m(C:\playground\Python\ai_scrapper\frontend\[39mnode_modules\[4mjsdom[24m\lib\jsdom\living\events\EventTarget-impl.js:104:17[90m)[39m
Error: Uncaught [TypeError: Cannot read properties of undefined (reading 'data')]
    at reportException (C:\playground\Python\ai_scrapper\frontend\node_modules\jsdom\lib\jsdom\living\helpers\runtime-script-errors.js:66:24)
    at innerInvokeEventListeners (C:\playground\Python\ai_scrapper\frontend\node_modules\jsdom\lib\jsdom\living\events\EventTarget-impl.js:353:9)
    at invokeEventListeners (C:\playground\Python\ai_scrapper\frontend\node_modules\jsdom\lib\jsdom\living\events\EventTarget-impl.js:286:3)
    at HTMLUnknownElementImpl._dispatch 
(C:\playground\Python\ai_scrapper\frontend\node_modules\jsdom\lib\jsdom\living\events\EventTarget-impl.js:233:9)
    at HTMLUnknownElementImpl.dispatchEvent 
(C:\playground\Python\ai_scrapper\frontend\node_modules\jsdom\lib\jsdom\living\events\EventTarget-impl.js:104:17)
    at HTMLUnknownElement.dispatchEvent 
(C:\playground\Python\ai_scrapper\frontend\node_modules\jsdom\lib\jsdom\living\generated\EventTarget.js:241:34)
    at Object.invokeGuardedCallbackDev (C:\playground\Python\ai_scrapper\frontend\node_modules\react-dom\cjs\react-dom.development.js:4213:16)
    at invokeGuardedCallback (C:\playground\Python\ai_scrapper\frontend\node_modules\react-dom\cjs\react-dom.development.js:4277:31)
    at beginWork$1 (C:\playground\Python\ai_scrapper\frontend\node_modules\react-dom\cjs\react-dom.development.js:27490:7)
    at performUnitOfWork (C:\playground\Python\ai_scrapper\frontend\node_modules\react-dom\cjs\react-dom.development.js:26599:12) TypeError: Cannot 
read properties of undefined (reading 'data')
    at ResultsViewer [90m(C:\playground\Python\ai_scrapper\frontend\[39msrc\components\results\ResultsViewer.tsx:45:18[90m)[39m
    at renderWithHooks 
[90m(C:\playground\Python\ai_scrapper\frontend\[39mnode_modules\[4mreact-dom[24m\cjs\react-dom.development.js:15486:18[90m)[39m
    at mountIndeterminateComponent 
[90m(C:\playground\Python\ai_scrapper\frontend\[39mnode_modules\[4mreact-dom[24m\cjs\react-dom.development.js:20103:13[90m)[39m
    at beginWork 
[90m(C:\playground\Python\ai_scrapper\frontend\[39mnode_modules\[4mreact-dom[24m\cjs\react-dom.development.js:21626:16[90m)[39m
    at HTMLUnknownElement.callCallback 
[90m(C:\playground\Python\ai_scrapper\frontend\[39mnode_modules\[4mreact-dom[24m\cjs\react-dom.development.js:4164:14[90m)[39m
    at HTMLUnknownElement.callTheUserObjectsOperation 
[90m(C:\playground\Python\ai_scrapper\frontend\[39mnode_modules\[4mjsdom[24m\lib\jsdom\living\generated\EventListener.js:26:30[90m)[39m
    at innerInvokeEventListeners 
[90m(C:\playground\Python\ai_scrapper\frontend\[39mnode_modules\[4mjsdom[24m\lib\jsdom\living\events\EventTarget-impl.js:350:25[90m)[39m
    at invokeEventListeners 
[90m(C:\playground\Python\ai_scrapper\frontend\[39mnode_modules\[4mjsdom[24m\lib\jsdom\living\events\EventTarget-impl.js:286:3[90m)[39m
    at HTMLUnknownElementImpl._dispatch 
[90m(C:\playground\Python\ai_scrapper\frontend\[39mnode_modules\[4mjsdom[24m\lib\jsdom\living\events\EventTarget-impl.js:233:9[90m)[39m
    at HTMLUnknownElementImpl.dispatchEvent 
[90m(C:\playground\Python\ai_scrapper\frontend\[39mnode_modules\[4mjsdom[24m\lib\jsdom\living\events\EventTarget-impl.js:104:17[90m)[39m
The above error occurred in the <ResultsViewer> component:

    at ResultsViewer (C:\playground\Python\ai_scrapper\frontend\src\components\results\ResultsViewer.tsx:18:3)
    at ToastProvider (C:\playground\Python\ai_scrapper\frontend\src\providers\ToastProvider.tsx:17:3)
    at Router (C:\playground\Python\ai_scrapper\frontend\node_modules\react-router\dist\development\chunk-R73PQUJU.js:414:13)
    at BrowserRouter (C:\playground\Python\ai_scrapper\frontend\node_modules\react-router\dist\development\chunk-R73PQUJU.js:872:3)
    at QueryClientProvider 
(file:///C:/playground/Python/ai_scrapper/frontend/node_modules/@tanstack/react-query/build/modern/QueryClientProvider.js:20:3)
    at AllTheProviders (C:\playground\Python\ai_scrapper\frontend\src\test\utils.tsx:11:28)

Consider adding an error boundary to your tree to customize error handling behavior.
Visit https://reactjs.org/link/error-boundaries to learn more about error boundaries.

[90mstderr[2m | src/components/results/__tests__/ResultsViewer.test.tsx[2m > [22m[2mResultsViewer[2m > [22m[2mswitches between view 
modes[22m[39m
Error: Uncaught [TypeError: Cannot read properties of undefined (reading 'data')]
    at reportException (C:\playground\Python\ai_scrapper\frontend\node_modules\jsdom\lib\jsdom\living\helpers\runtime-script-errors.js:66:24)
    at innerInvokeEventListeners (C:\playground\Python\ai_scrapper\frontend\node_modules\jsdom\lib\jsdom\living\events\EventTarget-impl.js:353:9)
    at invokeEventListeners (C:\playground\Python\ai_scrapper\frontend\node_modules\jsdom\lib\jsdom\living\events\EventTarget-impl.js:286:3)
    at HTMLUnknownElementImpl._dispatch 
(C:\playground\Python\ai_scrapper\frontend\node_modules\jsdom\lib\jsdom\living\events\EventTarget-impl.js:233:9)
    at HTMLUnknownElementImpl.dispatchEvent 
(C:\playground\Python\ai_scrapper\frontend\node_modules\jsdom\lib\jsdom\living\events\EventTarget-impl.js:104:17)
    at HTMLUnknownElement.dispatchEvent 
(C:\playground\Python\ai_scrapper\frontend\node_modules\jsdom\lib\jsdom\living\generated\EventTarget.js:241:34)
    at Object.invokeGuardedCallbackDev (C:\playground\Python\ai_scrapper\frontend\node_modules\react-dom\cjs\react-dom.development.js:4213:16)
    at invokeGuardedCallback (C:\playground\Python\ai_scrapper\frontend\node_modules\react-dom\cjs\react-dom.development.js:4277:31)
    at beginWork$1 (C:\playground\Python\ai_scrapper\frontend\node_modules\react-dom\cjs\react-dom.development.js:27490:7)
    at performUnitOfWork (C:\playground\Python\ai_scrapper\frontend\node_modules\react-dom\cjs\react-dom.development.js:26599:12) TypeError: Cannot 
read properties of undefined (reading 'data')
    at ResultsViewer [90m(C:\playground\Python\ai_scrapper\frontend\[39msrc\components\results\ResultsViewer.tsx:45:18[90m)[39m
    at renderWithHooks 
[90m(C:\playground\Python\ai_scrapper\frontend\[39mnode_modules\[4mreact-dom[24m\cjs\react-dom.development.js:15486:18[90m)[39m
    at mountIndeterminateComponent 
[90m(C:\playground\Python\ai_scrapper\frontend\[39mnode_modules\[4mreact-dom[24m\cjs\react-dom.development.js:20103:13[90m)[39m
    at beginWork 
[90m(C:\playground\Python\ai_scrapper\frontend\[39mnode_modules\[4mreact-dom[24m\cjs\react-dom.development.js:21626:16[90m)[39m
    at HTMLUnknownElement.callCallback 
[90m(C:\playground\Python\ai_scrapper\frontend\[39mnode_modules\[4mreact-dom[24m\cjs\react-dom.development.js:4164:14[90m)[39m
    at HTMLUnknownElement.callTheUserObjectsOperation 
[90m(C:\playground\Python\ai_scrapper\frontend\[39mnode_modules\[4mjsdom[24m\lib\jsdom\living\generated\EventListener.js:26:30[90m)[39m
    at innerInvokeEventListeners 
[90m(C:\playground\Python\ai_scrapper\frontend\[39mnode_modules\[4mjsdom[24m\lib\jsdom\living\events\EventTarget-impl.js:350:25[90m)[39m
    at invokeEventListeners 
[90m(C:\playground\Python\ai_scrapper\frontend\[39mnode_modules\[4mjsdom[24m\lib\jsdom\living\events\EventTarget-impl.js:286:3[90m)[39m
    at HTMLUnknownElementImpl._dispatch 
[90m(C:\playground\Python\ai_scrapper\frontend\[39mnode_modules\[4mjsdom[24m\lib\jsdom\living\events\EventTarget-impl.js:233:9[90m)[39m
    at HTMLUnknownElementImpl.dispatchEvent 
[90m(C:\playground\Python\ai_scrapper\frontend\[39mnode_modules\[4mjsdom[24m\lib\jsdom\living\events\EventTarget-impl.js:104:17[90m)[39m
Error: Uncaught [TypeError: Cannot read properties of undefined (reading 'data')]
    at reportException (C:\playground\Python\ai_scrapper\frontend\node_modules\jsdom\lib\jsdom\living\helpers\runtime-script-errors.js:66:24)
    at innerInvokeEventListeners (C:\playground\Python\ai_scrapper\frontend\node_modules\jsdom\lib\jsdom\living\events\EventTarget-impl.js:353:9)
    at invokeEventListeners (C:\playground\Python\ai_scrapper\frontend\node_modules\jsdom\lib\jsdom\living\events\EventTarget-impl.js:286:3)
    at HTMLUnknownElementImpl._dispatch 
(C:\playground\Python\ai_scrapper\frontend\node_modules\jsdom\lib\jsdom\living\events\EventTarget-impl.js:233:9)
    at HTMLUnknownElementImpl.dispatchEvent 
(C:\playground\Python\ai_scrapper\frontend\node_modules\jsdom\lib\jsdom\living\events\EventTarget-impl.js:104:17)
    at HTMLUnknownElement.dispatchEvent 
(C:\playground\Python\ai_scrapper\frontend\node_modules\jsdom\lib\jsdom\living\generated\EventTarget.js:241:34)
    at Object.invokeGuardedCallbackDev (C:\playground\Python\ai_scrapper\frontend\node_modules\react-dom\cjs\react-dom.development.js:4213:16)
    at invokeGuardedCallback (C:\playground\Python\ai_scrapper\frontend\node_modules\react-dom\cjs\react-dom.development.js:4277:31)
    at beginWork$1 (C:\playground\Python\ai_scrapper\frontend\node_modules\react-dom\cjs\react-dom.development.js:27490:7)
    at performUnitOfWork (C:\playground\Python\ai_scrapper\frontend\node_modules\react-dom\cjs\react-dom.development.js:26599:12) TypeError: Cannot 
read properties of undefined (reading 'data')
    at ResultsViewer [90m(C:\playground\Python\ai_scrapper\frontend\[39msrc\components\results\ResultsViewer.tsx:45:18[90m)[39m
    at renderWithHooks 
[90m(C:\playground\Python\ai_scrapper\frontend\[39mnode_modules\[4mreact-dom[24m\cjs\react-dom.development.js:15486:18[90m)[39m
    at mountIndeterminateComponent 
[90m(C:\playground\Python\ai_scrapper\frontend\[39mnode_modules\[4mreact-dom[24m\cjs\react-dom.development.js:20103:13[90m)[39m
    at beginWork 
[90m(C:\playground\Python\ai_scrapper\frontend\[39mnode_modules\[4mreact-dom[24m\cjs\react-dom.development.js:21626:16[90m)[39m
    at HTMLUnknownElement.callCallback 
[90m(C:\playground\Python\ai_scrapper\frontend\[39mnode_modules\[4mreact-dom[24m\cjs\react-dom.development.js:4164:14[90m)[39m
    at HTMLUnknownElement.callTheUserObjectsOperation 
[90m(C:\playground\Python\ai_scrapper\frontend\[39mnode_modules\[4mjsdom[24m\lib\jsdom\living\generated\EventListener.js:26:30[90m)[39m
    at innerInvokeEventListeners 
[90m(C:\playground\Python\ai_scrapper\frontend\[39mnode_modules\[4mjsdom[24m\lib\jsdom\living\events\EventTarget-impl.js:350:25[90m)[39m
    at invokeEventListeners 
[90m(C:\playground\Python\ai_scrapper\frontend\[39mnode_modules\[4mjsdom[24m\lib\jsdom\living\events\EventTarget-impl.js:286:3[90m)[39m
    at HTMLUnknownElementImpl._dispatch 
[90m(C:\playground\Python\ai_scrapper\frontend\[39mnode_modules\[4mjsdom[24m\lib\jsdom\living\events\EventTarget-impl.js:233:9[90m)[39m
    at HTMLUnknownElementImpl.dispatchEvent 
[90m(C:\playground\Python\ai_scrapper\frontend\[39mnode_modules\[4mjsdom[24m\lib\jsdom\living\events\EventTarget-impl.js:104:17[90m)[39m
The above error occurred in the <ResultsViewer> component:

    at ResultsViewer (C:\playground\Python\ai_scrapper\frontend\src\components\results\ResultsViewer.tsx:18:3)
    at ToastProvider (C:\playground\Python\ai_scrapper\frontend\src\providers\ToastProvider.tsx:17:3)
    at Router (C:\playground\Python\ai_scrapper\frontend\node_modules\react-router\dist\development\chunk-R73PQUJU.js:414:13)
    at BrowserRouter (C:\playground\Python\ai_scrapper\frontend\node_modules\react-router\dist\development\chunk-R73PQUJU.js:872:3)
    at QueryClientProvider 
(file:///C:/playground/Python/ai_scrapper/frontend/node_modules/@tanstack/react-query/build/modern/QueryClientProvider.js:20:3)
    at AllTheProviders (C:\playground\Python\ai_scrapper\frontend\src\test\utils.tsx:11:28)

Consider adding an error boundary to your tree to customize error handling behavior.
Visit https://reactjs.org/link/error-boundaries to learn more about error boundaries.

[90mstderr[2m | src/components/results/__tests__/ResultsViewer.test.tsx[2m > [22m[2mResultsViewer[2m > [22m[2mshows export button[22m[39m
Error: Uncaught [TypeError: Cannot read properties of undefined (reading 'data')]
    at reportException (C:\playground\Python\ai_scrapper\frontend\node_modules\jsdom\lib\jsdom\living\helpers\runtime-script-errors.js:66:24)
    at innerInvokeEventListeners (C:\playground\Python\ai_scrapper\frontend\node_modules\jsdom\lib\jsdom\living\events\EventTarget-impl.js:353:9)
    at invokeEventListeners (C:\playground\Python\ai_scrapper\frontend\node_modules\jsdom\lib\jsdom\living\events\EventTarget-impl.js:286:3)
    at HTMLUnknownElementImpl._dispatch 
(C:\playground\Python\ai_scrapper\frontend\node_modules\jsdom\lib\jsdom\living\events\EventTarget-impl.js:233:9)
    at HTMLUnknownElementImpl.dispatchEvent 
(C:\playground\Python\ai_scrapper\frontend\node_modules\jsdom\lib\jsdom\living\events\EventTarget-impl.js:104:17)
    at HTMLUnknownElement.dispatchEvent 
(C:\playground\Python\ai_scrapper\frontend\node_modules\jsdom\lib\jsdom\living\generated\EventTarget.js:241:34)
    at Object.invokeGuardedCallbackDev (C:\playground\Python\ai_scrapper\frontend\node_modules\react-dom\cjs\react-dom.development.js:4213:16)
    at invokeGuardedCallback (C:\playground\Python\ai_scrapper\frontend\node_modules\react-dom\cjs\react-dom.development.js:4277:31)
    at beginWork$1 (C:\playground\Python\ai_scrapper\frontend\node_modules\react-dom\cjs\react-dom.development.js:27490:7)
    at performUnitOfWork (C:\playground\Python\ai_scrapper\frontend\node_modules\react-dom\cjs\react-dom.development.js:26599:12) TypeError: Cannot 
read properties of undefined (reading 'data')
    at ResultsViewer [90m(C:\playground\Python\ai_scrapper\frontend\[39msrc\components\results\ResultsViewer.tsx:45:18[90m)[39m
    at renderWithHooks 
[90m(C:\playground\Python\ai_scrapper\frontend\[39mnode_modules\[4mreact-dom[24m\cjs\react-dom.development.js:15486:18[90m)[39m
    at mountIndeterminateComponent 
[90m(C:\playground\Python\ai_scrapper\frontend\[39mnode_modules\[4mreact-dom[24m\cjs\react-dom.development.js:20103:13[90m)[39m
    at beginWork 
[90m(C:\playground\Python\ai_scrapper\frontend\[39mnode_modules\[4mreact-dom[24m\cjs\react-dom.development.js:21626:16[90m)[39m
    at HTMLUnknownElement.callCallback 
[90m(C:\playground\Python\ai_scrapper\frontend\[39mnode_modules\[4mreact-dom[24m\cjs\react-dom.development.js:4164:14[90m)[39m
    at HTMLUnknownElement.callTheUserObjectsOperation 
[90m(C:\playground\Python\ai_scrapper\frontend\[39mnode_modules\[4mjsdom[24m\lib\jsdom\living\generated\EventListener.js:26:30[90m)[39m
    at innerInvokeEventListeners 
[90m(C:\playground\Python\ai_scrapper\frontend\[39mnode_modules\[4mjsdom[24m\lib\jsdom\living\events\EventTarget-impl.js:350:25[90m)[39m
    at invokeEventListeners 
[90m(C:\playground\Python\ai_scrapper\frontend\[39mnode_modules\[4mjsdom[24m\lib\jsdom\living\events\EventTarget-impl.js:286:3[90m)[39m
    at HTMLUnknownElementImpl._dispatch 
[90m(C:\playground\Python\ai_scrapper\frontend\[39mnode_modules\[4mjsdom[24m\lib\jsdom\living\events\EventTarget-impl.js:233:9[90m)[39m
    at HTMLUnknownElementImpl.dispatchEvent 
[90m(C:\playground\Python\ai_scrapper\frontend\[39mnode_modules\[4mjsdom[24m\lib\jsdom\living\events\EventTarget-impl.js:104:17[90m)[39m
Error: Uncaught [TypeError: Cannot read properties of undefined (reading 'data')]
    at reportException (C:\playground\Python\ai_scrapper\frontend\node_modules\jsdom\lib\jsdom\living\helpers\runtime-script-errors.js:66:24)
    at innerInvokeEventListeners (C:\playground\Python\ai_scrapper\frontend\node_modules\jsdom\lib\jsdom\living\events\EventTarget-impl.js:353:9)
    at invokeEventListeners (C:\playground\Python\ai_scrapper\frontend\node_modules\jsdom\lib\jsdom\living\events\EventTarget-impl.js:286:3)
    at HTMLUnknownElementImpl._dispatch 
(C:\playground\Python\ai_scrapper\frontend\node_modules\jsdom\lib\jsdom\living\events\EventTarget-impl.js:233:9)
    at HTMLUnknownElementImpl.dispatchEvent 
(C:\playground\Python\ai_scrapper\frontend\node_modules\jsdom\lib\jsdom\living\events\EventTarget-impl.js:104:17)
    at HTMLUnknownElement.dispatchEvent 
(C:\playground\Python\ai_scrapper\frontend\node_modules\jsdom\lib\jsdom\living\generated\EventTarget.js:241:34)
    at Object.invokeGuardedCallbackDev (C:\playground\Python\ai_scrapper\frontend\node_modules\react-dom\cjs\react-dom.development.js:4213:16)
    at invokeGuardedCallback (C:\playground\Python\ai_scrapper\frontend\node_modules\react-dom\cjs\react-dom.development.js:4277:31)
    at beginWork$1 (C:\playground\Python\ai_scrapper\frontend\node_modules\react-dom\cjs\react-dom.development.js:27490:7)
    at performUnitOfWork (C:\playground\Python\ai_scrapper\frontend\node_modules\react-dom\cjs\react-dom.development.js:26599:12) TypeError: Cannot 
read properties of undefined (reading 'data')
    at ResultsViewer [90m(C:\playground\Python\ai_scrapper\frontend\[39msrc\components\results\ResultsViewer.tsx:45:18[90m)[39m
    at renderWithHooks 
[90m(C:\playground\Python\ai_scrapper\frontend\[39mnode_modules\[4mreact-dom[24m\cjs\react-dom.development.js:15486:18[90m)[39m
    at mountIndeterminateComponent 
[90m(C:\playground\Python\ai_scrapper\frontend\[39mnode_modules\[4mreact-dom[24m\cjs\react-dom.development.js:20103:13[90m)[39m
    at beginWork 
[90m(C:\playground\Python\ai_scrapper\frontend\[39mnode_modules\[4mreact-dom[24m\cjs\react-dom.development.js:21626:16[90m)[39m
    at HTMLUnknownElement.callCallback 
[90m(C:\playground\Python\ai_scrapper\frontend\[39mnode_modules\[4mreact-dom[24m\cjs\react-dom.development.js:4164:14[90m)[39m
    at HTMLUnknownElement.callTheUserObjectsOperation 
[90m(C:\playground\Python\ai_scrapper\frontend\[39mnode_modules\[4mjsdom[24m\lib\jsdom\living\generated\EventListener.js:26:30[90m)[39m
    at innerInvokeEventListeners 
[90m(C:\playground\Python\ai_scrapper\frontend\[39mnode_modules\[4mjsdom[24m\lib\jsdom\living\events\EventTarget-impl.js:350:25[90m)[39m
    at invokeEventListeners 
[90m(C:\playground\Python\ai_scrapper\frontend\[39mnode_modules\[4mjsdom[24m\lib\jsdom\living\events\EventTarget-impl.js:286:3[90m)[39m
    at HTMLUnknownElementImpl._dispatch 
[90m(C:\playground\Python\ai_scrapper\frontend\[39mnode_modules\[4mjsdom[24m\lib\jsdom\living\events\EventTarget-impl.js:233:9[90m)[39m
    at HTMLUnknownElementImpl.dispatchEvent 
[90m(C:\playground\Python\ai_scrapper\frontend\[39mnode_modules\[4mjsdom[24m\lib\jsdom\living\events\EventTarget-impl.js:104:17[90m)[39m
The above error occurred in the <ResultsViewer> component:

    at ResultsViewer (C:\playground\Python\ai_scrapper\frontend\src\components\results\ResultsViewer.tsx:18:3)
    at ToastProvider (C:\playground\Python\ai_scrapper\frontend\src\providers\ToastProvider.tsx:17:3)
    at Router (C:\playground\Python\ai_scrapper\frontend\node_modules\react-router\dist\development\chunk-R73PQUJU.js:414:13)
    at BrowserRouter (C:\playground\Python\ai_scrapper\frontend\node_modules\react-router\dist\development\chunk-R73PQUJU.js:872:3)
    at QueryClientProvider 
(file:///C:/playground/Python/ai_scrapper/frontend/node_modules/@tanstack/react-query/build/modern/QueryClientProvider.js:20:3)
    at AllTheProviders (C:\playground\Python\ai_scrapper\frontend\src\test\utils.tsx:11:28)

Consider adding an error boundary to your tree to customize error handling behavior.
Visit https://reactjs.org/link/error-boundaries to learn more about error boundaries.

[90mstderr[2m | src/components/results/__tests__/ResultsViewer.test.tsx[2m > [22m[2mResultsViewer[2m > [22m[2mdisplays metadata 
information[22m[39m
Error: Uncaught [TypeError: Cannot read properties of undefined (reading 'data')]
    at reportException (C:\playground\Python\ai_scrapper\frontend\node_modules\jsdom\lib\jsdom\living\helpers\runtime-script-errors.js:66:24)
    at innerInvokeEventListeners (C:\playground\Python\ai_scrapper\frontend\node_modules\jsdom\lib\jsdom\living\events\EventTarget-impl.js:353:9)
    at invokeEventListeners (C:\playground\Python\ai_scrapper\frontend\node_modules\jsdom\lib\jsdom\living\events\EventTarget-impl.js:286:3)
    at HTMLUnknownElementImpl._dispatch 
(C:\playground\Python\ai_scrapper\frontend\node_modules\jsdom\lib\jsdom\living\events\EventTarget-impl.js:233:9)
    at HTMLUnknownElementImpl.dispatchEvent 
(C:\playground\Python\ai_scrapper\frontend\node_modules\jsdom\lib\jsdom\living\events\EventTarget-impl.js:104:17)
    at HTMLUnknownElement.dispatchEvent 
(C:\playground\Python\ai_scrapper\frontend\node_modules\jsdom\lib\jsdom\living\generated\EventTarget.js:241:34)
    at Object.invokeGuardedCallbackDev (C:\playground\Python\ai_scrapper\frontend\node_modules\react-dom\cjs\react-dom.development.js:4213:16)
    at invokeGuardedCallback (C:\playground\Python\ai_scrapper\frontend\node_modules\react-dom\cjs\react-dom.development.js:4277:31)
    at beginWork$1 (C:\playground\Python\ai_scrapper\frontend\node_modules\react-dom\cjs\react-dom.development.js:27490:7)
    at performUnitOfWork (C:\playground\Python\ai_scrapper\frontend\node_modules\react-dom\cjs\react-dom.development.js:26599:12) TypeError: Cannot 
read properties of undefined (reading 'data')
    at ResultsViewer [90m(C:\playground\Python\ai_scrapper\frontend\[39msrc\components\results\ResultsViewer.tsx:45:18[90m)[39m
    at renderWithHooks 
[90m(C:\playground\Python\ai_scrapper\frontend\[39mnode_modules\[4mreact-dom[24m\cjs\react-dom.development.js:15486:18[90m)[39m
    at mountIndeterminateComponent 
[90m(C:\playground\Python\ai_scrapper\frontend\[39mnode_modules\[4mreact-dom[24m\cjs\react-dom.development.js:20103:13[90m)[39m
    at beginWork 
[90m(C:\playground\Python\ai_scrapper\frontend\[39mnode_modules\[4mreact-dom[24m\cjs\react-dom.development.js:21626:16[90m)[39m
    at HTMLUnknownElement.callCallback 
[90m(C:\playground\Python\ai_scrapper\frontend\[39mnode_modules\[4mreact-dom[24m\cjs\react-dom.development.js:4164:14[90m)[39m
    at HTMLUnknownElement.callTheUserObjectsOperation 
[90m(C:\playground\Python\ai_scrapper\frontend\[39mnode_modules\[4mjsdom[24m\lib\jsdom\living\generated\EventListener.js:26:30[90m)[39m
    at innerInvokeEventListeners 
[90m(C:\playground\Python\ai_scrapper\frontend\[39mnode_modules\[4mjsdom[24m\lib\jsdom\living\events\EventTarget-impl.js:350:25[90m)[39m
    at invokeEventListeners 
[90m(C:\playground\Python\ai_scrapper\frontend\[39mnode_modules\[4mjsdom[24m\lib\jsdom\living\events\EventTarget-impl.js:286:3[90m)[39m
    at HTMLUnknownElementImpl._dispatch 
[90m(C:\playground\Python\ai_scrapper\frontend\[39mnode_modules\[4mjsdom[24m\lib\jsdom\living\events\EventTarget-impl.js:233:9[90m)[39m
    at HTMLUnknownElementImpl.dispatchEvent 
[90m(C:\playground\Python\ai_scrapper\frontend\[39mnode_modules\[4mjsdom[24m\lib\jsdom\living\events\EventTarget-impl.js:104:17[90m)[39m
Error: Uncaught [TypeError: Cannot read properties of undefined (reading 'data')]
    at reportException (C:\playground\Python\ai_scrapper\frontend\node_modules\jsdom\lib\jsdom\living\helpers\runtime-script-errors.js:66:24)
    at innerInvokeEventListeners (C:\playground\Python\ai_scrapper\frontend\node_modules\jsdom\lib\jsdom\living\events\EventTarget-impl.js:353:9)
    at invokeEventListeners (C:\playground\Python\ai_scrapper\frontend\node_modules\jsdom\lib\jsdom\living\events\EventTarget-impl.js:286:3)
    at HTMLUnknownElementImpl._dispatch 
(C:\playground\Python\ai_scrapper\frontend\node_modules\jsdom\lib\jsdom\living\events\EventTarget-impl.js:233:9)
    at HTMLUnknownElementImpl.dispatchEvent 
(C:\playground\Python\ai_scrapper\frontend\node_modules\jsdom\lib\jsdom\living\events\EventTarget-impl.js:104:17)
    at HTMLUnknownElement.dispatchEvent 
(C:\playground\Python\ai_scrapper\frontend\node_modules\jsdom\lib\jsdom\living\generated\EventTarget.js:241:34)
    at Object.invokeGuardedCallbackDev (C:\playground\Python\ai_scrapper\frontend\node_modules\react-dom\cjs\react-dom.development.js:4213:16)
    at invokeGuardedCallback (C:\playground\Python\ai_scrapper\frontend\node_modules\react-dom\cjs\react-dom.development.js:4277:31)
    at beginWork$1 (C:\playground\Python\ai_scrapper\frontend\node_modules\react-dom\cjs\react-dom.development.js:27490:7)
    at performUnitOfWork (C:\playground\Python\ai_scrapper\frontend\node_modules\react-dom\cjs\react-dom.development.js:26599:12) TypeError: Cannot 
read properties of undefined (reading 'data')
    at ResultsViewer [90m(C:\playground\Python\ai_scrapper\frontend\[39msrc\components\results\ResultsViewer.tsx:45:18[90m)[39m
    at renderWithHooks 
[90m(C:\playground\Python\ai_scrapper\frontend\[39mnode_modules\[4mreact-dom[24m\cjs\react-dom.development.js:15486:18[90m)[39m
    at mountIndeterminateComponent 
[90m(C:\playground\Python\ai_scrapper\frontend\[39mnode_modules\[4mreact-dom[24m\cjs\react-dom.development.js:20103:13[90m)[39m
    at beginWork 
[90m(C:\playground\Python\ai_scrapper\frontend\[39mnode_modules\[4mreact-dom[24m\cjs\react-dom.development.js:21626:16[90m)[39m
    at HTMLUnknownElement.callCallback 
[90m(C:\playground\Python\ai_scrapper\frontend\[39mnode_modules\[4mreact-dom[24m\cjs\react-dom.development.js:4164:14[90m)[39m
    at HTMLUnknownElement.callTheUserObjectsOperation 
[90m(C:\playground\Python\ai_scrapper\frontend\[39mnode_modules\[4mjsdom[24m\lib\jsdom\living\generated\EventListener.js:26:30[90m)[39m
    at innerInvokeEventListeners 
[90m(C:\playground\Python\ai_scrapper\frontend\[39mnode_modules\[4mjsdom[24m\lib\jsdom\living\events\EventTarget-impl.js:350:25[90m)[39m
    at invokeEventListeners 
[90m(C:\playground\Python\ai_scrapper\frontend\[39mnode_modules\[4mjsdom[24m\lib\jsdom\living\events\EventTarget-impl.js:286:3[90m)[39m
    at HTMLUnknownElementImpl._dispatch 
[90m(C:\playground\Python\ai_scrapper\frontend\[39mnode_modules\[4mjsdom[24m\lib\jsdom\living\events\EventTarget-impl.js:233:9[90m)[39m
    at HTMLUnknownElementImpl.dispatchEvent 
[90m(C:\playground\Python\ai_scrapper\frontend\[39mnode_modules\[4mjsdom[24m\lib\jsdom\living\events\EventTarget-impl.js:104:17[90m)[39m
The above error occurred in the <ResultsViewer> component:

    at ResultsViewer (C:\playground\Python\ai_scrapper\frontend\src\components\results\ResultsViewer.tsx:18:3)
    at ToastProvider (C:\playground\Python\ai_scrapper\frontend\src\providers\ToastProvider.tsx:17:3)
    at Router (C:\playground\Python\ai_scrapper\frontend\node_modules\react-router\dist\development\chunk-R73PQUJU.js:414:13)
    at BrowserRouter (C:\playground\Python\ai_scrapper\frontend\node_modules\react-router\dist\development\chunk-R73PQUJU.js:872:3)
    at QueryClientProvider 
(file:///C:/playground/Python/ai_scrapper/frontend/node_modules/@tanstack/react-query/build/modern/QueryClientProvider.js:20:3)
    at AllTheProviders (C:\playground\Python\ai_scrapper\frontend\src\test\utils.tsx:11:28)

Consider adding an error boundary to your tree to customize error handling behavior.
Visit https://reactjs.org/link/error-boundaries to learn more about error boundaries.

[90mstderr[2m | src/components/results/__tests__/ResultsViewer.test.tsx[2m > [22m[2mResultsViewer[2m > [22m[2mshows empty state when no 
data[22m[39m
Error: Uncaught [TypeError: Cannot read properties of undefined (reading 'data')]
    at reportException (C:\playground\Python\ai_scrapper\frontend\node_modules\jsdom\lib\jsdom\living\helpers\runtime-script-errors.js:66:24)
    at innerInvokeEventListeners (C:\playground\Python\ai_scrapper\frontend\node_modules\jsdom\lib\jsdom\living\events\EventTarget-impl.js:353:9)
    at invokeEventListeners (C:\playground\Python\ai_scrapper\frontend\node_modules\jsdom\lib\jsdom\living\events\EventTarget-impl.js:286:3)
    at HTMLUnknownElementImpl._dispatch 
(C:\playground\Python\ai_scrapper\frontend\node_modules\jsdom\lib\jsdom\living\events\EventTarget-impl.js:233:9)
    at HTMLUnknownElementImpl.dispatchEvent 
(C:\playground\Python\ai_scrapper\frontend\node_modules\jsdom\lib\jsdom\living\events\EventTarget-impl.js:104:17)
    at HTMLUnknownElement.dispatchEvent 
(C:\playground\Python\ai_scrapper\frontend\node_modules\jsdom\lib\jsdom\living\generated\EventTarget.js:241:34)
    at Object.invokeGuardedCallbackDev (C:\playground\Python\ai_scrapper\frontend\node_modules\react-dom\cjs\react-dom.development.js:4213:16)
    at invokeGuardedCallback (C:\playground\Python\ai_scrapper\frontend\node_modules\react-dom\cjs\react-dom.development.js:4277:31)
    at beginWork$1 (C:\playground\Python\ai_scrapper\frontend\node_modules\react-dom\cjs\react-dom.development.js:27490:7)
    at performUnitOfWork (C:\playground\Python\ai_scrapper\frontend\node_modules\react-dom\cjs\react-dom.development.js:26599:12) TypeError: Cannot 
read properties of undefined (reading 'data')
    at ResultsViewer [90m(C:\playground\Python\ai_scrapper\frontend\[39msrc\components\results\ResultsViewer.tsx:45:18[90m)[39m
    at renderWithHooks 
[90m(C:\playground\Python\ai_scrapper\frontend\[39mnode_modules\[4mreact-dom[24m\cjs\react-dom.development.js:15486:18[90m)[39m
    at mountIndeterminateComponent 
[90m(C:\playground\Python\ai_scrapper\frontend\[39mnode_modules\[4mreact-dom[24m\cjs\react-dom.development.js:20103:13[90m)[39m
    at beginWork 
[90m(C:\playground\Python\ai_scrapper\frontend\[39mnode_modules\[4mreact-dom[24m\cjs\react-dom.development.js:21626:16[90m)[39m
    at HTMLUnknownElement.callCallback 
[90m(C:\playground\Python\ai_scrapper\frontend\[39mnode_modules\[4mreact-dom[24m\cjs\react-dom.development.js:4164:14[90m)[39m
    at HTMLUnknownElement.callTheUserObjectsOperation 
[90m(C:\playground\Python\ai_scrapper\frontend\[39mnode_modules\[4mjsdom[24m\lib\jsdom\living\generated\EventListener.js:26:30[90m)[39m
    at innerInvokeEventListeners 
[90m(C:\playground\Python\ai_scrapper\frontend\[39mnode_modules\[4mjsdom[24m\lib\jsdom\living\events\EventTarget-impl.js:350:25[90m)[39m
    at invokeEventListeners 
[90m(C:\playground\Python\ai_scrapper\frontend\[39mnode_modules\[4mjsdom[24m\lib\jsdom\living\events\EventTarget-impl.js:286:3[90m)[39m
    at HTMLUnknownElementImpl._dispatch 
[90m(C:\playground\Python\ai_scrapper\frontend\[39mnode_modules\[4mjsdom[24m\lib\jsdom\living\events\EventTarget-impl.js:233:9[90m)[39m
    at HTMLUnknownElementImpl.dispatchEvent 
[90m(C:\playground\Python\ai_scrapper\frontend\[39mnode_modules\[4mjsdom[24m\lib\jsdom\living\events\EventTarget-impl.js:104:17[90m)[39m
Error: Uncaught [TypeError: Cannot read properties of undefined (reading 'data')]
    at reportException (C:\playground\Python\ai_scrapper\frontend\node_modules\jsdom\lib\jsdom\living\helpers\runtime-script-errors.js:66:24)
    at innerInvokeEventListeners (C:\playground\Python\ai_scrapper\frontend\node_modules\jsdom\lib\jsdom\living\events\EventTarget-impl.js:353:9)
    at invokeEventListeners (C:\playground\Python\ai_scrapper\frontend\node_modules\jsdom\lib\jsdom\living\events\EventTarget-impl.js:286:3)
    at HTMLUnknownElementImpl._dispatch 
(C:\playground\Python\ai_scrapper\frontend\node_modules\jsdom\lib\jsdom\living\events\EventTarget-impl.js:233:9)
    at HTMLUnknownElementImpl.dispatchEvent 
(C:\playground\Python\ai_scrapper\frontend\node_modules\jsdom\lib\jsdom\living\events\EventTarget-impl.js:104:17)
    at HTMLUnknownElement.dispatchEvent 
(C:\playground\Python\ai_scrapper\frontend\node_modules\jsdom\lib\jsdom\living\generated\EventTarget.js:241:34)
    at Object.invokeGuardedCallbackDev (C:\playground\Python\ai_scrapper\frontend\node_modules\react-dom\cjs\react-dom.development.js:4213:16)
    at invokeGuardedCallback (C:\playground\Python\ai_scrapper\frontend\node_modules\react-dom\cjs\react-dom.development.js:4277:31)
    at beginWork$1 (C:\playground\Python\ai_scrapper\frontend\node_modules\react-dom\cjs\react-dom.development.js:27490:7)
    at performUnitOfWork (C:\playground\Python\ai_scrapper\frontend\node_modules\react-dom\cjs\react-dom.development.js:26599:12) TypeError: Cannot 
read properties of undefined (reading 'data')
    at ResultsViewer [90m(C:\playground\Python\ai_scrapper\frontend\[39msrc\components\results\ResultsViewer.tsx:45:18[90m)[39m
    at renderWithHooks 
[90m(C:\playground\Python\ai_scrapper\frontend\[39mnode_modules\[4mreact-dom[24m\cjs\react-dom.development.js:15486:18[90m)[39m
    at mountIndeterminateComponent 
[90m(C:\playground\Python\ai_scrapper\frontend\[39mnode_modules\[4mreact-dom[24m\cjs\react-dom.development.js:20103:13[90m)[39m
    at beginWork 
[90m(C:\playground\Python\ai_scrapper\frontend\[39mnode_modules\[4mreact-dom[24m\cjs\react-dom.development.js:21626:16[90m)[39m
    at HTMLUnknownElement.callCallback 
[90m(C:\playground\Python\ai_scrapper\frontend\[39mnode_modules\[4mreact-dom[24m\cjs\react-dom.development.js:4164:14[90m)[39m
    at HTMLUnknownElement.callTheUserObjectsOperation 
[90m(C:\playground\Python\ai_scrapper\frontend\[39mnode_modules\[4mjsdom[24m\lib\jsdom\living\generated\EventListener.js:26:30[90m)[39m
    at innerInvokeEventListeners 
[90m(C:\playground\Python\ai_scrapper\frontend\[39mnode_modules\[4mjsdom[24m\lib\jsdom\living\events\EventTarget-impl.js:350:25[90m)[39m
    at invokeEventListeners 
[90m(C:\playground\Python\ai_scrapper\frontend\[39mnode_modules\[4mjsdom[24m\lib\jsdom\living\events\EventTarget-impl.js:286:3[90m)[39m
    at HTMLUnknownElementImpl._dispatch 
[90m(C:\playground\Python\ai_scrapper\frontend\[39mnode_modules\[4mjsdom[24m\lib\jsdom\living\events\EventTarget-impl.js:233:9[90m)[39m
    at HTMLUnknownElementImpl.dispatchEvent 
[90m(C:\playground\Python\ai_scrapper\frontend\[39mnode_modules\[4mjsdom[24m\lib\jsdom\living\events\EventTarget-impl.js:104:17[90m)[39m
The above error occurred in the <ResultsViewer> component:

    at ResultsViewer (C:\playground\Python\ai_scrapper\frontend\src\components\results\ResultsViewer.tsx:18:3)
    at ToastProvider (C:\playground\Python\ai_scrapper\frontend\src\providers\ToastProvider.tsx:17:3)
    at Router (C:\playground\Python\ai_scrapper\frontend\node_modules\react-router\dist\development\chunk-R73PQUJU.js:414:13)
    at BrowserRouter (C:\playground\Python\ai_scrapper\frontend\node_modules\react-router\dist\development\chunk-R73PQUJU.js:872:3)
    at QueryClientProvider 
(file:///C:/playground/Python/ai_scrapper/frontend/node_modules/@tanstack/react-query/build/modern/QueryClientProvider.js:20:3)
    at AllTheProviders (C:\playground\Python\ai_scrapper\frontend\src\test\utils.tsx:11:28)

Consider adding an error boundary to your tree to customize error handling behavior.
Visit https://reactjs.org/link/error-boundaries to learn more about error boundaries.

[90mstderr[2m | src/components/results/__tests__/ResultsViewer.test.tsx[2m > [22m[2mResultsViewer[2m > [22m[2mshows screenshot viewer when 
screenshot is available[22m[39m
Error: Uncaught [TypeError: Cannot read properties of undefined (reading 'data')]
    at reportException (C:\playground\Python\ai_scrapper\frontend\node_modules\jsdom\lib\jsdom\living\helpers\runtime-script-errors.js:66:24)
    at innerInvokeEventListeners (C:\playground\Python\ai_scrapper\frontend\node_modules\jsdom\lib\jsdom\living\events\EventTarget-impl.js:353:9)
    at invokeEventListeners (C:\playground\Python\ai_scrapper\frontend\node_modules\jsdom\lib\jsdom\living\events\EventTarget-impl.js:286:3)
    at HTMLUnknownElementImpl._dispatch 
(C:\playground\Python\ai_scrapper\frontend\node_modules\jsdom\lib\jsdom\living\events\EventTarget-impl.js:233:9)
    at HTMLUnknownElementImpl.dispatchEvent 
(C:\playground\Python\ai_scrapper\frontend\node_modules\jsdom\lib\jsdom\living\events\EventTarget-impl.js:104:17)
    at HTMLUnknownElement.dispatchEvent 
(C:\playground\Python\ai_scrapper\frontend\node_modules\jsdom\lib\jsdom\living\generated\EventTarget.js:241:34)
    at Object.invokeGuardedCallbackDev (C:\playground\Python\ai_scrapper\frontend\node_modules\react-dom\cjs\react-dom.development.js:4213:16)
    at invokeGuardedCallback (C:\playground\Python\ai_scrapper\frontend\node_modules\react-dom\cjs\react-dom.development.js:4277:31)
    at beginWork$1 (C:\playground\Python\ai_scrapper\frontend\node_modules\react-dom\cjs\react-dom.development.js:27490:7)
    at performUnitOfWork (C:\playground\Python\ai_scrapper\frontend\node_modules\react-dom\cjs\react-dom.development.js:26599:12) TypeError: Cannot 
read properties of undefined (reading 'data')
    at ResultsViewer [90m(C:\playground\Python\ai_scrapper\frontend\[39msrc\components\results\ResultsViewer.tsx:45:18[90m)[39m
    at renderWithHooks 
[90m(C:\playground\Python\ai_scrapper\frontend\[39mnode_modules\[4mreact-dom[24m\cjs\react-dom.development.js:15486:18[90m)[39m
    at mountIndeterminateComponent 
[90m(C:\playground\Python\ai_scrapper\frontend\[39mnode_modules\[4mreact-dom[24m\cjs\react-dom.development.js:20103:13[90m)[39m
    at beginWork 
[90m(C:\playground\Python\ai_scrapper\frontend\[39mnode_modules\[4mreact-dom[24m\cjs\react-dom.development.js:21626:16[90m)[39m
    at HTMLUnknownElement.callCallback 
[90m(C:\playground\Python\ai_scrapper\frontend\[39mnode_modules\[4mreact-dom[24m\cjs\react-dom.development.js:4164:14[90m)[39m
    at HTMLUnknownElement.callTheUserObjectsOperation 
[90m(C:\playground\Python\ai_scrapper\frontend\[39mnode_modules\[4mjsdom[24m\lib\jsdom\living\generated\EventListener.js:26:30[90m)[39m
    at innerInvokeEventListeners 
[90m(C:\playground\Python\ai_scrapper\frontend\[39mnode_modules\[4mjsdom[24m\lib\jsdom\living\events\EventTarget-impl.js:350:25[90m)[39m
    at invokeEventListeners 
[90m(C:\playground\Python\ai_scrapper\frontend\[39mnode_modules\[4mjsdom[24m\lib\jsdom\living\events\EventTarget-impl.js:286:3[90m)[39m
    at HTMLUnknownElementImpl._dispatch 
[90m(C:\playground\Python\ai_scrapper\frontend\[39mnode_modules\[4mjsdom[24m\lib\jsdom\living\events\EventTarget-impl.js:233:9[90m)[39m
    at HTMLUnknownElementImpl.dispatchEvent 
[90m(C:\playground\Python\ai_scrapper\frontend\[39mnode_modules\[4mjsdom[24m\lib\jsdom\living\events\EventTarget-impl.js:104:17[90m)[39m
Error: Uncaught [TypeError: Cannot read properties of undefined (reading 'data')]
    at reportException (C:\playground\Python\ai_scrapper\frontend\node_modules\jsdom\lib\jsdom\living\helpers\runtime-script-errors.js:66:24)
    at innerInvokeEventListeners (C:\playground\Python\ai_scrapper\frontend\node_modules\jsdom\lib\jsdom\living\events\EventTarget-impl.js:353:9)
    at invokeEventListeners (C:\playground\Python\ai_scrapper\frontend\node_modules\jsdom\lib\jsdom\living\events\EventTarget-impl.js:286:3)
    at HTMLUnknownElementImpl._dispatch 
(C:\playground\Python\ai_scrapper\frontend\node_modules\jsdom\lib\jsdom\living\events\EventTarget-impl.js:233:9)
    at HTMLUnknownElementImpl.dispatchEvent 
(C:\playground\Python\ai_scrapper\frontend\node_modules\jsdom\lib\jsdom\living\events\EventTarget-impl.js:104:17)
    at HTMLUnknownElement.dispatchEvent 
(C:\playground\Python\ai_scrapper\frontend\node_modules\jsdom\lib\jsdom\living\generated\EventTarget.js:241:34)
    at Object.invokeGuardedCallbackDev (C:\playground\Python\ai_scrapper\frontend\node_modules\react-dom\cjs\react-dom.development.js:4213:16)
    at invokeGuardedCallback (C:\playground\Python\ai_scrapper\frontend\node_modules\react-dom\cjs\react-dom.development.js:4277:31)
    at beginWork$1 (C:\playground\Python\ai_scrapper\frontend\node_modules\react-dom\cjs\react-dom.development.js:27490:7)
    at performUnitOfWork (C:\playground\Python\ai_scrapper\frontend\node_modules\react-dom\cjs\react-dom.development.js:26599:12) TypeError: Cannot 
read properties of undefined (reading 'data')
    at ResultsViewer [90m(C:\playground\Python\ai_scrapper\frontend\[39msrc\components\results\ResultsViewer.tsx:45:18[90m)[39m
    at renderWithHooks 
[90m(C:\playground\Python\ai_scrapper\frontend\[39mnode_modules\[4mreact-dom[24m\cjs\react-dom.development.js:15486:18[90m)[39m
    at mountIndeterminateComponent 
[90m(C:\playground\Python\ai_scrapper\frontend\[39mnode_modules\[4mreact-dom[24m\cjs\react-dom.development.js:20103:13[90m)[39m
    at beginWork 
[90m(C:\playground\Python\ai_scrapper\frontend\[39mnode_modules\[4mreact-dom[24m\cjs\react-dom.development.js:21626:16[90m)[39m
    at HTMLUnknownElement.callCallback 
[90m(C:\playground\Python\ai_scrapper\frontend\[39mnode_modules\[4mreact-dom[24m\cjs\react-dom.development.js:4164:14[90m)[39m
    at HTMLUnknownElement.callTheUserObjectsOperation 
[90m(C:\playground\Python\ai_scrapper\frontend\[39mnode_modules\[4mjsdom[24m\lib\jsdom\living\generated\EventListener.js:26:30[90m)[39m
    at innerInvokeEventListeners 
[90m(C:\playground\Python\ai_scrapper\frontend\[39mnode_modules\[4mjsdom[24m\lib\jsdom\living\events\EventTarget-impl.js:350:25[90m)[39m
    at invokeEventListeners 
[90m(C:\playground\Python\ai_scrapper\frontend\[39mnode_modules\[4mjsdom[24m\lib\jsdom\living\events\EventTarget-impl.js:286:3[90m)[39m
    at HTMLUnknownElementImpl._dispatch 
[90m(C:\playground\Python\ai_scrapper\frontend\[39mnode_modules\[4mjsdom[24m\lib\jsdom\living\events\EventTarget-impl.js:233:9[90m)[39m
    at HTMLUnknownElementImpl.dispatchEvent 
[90m(C:\playground\Python\ai_scrapper\frontend\[39mnode_modules\[4mjsdom[24m\lib\jsdom\living\events\EventTarget-impl.js:104:17[90m)[39m
The above error occurred in the <ResultsViewer> component:

    at ResultsViewer (C:\playground\Python\ai_scrapper\frontend\src\components\results\ResultsViewer.tsx:18:3)
    at ToastProvider (C:\playground\Python\ai_scrapper\frontend\src\providers\ToastProvider.tsx:17:3)
    at Router (C:\playground\Python\ai_scrapper\frontend\node_modules\react-router\dist\development\chunk-R73PQUJU.js:414:13)
    at BrowserRouter (C:\playground\Python\ai_scrapper\frontend\node_modules\react-router\dist\development\chunk-R73PQUJU.js:872:3)
    at QueryClientProvider 
(file:///C:/playground/Python/ai_scrapper/frontend/node_modules/@tanstack/react-query/build/modern/QueryClientProvider.js:20:3)
    at AllTheProviders (C:\playground\Python\ai_scrapper\frontend\src\test\utils.tsx:11:28)

Consider adding an error boundary to your tree to customize error handling behavior.
Visit https://reactjs.org/link/error-boundaries to learn more about error boundaries.

[90mstderr[2m | src/components/results/__tests__/ResultsViewer.test.tsx[2m > [22m[2mResultsViewer[2m > [22m[2mshows raw HTML viewer when 
available[22m[39m
Error: Uncaught [TypeError: Cannot read properties of undefined (reading 'data')]
    at reportException (C:\playground\Python\ai_scrapper\frontend\node_modules\jsdom\lib\jsdom\living\helpers\runtime-script-errors.js:66:24)
    at innerInvokeEventListeners (C:\playground\Python\ai_scrapper\frontend\node_modules\jsdom\lib\jsdom\living\events\EventTarget-impl.js:353:9)
    at invokeEventListeners (C:\playground\Python\ai_scrapper\frontend\node_modules\jsdom\lib\jsdom\living\events\EventTarget-impl.js:286:3)
    at HTMLUnknownElementImpl._dispatch 
(C:\playground\Python\ai_scrapper\frontend\node_modules\jsdom\lib\jsdom\living\events\EventTarget-impl.js:233:9)
    at HTMLUnknownElementImpl.dispatchEvent 
(C:\playground\Python\ai_scrapper\frontend\node_modules\jsdom\lib\jsdom\living\events\EventTarget-impl.js:104:17)
    at HTMLUnknownElement.dispatchEvent 
(C:\playground\Python\ai_scrapper\frontend\node_modules\jsdom\lib\jsdom\living\generated\EventTarget.js:241:34)
    at Object.invokeGuardedCallbackDev (C:\playground\Python\ai_scrapper\frontend\node_modules\react-dom\cjs\react-dom.development.js:4213:16)
    at invokeGuardedCallback (C:\playground\Python\ai_scrapper\frontend\node_modules\react-dom\cjs\react-dom.development.js:4277:31)
    at beginWork$1 (C:\playground\Python\ai_scrapper\frontend\node_modules\react-dom\cjs\react-dom.development.js:27490:7)
    at performUnitOfWork (C:\playground\Python\ai_scrapper\frontend\node_modules\react-dom\cjs\react-dom.development.js:26599:12) TypeError: Cannot 
read properties of undefined (reading 'data')
    at ResultsViewer [90m(C:\playground\Python\ai_scrapper\frontend\[39msrc\components\results\ResultsViewer.tsx:45:18[90m)[39m
    at renderWithHooks 
[90m(C:\playground\Python\ai_scrapper\frontend\[39mnode_modules\[4mreact-dom[24m\cjs\react-dom.development.js:15486:18[90m)[39m
    at mountIndeterminateComponent 
[90m(C:\playground\Python\ai_scrapper\frontend\[39mnode_modules\[4mreact-dom[24m\cjs\react-dom.development.js:20103:13[90m)[39m
    at beginWork 
[90m(C:\playground\Python\ai_scrapper\frontend\[39mnode_modules\[4mreact-dom[24m\cjs\react-dom.development.js:21626:16[90m)[39m
    at HTMLUnknownElement.callCallback 
[90m(C:\playground\Python\ai_scrapper\frontend\[39mnode_modules\[4mreact-dom[24m\cjs\react-dom.development.js:4164:14[90m)[39m
    at HTMLUnknownElement.callTheUserObjectsOperation 
[90m(C:\playground\Python\ai_scrapper\frontend\[39mnode_modules\[4mjsdom[24m\lib\jsdom\living\generated\EventListener.js:26:30[90m)[39m
    at innerInvokeEventListeners 
[90m(C:\playground\Python\ai_scrapper\frontend\[39mnode_modules\[4mjsdom[24m\lib\jsdom\living\events\EventTarget-impl.js:350:25[90m)[39m
    at invokeEventListeners 
[90m(C:\playground\Python\ai_scrapper\frontend\[39mnode_modules\[4mjsdom[24m\lib\jsdom\living\events\EventTarget-impl.js:286:3[90m)[39m
    at HTMLUnknownElementImpl._dispatch 
[90m(C:\playground\Python\ai_scrapper\frontend\[39mnode_modules\[4mjsdom[24m\lib\jsdom\living\events\EventTarget-impl.js:233:9[90m)[39m
    at HTMLUnknownElementImpl.dispatchEvent 
[90m(C:\playground\Python\ai_scrapper\frontend\[39mnode_modules\[4mjsdom[24m\lib\jsdom\living\events\EventTarget-impl.js:104:17[90m)[39m
Error: Uncaught [TypeError: Cannot read properties of undefined (reading 'data')]
    at reportException (C:\playground\Python\ai_scrapper\frontend\node_modules\jsdom\lib\jsdom\living\helpers\runtime-script-errors.js:66:24)
    at innerInvokeEventListeners (C:\playground\Python\ai_scrapper\frontend\node_modules\jsdom\lib\jsdom\living\events\EventTarget-impl.js:353:9)
    at invokeEventListeners (C:\playground\Python\ai_scrapper\frontend\node_modules\jsdom\lib\jsdom\living\events\EventTarget-impl.js:286:3)
    at HTMLUnknownElementImpl._dispatch 
(C:\playground\Python\ai_scrapper\frontend\node_modules\jsdom\lib\jsdom\living\events\EventTarget-impl.js:233:9)
    at HTMLUnknownElementImpl.dispatchEvent 
(C:\playground\Python\ai_scrapper\frontend\node_modules\jsdom\lib\jsdom\living\events\EventTarget-impl.js:104:17)
    at HTMLUnknownElement.dispatchEvent 
(C:\playground\Python\ai_scrapper\frontend\node_modules\jsdom\lib\jsdom\living\generated\EventTarget.js:241:34)
    at Object.invokeGuardedCallbackDev (C:\playground\Python\ai_scrapper\frontend\node_modules\react-dom\cjs\react-dom.development.js:4213:16)
    at invokeGuardedCallback (C:\playground\Python\ai_scrapper\frontend\node_modules\react-dom\cjs\react-dom.development.js:4277:31)
    at beginWork$1 (C:\playground\Python\ai_scrapper\frontend\node_modules\react-dom\cjs\react-dom.development.js:27490:7)
    at performUnitOfWork (C:\playground\Python\ai_scrapper\frontend\node_modules\react-dom\cjs\react-dom.development.js:26599:12) TypeError: Cannot 
read properties of undefined (reading 'data')
    at ResultsViewer [90m(C:\playground\Python\ai_scrapper\frontend\[39msrc\components\results\ResultsViewer.tsx:45:18[90m)[39m
    at renderWithHooks 
[90m(C:\playground\Python\ai_scrapper\frontend\[39mnode_modules\[4mreact-dom[24m\cjs\react-dom.development.js:15486:18[90m)[39m
    at mountIndeterminateComponent 
[90m(C:\playground\Python\ai_scrapper\frontend\[39mnode_modules\[4mreact-dom[24m\cjs\react-dom.development.js:20103:13[90m)[39m
    at beginWork 
[90m(C:\playground\Python\ai_scrapper\frontend\[39mnode_modules\[4mreact-dom[24m\cjs\react-dom.development.js:21626:16[90m)[39m
    at HTMLUnknownElement.callCallback 
[90m(C:\playground\Python\ai_scrapper\frontend\[39mnode_modules\[4mreact-dom[24m\cjs\react-dom.development.js:4164:14[90m)[39m
    at HTMLUnknownElement.callTheUserObjectsOperation 
[90m(C:\playground\Python\ai_scrapper\frontend\[39mnode_modules\[4mjsdom[24m\lib\jsdom\living\generated\EventListener.js:26:30[90m)[39m
    at innerInvokeEventListeners 
[90m(C:\playground\Python\ai_scrapper\frontend\[39mnode_modules\[4mjsdom[24m\lib\jsdom\living\events\EventTarget-impl.js:350:25[90m)[39m
    at invokeEventListeners 
[90m(C:\playground\Python\ai_scrapper\frontend\[39mnode_modules\[4mjsdom[24m\lib\jsdom\living\events\EventTarget-impl.js:286:3[90m)[39m
    at HTMLUnknownElementImpl._dispatch 
[90m(C:\playground\Python\ai_scrapper\frontend\[39mnode_modules\[4mjsdom[24m\lib\jsdom\living\events\EventTarget-impl.js:233:9[90m)[39m
    at HTMLUnknownElementImpl.dispatchEvent 
[90m(C:\playground\Python\ai_scrapper\frontend\[39mnode_modules\[4mjsdom[24m\lib\jsdom\living\events\EventTarget-impl.js:104:17[90m)[39m
The above error occurred in the <ResultsViewer> component:

    at ResultsViewer (C:\playground\Python\ai_scrapper\frontend\src\components\results\ResultsViewer.tsx:18:3)
    at ToastProvider (C:\playground\Python\ai_scrapper\frontend\src\providers\ToastProvider.tsx:17:3)
    at Router (C:\playground\Python\ai_scrapper\frontend\node_modules\react-router\dist\development\chunk-R73PQUJU.js:414:13)
    at BrowserRouter (C:\playground\Python\ai_scrapper\frontend\node_modules\react-router\dist\development\chunk-R73PQUJU.js:872:3)
    at QueryClientProvider 
(file:///C:/playground/Python/ai_scrapper/frontend/node_modules/@tanstack/react-query/build/modern/QueryClientProvider.js:20:3)
    at AllTheProviders (C:\playground\Python\ai_scrapper\frontend\src\test\utils.tsx:11:28)

Consider adding an error boundary to your tree to customize error handling behavior.
Visit https://reactjs.org/link/error-boundaries to learn more about error boundaries.

[90mstderr[2m | src/components/results/__tests__/ResultsViewer.test.tsx[2m > [22m[2mResultsViewer[2m > [22m[2mhas proper accessibility 
attributes[22m[39m
Error: Uncaught [TypeError: Cannot read properties of undefined (reading 'data')]
    at reportException (C:\playground\Python\ai_scrapper\frontend\node_modules\jsdom\lib\jsdom\living\helpers\runtime-script-errors.js:66:24)
    at innerInvokeEventListeners (C:\playground\Python\ai_scrapper\frontend\node_modules\jsdom\lib\jsdom\living\events\EventTarget-impl.js:353:9)
    at invokeEventListeners (C:\playground\Python\ai_scrapper\frontend\node_modules\jsdom\lib\jsdom\living\events\EventTarget-impl.js:286:3)
    at HTMLUnknownElementImpl._dispatch 
(C:\playground\Python\ai_scrapper\frontend\node_modules\jsdom\lib\jsdom\living\events\EventTarget-impl.js:233:9)
    at HTMLUnknownElementImpl.dispatchEvent 
(C:\playground\Python\ai_scrapper\frontend\node_modules\jsdom\lib\jsdom\living\events\EventTarget-impl.js:104:17)
    at HTMLUnknownElement.dispatchEvent 
(C:\playground\Python\ai_scrapper\frontend\node_modules\jsdom\lib\jsdom\living\generated\EventTarget.js:241:34)
    at Object.invokeGuardedCallbackDev (C:\playground\Python\ai_scrapper\frontend\node_modules\react-dom\cjs\react-dom.development.js:4213:16)
    at invokeGuardedCallback (C:\playground\Python\ai_scrapper\frontend\node_modules\react-dom\cjs\react-dom.development.js:4277:31)
    at beginWork$1 (C:\playground\Python\ai_scrapper\frontend\node_modules\react-dom\cjs\react-dom.development.js:27490:7)
    at performUnitOfWork (C:\playground\Python\ai_scrapper\frontend\node_modules\react-dom\cjs\react-dom.development.js:26599:12) TypeError: Cannot 
read properties of undefined (reading 'data')
    at ResultsViewer [90m(C:\playground\Python\ai_scrapper\frontend\[39msrc\components\results\ResultsViewer.tsx:45:18[90m)[39m
    at renderWithHooks 
[90m(C:\playground\Python\ai_scrapper\frontend\[39mnode_modules\[4mreact-dom[24m\cjs\react-dom.development.js:15486:18[90m)[39m
    at mountIndeterminateComponent 
[90m(C:\playground\Python\ai_scrapper\frontend\[39mnode_modules\[4mreact-dom[24m\cjs\react-dom.development.js:20103:13[90m)[39m
    at beginWork 
[90m(C:\playground\Python\ai_scrapper\frontend\[39mnode_modules\[4mreact-dom[24m\cjs\react-dom.development.js:21626:16[90m)[39m
    at HTMLUnknownElement.callCallback 
[90m(C:\playground\Python\ai_scrapper\frontend\[39mnode_modules\[4mreact-dom[24m\cjs\react-dom.development.js:4164:14[90m)[39m
    at HTMLUnknownElement.callTheUserObjectsOperation 
[90m(C:\playground\Python\ai_scrapper\frontend\[39mnode_modules\[4mjsdom[24m\lib\jsdom\living\generated\EventListener.js:26:30[90m)[39m
    at innerInvokeEventListeners 
[90m(C:\playground\Python\ai_scrapper\frontend\[39mnode_modules\[4mjsdom[24m\lib\jsdom\living\events\EventTarget-impl.js:350:25[90m)[39m
    at invokeEventListeners 
[90m(C:\playground\Python\ai_scrapper\frontend\[39mnode_modules\[4mjsdom[24m\lib\jsdom\living\events\EventTarget-impl.js:286:3[90m)[39m
    at HTMLUnknownElementImpl._dispatch 
[90m(C:\playground\Python\ai_scrapper\frontend\[39mnode_modules\[4mjsdom[24m\lib\jsdom\living\events\EventTarget-impl.js:233:9[90m)[39m
    at HTMLUnknownElementImpl.dispatchEvent 
[90m(C:\playground\Python\ai_scrapper\frontend\[39mnode_modules\[4mjsdom[24m\lib\jsdom\living\events\EventTarget-impl.js:104:17[90m)[39m
Error: Uncaught [TypeError: Cannot read properties of undefined (reading 'data')]
    at reportException (C:\playground\Python\ai_scrapper\frontend\node_modules\jsdom\lib\jsdom\living\helpers\runtime-script-errors.js:66:24)
    at innerInvokeEventListeners (C:\playground\Python\ai_scrapper\frontend\node_modules\jsdom\lib\jsdom\living\events\EventTarget-impl.js:353:9)
    at invokeEventListeners (C:\playground\Python\ai_scrapper\frontend\node_modules\jsdom\lib\jsdom\living\events\EventTarget-impl.js:286:3)
    at HTMLUnknownElementImpl._dispatch 
(C:\playground\Python\ai_scrapper\frontend\node_modules\jsdom\lib\jsdom\living\events\EventTarget-impl.js:233:9)
    at HTMLUnknownElementImpl.dispatchEvent 
(C:\playground\Python\ai_scrapper\frontend\node_modules\jsdom\lib\jsdom\living\events\EventTarget-impl.js:104:17)
    at HTMLUnknownElement.dispatchEvent 
(C:\playground\Python\ai_scrapper\frontend\node_modules\jsdom\lib\jsdom\living\generated\EventTarget.js:241:34)
    at Object.invokeGuardedCallbackDev (C:\playground\Python\ai_scrapper\frontend\node_modules\react-dom\cjs\react-dom.development.js:4213:16)
    at invokeGuardedCallback (C:\playground\Python\ai_scrapper\frontend\node_modules\react-dom\cjs\react-dom.development.js:4277:31)
    at beginWork$1 (C:\playground\Python\ai_scrapper\frontend\node_modules\react-dom\cjs\react-dom.development.js:27490:7)
    at performUnitOfWork (C:\playground\Python\ai_scrapper\frontend\node_modules\react-dom\cjs\react-dom.development.js:26599:12) TypeError: Cannot 
read properties of undefined (reading 'data')
    at ResultsViewer [90m(C:\playground\Python\ai_scrapper\frontend\[39msrc\components\results\ResultsViewer.tsx:45:18[90m)[39m
    at renderWithHooks 
[90m(C:\playground\Python\ai_scrapper\frontend\[39mnode_modules\[4mreact-dom[24m\cjs\react-dom.development.js:15486:18[90m)[39m
    at mountIndeterminateComponent 
[90m(C:\playground\Python\ai_scrapper\frontend\[39mnode_modules\[4mreact-dom[24m\cjs\react-dom.development.js:20103:13[90m)[39m
    at beginWork 
[90m(C:\playground\Python\ai_scrapper\frontend\[39mnode_modules\[4mreact-dom[24m\cjs\react-dom.development.js:21626:16[90m)[39m
    at HTMLUnknownElement.callCallback 
[90m(C:\playground\Python\ai_scrapper\frontend\[39mnode_modules\[4mreact-dom[24m\cjs\react-dom.development.js:4164:14[90m)[39m
    at HTMLUnknownElement.callTheUserObjectsOperation 
[90m(C:\playground\Python\ai_scrapper\frontend\[39mnode_modules\[4mjsdom[24m\lib\jsdom\living\generated\EventListener.js:26:30[90m)[39m
    at innerInvokeEventListeners 
[90m(C:\playground\Python\ai_scrapper\frontend\[39mnode_modules\[4mjsdom[24m\lib\jsdom\living\events\EventTarget-impl.js:350:25[90m)[39m
    at invokeEventListeners 
[90m(C:\playground\Python\ai_scrapper\frontend\[39mnode_modules\[4mjsdom[24m\lib\jsdom\living\events\EventTarget-impl.js:286:3[90m)[39m
    at HTMLUnknownElementImpl._dispatch 
[90m(C:\playground\Python\ai_scrapper\frontend\[39mnode_modules\[4mjsdom[24m\lib\jsdom\living\events\EventTarget-impl.js:233:9[90m)[39m
    at HTMLUnknownElementImpl.dispatchEvent 
[90m(C:\playground\Python\ai_scrapper\frontend\[39mnode_modules\[4mjsdom[24m\lib\jsdom\living\events\EventTarget-impl.js:104:17[90m)[39m
The above error occurred in the <ResultsViewer> component:

    at ResultsViewer (C:\playground\Python\ai_scrapper\frontend\src\components\results\ResultsViewer.tsx:18:3)
    at ToastProvider (C:\playground\Python\ai_scrapper\frontend\src\providers\ToastProvider.tsx:17:3)
    at Router (C:\playground\Python\ai_scrapper\frontend\node_modules\react-router\dist\development\chunk-R73PQUJU.js:414:13)
    at BrowserRouter (C:\playground\Python\ai_scrapper\frontend\node_modules\react-router\dist\development\chunk-R73PQUJU.js:872:3)
    at QueryClientProvider 
(file:///C:/playground/Python/ai_scrapper/frontend/node_modules/@tanstack/react-query/build/modern/QueryClientProvider.js:20:3)
    at AllTheProviders (C:\playground\Python\ai_scrapper\frontend\src\test\utils.tsx:11:28)

Consider adding an error boundary to your tree to customize error handling behavior.
Visit https://reactjs.org/link/error-boundaries to learn more about error boundaries.

[90mstderr[2m | src/components/results/__tests__/ResultsViewer.test.tsx[2m > [22m[2mResultsViewer[2m > [22m[2mhandles large datasets with 
pagination[22m[39m
Error: Uncaught [TypeError: Cannot read properties of undefined (reading 'data')]
    at reportException (C:\playground\Python\ai_scrapper\frontend\node_modules\jsdom\lib\jsdom\living\helpers\runtime-script-errors.js:66:24)
    at innerInvokeEventListeners (C:\playground\Python\ai_scrapper\frontend\node_modules\jsdom\lib\jsdom\living\events\EventTarget-impl.js:353:9)
    at invokeEventListeners (C:\playground\Python\ai_scrapper\frontend\node_modules\jsdom\lib\jsdom\living\events\EventTarget-impl.js:286:3)
    at HTMLUnknownElementImpl._dispatch 
(C:\playground\Python\ai_scrapper\frontend\node_modules\jsdom\lib\jsdom\living\events\EventTarget-impl.js:233:9)
    at HTMLUnknownElementImpl.dispatchEvent 
(C:\playground\Python\ai_scrapper\frontend\node_modules\jsdom\lib\jsdom\living\events\EventTarget-impl.js:104:17)
    at HTMLUnknownElement.dispatchEvent 
(C:\playground\Python\ai_scrapper\frontend\node_modules\jsdom\lib\jsdom\living\generated\EventTarget.js:241:34)
    at Object.invokeGuardedCallbackDev (C:\playground\Python\ai_scrapper\frontend\node_modules\react-dom\cjs\react-dom.development.js:4213:16)
    at invokeGuardedCallback (C:\playground\Python\ai_scrapper\frontend\node_modules\react-dom\cjs\react-dom.development.js:4277:31)
    at beginWork$1 (C:\playground\Python\ai_scrapper\frontend\node_modules\react-dom\cjs\react-dom.development.js:27490:7)
    at performUnitOfWork (C:\playground\Python\ai_scrapper\frontend\node_modules\react-dom\cjs\react-dom.development.js:26599:12) TypeError: Cannot 
read properties of undefined (reading 'data')
    at ResultsViewer [90m(C:\playground\Python\ai_scrapper\frontend\[39msrc\components\results\ResultsViewer.tsx:45:18[90m)[39m
    at renderWithHooks 
[90m(C:\playground\Python\ai_scrapper\frontend\[39mnode_modules\[4mreact-dom[24m\cjs\react-dom.development.js:15486:18[90m)[39m
    at mountIndeterminateComponent 
[90m(C:\playground\Python\ai_scrapper\frontend\[39mnode_modules\[4mreact-dom[24m\cjs\react-dom.development.js:20103:13[90m)[39m
    at beginWork 
[90m(C:\playground\Python\ai_scrapper\frontend\[39mnode_modules\[4mreact-dom[24m\cjs\react-dom.development.js:21626:16[90m)[39m
    at HTMLUnknownElement.callCallback 
[90m(C:\playground\Python\ai_scrapper\frontend\[39mnode_modules\[4mreact-dom[24m\cjs\react-dom.development.js:4164:14[90m)[39m
    at HTMLUnknownElement.callTheUserObjectsOperation 
[90m(C:\playground\Python\ai_scrapper\frontend\[39mnode_modules\[4mjsdom[24m\lib\jsdom\living\generated\EventListener.js:26:30[90m)[39m
    at innerInvokeEventListeners 
[90m(C:\playground\Python\ai_scrapper\frontend\[39mnode_modules\[4mjsdom[24m\lib\jsdom\living\events\EventTarget-impl.js:350:25[90m)[39m
    at invokeEventListeners 
[90m(C:\playground\Python\ai_scrapper\frontend\[39mnode_modules\[4mjsdom[24m\lib\jsdom\living\events\EventTarget-impl.js:286:3[90m)[39m
    at HTMLUnknownElementImpl._dispatch 
[90m(C:\playground\Python\ai_scrapper\frontend\[39mnode_modules\[4mjsdom[24m\lib\jsdom\living\events\EventTarget-impl.js:233:9[90m)[39m
    at HTMLUnknownElementImpl.dispatchEvent 
[90m(C:\playground\Python\ai_scrapper\frontend\[39mnode_modules\[4mjsdom[24m\lib\jsdom\living\events\EventTarget-impl.js:104:17[90m)[39m
Error: Uncaught [TypeError: Cannot read properties of undefined (reading 'data')]
    at reportException (C:\playground\Python\ai_scrapper\frontend\node_modules\jsdom\lib\jsdom\living\helpers\runtime-script-errors.js:66:24)
    at innerInvokeEventListeners (C:\playground\Python\ai_scrapper\frontend\node_modules\jsdom\lib\jsdom\living\events\EventTarget-impl.js:353:9)
    at invokeEventListeners (C:\playground\Python\ai_scrapper\frontend\node_modules\jsdom\lib\jsdom\living\events\EventTarget-impl.js:286:3)
    at HTMLUnknownElementImpl._dispatch 
(C:\playground\Python\ai_scrapper\frontend\node_modules\jsdom\lib\jsdom\living\events\EventTarget-impl.js:233:9)
    at HTMLUnknownElementImpl.dispatchEvent 
(C:\playground\Python\ai_scrapper\frontend\node_modules\jsdom\lib\jsdom\living\events\EventTarget-impl.js:104:17)
    at HTMLUnknownElement.dispatchEvent 
(C:\playground\Python\ai_scrapper\frontend\node_modules\jsdom\lib\jsdom\living\generated\EventTarget.js:241:34)
    at Object.invokeGuardedCallbackDev (C:\playground\Python\ai_scrapper\frontend\node_modules\react-dom\cjs\react-dom.development.js:4213:16)
    at invokeGuardedCallback (C:\playground\Python\ai_scrapper\frontend\node_modules\react-dom\cjs\react-dom.development.js:4277:31)
    at beginWork$1 (C:\playground\Python\ai_scrapper\frontend\node_modules\react-dom\cjs\react-dom.development.js:27490:7)
    at performUnitOfWork (C:\playground\Python\ai_scrapper\frontend\node_modules\react-dom\cjs\react-dom.development.js:26599:12) TypeError: Cannot 
read properties of undefined (reading 'data')
    at ResultsViewer [90m(C:\playground\Python\ai_scrapper\frontend\[39msrc\components\results\ResultsViewer.tsx:45:18[90m)[39m
    at renderWithHooks 
[90m(C:\playground\Python\ai_scrapper\frontend\[39mnode_modules\[4mreact-dom[24m\cjs\react-dom.development.js:15486:18[90m)[39m
    at mountIndeterminateComponent 
[90m(C:\playground\Python\ai_scrapper\frontend\[39mnode_modules\[4mreact-dom[24m\cjs\react-dom.development.js:20103:13[90m)[39m
    at beginWork 
[90m(C:\playground\Python\ai_scrapper\frontend\[39mnode_modules\[4mreact-dom[24m\cjs\react-dom.development.js:21626:16[90m)[39m
    at HTMLUnknownElement.callCallback 
[90m(C:\playground\Python\ai_scrapper\frontend\[39mnode_modules\[4mreact-dom[24m\cjs\react-dom.development.js:4164:14[90m)[39m
    at HTMLUnknownElement.callTheUserObjectsOperation 
[90m(C:\playground\Python\ai_scrapper\frontend\[39mnode_modules\[4mjsdom[24m\lib\jsdom\living\generated\EventListener.js:26:30[90m)[39m
    at innerInvokeEventListeners 
[90m(C:\playground\Python\ai_scrapper\frontend\[39mnode_modules\[4mjsdom[24m\lib\jsdom\living\events\EventTarget-impl.js:350:25[90m)[39m
    at invokeEventListeners 
[90m(C:\playground\Python\ai_scrapper\frontend\[39mnode_modules\[4mjsdom[24m\lib\jsdom\living\events\EventTarget-impl.js:286:3[90m)[39m
    at HTMLUnknownElementImpl._dispatch 
[90m(C:\playground\Python\ai_scrapper\frontend\[39mnode_modules\[4mjsdom[24m\lib\jsdom\living\events\EventTarget-impl.js:233:9[90m)[39m
    at HTMLUnknownElementImpl.dispatchEvent 
[90m(C:\playground\Python\ai_scrapper\frontend\[39mnode_modules\[4mjsdom[24m\lib\jsdom\living\events\EventTarget-impl.js:104:17[90m)[39m
The above error occurred in the <ResultsViewer> component:

    at ResultsViewer (C:\playground\Python\ai_scrapper\frontend\src\components\results\ResultsViewer.tsx:18:3)
    at ToastProvider (C:\playground\Python\ai_scrapper\frontend\src\providers\ToastProvider.tsx:17:3)
    at Router (C:\playground\Python\ai_scrapper\frontend\node_modules\react-router\dist\development\chunk-R73PQUJU.js:414:13)
    at BrowserRouter (C:\playground\Python\ai_scrapper\frontend\node_modules\react-router\dist\development\chunk-R73PQUJU.js:872:3)
    at QueryClientProvider 
(file:///C:/playground/Python/ai_scrapper/frontend/node_modules/@tanstack/react-query/build/modern/QueryClientProvider.js:20:3)
    at AllTheProviders (C:\playground\Python\ai_scrapper\frontend\src\test\utils.tsx:11:28)

Consider adding an error boundary to your tree to customize error handling behavior.
Visit https://reactjs.org/link/error-boundaries to learn more about error boundaries.

 [33mΓ¥»[39m src/components/forms/__tests__/UrlInput.test.tsx [2m ([22m[2m8 tests[22m [2m|[22m [31m8 failed[39m[2m)[22m[90m 271[2mms[22m[39m
[31m   [33mΓ¥»[31m src/components/forms/__tests__/UrlInput.test.tsx[2m > [22mUrlInput[2m > [22mrenders input field correctly[39m
[31m     ΓåÆ Element type is invalid: expected a string (for built-in components) or a class/function (for composite components) but got: undefined. You likely forgot to export your component from the file it's defined in, or you might have mixed up default and named imports.[39m
[31m   [33mΓ¥»[31m src/components/forms/__tests__/UrlInput.test.tsx[2m > [22mUrlInput[2m > [22mcalls onChange when value changes[39m
[31m     ΓåÆ Element type is invalid: expected a string (for built-in components) or a class/function (for composite components) but got: undefined. You likely forgot to export your component from the file it's defined in, or you might have mixed up default and named imports.[39m
[31m   [33mΓ¥»[31m src/components/forms/__tests__/UrlInput.test.tsx[2m > [22mUrlInput[2m > [22mshows validation error for invalid URL[39m
[31m     ΓåÆ Element type is invalid: expected a string (for built-in components) or a class/function (for composite components) but got: undefined. You likely forgot to export your component from the file it's defined in, or you might have mixed up default and named imports.[39m
[31m   [33mΓ¥»[31m src/components/forms/__tests__/UrlInput.test.tsx[2m > [22mUrlInput[2m > [22mshows valid state for valid URL[39m
[31m     ΓåÆ Element type is invalid: expected a string (for built-in components) or a class/function (for composite components) but got: undefined. You likely forgot to export your component from the file it's defined in, or you might have mixed up default and named imports.[39m
[31m   [33mΓ¥»[31m src/components/forms/__tests__/UrlInput.test.tsx[2m > [22mUrlInput[2m > [22mshows URL preview when enabled[39m
[31m     ΓåÆ Element type is invalid: expected a string (for built-in components) or a class/function (for composite components) but got: undefined. You likely forgot to export your component from the file it's defined in, or you might have mixed up default and named imports.[39m
[31m   [33mΓ¥»[31m src/components/forms/__tests__/UrlInput.test.tsx[2m > [22mUrlInput[2m > [22mhas proper accessibility attributes[39m
[31m     ΓåÆ Element type is invalid: expected a string (for built-in components) or a class/function (for composite components) but got: undefined. You likely forgot to export your component from the file it's defined in, or you might have mixed up default and named imports.[39m
[31m   [33mΓ¥»[31m src/components/forms/__tests__/UrlInput.test.tsx[2m > [22mUrlInput[2m > [22mshows aria-invalid when there is an error[39m
[31m     ΓåÆ Element type is invalid: expected a string (for built-in components) or a class/function (for composite components) but got: undefined. You likely forgot to export your component from the file it's defined in, or you might have mixed up default and named imports.[39m
[31m   [33mΓ¥»[31m src/components/forms/__tests__/UrlInput.test.tsx[2m > [22mUrlInput[2m > [22msupports paste event handling[39m
[31m     ΓåÆ Element type is invalid: expected a string (for built-in components) or a class/function (for composite components) but got: undefined. You likely forgot to export your component from the file it's defined in, or you might have mixed up default and named imports.[39m
[90mstderr[2m | src/components/forms/__tests__/UrlInput.test.tsx[2m > [22m[2mUrlInput[2m > [22m[2mrenders input field correctly[22m[39m
Warning: React.jsx: type is invalid -- expected a string (for built-in components) or a class/function (for composite components) but got: 
undefined. You likely forgot to export your component from the file it's defined in, or you might have mixed up default and named imports.

Check your code at UrlInput.test.tsx:8.
Error: Uncaught [Error: Element type is invalid: expected a string (for built-in components) or a class/function (for composite components) but got: 
undefined. You likely forgot to export your component from the file it's defined in, or you might have mixed up default and named imports.]
    at reportException (C:\playground\Python\ai_scrapper\frontend\node_modules\jsdom\lib\jsdom\living\helpers\runtime-script-errors.js:66:24)
    at innerInvokeEventListeners (C:\playground\Python\ai_scrapper\frontend\node_modules\jsdom\lib\jsdom\living\events\EventTarget-impl.js:353:9)
    at invokeEventListeners (C:\playground\Python\ai_scrapper\frontend\node_modules\jsdom\lib\jsdom\living\events\EventTarget-impl.js:286:3)
    at HTMLUnknownElementImpl._dispatch 
(C:\playground\Python\ai_scrapper\frontend\node_modules\jsdom\lib\jsdom\living\events\EventTarget-impl.js:233:9)
    at HTMLUnknownElementImpl.dispatchEvent 
(C:\playground\Python\ai_scrapper\frontend\node_modules\jsdom\lib\jsdom\living\events\EventTarget-impl.js:104:17)
    at HTMLUnknownElement.dispatchEvent 
(C:\playground\Python\ai_scrapper\frontend\node_modules\jsdom\lib\jsdom\living\generated\EventTarget.js:241:34)
    at Object.invokeGuardedCallbackDev (C:\playground\Python\ai_scrapper\frontend\node_modules\react-dom\cjs\react-dom.development.js:4213:16)
    at invokeGuardedCallback (C:\playground\Python\ai_scrapper\frontend\node_modules\react-dom\cjs\react-dom.development.js:4277:31)
    at beginWork$1 (C:\playground\Python\ai_scrapper\frontend\node_modules\react-dom\cjs\react-dom.development.js:27490:7)
    at performUnitOfWork (C:\playground\Python\ai_scrapper\frontend\node_modules\react-dom\cjs\react-dom.development.js:26599:12) Error: Element 
type is invalid: expected a string (for built-in components) or a class/function (for composite components) but got: undefined. You likely forgot to 
export your component from the file it's defined in, or you might have mixed up default and named imports.
    at createFiberFromTypeAndProps 
[90m(C:\playground\Python\ai_scrapper\frontend\[39mnode_modules\[4mreact-dom[24m\cjs\react-dom.development.js:28478:17[90m)[39m
    at createFiberFromElement 
[90m(C:\playground\Python\ai_scrapper\frontend\[39mnode_modules\[4mreact-dom[24m\cjs\react-dom.development.js:28504:15[90m)[39m
    at createChild 
[90m(C:\playground\Python\ai_scrapper\frontend\[39mnode_modules\[4mreact-dom[24m\cjs\react-dom.development.js:13345:28[90m)[39m
    at reconcileChildrenArray 
[90m(C:\playground\Python\ai_scrapper\frontend\[39mnode_modules\[4mreact-dom[24m\cjs\react-dom.development.js:13640:25[90m)[39m
    at reconcileChildFibers 
[90m(C:\playground\Python\ai_scrapper\frontend\[39mnode_modules\[4mreact-dom[24m\cjs\react-dom.development.js:14057:16[90m)[39m
    at reconcileChildren 
[90m(C:\playground\Python\ai_scrapper\frontend\[39mnode_modules\[4mreact-dom[24m\cjs\react-dom.development.js:19186:28[90m)[39m
    at updateContextProvider 
[90m(C:\playground\Python\ai_scrapper\frontend\[39mnode_modules\[4mreact-dom[24m\cjs\react-dom.development.js:21193:3[90m)[39m
    at beginWork 
[90m(C:\playground\Python\ai_scrapper\frontend\[39mnode_modules\[4mreact-dom[24m\cjs\react-dom.development.js:21688:14[90m)[39m
    at HTMLUnknownElement.callCallback 
[90m(C:\playground\Python\ai_scrapper\frontend\[39mnode_modules\[4mreact-dom[24m\cjs\react-dom.development.js:4164:14[90m)[39m
    at HTMLUnknownElement.callTheUserObjectsOperation 
[90m(C:\playground\Python\ai_scrapper\frontend\[39mnode_modules\[4mjsdom[24m\lib\jsdom\living\generated\EventListener.js:26:30[90m)[39m
Error: Uncaught [Error: Element type is invalid: expected a string (for built-in components) or a class/function (for composite components) but got: 
undefined. You likely forgot to export your component from the file it's defined in, or you might have mixed up default and named imports.]
    at reportException (C:\playground\Python\ai_scrapper\frontend\node_modules\jsdom\lib\jsdom\living\helpers\runtime-script-errors.js:66:24)
    at innerInvokeEventListeners (C:\playground\Python\ai_scrapper\frontend\node_modules\jsdom\lib\jsdom\living\events\EventTarget-impl.js:353:9)
    at invokeEventListeners (C:\playground\Python\ai_scrapper\frontend\node_modules\jsdom\lib\jsdom\living\events\EventTarget-impl.js:286:3)
    at HTMLUnknownElementImpl._dispatch 
(C:\playground\Python\ai_scrapper\frontend\node_modules\jsdom\lib\jsdom\living\events\EventTarget-impl.js:233:9)
    at HTMLUnknownElementImpl.dispatchEvent 
(C:\playground\Python\ai_scrapper\frontend\node_modules\jsdom\lib\jsdom\living\events\EventTarget-impl.js:104:17)
    at HTMLUnknownElement.dispatchEvent 
(C:\playground\Python\ai_scrapper\frontend\node_modules\jsdom\lib\jsdom\living\generated\EventTarget.js:241:34)
    at Object.invokeGuardedCallbackDev (C:\playground\Python\ai_scrapper\frontend\node_modules\react-dom\cjs\react-dom.development.js:4213:16)
    at invokeGuardedCallback (C:\playground\Python\ai_scrapper\frontend\node_modules\react-dom\cjs\react-dom.development.js:4277:31)
    at beginWork$1 (C:\playground\Python\ai_scrapper\frontend\node_modules\react-dom\cjs\react-dom.development.js:27490:7)
    at performUnitOfWork (C:\playground\Python\ai_scrapper\frontend\node_modules\react-dom\cjs\react-dom.development.js:26599:12) Error: Element 
type is invalid: expected a string (for built-in components) or a class/function (for composite components) but got: undefined. You likely forgot to 
export your component from the file it's defined in, or you might have mixed up default and named imports.
    at createFiberFromTypeAndProps 
[90m(C:\playground\Python\ai_scrapper\frontend\[39mnode_modules\[4mreact-dom[24m\cjs\react-dom.development.js:28478:17[90m)[39m
    at createFiberFromElement 
[90m(C:\playground\Python\ai_scrapper\frontend\[39mnode_modules\[4mreact-dom[24m\cjs\react-dom.development.js:28504:15[90m)[39m
    at createChild 
[90m(C:\playground\Python\ai_scrapper\frontend\[39mnode_modules\[4mreact-dom[24m\cjs\react-dom.development.js:13345:28[90m)[39m
    at reconcileChildrenArray 
[90m(C:\playground\Python\ai_scrapper\frontend\[39mnode_modules\[4mreact-dom[24m\cjs\react-dom.development.js:13640:25[90m)[39m
    at reconcileChildFibers 
[90m(C:\playground\Python\ai_scrapper\frontend\[39mnode_modules\[4mreact-dom[24m\cjs\react-dom.development.js:14057:16[90m)[39m
    at reconcileChildren 
[90m(C:\playground\Python\ai_scrapper\frontend\[39mnode_modules\[4mreact-dom[24m\cjs\react-dom.development.js:19186:28[90m)[39m
    at updateContextProvider 
[90m(C:\playground\Python\ai_scrapper\frontend\[39mnode_modules\[4mreact-dom[24m\cjs\react-dom.development.js:21193:3[90m)[39m
    at beginWork 
[90m(C:\playground\Python\ai_scrapper\frontend\[39mnode_modules\[4mreact-dom[24m\cjs\react-dom.development.js:21688:14[90m)[39m
    at HTMLUnknownElement.callCallback 
[90m(C:\playground\Python\ai_scrapper\frontend\[39mnode_modules\[4mreact-dom[24m\cjs\react-dom.development.js:4164:14[90m)[39m
    at HTMLUnknownElement.callTheUserObjectsOperation 
[90m(C:\playground\Python\ai_scrapper\frontend\[39mnode_modules\[4mjsdom[24m\lib\jsdom\living\generated\EventListener.js:26:30[90m)[39m
The above error occurred in the <Context.Provider> component:

    at ToastProvider (C:\playground\Python\ai_scrapper\frontend\src\providers\ToastProvider.tsx:17:3)
    at Router (C:\playground\Python\ai_scrapper\frontend\node_modules\react-router\dist\development\chunk-R73PQUJU.js:414:13)
    at BrowserRouter (C:\playground\Python\ai_scrapper\frontend\node_modules\react-router\dist\development\chunk-R73PQUJU.js:872:3)
    at QueryClientProvider 
(file:///C:/playground/Python/ai_scrapper/frontend/node_modules/@tanstack/react-query/build/modern/QueryClientProvider.js:20:3)
    at AllTheProviders (C:\playground\Python\ai_scrapper\frontend\src\test\utils.tsx:11:28)

Consider adding an error boundary to your tree to customize error handling behavior.
Visit https://reactjs.org/link/error-boundaries to learn more about error boundaries.

[90mstderr[2m | src/components/forms/__tests__/UrlInput.test.tsx[2m > [22m[2mUrlInput[2m > [22m[2mcalls onChange when value changes[22m[39m
Warning: React.jsx: type is invalid -- expected a string (for built-in components) or a class/function (for composite components) but got: 
undefined. You likely forgot to export your component from the file it's defined in, or you might have mixed up default and named imports.

Check your code at UrlInput.test.tsx:19.
Error: Uncaught [Error: Element type is invalid: expected a string (for built-in components) or a class/function (for composite components) but got: 
undefined. You likely forgot to export your component from the file it's defined in, or you might have mixed up default and named imports.]
    at reportException (C:\playground\Python\ai_scrapper\frontend\node_modules\jsdom\lib\jsdom\living\helpers\runtime-script-errors.js:66:24)
    at innerInvokeEventListeners (C:\playground\Python\ai_scrapper\frontend\node_modules\jsdom\lib\jsdom\living\events\EventTarget-impl.js:353:9)
    at invokeEventListeners (C:\playground\Python\ai_scrapper\frontend\node_modules\jsdom\lib\jsdom\living\events\EventTarget-impl.js:286:3)
    at HTMLUnknownElementImpl._dispatch 
(C:\playground\Python\ai_scrapper\frontend\node_modules\jsdom\lib\jsdom\living\events\EventTarget-impl.js:233:9)
    at HTMLUnknownElementImpl.dispatchEvent 
(C:\playground\Python\ai_scrapper\frontend\node_modules\jsdom\lib\jsdom\living\events\EventTarget-impl.js:104:17)
    at HTMLUnknownElement.dispatchEvent 
(C:\playground\Python\ai_scrapper\frontend\node_modules\jsdom\lib\jsdom\living\generated\EventTarget.js:241:34)
    at Object.invokeGuardedCallbackDev (C:\playground\Python\ai_scrapper\frontend\node_modules\react-dom\cjs\react-dom.development.js:4213:16)
    at invokeGuardedCallback (C:\playground\Python\ai_scrapper\frontend\node_modules\react-dom\cjs\react-dom.development.js:4277:31)
    at beginWork$1 (C:\playground\Python\ai_scrapper\frontend\node_modules\react-dom\cjs\react-dom.development.js:27490:7)
    at performUnitOfWork (C:\playground\Python\ai_scrapper\frontend\node_modules\react-dom\cjs\react-dom.development.js:26599:12) Error: Element 
type is invalid: expected a string (for built-in components) or a class/function (for composite components) but got: undefined. You likely forgot to 
export your component from the file it's defined in, or you might have mixed up default and named imports.
    at createFiberFromTypeAndProps 
[90m(C:\playground\Python\ai_scrapper\frontend\[39mnode_modules\[4mreact-dom[24m\cjs\react-dom.development.js:28478:17[90m)[39m
    at createFiberFromElement 
[90m(C:\playground\Python\ai_scrapper\frontend\[39mnode_modules\[4mreact-dom[24m\cjs\react-dom.development.js:28504:15[90m)[39m
    at createChild 
[90m(C:\playground\Python\ai_scrapper\frontend\[39mnode_modules\[4mreact-dom[24m\cjs\react-dom.development.js:13345:28[90m)[39m
    at reconcileChildrenArray 
[90m(C:\playground\Python\ai_scrapper\frontend\[39mnode_modules\[4mreact-dom[24m\cjs\react-dom.development.js:13640:25[90m)[39m
    at reconcileChildFibers 
[90m(C:\playground\Python\ai_scrapper\frontend\[39mnode_modules\[4mreact-dom[24m\cjs\react-dom.development.js:14057:16[90m)[39m
    at reconcileChildren 
[90m(C:\playground\Python\ai_scrapper\frontend\[39mnode_modules\[4mreact-dom[24m\cjs\react-dom.development.js:19186:28[90m)[39m
    at updateContextProvider 
[90m(C:\playground\Python\ai_scrapper\frontend\[39mnode_modules\[4mreact-dom[24m\cjs\react-dom.development.js:21193:3[90m)[39m
    at beginWork 
[90m(C:\playground\Python\ai_scrapper\frontend\[39mnode_modules\[4mreact-dom[24m\cjs\react-dom.development.js:21688:14[90m)[39m
    at HTMLUnknownElement.callCallback 
[90m(C:\playground\Python\ai_scrapper\frontend\[39mnode_modules\[4mreact-dom[24m\cjs\react-dom.development.js:4164:14[90m)[39m
    at HTMLUnknownElement.callTheUserObjectsOperation 
[90m(C:\playground\Python\ai_scrapper\frontend\[39mnode_modules\[4mjsdom[24m\lib\jsdom\living\generated\EventListener.js:26:30[90m)[39m
Error: Uncaught [Error: Element type is invalid: expected a string (for built-in components) or a class/function (for composite components) but got: 
undefined. You likely forgot to export your component from the file it's defined in, or you might have mixed up default and named imports.]
    at reportException (C:\playground\Python\ai_scrapper\frontend\node_modules\jsdom\lib\jsdom\living\helpers\runtime-script-errors.js:66:24)
    at innerInvokeEventListeners (C:\playground\Python\ai_scrapper\frontend\node_modules\jsdom\lib\jsdom\living\events\EventTarget-impl.js:353:9)
    at invokeEventListeners (C:\playground\Python\ai_scrapper\frontend\node_modules\jsdom\lib\jsdom\living\events\EventTarget-impl.js:286:3)
    at HTMLUnknownElementImpl._dispatch 
(C:\playground\Python\ai_scrapper\frontend\node_modules\jsdom\lib\jsdom\living\events\EventTarget-impl.js:233:9)
    at HTMLUnknownElementImpl.dispatchEvent 
(C:\playground\Python\ai_scrapper\frontend\node_modules\jsdom\lib\jsdom\living\events\EventTarget-impl.js:104:17)
    at HTMLUnknownElement.dispatchEvent 
(C:\playground\Python\ai_scrapper\frontend\node_modules\jsdom\lib\jsdom\living\generated\EventTarget.js:241:34)
    at Object.invokeGuardedCallbackDev (C:\playground\Python\ai_scrapper\frontend\node_modules\react-dom\cjs\react-dom.development.js:4213:16)
    at invokeGuardedCallback (C:\playground\Python\ai_scrapper\frontend\node_modules\react-dom\cjs\react-dom.development.js:4277:31)
    at beginWork$1 (C:\playground\Python\ai_scrapper\frontend\node_modules\react-dom\cjs\react-dom.development.js:27490:7)
    at performUnitOfWork (C:\playground\Python\ai_scrapper\frontend\node_modules\react-dom\cjs\react-dom.development.js:26599:12) Error: Element 
type is invalid: expected a string (for built-in components) or a class/function (for composite components) but got: undefined. You likely forgot to 
export your component from the file it's defined in, or you might have mixed up default and named imports.
    at createFiberFromTypeAndProps 
[90m(C:\playground\Python\ai_scrapper\frontend\[39mnode_modules\[4mreact-dom[24m\cjs\react-dom.development.js:28478:17[90m)[39m
    at createFiberFromElement 
[90m(C:\playground\Python\ai_scrapper\frontend\[39mnode_modules\[4mreact-dom[24m\cjs\react-dom.development.js:28504:15[90m)[39m
    at createChild 
[90m(C:\playground\Python\ai_scrapper\frontend\[39mnode_modules\[4mreact-dom[24m\cjs\react-dom.development.js:13345:28[90m)[39m
    at reconcileChildrenArray 
[90m(C:\playground\Python\ai_scrapper\frontend\[39mnode_modules\[4mreact-dom[24m\cjs\react-dom.development.js:13640:25[90m)[39m
    at reconcileChildFibers 
[90m(C:\playground\Python\ai_scrapper\frontend\[39mnode_modules\[4mreact-dom[24m\cjs\react-dom.development.js:14057:16[90m)[39m
    at reconcileChildren 
[90m(C:\playground\Python\ai_scrapper\frontend\[39mnode_modules\[4mreact-dom[24m\cjs\react-dom.development.js:19186:28[90m)[39m
    at updateContextProvider 
[90m(C:\playground\Python\ai_scrapper\frontend\[39mnode_modules\[4mreact-dom[24m\cjs\react-dom.development.js:21193:3[90m)[39m
    at beginWork 
[90m(C:\playground\Python\ai_scrapper\frontend\[39mnode_modules\[4mreact-dom[24m\cjs\react-dom.development.js:21688:14[90m)[39m
    at HTMLUnknownElement.callCallback 
[90m(C:\playground\Python\ai_scrapper\frontend\[39mnode_modules\[4mreact-dom[24m\cjs\react-dom.development.js:4164:14[90m)[39m
    at HTMLUnknownElement.callTheUserObjectsOperation 
[90m(C:\playground\Python\ai_scrapper\frontend\[39mnode_modules\[4mjsdom[24m\lib\jsdom\living\generated\EventListener.js:26:30[90m)[39m
The above error occurred in the <Context.Provider> component:

    at ToastProvider (C:\playground\Python\ai_scrapper\frontend\src\providers\ToastProvider.tsx:17:3)
    at Router (C:\playground\Python\ai_scrapper\frontend\node_modules\react-router\dist\development\chunk-R73PQUJU.js:414:13)
    at BrowserRouter (C:\playground\Python\ai_scrapper\frontend\node_modules\react-router\dist\development\chunk-R73PQUJU.js:872:3)
    at QueryClientProvider 
(file:///C:/playground/Python/ai_scrapper/frontend/node_modules/@tanstack/react-query/build/modern/QueryClientProvider.js:20:3)
    at AllTheProviders (C:\playground\Python\ai_scrapper\frontend\src\test\utils.tsx:11:28)

Consider adding an error boundary to your tree to customize error handling behavior.
Visit https://reactjs.org/link/error-boundaries to learn more about error boundaries.

[90mstderr[2m | src/components/forms/__tests__/UrlInput.test.tsx[2m > [22m[2mUrlInput[2m > [22m[2mshows validation error for invalid 
URL[22m[39m
Warning: React.jsx: type is invalid -- expected a string (for built-in components) or a class/function (for composite components) but got: 
undefined. You likely forgot to export your component from the file it's defined in, or you might have mixed up default and named imports.

Check your code at UrlInput.test.tsx:28.
Error: Uncaught [Error: Element type is invalid: expected a string (for built-in components) or a class/function (for composite components) but got: 
undefined. You likely forgot to export your component from the file it's defined in, or you might have mixed up default and named imports.]
    at reportException (C:\playground\Python\ai_scrapper\frontend\node_modules\jsdom\lib\jsdom\living\helpers\runtime-script-errors.js:66:24)
    at innerInvokeEventListeners (C:\playground\Python\ai_scrapper\frontend\node_modules\jsdom\lib\jsdom\living\events\EventTarget-impl.js:353:9)
    at invokeEventListeners (C:\playground\Python\ai_scrapper\frontend\node_modules\jsdom\lib\jsdom\living\events\EventTarget-impl.js:286:3)
    at HTMLUnknownElementImpl._dispatch 
(C:\playground\Python\ai_scrapper\frontend\node_modules\jsdom\lib\jsdom\living\events\EventTarget-impl.js:233:9)
    at HTMLUnknownElementImpl.dispatchEvent 
(C:\playground\Python\ai_scrapper\frontend\node_modules\jsdom\lib\jsdom\living\events\EventTarget-impl.js:104:17)
    at HTMLUnknownElement.dispatchEvent 
(C:\playground\Python\ai_scrapper\frontend\node_modules\jsdom\lib\jsdom\living\generated\EventTarget.js:241:34)
    at Object.invokeGuardedCallbackDev (C:\playground\Python\ai_scrapper\frontend\node_modules\react-dom\cjs\react-dom.development.js:4213:16)
    at invokeGuardedCallback (C:\playground\Python\ai_scrapper\frontend\node_modules\react-dom\cjs\react-dom.development.js:4277:31)
    at beginWork$1 (C:\playground\Python\ai_scrapper\frontend\node_modules\react-dom\cjs\react-dom.development.js:27490:7)
    at performUnitOfWork (C:\playground\Python\ai_scrapper\frontend\node_modules\react-dom\cjs\react-dom.development.js:26599:12) Error: Element 
type is invalid: expected a string (for built-in components) or a class/function (for composite components) but got: undefined. You likely forgot to 
export your component from the file it's defined in, or you might have mixed up default and named imports.
    at createFiberFromTypeAndProps 
[90m(C:\playground\Python\ai_scrapper\frontend\[39mnode_modules\[4mreact-dom[24m\cjs\react-dom.development.js:28478:17[90m)[39m
    at createFiberFromElement 
[90m(C:\playground\Python\ai_scrapper\frontend\[39mnode_modules\[4mreact-dom[24m\cjs\react-dom.development.js:28504:15[90m)[39m
    at createChild 
[90m(C:\playground\Python\ai_scrapper\frontend\[39mnode_modules\[4mreact-dom[24m\cjs\react-dom.development.js:13345:28[90m)[39m
    at reconcileChildrenArray 
[90m(C:\playground\Python\ai_scrapper\frontend\[39mnode_modules\[4mreact-dom[24m\cjs\react-dom.development.js:13640:25[90m)[39m
    at reconcileChildFibers 
[90m(C:\playground\Python\ai_scrapper\frontend\[39mnode_modules\[4mreact-dom[24m\cjs\react-dom.development.js:14057:16[90m)[39m
    at reconcileChildren 
[90m(C:\playground\Python\ai_scrapper\frontend\[39mnode_modules\[4mreact-dom[24m\cjs\react-dom.development.js:19186:28[90m)[39m
    at updateContextProvider 
[90m(C:\playground\Python\ai_scrapper\frontend\[39mnode_modules\[4mreact-dom[24m\cjs\react-dom.development.js:21193:3[90m)[39m
    at beginWork 
[90m(C:\playground\Python\ai_scrapper\frontend\[39mnode_modules\[4mreact-dom[24m\cjs\react-dom.development.js:21688:14[90m)[39m
    at HTMLUnknownElement.callCallback 
[90m(C:\playground\Python\ai_scrapper\frontend\[39mnode_modules\[4mreact-dom[24m\cjs\react-dom.development.js:4164:14[90m)[39m
    at HTMLUnknownElement.callTheUserObjectsOperation 
[90m(C:\playground\Python\ai_scrapper\frontend\[39mnode_modules\[4mjsdom[24m\lib\jsdom\living\generated\EventListener.js:26:30[90m)[39m
Error: Uncaught [Error: Element type is invalid: expected a string (for built-in components) or a class/function (for composite components) but got: 
undefined. You likely forgot to export your component from the file it's defined in, or you might have mixed up default and named imports.]
    at reportException (C:\playground\Python\ai_scrapper\frontend\node_modules\jsdom\lib\jsdom\living\helpers\runtime-script-errors.js:66:24)
    at innerInvokeEventListeners (C:\playground\Python\ai_scrapper\frontend\node_modules\jsdom\lib\jsdom\living\events\EventTarget-impl.js:353:9)
    at invokeEventListeners (C:\playground\Python\ai_scrapper\frontend\node_modules\jsdom\lib\jsdom\living\events\EventTarget-impl.js:286:3)
    at HTMLUnknownElementImpl._dispatch 
(C:\playground\Python\ai_scrapper\frontend\node_modules\jsdom\lib\jsdom\living\events\EventTarget-impl.js:233:9)
    at HTMLUnknownElementImpl.dispatchEvent 
(C:\playground\Python\ai_scrapper\frontend\node_modules\jsdom\lib\jsdom\living\events\EventTarget-impl.js:104:17)
    at HTMLUnknownElement.dispatchEvent 
(C:\playground\Python\ai_scrapper\frontend\node_modules\jsdom\lib\jsdom\living\generated\EventTarget.js:241:34)
    at Object.invokeGuardedCallbackDev (C:\playground\Python\ai_scrapper\frontend\node_modules\react-dom\cjs\react-dom.development.js:4213:16)
    at invokeGuardedCallback (C:\playground\Python\ai_scrapper\frontend\node_modules\react-dom\cjs\react-dom.development.js:4277:31)
    at beginWork$1 (C:\playground\Python\ai_scrapper\frontend\node_modules\react-dom\cjs\react-dom.development.js:27490:7)
    at performUnitOfWork (C:\playground\Python\ai_scrapper\frontend\node_modules\react-dom\cjs\react-dom.development.js:26599:12) Error: Element 
type is invalid: expected a string (for built-in components) or a class/function (for composite components) but got: undefined. You likely forgot to 
export your component from the file it's defined in, or you might have mixed up default and named imports.
    at createFiberFromTypeAndProps 
[90m(C:\playground\Python\ai_scrapper\frontend\[39mnode_modules\[4mreact-dom[24m\cjs\react-dom.development.js:28478:17[90m)[39m
    at createFiberFromElement 
[90m(C:\playground\Python\ai_scrapper\frontend\[39mnode_modules\[4mreact-dom[24m\cjs\react-dom.development.js:28504:15[90m)[39m
    at createChild 
[90m(C:\playground\Python\ai_scrapper\frontend\[39mnode_modules\[4mreact-dom[24m\cjs\react-dom.development.js:13345:28[90m)[39m
    at reconcileChildrenArray 
[90m(C:\playground\Python\ai_scrapper\frontend\[39mnode_modules\[4mreact-dom[24m\cjs\react-dom.development.js:13640:25[90m)[39m
    at reconcileChildFibers 
[90m(C:\playground\Python\ai_scrapper\frontend\[39mnode_modules\[4mreact-dom[24m\cjs\react-dom.development.js:14057:16[90m)[39m
    at reconcileChildren 
[90m(C:\playground\Python\ai_scrapper\frontend\[39mnode_modules\[4mreact-dom[24m\cjs\react-dom.development.js:19186:28[90m)[39m
    at updateContextProvider 
[90m(C:\playground\Python\ai_scrapper\frontend\[39mnode_modules\[4mreact-dom[24m\cjs\react-dom.development.js:21193:3[90m)[39m
    at beginWork 
[90m(C:\playground\Python\ai_scrapper\frontend\[39mnode_modules\[4mreact-dom[24m\cjs\react-dom.development.js:21688:14[90m)[39m
    at HTMLUnknownElement.callCallback 
[90m(C:\playground\Python\ai_scrapper\frontend\[39mnode_modules\[4mreact-dom[24m\cjs\react-dom.development.js:4164:14[90m)[39m
    at HTMLUnknownElement.callTheUserObjectsOperation 
[90m(C:\playground\Python\ai_scrapper\frontend\[39mnode_modules\[4mjsdom[24m\lib\jsdom\living\generated\EventListener.js:26:30[90m)[39m
The above error occurred in the <Context.Provider> component:

    at ToastProvider (C:\playground\Python\ai_scrapper\frontend\src\providers\ToastProvider.tsx:17:3)
    at Router (C:\playground\Python\ai_scrapper\frontend\node_modules\react-router\dist\development\chunk-R73PQUJU.js:414:13)
    at BrowserRouter (C:\playground\Python\ai_scrapper\frontend\node_modules\react-router\dist\development\chunk-R73PQUJU.js:872:3)
    at QueryClientProvider 
(file:///C:/playground/Python/ai_scrapper/frontend/node_modules/@tanstack/react-query/build/modern/QueryClientProvider.js:20:3)
    at AllTheProviders (C:\playground\Python\ai_scrapper\frontend\src\test\utils.tsx:11:28)

Consider adding an error boundary to your tree to customize error handling behavior.
Visit https://reactjs.org/link/error-boundaries to learn more about error boundaries.

[90mstderr[2m | src/components/forms/__tests__/UrlInput.test.tsx[2m > [22m[2mUrlInput[2m > [22m[2mshows valid state for valid URL[22m[39m
Warning: React.jsx: type is invalid -- expected a string (for built-in components) or a class/function (for composite components) but got: 
undefined. You likely forgot to export your component from the file it's defined in, or you might have mixed up default and named imports.

Check your code at UrlInput.test.tsx:35.
Error: Uncaught [Error: Element type is invalid: expected a string (for built-in components) or a class/function (for composite components) but got: 
undefined. You likely forgot to export your component from the file it's defined in, or you might have mixed up default and named imports.]
    at reportException (C:\playground\Python\ai_scrapper\frontend\node_modules\jsdom\lib\jsdom\living\helpers\runtime-script-errors.js:66:24)
    at innerInvokeEventListeners (C:\playground\Python\ai_scrapper\frontend\node_modules\jsdom\lib\jsdom\living\events\EventTarget-impl.js:353:9)
    at invokeEventListeners (C:\playground\Python\ai_scrapper\frontend\node_modules\jsdom\lib\jsdom\living\events\EventTarget-impl.js:286:3)
    at HTMLUnknownElementImpl._dispatch 
(C:\playground\Python\ai_scrapper\frontend\node_modules\jsdom\lib\jsdom\living\events\EventTarget-impl.js:233:9)
    at HTMLUnknownElementImpl.dispatchEvent 
(C:\playground\Python\ai_scrapper\frontend\node_modules\jsdom\lib\jsdom\living\events\EventTarget-impl.js:104:17)
    at HTMLUnknownElement.dispatchEvent 
(C:\playground\Python\ai_scrapper\frontend\node_modules\jsdom\lib\jsdom\living\generated\EventTarget.js:241:34)
    at Object.invokeGuardedCallbackDev (C:\playground\Python\ai_scrapper\frontend\node_modules\react-dom\cjs\react-dom.development.js:4213:16)
    at invokeGuardedCallback (C:\playground\Python\ai_scrapper\frontend\node_modules\react-dom\cjs\react-dom.development.js:4277:31)
    at beginWork$1 (C:\playground\Python\ai_scrapper\frontend\node_modules\react-dom\cjs\react-dom.development.js:27490:7)
    at performUnitOfWork (C:\playground\Python\ai_scrapper\frontend\node_modules\react-dom\cjs\react-dom.development.js:26599:12) Error: Element 
type is invalid: expected a string (for built-in components) or a class/function (for composite components) but got: undefined. You likely forgot to 
export your component from the file it's defined in, or you might have mixed up default and named imports.
    at createFiberFromTypeAndProps 
[90m(C:\playground\Python\ai_scrapper\frontend\[39mnode_modules\[4mreact-dom[24m\cjs\react-dom.development.js:28478:17[90m)[39m
    at createFiberFromElement 
[90m(C:\playground\Python\ai_scrapper\frontend\[39mnode_modules\[4mreact-dom[24m\cjs\react-dom.development.js:28504:15[90m)[39m
    at createChild 
[90m(C:\playground\Python\ai_scrapper\frontend\[39mnode_modules\[4mreact-dom[24m\cjs\react-dom.development.js:13345:28[90m)[39m
    at reconcileChildrenArray 
[90m(C:\playground\Python\ai_scrapper\frontend\[39mnode_modules\[4mreact-dom[24m\cjs\react-dom.development.js:13640:25[90m)[39m
    at reconcileChildFibers 
[90m(C:\playground\Python\ai_scrapper\frontend\[39mnode_modules\[4mreact-dom[24m\cjs\react-dom.development.js:14057:16[90m)[39m
    at reconcileChildren 
[90m(C:\playground\Python\ai_scrapper\frontend\[39mnode_modules\[4mreact-dom[24m\cjs\react-dom.development.js:19186:28[90m)[39m
    at updateContextProvider 
[90m(C:\playground\Python\ai_scrapper\frontend\[39mnode_modules\[4mreact-dom[24m\cjs\react-dom.development.js:21193:3[90m)[39m
    at beginWork 
[90m(C:\playground\Python\ai_scrapper\frontend\[39mnode_modules\[4mreact-dom[24m\cjs\react-dom.development.js:21688:14[90m)[39m
    at HTMLUnknownElement.callCallback 
[90m(C:\playground\Python\ai_scrapper\frontend\[39mnode_modules\[4mreact-dom[24m\cjs\react-dom.development.js:4164:14[90m)[39m
    at HTMLUnknownElement.callTheUserObjectsOperation 
[90m(C:\playground\Python\ai_scrapper\frontend\[39mnode_modules\[4mjsdom[24m\lib\jsdom\living\generated\EventListener.js:26:30[90m)[39m
Error: Uncaught [Error: Element type is invalid: expected a string (for built-in components) or a class/function (for composite components) but got: 
undefined. You likely forgot to export your component from the file it's defined in, or you might have mixed up default and named imports.]
    at reportException (C:\playground\Python\ai_scrapper\frontend\node_modules\jsdom\lib\jsdom\living\helpers\runtime-script-errors.js:66:24)
    at innerInvokeEventListeners (C:\playground\Python\ai_scrapper\frontend\node_modules\jsdom\lib\jsdom\living\events\EventTarget-impl.js:353:9)
    at invokeEventListeners (C:\playground\Python\ai_scrapper\frontend\node_modules\jsdom\lib\jsdom\living\events\EventTarget-impl.js:286:3)
    at HTMLUnknownElementImpl._dispatch 
(C:\playground\Python\ai_scrapper\frontend\node_modules\jsdom\lib\jsdom\living\events\EventTarget-impl.js:233:9)
    at HTMLUnknownElementImpl.dispatchEvent 
(C:\playground\Python\ai_scrapper\frontend\node_modules\jsdom\lib\jsdom\living\events\EventTarget-impl.js:104:17)
    at HTMLUnknownElement.dispatchEvent 
(C:\playground\Python\ai_scrapper\frontend\node_modules\jsdom\lib\jsdom\living\generated\EventTarget.js:241:34)
    at Object.invokeGuardedCallbackDev (C:\playground\Python\ai_scrapper\frontend\node_modules\react-dom\cjs\react-dom.development.js:4213:16)
    at invokeGuardedCallback (C:\playground\Python\ai_scrapper\frontend\node_modules\react-dom\cjs\react-dom.development.js:4277:31)
    at beginWork$1 (C:\playground\Python\ai_scrapper\frontend\node_modules\react-dom\cjs\react-dom.development.js:27490:7)
    at performUnitOfWork (C:\playground\Python\ai_scrapper\frontend\node_modules\react-dom\cjs\react-dom.development.js:26599:12) Error: Element 
type is invalid: expected a string (for built-in components) or a class/function (for composite components) but got: undefined. You likely forgot to 
export your component from the file it's defined in, or you might have mixed up default and named imports.
    at createFiberFromTypeAndProps 
[90m(C:\playground\Python\ai_scrapper\frontend\[39mnode_modules\[4mreact-dom[24m\cjs\react-dom.development.js:28478:17[90m)[39m
    at createFiberFromElement 
[90m(C:\playground\Python\ai_scrapper\frontend\[39mnode_modules\[4mreact-dom[24m\cjs\react-dom.development.js:28504:15[90m)[39m
    at createChild 
[90m(C:\playground\Python\ai_scrapper\frontend\[39mnode_modules\[4mreact-dom[24m\cjs\react-dom.development.js:13345:28[90m)[39m
    at reconcileChildrenArray 
[90m(C:\playground\Python\ai_scrapper\frontend\[39mnode_modules\[4mreact-dom[24m\cjs\react-dom.development.js:13640:25[90m)[39m
    at reconcileChildFibers 
[90m(C:\playground\Python\ai_scrapper\frontend\[39mnode_modules\[4mreact-dom[24m\cjs\react-dom.development.js:14057:16[90m)[39m
    at reconcileChildren 
[90m(C:\playground\Python\ai_scrapper\frontend\[39mnode_modules\[4mreact-dom[24m\cjs\react-dom.development.js:19186:28[90m)[39m
    at updateContextProvider 
[90m(C:\playground\Python\ai_scrapper\frontend\[39mnode_modules\[4mreact-dom[24m\cjs\react-dom.development.js:21193:3[90m)[39m
    at beginWork 
[90m(C:\playground\Python\ai_scrapper\frontend\[39mnode_modules\[4mreact-dom[24m\cjs\react-dom.development.js:21688:14[90m)[39m
    at HTMLUnknownElement.callCallback 
[90m(C:\playground\Python\ai_scrapper\frontend\[39mnode_modules\[4mreact-dom[24m\cjs\react-dom.development.js:4164:14[90m)[39m
    at HTMLUnknownElement.callTheUserObjectsOperation 
[90m(C:\playground\Python\ai_scrapper\frontend\[39mnode_modules\[4mjsdom[24m\lib\jsdom\living\generated\EventListener.js:26:30[90m)[39m
The above error occurred in the <Context.Provider> component:

    at ToastProvider (C:\playground\Python\ai_scrapper\frontend\src\providers\ToastProvider.tsx:17:3)
    at Router (C:\playground\Python\ai_scrapper\frontend\node_modules\react-router\dist\development\chunk-R73PQUJU.js:414:13)
    at BrowserRouter (C:\playground\Python\ai_scrapper\frontend\node_modules\react-router\dist\development\chunk-R73PQUJU.js:872:3)
    at QueryClientProvider 
(file:///C:/playground/Python/ai_scrapper/frontend/node_modules/@tanstack/react-query/build/modern/QueryClientProvider.js:20:3)
    at AllTheProviders (C:\playground\Python\ai_scrapper\frontend\src\test\utils.tsx:11:28)

Consider adding an error boundary to your tree to customize error handling behavior.
Visit https://reactjs.org/link/error-boundaries to learn more about error boundaries.

[90mstderr[2m | src/components/forms/__tests__/UrlInput.test.tsx[2m > [22m[2mUrlInput[2m > [22m[2mshows URL preview when enabled[22m[39m
Warning: React.jsx: type is invalid -- expected a string (for built-in components) or a class/function (for composite components) but got: 
undefined. You likely forgot to export your component from the file it's defined in, or you might have mixed up default and named imports.

Check your code at UrlInput.test.tsx:42.
Error: Uncaught [Error: Element type is invalid: expected a string (for built-in components) or a class/function (for composite components) but got: 
undefined. You likely forgot to export your component from the file it's defined in, or you might have mixed up default and named imports.]
    at reportException (C:\playground\Python\ai_scrapper\frontend\node_modules\jsdom\lib\jsdom\living\helpers\runtime-script-errors.js:66:24)
    at innerInvokeEventListeners (C:\playground\Python\ai_scrapper\frontend\node_modules\jsdom\lib\jsdom\living\events\EventTarget-impl.js:353:9)
    at invokeEventListeners (C:\playground\Python\ai_scrapper\frontend\node_modules\jsdom\lib\jsdom\living\events\EventTarget-impl.js:286:3)
    at HTMLUnknownElementImpl._dispatch 
(C:\playground\Python\ai_scrapper\frontend\node_modules\jsdom\lib\jsdom\living\events\EventTarget-impl.js:233:9)
    at HTMLUnknownElementImpl.dispatchEvent 
(C:\playground\Python\ai_scrapper\frontend\node_modules\jsdom\lib\jsdom\living\events\EventTarget-impl.js:104:17)
    at HTMLUnknownElement.dispatchEvent 
(C:\playground\Python\ai_scrapper\frontend\node_modules\jsdom\lib\jsdom\living\generated\EventTarget.js:241:34)
    at Object.invokeGuardedCallbackDev (C:\playground\Python\ai_scrapper\frontend\node_modules\react-dom\cjs\react-dom.development.js:4213:16)
    at invokeGuardedCallback (C:\playground\Python\ai_scrapper\frontend\node_modules\react-dom\cjs\react-dom.development.js:4277:31)
    at beginWork$1 (C:\playground\Python\ai_scrapper\frontend\node_modules\react-dom\cjs\react-dom.development.js:27490:7)
    at performUnitOfWork (C:\playground\Python\ai_scrapper\frontend\node_modules\react-dom\cjs\react-dom.development.js:26599:12) Error: Element 
type is invalid: expected a string (for built-in components) or a class/function (for composite components) but got: undefined. You likely forgot to 
export your component from the file it's defined in, or you might have mixed up default and named imports.
    at createFiberFromTypeAndProps 
[90m(C:\playground\Python\ai_scrapper\frontend\[39mnode_modules\[4mreact-dom[24m\cjs\react-dom.development.js:28478:17[90m)[39m
    at createFiberFromElement 
[90m(C:\playground\Python\ai_scrapper\frontend\[39mnode_modules\[4mreact-dom[24m\cjs\react-dom.development.js:28504:15[90m)[39m
    at createChild 
[90m(C:\playground\Python\ai_scrapper\frontend\[39mnode_modules\[4mreact-dom[24m\cjs\react-dom.development.js:13345:28[90m)[39m
    at reconcileChildrenArray 
[90m(C:\playground\Python\ai_scrapper\frontend\[39mnode_modules\[4mreact-dom[24m\cjs\react-dom.development.js:13640:25[90m)[39m
    at reconcileChildFibers 
[90m(C:\playground\Python\ai_scrapper\frontend\[39mnode_modules\[4mreact-dom[24m\cjs\react-dom.development.js:14057:16[90m)[39m
    at reconcileChildren 
[90m(C:\playground\Python\ai_scrapper\frontend\[39mnode_modules\[4mreact-dom[24m\cjs\react-dom.development.js:19186:28[90m)[39m
    at updateContextProvider 
[90m(C:\playground\Python\ai_scrapper\frontend\[39mnode_modules\[4mreact-dom[24m\cjs\react-dom.development.js:21193:3[90m)[39m
    at beginWork 
[90m(C:\playground\Python\ai_scrapper\frontend\[39mnode_modules\[4mreact-dom[24m\cjs\react-dom.development.js:21688:14[90m)[39m
    at HTMLUnknownElement.callCallback 
[90m(C:\playground\Python\ai_scrapper\frontend\[39mnode_modules\[4mreact-dom[24m\cjs\react-dom.development.js:4164:14[90m)[39m
    at HTMLUnknownElement.callTheUserObjectsOperation 
[90m(C:\playground\Python\ai_scrapper\frontend\[39mnode_modules\[4mjsdom[24m\lib\jsdom\living\generated\EventListener.js:26:30[90m)[39m
Error: Uncaught [Error: Element type is invalid: expected a string (for built-in components) or a class/function (for composite components) but got: 
undefined. You likely forgot to export your component from the file it's defined in, or you might have mixed up default and named imports.]
    at reportException (C:\playground\Python\ai_scrapper\frontend\node_modules\jsdom\lib\jsdom\living\helpers\runtime-script-errors.js:66:24)
    at innerInvokeEventListeners (C:\playground\Python\ai_scrapper\frontend\node_modules\jsdom\lib\jsdom\living\events\EventTarget-impl.js:353:9)
    at invokeEventListeners (C:\playground\Python\ai_scrapper\frontend\node_modules\jsdom\lib\jsdom\living\events\EventTarget-impl.js:286:3)
    at HTMLUnknownElementImpl._dispatch 
(C:\playground\Python\ai_scrapper\frontend\node_modules\jsdom\lib\jsdom\living\events\EventTarget-impl.js:233:9)
    at HTMLUnknownElementImpl.dispatchEvent 
(C:\playground\Python\ai_scrapper\frontend\node_modules\jsdom\lib\jsdom\living\events\EventTarget-impl.js:104:17)
    at HTMLUnknownElement.dispatchEvent 
(C:\playground\Python\ai_scrapper\frontend\node_modules\jsdom\lib\jsdom\living\generated\EventTarget.js:241:34)
    at Object.invokeGuardedCallbackDev (C:\playground\Python\ai_scrapper\frontend\node_modules\react-dom\cjs\react-dom.development.js:4213:16)
    at invokeGuardedCallback (C:\playground\Python\ai_scrapper\frontend\node_modules\react-dom\cjs\react-dom.development.js:4277:31)
    at beginWork$1 (C:\playground\Python\ai_scrapper\frontend\node_modules\react-dom\cjs\react-dom.development.js:27490:7)
    at performUnitOfWork (C:\playground\Python\ai_scrapper\frontend\node_modules\react-dom\cjs\react-dom.development.js:26599:12) Error: Element 
type is invalid: expected a string (for built-in components) or a class/function (for composite components) but got: undefined. You likely forgot to 
export your component from the file it's defined in, or you might have mixed up default and named imports.
    at createFiberFromTypeAndProps 
[90m(C:\playground\Python\ai_scrapper\frontend\[39mnode_modules\[4mreact-dom[24m\cjs\react-dom.development.js:28478:17[90m)[39m
    at createFiberFromElement 
[90m(C:\playground\Python\ai_scrapper\frontend\[39mnode_modules\[4mreact-dom[24m\cjs\react-dom.development.js:28504:15[90m)[39m
    at createChild 
[90m(C:\playground\Python\ai_scrapper\frontend\[39mnode_modules\[4mreact-dom[24m\cjs\react-dom.development.js:13345:28[90m)[39m
    at reconcileChildrenArray 
[90m(C:\playground\Python\ai_scrapper\frontend\[39mnode_modules\[4mreact-dom[24m\cjs\react-dom.development.js:13640:25[90m)[39m
    at reconcileChildFibers 
[90m(C:\playground\Python\ai_scrapper\frontend\[39mnode_modules\[4mreact-dom[24m\cjs\react-dom.development.js:14057:16[90m)[39m
    at reconcileChildren 
[90m(C:\playground\Python\ai_scrapper\frontend\[39mnode_modules\[4mreact-dom[24m\cjs\react-dom.development.js:19186:28[90m)[39m
    at updateContextProvider 
[90m(C:\playground\Python\ai_scrapper\frontend\[39mnode_modules\[4mreact-dom[24m\cjs\react-dom.development.js:21193:3[90m)[39m
    at beginWork 
[90m(C:\playground\Python\ai_scrapper\frontend\[39mnode_modules\[4mreact-dom[24m\cjs\react-dom.development.js:21688:14[90m)[39m
    at HTMLUnknownElement.callCallback 
[90m(C:\playground\Python\ai_scrapper\frontend\[39mnode_modules\[4mreact-dom[24m\cjs\react-dom.development.js:4164:14[90m)[39m
    at HTMLUnknownElement.callTheUserObjectsOperation 
[90m(C:\playground\Python\ai_scrapper\frontend\[39mnode_modules\[4mjsdom[24m\lib\jsdom\living\generated\EventListener.js:26:30[90m)[39m
The above error occurred in the <Context.Provider> component:

    at ToastProvider (C:\playground\Python\ai_scrapper\frontend\src\providers\ToastProvider.tsx:17:3)
    at Router (C:\playground\Python\ai_scrapper\frontend\node_modules\react-router\dist\development\chunk-R73PQUJU.js:414:13)
    at BrowserRouter (C:\playground\Python\ai_scrapper\frontend\node_modules\react-router\dist\development\chunk-R73PQUJU.js:872:3)
    at QueryClientProvider 
(file:///C:/playground/Python/ai_scrapper/frontend/node_modules/@tanstack/react-query/build/modern/QueryClientProvider.js:20:3)
    at AllTheProviders (C:\playground\Python\ai_scrapper\frontend\src\test\utils.tsx:11:28)

Consider adding an error boundary to your tree to customize error handling behavior.
Visit https://reactjs.org/link/error-boundaries to learn more about error boundaries.

[90mstderr[2m | src/components/forms/__tests__/UrlInput.test.tsx[2m > [22m[2mUrlInput[2m > [22m[2mhas proper accessibility 
attributes[22m[39m
Warning: React.jsx: type is invalid -- expected a string (for built-in components) or a class/function (for composite components) but got: 
undefined. You likely forgot to export your component from the file it's defined in, or you might have mixed up default and named imports.

Check your code at UrlInput.test.tsx:48.
Error: Uncaught [Error: Element type is invalid: expected a string (for built-in components) or a class/function (for composite components) but got: 
undefined. You likely forgot to export your component from the file it's defined in, or you might have mixed up default and named imports.]
    at reportException (C:\playground\Python\ai_scrapper\frontend\node_modules\jsdom\lib\jsdom\living\helpers\runtime-script-errors.js:66:24)
    at innerInvokeEventListeners (C:\playground\Python\ai_scrapper\frontend\node_modules\jsdom\lib\jsdom\living\events\EventTarget-impl.js:353:9)
    at invokeEventListeners (C:\playground\Python\ai_scrapper\frontend\node_modules\jsdom\lib\jsdom\living\events\EventTarget-impl.js:286:3)
    at HTMLUnknownElementImpl._dispatch 
(C:\playground\Python\ai_scrapper\frontend\node_modules\jsdom\lib\jsdom\living\events\EventTarget-impl.js:233:9)
    at HTMLUnknownElementImpl.dispatchEvent 
(C:\playground\Python\ai_scrapper\frontend\node_modules\jsdom\lib\jsdom\living\events\EventTarget-impl.js:104:17)
    at HTMLUnknownElement.dispatchEvent 
(C:\playground\Python\ai_scrapper\frontend\node_modules\jsdom\lib\jsdom\living\generated\EventTarget.js:241:34)
    at Object.invokeGuardedCallbackDev (C:\playground\Python\ai_scrapper\frontend\node_modules\react-dom\cjs\react-dom.development.js:4213:16)
    at invokeGuardedCallback (C:\playground\Python\ai_scrapper\frontend\node_modules\react-dom\cjs\react-dom.development.js:4277:31)
    at beginWork$1 (C:\playground\Python\ai_scrapper\frontend\node_modules\react-dom\cjs\react-dom.development.js:27490:7)
    at performUnitOfWork (C:\playground\Python\ai_scrapper\frontend\node_modules\react-dom\cjs\react-dom.development.js:26599:12) Error: Element 
type is invalid: expected a string (for built-in components) or a class/function (for composite components) but got: undefined. You likely forgot to 
export your component from the file it's defined in, or you might have mixed up default and named imports.
    at createFiberFromTypeAndProps 
[90m(C:\playground\Python\ai_scrapper\frontend\[39mnode_modules\[4mreact-dom[24m\cjs\react-dom.development.js:28478:17[90m)[39m
    at createFiberFromElement 
[90m(C:\playground\Python\ai_scrapper\frontend\[39mnode_modules\[4mreact-dom[24m\cjs\react-dom.development.js:28504:15[90m)[39m
    at createChild 
[90m(C:\playground\Python\ai_scrapper\frontend\[39mnode_modules\[4mreact-dom[24m\cjs\react-dom.development.js:13345:28[90m)[39m
    at reconcileChildrenArray 
[90m(C:\playground\Python\ai_scrapper\frontend\[39mnode_modules\[4mreact-dom[24m\cjs\react-dom.development.js:13640:25[90m)[39m
    at reconcileChildFibers 
[90m(C:\playground\Python\ai_scrapper\frontend\[39mnode_modules\[4mreact-dom[24m\cjs\react-dom.development.js:14057:16[90m)[39m
    at reconcileChildren 
[90m(C:\playground\Python\ai_scrapper\frontend\[39mnode_modules\[4mreact-dom[24m\cjs\react-dom.development.js:19186:28[90m)[39m
    at updateContextProvider 
[90m(C:\playground\Python\ai_scrapper\frontend\[39mnode_modules\[4mreact-dom[24m\cjs\react-dom.development.js:21193:3[90m)[39m
    at beginWork 
[90m(C:\playground\Python\ai_scrapper\frontend\[39mnode_modules\[4mreact-dom[24m\cjs\react-dom.development.js:21688:14[90m)[39m
    at HTMLUnknownElement.callCallback 
[90m(C:\playground\Python\ai_scrapper\frontend\[39mnode_modules\[4mreact-dom[24m\cjs\react-dom.development.js:4164:14[90m)[39m
    at HTMLUnknownElement.callTheUserObjectsOperation 
[90m(C:\playground\Python\ai_scrapper\frontend\[39mnode_modules\[4mjsdom[24m\lib\jsdom\living\generated\EventListener.js:26:30[90m)[39m
Error: Uncaught [Error: Element type is invalid: expected a string (for built-in components) or a class/function (for composite components) but got: 
undefined. You likely forgot to export your component from the file it's defined in, or you might have mixed up default and named imports.]
    at reportException (C:\playground\Python\ai_scrapper\frontend\node_modules\jsdom\lib\jsdom\living\helpers\runtime-script-errors.js:66:24)
    at innerInvokeEventListeners (C:\playground\Python\ai_scrapper\frontend\node_modules\jsdom\lib\jsdom\living\events\EventTarget-impl.js:353:9)
    at invokeEventListeners (C:\playground\Python\ai_scrapper\frontend\node_modules\jsdom\lib\jsdom\living\events\EventTarget-impl.js:286:3)
    at HTMLUnknownElementImpl._dispatch 
(C:\playground\Python\ai_scrapper\frontend\node_modules\jsdom\lib\jsdom\living\events\EventTarget-impl.js:233:9)
    at HTMLUnknownElementImpl.dispatchEvent 
(C:\playground\Python\ai_scrapper\frontend\node_modules\jsdom\lib\jsdom\living\events\EventTarget-impl.js:104:17)
    at HTMLUnknownElement.dispatchEvent 
(C:\playground\Python\ai_scrapper\frontend\node_modules\jsdom\lib\jsdom\living\generated\EventTarget.js:241:34)
    at Object.invokeGuardedCallbackDev (C:\playground\Python\ai_scrapper\frontend\node_modules\react-dom\cjs\react-dom.development.js:4213:16)
    at invokeGuardedCallback (C:\playground\Python\ai_scrapper\frontend\node_modules\react-dom\cjs\react-dom.development.js:4277:31)
    at beginWork$1 (C:\playground\Python\ai_scrapper\frontend\node_modules\react-dom\cjs\react-dom.development.js:27490:7)
    at performUnitOfWork (C:\playground\Python\ai_scrapper\frontend\node_modules\react-dom\cjs\react-dom.development.js:26599:12) Error: Element 
type is invalid: expected a string (for built-in components) or a class/function (for composite components) but got: undefined. You likely forgot to 
export your component from the file it's defined in, or you might have mixed up default and named imports.
    at createFiberFromTypeAndProps 
[90m(C:\playground\Python\ai_scrapper\frontend\[39mnode_modules\[4mreact-dom[24m\cjs\react-dom.development.js:28478:17[90m)[39m
    at createFiberFromElement 
[90m(C:\playground\Python\ai_scrapper\frontend\[39mnode_modules\[4mreact-dom[24m\cjs\react-dom.development.js:28504:15[90m)[39m
    at createChild 
[90m(C:\playground\Python\ai_scrapper\frontend\[39mnode_modules\[4mreact-dom[24m\cjs\react-dom.development.js:13345:28[90m)[39m
    at reconcileChildrenArray 
[90m(C:\playground\Python\ai_scrapper\frontend\[39mnode_modules\[4mreact-dom[24m\cjs\react-dom.development.js:13640:25[90m)[39m
    at reconcileChildFibers 
[90m(C:\playground\Python\ai_scrapper\frontend\[39mnode_modules\[4mreact-dom[24m\cjs\react-dom.development.js:14057:16[90m)[39m
    at reconcileChildren 
[90m(C:\playground\Python\ai_scrapper\frontend\[39mnode_modules\[4mreact-dom[24m\cjs\react-dom.development.js:19186:28[90m)[39m
    at updateContextProvider 
[90m(C:\playground\Python\ai_scrapper\frontend\[39mnode_modules\[4mreact-dom[24m\cjs\react-dom.development.js:21193:3[90m)[39m
    at beginWork 
[90m(C:\playground\Python\ai_scrapper\frontend\[39mnode_modules\[4mreact-dom[24m\cjs\react-dom.development.js:21688:14[90m)[39m
    at HTMLUnknownElement.callCallback 
[90m(C:\playground\Python\ai_scrapper\frontend\[39mnode_modules\[4mreact-dom[24m\cjs\react-dom.development.js:4164:14[90m)[39m
    at HTMLUnknownElement.callTheUserObjectsOperation 
[90m(C:\playground\Python\ai_scrapper\frontend\[39mnode_modules\[4mjsdom[24m\lib\jsdom\living\generated\EventListener.js:26:30[90m)[39m
The above error occurred in the <Context.Provider> component:

    at ToastProvider (C:\playground\Python\ai_scrapper\frontend\src\providers\ToastProvider.tsx:17:3)
    at Router (C:\playground\Python\ai_scrapper\frontend\node_modules\react-router\dist\development\chunk-R73PQUJU.js:414:13)
    at BrowserRouter (C:\playground\Python\ai_scrapper\frontend\node_modules\react-router\dist\development\chunk-R73PQUJU.js:872:3)
    at QueryClientProvider 
(file:///C:/playground/Python/ai_scrapper/frontend/node_modules/@tanstack/react-query/build/modern/QueryClientProvider.js:20:3)
    at AllTheProviders (C:\playground\Python\ai_scrapper\frontend\src\test\utils.tsx:11:28)

Consider adding an error boundary to your tree to customize error handling behavior.
Visit https://reactjs.org/link/error-boundaries to learn more about error boundaries.

[90mstderr[2m | src/components/forms/__tests__/UrlInput.test.tsx[2m > [22m[2mUrlInput[2m > [22m[2mshows aria-invalid when there is an 
error[22m[39m
Warning: React.jsx: type is invalid -- expected a string (for built-in components) or a class/function (for composite components) but got: 
undefined. You likely forgot to export your component from the file it's defined in, or you might have mixed up default and named imports.

Check your code at UrlInput.test.tsx:56.
Error: Uncaught [Error: Element type is invalid: expected a string (for built-in components) or a class/function (for composite components) but got: 
undefined. You likely forgot to export your component from the file it's defined in, or you might have mixed up default and named imports.]
    at reportException (C:\playground\Python\ai_scrapper\frontend\node_modules\jsdom\lib\jsdom\living\helpers\runtime-script-errors.js:66:24)
    at innerInvokeEventListeners (C:\playground\Python\ai_scrapper\frontend\node_modules\jsdom\lib\jsdom\living\events\EventTarget-impl.js:353:9)
    at invokeEventListeners (C:\playground\Python\ai_scrapper\frontend\node_modules\jsdom\lib\jsdom\living\events\EventTarget-impl.js:286:3)
    at HTMLUnknownElementImpl._dispatch 
(C:\playground\Python\ai_scrapper\frontend\node_modules\jsdom\lib\jsdom\living\events\EventTarget-impl.js:233:9)
    at HTMLUnknownElementImpl.dispatchEvent 
(C:\playground\Python\ai_scrapper\frontend\node_modules\jsdom\lib\jsdom\living\events\EventTarget-impl.js:104:17)
    at HTMLUnknownElement.dispatchEvent 
(C:\playground\Python\ai_scrapper\frontend\node_modules\jsdom\lib\jsdom\living\generated\EventTarget.js:241:34)
    at Object.invokeGuardedCallbackDev (C:\playground\Python\ai_scrapper\frontend\node_modules\react-dom\cjs\react-dom.development.js:4213:16)
    at invokeGuardedCallback (C:\playground\Python\ai_scrapper\frontend\node_modules\react-dom\cjs\react-dom.development.js:4277:31)
    at beginWork$1 (C:\playground\Python\ai_scrapper\frontend\node_modules\react-dom\cjs\react-dom.development.js:27490:7)
    at performUnitOfWork (C:\playground\Python\ai_scrapper\frontend\node_modules\react-dom\cjs\react-dom.development.js:26599:12) Error: Element 
type is invalid: expected a string (for built-in components) or a class/function (for composite components) but got: undefined. You likely forgot to 
export your component from the file it's defined in, or you might have mixed up default and named imports.
    at createFiberFromTypeAndProps 
[90m(C:\playground\Python\ai_scrapper\frontend\[39mnode_modules\[4mreact-dom[24m\cjs\react-dom.development.js:28478:17[90m)[39m
    at createFiberFromElement 
[90m(C:\playground\Python\ai_scrapper\frontend\[39mnode_modules\[4mreact-dom[24m\cjs\react-dom.development.js:28504:15[90m)[39m
    at createChild 
[90m(C:\playground\Python\ai_scrapper\frontend\[39mnode_modules\[4mreact-dom[24m\cjs\react-dom.development.js:13345:28[90m)[39m
    at reconcileChildrenArray 
[90m(C:\playground\Python\ai_scrapper\frontend\[39mnode_modules\[4mreact-dom[24m\cjs\react-dom.development.js:13640:25[90m)[39m
    at reconcileChildFibers 
[90m(C:\playground\Python\ai_scrapper\frontend\[39mnode_modules\[4mreact-dom[24m\cjs\react-dom.development.js:14057:16[90m)[39m
    at reconcileChildren 
[90m(C:\playground\Python\ai_scrapper\frontend\[39mnode_modules\[4mreact-dom[24m\cjs\react-dom.development.js:19186:28[90m)[39m
    at updateContextProvider 
[90m(C:\playground\Python\ai_scrapper\frontend\[39mnode_modules\[4mreact-dom[24m\cjs\react-dom.development.js:21193:3[90m)[39m
    at beginWork 
[90m(C:\playground\Python\ai_scrapper\frontend\[39mnode_modules\[4mreact-dom[24m\cjs\react-dom.development.js:21688:14[90m)[39m
    at HTMLUnknownElement.callCallback 
[90m(C:\playground\Python\ai_scrapper\frontend\[39mnode_modules\[4mreact-dom[24m\cjs\react-dom.development.js:4164:14[90m)[39m
    at HTMLUnknownElement.callTheUserObjectsOperation 
[90m(C:\playground\Python\ai_scrapper\frontend\[39mnode_modules\[4mjsdom[24m\lib\jsdom\living\generated\EventListener.js:26:30[90m)[39m
Error: Uncaught [Error: Element type is invalid: expected a string (for built-in components) or a class/function (for composite components) but got: 
undefined. You likely forgot to export your component from the file it's defined in, or you might have mixed up default and named imports.]
    at reportException (C:\playground\Python\ai_scrapper\frontend\node_modules\jsdom\lib\jsdom\living\helpers\runtime-script-errors.js:66:24)
    at innerInvokeEventListeners (C:\playground\Python\ai_scrapper\frontend\node_modules\jsdom\lib\jsdom\living\events\EventTarget-impl.js:353:9)
    at invokeEventListeners (C:\playground\Python\ai_scrapper\frontend\node_modules\jsdom\lib\jsdom\living\events\EventTarget-impl.js:286:3)
    at HTMLUnknownElementImpl._dispatch 
(C:\playground\Python\ai_scrapper\frontend\node_modules\jsdom\lib\jsdom\living\events\EventTarget-impl.js:233:9)
    at HTMLUnknownElementImpl.dispatchEvent 
(C:\playground\Python\ai_scrapper\frontend\node_modules\jsdom\lib\jsdom\living\events\EventTarget-impl.js:104:17)
    at HTMLUnknownElement.dispatchEvent 
(C:\playground\Python\ai_scrapper\frontend\node_modules\jsdom\lib\jsdom\living\generated\EventTarget.js:241:34)
    at Object.invokeGuardedCallbackDev (C:\playground\Python\ai_scrapper\frontend\node_modules\react-dom\cjs\react-dom.development.js:4213:16)
    at invokeGuardedCallback (C:\playground\Python\ai_scrapper\frontend\node_modules\react-dom\cjs\react-dom.development.js:4277:31)
    at beginWork$1 (C:\playground\Python\ai_scrapper\frontend\node_modules\react-dom\cjs\react-dom.development.js:27490:7)
    at performUnitOfWork (C:\playground\Python\ai_scrapper\frontend\node_modules\react-dom\cjs\react-dom.development.js:26599:12) Error: Element 
type is invalid: expected a string (for built-in components) or a class/function (for composite components) but got: undefined. You likely forgot to 
export your component from the file it's defined in, or you might have mixed up default and named imports.
    at createFiberFromTypeAndProps 
[90m(C:\playground\Python\ai_scrapper\frontend\[39mnode_modules\[4mreact-dom[24m\cjs\react-dom.development.js:28478:17[90m)[39m
    at createFiberFromElement 
[90m(C:\playground\Python\ai_scrapper\frontend\[39mnode_modules\[4mreact-dom[24m\cjs\react-dom.development.js:28504:15[90m)[39m
    at createChild 
[90m(C:\playground\Python\ai_scrapper\frontend\[39mnode_modules\[4mreact-dom[24m\cjs\react-dom.development.js:13345:28[90m)[39m
    at reconcileChildrenArray 
[90m(C:\playground\Python\ai_scrapper\frontend\[39mnode_modules\[4mreact-dom[24m\cjs\react-dom.development.js:13640:25[90m)[39m
    at reconcileChildFibers 
[90m(C:\playground\Python\ai_scrapper\frontend\[39mnode_modules\[4mreact-dom[24m\cjs\react-dom.development.js:14057:16[90m)[39m
    at reconcileChildren 
[90m(C:\playground\Python\ai_scrapper\frontend\[39mnode_modules\[4mreact-dom[24m\cjs\react-dom.development.js:19186:28[90m)[39m
    at updateContextProvider 
[90m(C:\playground\Python\ai_scrapper\frontend\[39mnode_modules\[4mreact-dom[24m\cjs\react-dom.development.js:21193:3[90m)[39m
    at beginWork 
[90m(C:\playground\Python\ai_scrapper\frontend\[39mnode_modules\[4mreact-dom[24m\cjs\react-dom.development.js:21688:14[90m)[39m
    at HTMLUnknownElement.callCallback 
[90m(C:\playground\Python\ai_scrapper\frontend\[39mnode_modules\[4mreact-dom[24m\cjs\react-dom.development.js:4164:14[90m)[39m
    at HTMLUnknownElement.callTheUserObjectsOperation 
[90m(C:\playground\Python\ai_scrapper\frontend\[39mnode_modules\[4mjsdom[24m\lib\jsdom\living\generated\EventListener.js:26:30[90m)[39m
The above error occurred in the <Context.Provider> component:

    at ToastProvider (C:\playground\Python\ai_scrapper\frontend\src\providers\ToastProvider.tsx:17:3)
    at Router (C:\playground\Python\ai_scrapper\frontend\node_modules\react-router\dist\development\chunk-R73PQUJU.js:414:13)
    at BrowserRouter (C:\playground\Python\ai_scrapper\frontend\node_modules\react-router\dist\development\chunk-R73PQUJU.js:872:3)
    at QueryClientProvider 
(file:///C:/playground/Python/ai_scrapper/frontend/node_modules/@tanstack/react-query/build/modern/QueryClientProvider.js:20:3)
    at AllTheProviders (C:\playground\Python\ai_scrapper\frontend\src\test\utils.tsx:11:28)

Consider adding an error boundary to your tree to customize error handling behavior.
Visit https://reactjs.org/link/error-boundaries to learn more about error boundaries.

[90mstderr[2m | src/components/forms/__tests__/UrlInput.test.tsx[2m > [22m[2mUrlInput[2m > [22m[2msupports paste event handling[22m[39m
Warning: React.jsx: type is invalid -- expected a string (for built-in components) or a class/function (for composite components) but got: 
undefined. You likely forgot to export your component from the file it's defined in, or you might have mixed up default and named imports.

Check your code at UrlInput.test.tsx:65.
Error: Uncaught [Error: Element type is invalid: expected a string (for built-in components) or a class/function (for composite components) but got: 
undefined. You likely forgot to export your component from the file it's defined in, or you might have mixed up default and named imports.]
    at reportException (C:\playground\Python\ai_scrapper\frontend\node_modules\jsdom\lib\jsdom\living\helpers\runtime-script-errors.js:66:24)
    at innerInvokeEventListeners (C:\playground\Python\ai_scrapper\frontend\node_modules\jsdom\lib\jsdom\living\events\EventTarget-impl.js:353:9)
    at invokeEventListeners (C:\playground\Python\ai_scrapper\frontend\node_modules\jsdom\lib\jsdom\living\events\EventTarget-impl.js:286:3)
    at HTMLUnknownElementImpl._dispatch 
(C:\playground\Python\ai_scrapper\frontend\node_modules\jsdom\lib\jsdom\living\events\EventTarget-impl.js:233:9)
    at HTMLUnknownElementImpl.dispatchEvent 
(C:\playground\Python\ai_scrapper\frontend\node_modules\jsdom\lib\jsdom\living\events\EventTarget-impl.js:104:17)
    at HTMLUnknownElement.dispatchEvent 
(C:\playground\Python\ai_scrapper\frontend\node_modules\jsdom\lib\jsdom\living\generated\EventTarget.js:241:34)
    at Object.invokeGuardedCallbackDev (C:\playground\Python\ai_scrapper\frontend\node_modules\react-dom\cjs\react-dom.development.js:4213:16)
    at invokeGuardedCallback (C:\playground\Python\ai_scrapper\frontend\node_modules\react-dom\cjs\react-dom.development.js:4277:31)
    at beginWork$1 (C:\playground\Python\ai_scrapper\frontend\node_modules\react-dom\cjs\react-dom.development.js:27490:7)
    at performUnitOfWork (C:\playground\Python\ai_scrapper\frontend\node_modules\react-dom\cjs\react-dom.development.js:26599:12) Error: Element 
type is invalid: expected a string (for built-in components) or a class/function (for composite components) but got: undefined. You likely forgot to 
export your component from the file it's defined in, or you might have mixed up default and named imports.
    at createFiberFromTypeAndProps 
[90m(C:\playground\Python\ai_scrapper\frontend\[39mnode_modules\[4mreact-dom[24m\cjs\react-dom.development.js:28478:17[90m)[39m
    at createFiberFromElement 
[90m(C:\playground\Python\ai_scrapper\frontend\[39mnode_modules\[4mreact-dom[24m\cjs\react-dom.development.js:28504:15[90m)[39m
    at createChild 
[90m(C:\playground\Python\ai_scrapper\frontend\[39mnode_modules\[4mreact-dom[24m\cjs\react-dom.development.js:13345:28[90m)[39m
    at reconcileChildrenArray 
[90m(C:\playground\Python\ai_scrapper\frontend\[39mnode_modules\[4mreact-dom[24m\cjs\react-dom.development.js:13640:25[90m)[39m
    at reconcileChildFibers 
[90m(C:\playground\Python\ai_scrapper\frontend\[39mnode_modules\[4mreact-dom[24m\cjs\react-dom.development.js:14057:16[90m)[39m
    at reconcileChildren 
[90m(C:\playground\Python\ai_scrapper\frontend\[39mnode_modules\[4mreact-dom[24m\cjs\react-dom.development.js:19186:28[90m)[39m
    at updateContextProvider 
[90m(C:\playground\Python\ai_scrapper\frontend\[39mnode_modules\[4mreact-dom[24m\cjs\react-dom.development.js:21193:3[90m)[39m
    at beginWork 
[90m(C:\playground\Python\ai_scrapper\frontend\[39mnode_modules\[4mreact-dom[24m\cjs\react-dom.development.js:21688:14[90m)[39m
    at HTMLUnknownElement.callCallback 
[90m(C:\playground\Python\ai_scrapper\frontend\[39mnode_modules\[4mreact-dom[24m\cjs\react-dom.development.js:4164:14[90m)[39m
    at HTMLUnknownElement.callTheUserObjectsOperation 
[90m(C:\playground\Python\ai_scrapper\frontend\[39mnode_modules\[4mjsdom[24m\lib\jsdom\living\generated\EventListener.js:26:30[90m)[39m
Error: Uncaught [Error: Element type is invalid: expected a string (for built-in components) or a class/function (for composite components) but got: 
undefined. You likely forgot to export your component from the file it's defined in, or you might have mixed up default and named imports.]
    at reportException (C:\playground\Python\ai_scrapper\frontend\node_modules\jsdom\lib\jsdom\living\helpers\runtime-script-errors.js:66:24)
    at innerInvokeEventListeners (C:\playground\Python\ai_scrapper\frontend\node_modules\jsdom\lib\jsdom\living\events\EventTarget-impl.js:353:9)
    at invokeEventListeners (C:\playground\Python\ai_scrapper\frontend\node_modules\jsdom\lib\jsdom\living\events\EventTarget-impl.js:286:3)
    at HTMLUnknownElementImpl._dispatch 
(C:\playground\Python\ai_scrapper\frontend\node_modules\jsdom\lib\jsdom\living\events\EventTarget-impl.js:233:9)
    at HTMLUnknownElementImpl.dispatchEvent 
(C:\playground\Python\ai_scrapper\frontend\node_modules\jsdom\lib\jsdom\living\events\EventTarget-impl.js:104:17)
    at HTMLUnknownElement.dispatchEvent 
(C:\playground\Python\ai_scrapper\frontend\node_modules\jsdom\lib\jsdom\living\generated\EventTarget.js:241:34)
    at Object.invokeGuardedCallbackDev (C:\playground\Python\ai_scrapper\frontend\node_modules\react-dom\cjs\react-dom.development.js:4213:16)
    at invokeGuardedCallback (C:\playground\Python\ai_scrapper\frontend\node_modules\react-dom\cjs\react-dom.development.js:4277:31)
    at beginWork$1 (C:\playground\Python\ai_scrapper\frontend\node_modules\react-dom\cjs\react-dom.development.js:27490:7)
    at performUnitOfWork (C:\playground\Python\ai_scrapper\frontend\node_modules\react-dom\cjs\react-dom.development.js:26599:12) Error: Element 
type is invalid: expected a string (for built-in components) or a class/function (for composite components) but got: undefined. You likely forgot to 
export your component from the file it's defined in, or you might have mixed up default and named imports.
    at createFiberFromTypeAndProps 
[90m(C:\playground\Python\ai_scrapper\frontend\[39mnode_modules\[4mreact-dom[24m\cjs\react-dom.development.js:28478:17[90m)[39m
    at createFiberFromElement 
[90m(C:\playground\Python\ai_scrapper\frontend\[39mnode_modules\[4mreact-dom[24m\cjs\react-dom.development.js:28504:15[90m)[39m
    at createChild 
[90m(C:\playground\Python\ai_scrapper\frontend\[39mnode_modules\[4mreact-dom[24m\cjs\react-dom.development.js:13345:28[90m)[39m
    at reconcileChildrenArray 
[90m(C:\playground\Python\ai_scrapper\frontend\[39mnode_modules\[4mreact-dom[24m\cjs\react-dom.development.js:13640:25[90m)[39m
    at reconcileChildFibers 
[90m(C:\playground\Python\ai_scrapper\frontend\[39mnode_modules\[4mreact-dom[24m\cjs\react-dom.development.js:14057:16[90m)[39m
    at reconcileChildren 
[90m(C:\playground\Python\ai_scrapper\frontend\[39mnode_modules\[4mreact-dom[24m\cjs\react-dom.development.js:19186:28[90m)[39m
    at updateContextProvider 
[90m(C:\playground\Python\ai_scrapper\frontend\[39mnode_modules\[4mreact-dom[24m\cjs\react-dom.development.js:21193:3[90m)[39m
    at beginWork 
[90m(C:\playground\Python\ai_scrapper\frontend\[39mnode_modules\[4mreact-dom[24m\cjs\react-dom.development.js:21688:14[90m)[39m
    at HTMLUnknownElement.callCallback 
[90m(C:\playground\Python\ai_scrapper\frontend\[39mnode_modules\[4mreact-dom[24m\cjs\react-dom.development.js:4164:14[90m)[39m
    at HTMLUnknownElement.callTheUserObjectsOperation 
[90m(C:\playground\Python\ai_scrapper\frontend\[39mnode_modules\[4mjsdom[24m\lib\jsdom\living\generated\EventListener.js:26:30[90m)[39m
The above error occurred in the <Context.Provider> component:

    at ToastProvider (C:\playground\Python\ai_scrapper\frontend\src\providers\ToastProvider.tsx:17:3)
    at Router (C:\playground\Python\ai_scrapper\frontend\node_modules\react-router\dist\development\chunk-R73PQUJU.js:414:13)
    at BrowserRouter (C:\playground\Python\ai_scrapper\frontend\node_modules\react-router\dist\development\chunk-R73PQUJU.js:872:3)
    at QueryClientProvider 
(file:///C:/playground/Python/ai_scrapper/frontend/node_modules/@tanstack/react-query/build/modern/QueryClientProvider.js:20:3)
    at AllTheProviders (C:\playground\Python\ai_scrapper\frontend\src\test\utils.tsx:11:28)

Consider adding an error boundary to your tree to customize error handling behavior.
Visit https://reactjs.org/link/error-boundaries to learn more about error boundaries.

 [32mΓ£ô[39m src/components/layout/__tests__/Breadcrumb.test.tsx [2m ([22m[2m5 tests[22m[2m)[22m[90m 171[2mms[22m[39m
 [33mΓ¥»[39m src/components/routing/__tests__/RouteGuard.test.tsx [2m ([22m[2m0 test[22m[2m)[22m
 [33mΓ¥»[39m src/hooks/__tests__/useErrorHandler.test.tsx [2m ([22m[2m5 tests[22m [2m|[22m [31m5 failed[39m[2m)[22m[90m 128[2mms[22m[39m
[31m   [33mΓ¥»[31m src/hooks/__tests__/useErrorHandler.test.tsx[2m > [22museErrorHandler[2m > [22mhandles errors and provides error state[39m
[31m     ΓåÆ useToast must be used within a ToastProvider[39m
[31m   [33mΓ¥»[31m src/hooks/__tests__/useErrorHandler.test.tsx[2m > [22museErrorHandler[2m > [22mclears error state[39m
[31m     ΓåÆ useToast must be used within a ToastProvider[39m
[31m   [33mΓ¥»[31m src/hooks/__tests__/useErrorHandler.test.tsx[2m > [22museErrorHandler[2m > [22mhandles string errors[39m
[31m     ΓåÆ useToast must be used within a ToastProvider[39m
[31m   [33mΓ¥»[31m src/hooks/__tests__/useErrorHandler.test.tsx[2m > [22museErrorHandler[2m > [22mhandles axios errors with response[39m
[31m     ΓåÆ useToast must be used within a ToastProvider[39m
[31m   [33mΓ¥»[31m src/hooks/__tests__/useErrorHandler.test.tsx[2m > [22museErrorHandler[2m > [22mhandles axios errors without response[39m
[31m     ΓåÆ useToast must be used within a ToastProvider[39m
 [33mΓ¥»[39m src/components/__tests__/JobCard.test.tsx [2m ([22m[2m5 tests[22m [2m|[22m [31m5 failed[39m[2m)[22m[90m 138[2mms[22m[39m
[31m   [33mΓ¥»[31m src/components/__tests__/JobCard.test.tsx[2m > [22mJobCard[2m > [22mrenders job information correctly[39m
[31m     ΓåÆ Element type is invalid: expected a string (for built-in components) or a class/function (for composite components) but got: undefined. You likely forgot to export your component from the file it's defined in, or you might have mixed up default and named imports.[39m
[31m   [33mΓ¥»[31m src/components/__tests__/JobCard.test.tsx[2m > [22mJobCard[2m > [22mshows pending status for pending jobs[39m
[31m     ΓåÆ Element type is invalid: expected a string (for built-in components) or a class/function (for composite components) but got: undefined. You likely forgot to export your component from the file it's defined in, or you might have mixed up default and named imports.[39m
[31m   [33mΓ¥»[31m src/components/__tests__/JobCard.test.tsx[2m > [22mJobCard[2m > [22mcalls onDelete when delete button is clicked[39m
[31m     ΓåÆ Element type is invalid: expected a string (for built-in components) or a class/function (for composite components) but got: undefined. You likely forgot to export your component from the file it's defined in, or you might have mixed up default and named imports.[39m
[31m   [33mΓ¥»[31m src/components/__tests__/JobCard.test.tsx[2m > [22mJobCard[2m > [22mhas proper accessibility attributes[39m
[31m     ΓåÆ Element type is invalid: expected a string (for built-in components) or a class/function (for composite components) but got: undefined. You likely forgot to export your component from the file it's defined in, or you might have mixed up default and named imports.[39m
[31m   [33mΓ¥»[31m src/components/__tests__/JobCard.test.tsx[2m > [22mJobCard[2m > [22mshows formatted dates[39m
[31m     ΓåÆ Element type is invalid: expected a string (for built-in components) or a class/function (for composite components) but got: undefined. You likely forgot to export your component from the file it's defined in, or you might have mixed up default and named imports.[39m
[90mstderr[2m | src/components/__tests__/JobCard.test.tsx[2m > [22m[2mJobCard[2m > [22m[2mrenders job information correctly[22m[39m
Warning: React.jsx: type is invalid -- expected a string (for built-in components) or a class/function (for composite components) but got: 
undefined. You likely forgot to export your component from the file it's defined in, or you might have mixed up default and named imports.

Check your code at JobCard.test.tsx:17.
Error: Uncaught [Error: Element type is invalid: expected a string (for built-in components) or a class/function (for composite components) but got: 
undefined. You likely forgot to export your component from the file it's defined in, or you might have mixed up default and named imports.]
    at reportException (C:\playground\Python\ai_scrapper\frontend\node_modules\jsdom\lib\jsdom\living\helpers\runtime-script-errors.js:66:24)
    at innerInvokeEventListeners (C:\playground\Python\ai_scrapper\frontend\node_modules\jsdom\lib\jsdom\living\events\EventTarget-impl.js:353:9)
    at invokeEventListeners (C:\playground\Python\ai_scrapper\frontend\node_modules\jsdom\lib\jsdom\living\events\EventTarget-impl.js:286:3)
    at HTMLUnknownElementImpl._dispatch 
(C:\playground\Python\ai_scrapper\frontend\node_modules\jsdom\lib\jsdom\living\events\EventTarget-impl.js:233:9)
    at HTMLUnknownElementImpl.dispatchEvent 
(C:\playground\Python\ai_scrapper\frontend\node_modules\jsdom\lib\jsdom\living\events\EventTarget-impl.js:104:17)
    at HTMLUnknownElement.dispatchEvent 
(C:\playground\Python\ai_scrapper\frontend\node_modules\jsdom\lib\jsdom\living\generated\EventTarget.js:241:34)
    at Object.invokeGuardedCallbackDev (C:\playground\Python\ai_scrapper\frontend\node_modules\react-dom\cjs\react-dom.development.js:4213:16)
    at invokeGuardedCallback (C:\playground\Python\ai_scrapper\frontend\node_modules\react-dom\cjs\react-dom.development.js:4277:31)
    at beginWork$1 (C:\playground\Python\ai_scrapper\frontend\node_modules\react-dom\cjs\react-dom.development.js:27490:7)
    at performUnitOfWork (C:\playground\Python\ai_scrapper\frontend\node_modules\react-dom\cjs\react-dom.development.js:26599:12) Error: Element 
type is invalid: expected a string (for built-in components) or a class/function (for composite components) but got: undefined. You likely forgot to 
export your component from the file it's defined in, or you might have mixed up default and named imports.
    at createFiberFromTypeAndProps 
[90m(C:\playground\Python\ai_scrapper\frontend\[39mnode_modules\[4mreact-dom[24m\cjs\react-dom.development.js:28478:17[90m)[39m
    at createFiberFromElement 
[90m(C:\playground\Python\ai_scrapper\frontend\[39mnode_modules\[4mreact-dom[24m\cjs\react-dom.development.js:28504:15[90m)[39m
    at createChild 
[90m(C:\playground\Python\ai_scrapper\frontend\[39mnode_modules\[4mreact-dom[24m\cjs\react-dom.development.js:13345:28[90m)[39m
    at reconcileChildrenArray 
[90m(C:\playground\Python\ai_scrapper\frontend\[39mnode_modules\[4mreact-dom[24m\cjs\react-dom.development.js:13640:25[90m)[39m
    at reconcileChildFibers 
[90m(C:\playground\Python\ai_scrapper\frontend\[39mnode_modules\[4mreact-dom[24m\cjs\react-dom.development.js:14057:16[90m)[39m
    at reconcileChildren 
[90m(C:\playground\Python\ai_scrapper\frontend\[39mnode_modules\[4mreact-dom[24m\cjs\react-dom.development.js:19186:28[90m)[39m
    at updateContextProvider 
[90m(C:\playground\Python\ai_scrapper\frontend\[39mnode_modules\[4mreact-dom[24m\cjs\react-dom.development.js:21193:3[90m)[39m
    at beginWork 
[90m(C:\playground\Python\ai_scrapper\frontend\[39mnode_modules\[4mreact-dom[24m\cjs\react-dom.development.js:21688:14[90m)[39m
    at HTMLUnknownElement.callCallback 
[90m(C:\playground\Python\ai_scrapper\frontend\[39mnode_modules\[4mreact-dom[24m\cjs\react-dom.development.js:4164:14[90m)[39m
    at HTMLUnknownElement.callTheUserObjectsOperation 
[90m(C:\playground\Python\ai_scrapper\frontend\[39mnode_modules\[4mjsdom[24m\lib\jsdom\living\generated\EventListener.js:26:30[90m)[39m
Error: Uncaught [Error: Element type is invalid: expected a string (for built-in components) or a class/function (for composite components) but got: 
undefined. You likely forgot to export your component from the file it's defined in, or you might have mixed up default and named imports.]
    at reportException (C:\playground\Python\ai_scrapper\frontend\node_modules\jsdom\lib\jsdom\living\helpers\runtime-script-errors.js:66:24)
    at innerInvokeEventListeners (C:\playground\Python\ai_scrapper\frontend\node_modules\jsdom\lib\jsdom\living\events\EventTarget-impl.js:353:9)
    at invokeEventListeners (C:\playground\Python\ai_scrapper\frontend\node_modules\jsdom\lib\jsdom\living\events\EventTarget-impl.js:286:3)
    at HTMLUnknownElementImpl._dispatch 
(C:\playground\Python\ai_scrapper\frontend\node_modules\jsdom\lib\jsdom\living\events\EventTarget-impl.js:233:9)
    at HTMLUnknownElementImpl.dispatchEvent 
(C:\playground\Python\ai_scrapper\frontend\node_modules\jsdom\lib\jsdom\living\events\EventTarget-impl.js:104:17)
    at HTMLUnknownElement.dispatchEvent 
(C:\playground\Python\ai_scrapper\frontend\node_modules\jsdom\lib\jsdom\living\generated\EventTarget.js:241:34)
    at Object.invokeGuardedCallbackDev (C:\playground\Python\ai_scrapper\frontend\node_modules\react-dom\cjs\react-dom.development.js:4213:16)
    at invokeGuardedCallback (C:\playground\Python\ai_scrapper\frontend\node_modules\react-dom\cjs\react-dom.development.js:4277:31)
    at beginWork$1 (C:\playground\Python\ai_scrapper\frontend\node_modules\react-dom\cjs\react-dom.development.js:27490:7)
    at performUnitOfWork (C:\playground\Python\ai_scrapper\frontend\node_modules\react-dom\cjs\react-dom.development.js:26599:12) Error: Element 
type is invalid: expected a string (for built-in components) or a class/function (for composite components) but got: undefined. You likely forgot to 
export your component from the file it's defined in, or you might have mixed up default and named imports.
    at createFiberFromTypeAndProps 
[90m(C:\playground\Python\ai_scrapper\frontend\[39mnode_modules\[4mreact-dom[24m\cjs\react-dom.development.js:28478:17[90m)[39m
    at createFiberFromElement 
[90m(C:\playground\Python\ai_scrapper\frontend\[39mnode_modules\[4mreact-dom[24m\cjs\react-dom.development.js:28504:15[90m)[39m
    at createChild 
[90m(C:\playground\Python\ai_scrapper\frontend\[39mnode_modules\[4mreact-dom[24m\cjs\react-dom.development.js:13345:28[90m)[39m
    at reconcileChildrenArray 
[90m(C:\playground\Python\ai_scrapper\frontend\[39mnode_modules\[4mreact-dom[24m\cjs\react-dom.development.js:13640:25[90m)[39m
    at reconcileChildFibers 
[90m(C:\playground\Python\ai_scrapper\frontend\[39mnode_modules\[4mreact-dom[24m\cjs\react-dom.development.js:14057:16[90m)[39m
    at reconcileChildren 
[90m(C:\playground\Python\ai_scrapper\frontend\[39mnode_modules\[4mreact-dom[24m\cjs\react-dom.development.js:19186:28[90m)[39m
    at updateContextProvider 
[90m(C:\playground\Python\ai_scrapper\frontend\[39mnode_modules\[4mreact-dom[24m\cjs\react-dom.development.js:21193:3[90m)[39m
    at beginWork 
[90m(C:\playground\Python\ai_scrapper\frontend\[39mnode_modules\[4mreact-dom[24m\cjs\react-dom.development.js:21688:14[90m)[39m
    at HTMLUnknownElement.callCallback 
[90m(C:\playground\Python\ai_scrapper\frontend\[39mnode_modules\[4mreact-dom[24m\cjs\react-dom.development.js:4164:14[90m)[39m
    at HTMLUnknownElement.callTheUserObjectsOperation 
[90m(C:\playground\Python\ai_scrapper\frontend\[39mnode_modules\[4mjsdom[24m\lib\jsdom\living\generated\EventListener.js:26:30[90m)[39m
The above error occurred in the <Context.Provider> component:

    at ToastProvider (C:\playground\Python\ai_scrapper\frontend\src\providers\ToastProvider.tsx:17:3)
    at Router (C:\playground\Python\ai_scrapper\frontend\node_modules\react-router\dist\development\chunk-R73PQUJU.js:414:13)
    at BrowserRouter (C:\playground\Python\ai_scrapper\frontend\node_modules\react-router\dist\development\chunk-R73PQUJU.js:872:3)
    at QueryClientProvider 
(file:///C:/playground/Python/ai_scrapper/frontend/node_modules/@tanstack/react-query/build/modern/QueryClientProvider.js:20:3)
    at AllTheProviders (C:\playground\Python\ai_scrapper\frontend\src\test\utils.tsx:11:28)

Consider adding an error boundary to your tree to customize error handling behavior.
Visit https://reactjs.org/link/error-boundaries to learn more about error boundaries.

[90mstderr[2m | src/components/__tests__/JobCard.test.tsx[2m > [22m[2mJobCard[2m > [22m[2mshows pending status for pending jobs[22m[39m
Warning: React.jsx: type is invalid -- expected a string (for built-in components) or a class/function (for composite components) but got: 
undefined. You likely forgot to export your component from the file it's defined in, or you might have mixed up default and named imports.

Check your code at JobCard.test.tsx:32.
Error: Uncaught [Error: Element type is invalid: expected a string (for built-in components) or a class/function (for composite components) but got: 
undefined. You likely forgot to export your component from the file it's defined in, or you might have mixed up default and named imports.]
    at reportException (C:\playground\Python\ai_scrapper\frontend\node_modules\jsdom\lib\jsdom\living\helpers\runtime-script-errors.js:66:24)
    at innerInvokeEventListeners (C:\playground\Python\ai_scrapper\frontend\node_modules\jsdom\lib\jsdom\living\events\EventTarget-impl.js:353:9)
    at invokeEventListeners (C:\playground\Python\ai_scrapper\frontend\node_modules\jsdom\lib\jsdom\living\events\EventTarget-impl.js:286:3)
    at HTMLUnknownElementImpl._dispatch 
(C:\playground\Python\ai_scrapper\frontend\node_modules\jsdom\lib\jsdom\living\events\EventTarget-impl.js:233:9)
    at HTMLUnknownElementImpl.dispatchEvent 
(C:\playground\Python\ai_scrapper\frontend\node_modules\jsdom\lib\jsdom\living\events\EventTarget-impl.js:104:17)
    at HTMLUnknownElement.dispatchEvent 
(C:\playground\Python\ai_scrapper\frontend\node_modules\jsdom\lib\jsdom\living\generated\EventTarget.js:241:34)
    at Object.invokeGuardedCallbackDev (C:\playground\Python\ai_scrapper\frontend\node_modules\react-dom\cjs\react-dom.development.js:4213:16)
    at invokeGuardedCallback (C:\playground\Python\ai_scrapper\frontend\node_modules\react-dom\cjs\react-dom.development.js:4277:31)
    at beginWork$1 (C:\playground\Python\ai_scrapper\frontend\node_modules\react-dom\cjs\react-dom.development.js:27490:7)
    at performUnitOfWork (C:\playground\Python\ai_scrapper\frontend\node_modules\react-dom\cjs\react-dom.development.js:26599:12) Error: Element 
type is invalid: expected a string (for built-in components) or a class/function (for composite components) but got: undefined. You likely forgot to 
export your component from the file it's defined in, or you might have mixed up default and named imports.
    at createFiberFromTypeAndProps 
[90m(C:\playground\Python\ai_scrapper\frontend\[39mnode_modules\[4mreact-dom[24m\cjs\react-dom.development.js:28478:17[90m)[39m
    at createFiberFromElement 
[90m(C:\playground\Python\ai_scrapper\frontend\[39mnode_modules\[4mreact-dom[24m\cjs\react-dom.development.js:28504:15[90m)[39m
    at createChild 
[90m(C:\playground\Python\ai_scrapper\frontend\[39mnode_modules\[4mreact-dom[24m\cjs\react-dom.development.js:13345:28[90m)[39m
    at reconcileChildrenArray 
[90m(C:\playground\Python\ai_scrapper\frontend\[39mnode_modules\[4mreact-dom[24m\cjs\react-dom.development.js:13640:25[90m)[39m
    at reconcileChildFibers 
[90m(C:\playground\Python\ai_scrapper\frontend\[39mnode_modules\[4mreact-dom[24m\cjs\react-dom.development.js:14057:16[90m)[39m
    at reconcileChildren 
[90m(C:\playground\Python\ai_scrapper\frontend\[39mnode_modules\[4mreact-dom[24m\cjs\react-dom.development.js:19186:28[90m)[39m
    at updateContextProvider 
[90m(C:\playground\Python\ai_scrapper\frontend\[39mnode_modules\[4mreact-dom[24m\cjs\react-dom.development.js:21193:3[90m)[39m
    at beginWork 
[90m(C:\playground\Python\ai_scrapper\frontend\[39mnode_modules\[4mreact-dom[24m\cjs\react-dom.development.js:21688:14[90m)[39m
    at HTMLUnknownElement.callCallback 
[90m(C:\playground\Python\ai_scrapper\frontend\[39mnode_modules\[4mreact-dom[24m\cjs\react-dom.development.js:4164:14[90m)[39m
    at HTMLUnknownElement.callTheUserObjectsOperation 
[90m(C:\playground\Python\ai_scrapper\frontend\[39mnode_modules\[4mjsdom[24m\lib\jsdom\living\generated\EventListener.js:26:30[90m)[39m
Error: Uncaught [Error: Element type is invalid: expected a string (for built-in components) or a class/function (for composite components) but got: 
undefined. You likely forgot to export your component from the file it's defined in, or you might have mixed up default and named imports.]
    at reportException (C:\playground\Python\ai_scrapper\frontend\node_modules\jsdom\lib\jsdom\living\helpers\runtime-script-errors.js:66:24)
    at innerInvokeEventListeners (C:\playground\Python\ai_scrapper\frontend\node_modules\jsdom\lib\jsdom\living\events\EventTarget-impl.js:353:9)
    at invokeEventListeners (C:\playground\Python\ai_scrapper\frontend\node_modules\jsdom\lib\jsdom\living\events\EventTarget-impl.js:286:3)
    at HTMLUnknownElementImpl._dispatch 
(C:\playground\Python\ai_scrapper\frontend\node_modules\jsdom\lib\jsdom\living\events\EventTarget-impl.js:233:9)
    at HTMLUnknownElementImpl.dispatchEvent 
(C:\playground\Python\ai_scrapper\frontend\node_modules\jsdom\lib\jsdom\living\events\EventTarget-impl.js:104:17)
    at HTMLUnknownElement.dispatchEvent 
(C:\playground\Python\ai_scrapper\frontend\node_modules\jsdom\lib\jsdom\living\generated\EventTarget.js:241:34)
    at Object.invokeGuardedCallbackDev (C:\playground\Python\ai_scrapper\frontend\node_modules\react-dom\cjs\react-dom.development.js:4213:16)
    at invokeGuardedCallback (C:\playground\Python\ai_scrapper\frontend\node_modules\react-dom\cjs\react-dom.development.js:4277:31)
    at beginWork$1 (C:\playground\Python\ai_scrapper\frontend\node_modules\react-dom\cjs\react-dom.development.js:27490:7)
    at performUnitOfWork (C:\playground\Python\ai_scrapper\frontend\node_modules\react-dom\cjs\react-dom.development.js:26599:12) Error: Element 
type is invalid: expected a string (for built-in components) or a class/function (for composite components) but got: undefined. You likely forgot to 
export your component from the file it's defined in, or you might have mixed up default and named imports.
    at createFiberFromTypeAndProps 
[90m(C:\playground\Python\ai_scrapper\frontend\[39mnode_modules\[4mreact-dom[24m\cjs\react-dom.development.js:28478:17[90m)[39m
    at createFiberFromElement 
[90m(C:\playground\Python\ai_scrapper\frontend\[39mnode_modules\[4mreact-dom[24m\cjs\react-dom.development.js:28504:15[90m)[39m
    at createChild 
[90m(C:\playground\Python\ai_scrapper\frontend\[39mnode_modules\[4mreact-dom[24m\cjs\react-dom.development.js:13345:28[90m)[39m
    at reconcileChildrenArray 
[90m(C:\playground\Python\ai_scrapper\frontend\[39mnode_modules\[4mreact-dom[24m\cjs\react-dom.development.js:13640:25[90m)[39m
    at reconcileChildFibers 
[90m(C:\playground\Python\ai_scrapper\frontend\[39mnode_modules\[4mreact-dom[24m\cjs\react-dom.development.js:14057:16[90m)[39m
    at reconcileChildren 
[90m(C:\playground\Python\ai_scrapper\frontend\[39mnode_modules\[4mreact-dom[24m\cjs\react-dom.development.js:19186:28[90m)[39m
    at updateContextProvider 
[90m(C:\playground\Python\ai_scrapper\frontend\[39mnode_modules\[4mreact-dom[24m\cjs\react-dom.development.js:21193:3[90m)[39m
    at beginWork 
[90m(C:\playground\Python\ai_scrapper\frontend\[39mnode_modules\[4mreact-dom[24m\cjs\react-dom.development.js:21688:14[90m)[39m
    at HTMLUnknownElement.callCallback 
[90m(C:\playground\Python\ai_scrapper\frontend\[39mnode_modules\[4mreact-dom[24m\cjs\react-dom.development.js:4164:14[90m)[39m
    at HTMLUnknownElement.callTheUserObjectsOperation 
[90m(C:\playground\Python\ai_scrapper\frontend\[39mnode_modules\[4mjsdom[24m\lib\jsdom\living\generated\EventListener.js:26:30[90m)[39m
The above error occurred in the <Context.Provider> component:

    at ToastProvider (C:\playground\Python\ai_scrapper\frontend\src\providers\ToastProvider.tsx:17:3)
    at Router (C:\playground\Python\ai_scrapper\frontend\node_modules\react-router\dist\development\chunk-R73PQUJU.js:414:13)
    at BrowserRouter (C:\playground\Python\ai_scrapper\frontend\node_modules\react-router\dist\development\chunk-R73PQUJU.js:872:3)
    at QueryClientProvider 
(file:///C:/playground/Python/ai_scrapper/frontend/node_modules/@tanstack/react-query/build/modern/QueryClientProvider.js:20:3)
    at AllTheProviders (C:\playground\Python\ai_scrapper\frontend\src\test\utils.tsx:11:28)

Consider adding an error boundary to your tree to customize error handling behavior.
Visit https://reactjs.org/link/error-boundaries to learn more about error boundaries.

[90mstderr[2m | src/components/__tests__/JobCard.test.tsx[2m > [22m[2mJobCard[2m > [22m[2mcalls onDelete when delete button is 
clicked[22m[39m
Warning: React.jsx: type is invalid -- expected a string (for built-in components) or a class/function (for composite components) but got: 
undefined. You likely forgot to export your component from the file it's defined in, or you might have mixed up default and named imports.

Check your code at JobCard.test.tsx:46.
Error: Uncaught [Error: Element type is invalid: expected a string (for built-in components) or a class/function (for composite components) but got: 
undefined. You likely forgot to export your component from the file it's defined in, or you might have mixed up default and named imports.]
    at reportException (C:\playground\Python\ai_scrapper\frontend\node_modules\jsdom\lib\jsdom\living\helpers\runtime-script-errors.js:66:24)
    at innerInvokeEventListeners (C:\playground\Python\ai_scrapper\frontend\node_modules\jsdom\lib\jsdom\living\events\EventTarget-impl.js:353:9)
    at invokeEventListeners (C:\playground\Python\ai_scrapper\frontend\node_modules\jsdom\lib\jsdom\living\events\EventTarget-impl.js:286:3)
    at HTMLUnknownElementImpl._dispatch 
(C:\playground\Python\ai_scrapper\frontend\node_modules\jsdom\lib\jsdom\living\events\EventTarget-impl.js:233:9)
    at HTMLUnknownElementImpl.dispatchEvent 
(C:\playground\Python\ai_scrapper\frontend\node_modules\jsdom\lib\jsdom\living\events\EventTarget-impl.js:104:17)
    at HTMLUnknownElement.dispatchEvent 
(C:\playground\Python\ai_scrapper\frontend\node_modules\jsdom\lib\jsdom\living\generated\EventTarget.js:241:34)
    at Object.invokeGuardedCallbackDev (C:\playground\Python\ai_scrapper\frontend\node_modules\react-dom\cjs\react-dom.development.js:4213:16)
    at invokeGuardedCallback (C:\playground\Python\ai_scrapper\frontend\node_modules\react-dom\cjs\react-dom.development.js:4277:31)
    at beginWork$1 (C:\playground\Python\ai_scrapper\frontend\node_modules\react-dom\cjs\react-dom.development.js:27490:7)
    at performUnitOfWork (C:\playground\Python\ai_scrapper\frontend\node_modules\react-dom\cjs\react-dom.development.js:26599:12) Error: Element 
type is invalid: expected a string (for built-in components) or a class/function (for composite components) but got: undefined. You likely forgot to 
export your component from the file it's defined in, or you might have mixed up default and named imports.
    at createFiberFromTypeAndProps 
[90m(C:\playground\Python\ai_scrapper\frontend\[39mnode_modules\[4mreact-dom[24m\cjs\react-dom.development.js:28478:17[90m)[39m
    at createFiberFromElement 
[90m(C:\playground\Python\ai_scrapper\frontend\[39mnode_modules\[4mreact-dom[24m\cjs\react-dom.development.js:28504:15[90m)[39m
    at createChild 
[90m(C:\playground\Python\ai_scrapper\frontend\[39mnode_modules\[4mreact-dom[24m\cjs\react-dom.development.js:13345:28[90m)[39m
    at reconcileChildrenArray 
[90m(C:\playground\Python\ai_scrapper\frontend\[39mnode_modules\[4mreact-dom[24m\cjs\react-dom.development.js:13640:25[90m)[39m
    at reconcileChildFibers 
[90m(C:\playground\Python\ai_scrapper\frontend\[39mnode_modules\[4mreact-dom[24m\cjs\react-dom.development.js:14057:16[90m)[39m
    at reconcileChildren 
[90m(C:\playground\Python\ai_scrapper\frontend\[39mnode_modules\[4mreact-dom[24m\cjs\react-dom.development.js:19186:28[90m)[39m
    at updateContextProvider 
[90m(C:\playground\Python\ai_scrapper\frontend\[39mnode_modules\[4mreact-dom[24m\cjs\react-dom.development.js:21193:3[90m)[39m
    at beginWork 
[90m(C:\playground\Python\ai_scrapper\frontend\[39mnode_modules\[4mreact-dom[24m\cjs\react-dom.development.js:21688:14[90m)[39m
    at HTMLUnknownElement.callCallback 
[90m(C:\playground\Python\ai_scrapper\frontend\[39mnode_modules\[4mreact-dom[24m\cjs\react-dom.development.js:4164:14[90m)[39m
    at HTMLUnknownElement.callTheUserObjectsOperation 
[90m(C:\playground\Python\ai_scrapper\frontend\[39mnode_modules\[4mjsdom[24m\lib\jsdom\living\generated\EventListener.js:26:30[90m)[39m
Error: Uncaught [Error: Element type is invalid: expected a string (for built-in components) or a class/function (for composite components) but got: 
undefined. You likely forgot to export your component from the file it's defined in, or you might have mixed up default and named imports.]
    at reportException (C:\playground\Python\ai_scrapper\frontend\node_modules\jsdom\lib\jsdom\living\helpers\runtime-script-errors.js:66:24)
    at innerInvokeEventListeners (C:\playground\Python\ai_scrapper\frontend\node_modules\jsdom\lib\jsdom\living\events\EventTarget-impl.js:353:9)
    at invokeEventListeners (C:\playground\Python\ai_scrapper\frontend\node_modules\jsdom\lib\jsdom\living\events\EventTarget-impl.js:286:3)
    at HTMLUnknownElementImpl._dispatch 
(C:\playground\Python\ai_scrapper\frontend\node_modules\jsdom\lib\jsdom\living\events\EventTarget-impl.js:233:9)
    at HTMLUnknownElementImpl.dispatchEvent 
(C:\playground\Python\ai_scrapper\frontend\node_modules\jsdom\lib\jsdom\living\events\EventTarget-impl.js:104:17)
    at HTMLUnknownElement.dispatchEvent 
(C:\playground\Python\ai_scrapper\frontend\node_modules\jsdom\lib\jsdom\living\generated\EventTarget.js:241:34)
    at Object.invokeGuardedCallbackDev (C:\playground\Python\ai_scrapper\frontend\node_modules\react-dom\cjs\react-dom.development.js:4213:16)
    at invokeGuardedCallback (C:\playground\Python\ai_scrapper\frontend\node_modules\react-dom\cjs\react-dom.development.js:4277:31)
    at beginWork$1 (C:\playground\Python\ai_scrapper\frontend\node_modules\react-dom\cjs\react-dom.development.js:27490:7)
    at performUnitOfWork (C:\playground\Python\ai_scrapper\frontend\node_modules\react-dom\cjs\react-dom.development.js:26599:12) Error: Element 
type is invalid: expected a string (for built-in components) or a class/function (for composite components) but got: undefined. You likely forgot to 
export your component from the file it's defined in, or you might have mixed up default and named imports.
    at createFiberFromTypeAndProps 
[90m(C:\playground\Python\ai_scrapper\frontend\[39mnode_modules\[4mreact-dom[24m\cjs\react-dom.development.js:28478:17[90m)[39m
    at createFiberFromElement 
[90m(C:\playground\Python\ai_scrapper\frontend\[39mnode_modules\[4mreact-dom[24m\cjs\react-dom.development.js:28504:15[90m)[39m
    at createChild 
[90m(C:\playground\Python\ai_scrapper\frontend\[39mnode_modules\[4mreact-dom[24m\cjs\react-dom.development.js:13345:28[90m)[39m
    at reconcileChildrenArray 
[90m(C:\playground\Python\ai_scrapper\frontend\[39mnode_modules\[4mreact-dom[24m\cjs\react-dom.development.js:13640:25[90m)[39m
    at reconcileChildFibers 
[90m(C:\playground\Python\ai_scrapper\frontend\[39mnode_modules\[4mreact-dom[24m\cjs\react-dom.development.js:14057:16[90m)[39m
    at reconcileChildren 
[90m(C:\playground\Python\ai_scrapper\frontend\[39mnode_modules\[4mreact-dom[24m\cjs\react-dom.development.js:19186:28[90m)[39m
    at updateContextProvider 
[90m(C:\playground\Python\ai_scrapper\frontend\[39mnode_modules\[4mreact-dom[24m\cjs\react-dom.development.js:21193:3[90m)[39m
    at beginWork 
[90m(C:\playground\Python\ai_scrapper\frontend\[39mnode_modules\[4mreact-dom[24m\cjs\react-dom.development.js:21688:14[90m)[39m
    at HTMLUnknownElement.callCallback 
[90m(C:\playground\Python\ai_scrapper\frontend\[39mnode_modules\[4mreact-dom[24m\cjs\react-dom.development.js:4164:14[90m)[39m
    at HTMLUnknownElement.callTheUserObjectsOperation 
[90m(C:\playground\Python\ai_scrapper\frontend\[39mnode_modules\[4mjsdom[24m\lib\jsdom\living\generated\EventListener.js:26:30[90m)[39m
The above error occurred in the <Context.Provider> component:

    at ToastProvider (C:\playground\Python\ai_scrapper\frontend\src\providers\ToastProvider.tsx:17:3)
    at Router (C:\playground\Python\ai_scrapper\frontend\node_modules\react-router\dist\development\chunk-R73PQUJU.js:414:13)
    at BrowserRouter (C:\playground\Python\ai_scrapper\frontend\node_modules\react-router\dist\development\chunk-R73PQUJU.js:872:3)
    at QueryClientProvider 
(file:///C:/playground/Python/ai_scrapper/frontend/node_modules/@tanstack/react-query/build/modern/QueryClientProvider.js:20:3)
    at AllTheProviders (C:\playground\Python\ai_scrapper\frontend\src\test\utils.tsx:11:28)

Consider adding an error boundary to your tree to customize error handling behavior.
Visit https://reactjs.org/link/error-boundaries to learn more about error boundaries.

[90mstderr[2m | src/components/__tests__/JobCard.test.tsx[2m > [22m[2mJobCard[2m > [22m[2mhas proper accessibility attributes[22m[39m
Warning: React.jsx: type is invalid -- expected a string (for built-in components) or a class/function (for composite components) but got: 
undefined. You likely forgot to export your component from the file it's defined in, or you might have mixed up default and named imports.

Check your code at JobCard.test.tsx:62.
Error: Uncaught [Error: Element type is invalid: expected a string (for built-in components) or a class/function (for composite components) but got: 
undefined. You likely forgot to export your component from the file it's defined in, or you might have mixed up default and named imports.]
    at reportException (C:\playground\Python\ai_scrapper\frontend\node_modules\jsdom\lib\jsdom\living\helpers\runtime-script-errors.js:66:24)
    at innerInvokeEventListeners (C:\playground\Python\ai_scrapper\frontend\node_modules\jsdom\lib\jsdom\living\events\EventTarget-impl.js:353:9)
    at invokeEventListeners (C:\playground\Python\ai_scrapper\frontend\node_modules\jsdom\lib\jsdom\living\events\EventTarget-impl.js:286:3)
    at HTMLUnknownElementImpl._dispatch 
(C:\playground\Python\ai_scrapper\frontend\node_modules\jsdom\lib\jsdom\living\events\EventTarget-impl.js:233:9)
    at HTMLUnknownElementImpl.dispatchEvent 
(C:\playground\Python\ai_scrapper\frontend\node_modules\jsdom\lib\jsdom\living\events\EventTarget-impl.js:104:17)
    at HTMLUnknownElement.dispatchEvent 
(C:\playground\Python\ai_scrapper\frontend\node_modules\jsdom\lib\jsdom\living\generated\EventTarget.js:241:34)
    at Object.invokeGuardedCallbackDev (C:\playground\Python\ai_scrapper\frontend\node_modules\react-dom\cjs\react-dom.development.js:4213:16)
    at invokeGuardedCallback (C:\playground\Python\ai_scrapper\frontend\node_modules\react-dom\cjs\react-dom.development.js:4277:31)
    at beginWork$1 (C:\playground\Python\ai_scrapper\frontend\node_modules\react-dom\cjs\react-dom.development.js:27490:7)
    at performUnitOfWork (C:\playground\Python\ai_scrapper\frontend\node_modules\react-dom\cjs\react-dom.development.js:26599:12) Error: Element 
type is invalid: expected a string (for built-in components) or a class/function (for composite components) but got: undefined. You likely forgot to 
export your component from the file it's defined in, or you might have mixed up default and named imports.
    at createFiberFromTypeAndProps 
[90m(C:\playground\Python\ai_scrapper\frontend\[39mnode_modules\[4mreact-dom[24m\cjs\react-dom.development.js:28478:17[90m)[39m
    at createFiberFromElement 
[90m(C:\playground\Python\ai_scrapper\frontend\[39mnode_modules\[4mreact-dom[24m\cjs\react-dom.development.js:28504:15[90m)[39m
    at createChild 
[90m(C:\playground\Python\ai_scrapper\frontend\[39mnode_modules\[4mreact-dom[24m\cjs\react-dom.development.js:13345:28[90m)[39m
    at reconcileChildrenArray 
[90m(C:\playground\Python\ai_scrapper\frontend\[39mnode_modules\[4mreact-dom[24m\cjs\react-dom.development.js:13640:25[90m)[39m
    at reconcileChildFibers 
[90m(C:\playground\Python\ai_scrapper\frontend\[39mnode_modules\[4mreact-dom[24m\cjs\react-dom.development.js:14057:16[90m)[39m
    at reconcileChildren 
[90m(C:\playground\Python\ai_scrapper\frontend\[39mnode_modules\[4mreact-dom[24m\cjs\react-dom.development.js:19186:28[90m)[39m
    at updateContextProvider 
[90m(C:\playground\Python\ai_scrapper\frontend\[39mnode_modules\[4mreact-dom[24m\cjs\react-dom.development.js:21193:3[90m)[39m
    at beginWork 
[90m(C:\playground\Python\ai_scrapper\frontend\[39mnode_modules\[4mreact-dom[24m\cjs\react-dom.development.js:21688:14[90m)[39m
    at HTMLUnknownElement.callCallback 
[90m(C:\playground\Python\ai_scrapper\frontend\[39mnode_modules\[4mreact-dom[24m\cjs\react-dom.development.js:4164:14[90m)[39m
    at HTMLUnknownElement.callTheUserObjectsOperation 
[90m(C:\playground\Python\ai_scrapper\frontend\[39mnode_modules\[4mjsdom[24m\lib\jsdom\living\generated\EventListener.js:26:30[90m)[39m
Error: Uncaught [Error: Element type is invalid: expected a string (for built-in components) or a class/function (for composite components) but got: 
undefined. You likely forgot to export your component from the file it's defined in, or you might have mixed up default and named imports.]
    at reportException (C:\playground\Python\ai_scrapper\frontend\node_modules\jsdom\lib\jsdom\living\helpers\runtime-script-errors.js:66:24)
    at innerInvokeEventListeners (C:\playground\Python\ai_scrapper\frontend\node_modules\jsdom\lib\jsdom\living\events\EventTarget-impl.js:353:9)
    at invokeEventListeners (C:\playground\Python\ai_scrapper\frontend\node_modules\jsdom\lib\jsdom\living\events\EventTarget-impl.js:286:3)
    at HTMLUnknownElementImpl._dispatch 
(C:\playground\Python\ai_scrapper\frontend\node_modules\jsdom\lib\jsdom\living\events\EventTarget-impl.js:233:9)
    at HTMLUnknownElementImpl.dispatchEvent 
(C:\playground\Python\ai_scrapper\frontend\node_modules\jsdom\lib\jsdom\living\events\EventTarget-impl.js:104:17)
    at HTMLUnknownElement.dispatchEvent 
(C:\playground\Python\ai_scrapper\frontend\node_modules\jsdom\lib\jsdom\living\generated\EventTarget.js:241:34)
    at Object.invokeGuardedCallbackDev (C:\playground\Python\ai_scrapper\frontend\node_modules\react-dom\cjs\react-dom.development.js:4213:16)
    at invokeGuardedCallback (C:\playground\Python\ai_scrapper\frontend\node_modules\react-dom\cjs\react-dom.development.js:4277:31)
    at beginWork$1 (C:\playground\Python\ai_scrapper\frontend\node_modules\react-dom\cjs\react-dom.development.js:27490:7)
    at performUnitOfWork (C:\playground\Python\ai_scrapper\frontend\node_modules\react-dom\cjs\react-dom.development.js:26599:12) Error: Element 
type is invalid: expected a string (for built-in components) or a class/function (for composite components) but got: undefined. You likely forgot to 
export your component from the file it's defined in, or you might have mixed up default and named imports.
    at createFiberFromTypeAndProps 
[90m(C:\playground\Python\ai_scrapper\frontend\[39mnode_modules\[4mreact-dom[24m\cjs\react-dom.development.js:28478:17[90m)[39m
    at createFiberFromElement 
[90m(C:\playground\Python\ai_scrapper\frontend\[39mnode_modules\[4mreact-dom[24m\cjs\react-dom.development.js:28504:15[90m)[39m
    at createChild 
[90m(C:\playground\Python\ai_scrapper\frontend\[39mnode_modules\[4mreact-dom[24m\cjs\react-dom.development.js:13345:28[90m)[39m
    at reconcileChildrenArray 
[90m(C:\playground\Python\ai_scrapper\frontend\[39mnode_modules\[4mreact-dom[24m\cjs\react-dom.development.js:13640:25[90m)[39m
    at reconcileChildFibers 
[90m(C:\playground\Python\ai_scrapper\frontend\[39mnode_modules\[4mreact-dom[24m\cjs\react-dom.development.js:14057:16[90m)[39m
    at reconcileChildren 
[90m(C:\playground\Python\ai_scrapper\frontend\[39mnode_modules\[4mreact-dom[24m\cjs\react-dom.development.js:19186:28[90m)[39m
    at updateContextProvider 
[90m(C:\playground\Python\ai_scrapper\frontend\[39mnode_modules\[4mreact-dom[24m\cjs\react-dom.development.js:21193:3[90m)[39m
    at beginWork 
[90m(C:\playground\Python\ai_scrapper\frontend\[39mnode_modules\[4mreact-dom[24m\cjs\react-dom.development.js:21688:14[90m)[39m
    at HTMLUnknownElement.callCallback 
[90m(C:\playground\Python\ai_scrapper\frontend\[39mnode_modules\[4mreact-dom[24m\cjs\react-dom.development.js:4164:14[90m)[39m
    at HTMLUnknownElement.callTheUserObjectsOperation 
[90m(C:\playground\Python\ai_scrapper\frontend\[39mnode_modules\[4mjsdom[24m\lib\jsdom\living\generated\EventListener.js:26:30[90m)[39m
The above error occurred in the <Context.Provider> component:

    at ToastProvider (C:\playground\Python\ai_scrapper\frontend\src\providers\ToastProvider.tsx:17:3)
    at Router (C:\playground\Python\ai_scrapper\frontend\node_modules\react-router\dist\development\chunk-R73PQUJU.js:414:13)
    at BrowserRouter (C:\playground\Python\ai_scrapper\frontend\node_modules\react-router\dist\development\chunk-R73PQUJU.js:872:3)
    at QueryClientProvider 
(file:///C:/playground/Python/ai_scrapper/frontend/node_modules/@tanstack/react-query/build/modern/QueryClientProvider.js:20:3)
    at AllTheProviders (C:\playground\Python\ai_scrapper\frontend\src\test\utils.tsx:11:28)

Consider adding an error boundary to your tree to customize error handling behavior.
Visit https://reactjs.org/link/error-boundaries to learn more about error boundaries.

[90mstderr[2m | src/components/__tests__/JobCard.test.tsx[2m > [22m[2mJobCard[2m > [22m[2mshows formatted dates[22m[39m
Warning: React.jsx: type is invalid -- expected a string (for built-in components) or a class/function (for composite components) but got: 
undefined. You likely forgot to export your component from the file it's defined in, or you might have mixed up default and named imports.

Check your code at JobCard.test.tsx:78.
Error: Uncaught [Error: Element type is invalid: expected a string (for built-in components) or a class/function (for composite components) but got: 
undefined. You likely forgot to export your component from the file it's defined in, or you might have mixed up default and named imports.]
    at reportException (C:\playground\Python\ai_scrapper\frontend\node_modules\jsdom\lib\jsdom\living\helpers\runtime-script-errors.js:66:24)
    at innerInvokeEventListeners (C:\playground\Python\ai_scrapper\frontend\node_modules\jsdom\lib\jsdom\living\events\EventTarget-impl.js:353:9)
    at invokeEventListeners (C:\playground\Python\ai_scrapper\frontend\node_modules\jsdom\lib\jsdom\living\events\EventTarget-impl.js:286:3)
    at HTMLUnknownElementImpl._dispatch 
(C:\playground\Python\ai_scrapper\frontend\node_modules\jsdom\lib\jsdom\living\events\EventTarget-impl.js:233:9)
    at HTMLUnknownElementImpl.dispatchEvent 
(C:\playground\Python\ai_scrapper\frontend\node_modules\jsdom\lib\jsdom\living\events\EventTarget-impl.js:104:17)
    at HTMLUnknownElement.dispatchEvent 
(C:\playground\Python\ai_scrapper\frontend\node_modules\jsdom\lib\jsdom\living\generated\EventTarget.js:241:34)
    at Object.invokeGuardedCallbackDev (C:\playground\Python\ai_scrapper\frontend\node_modules\react-dom\cjs\react-dom.development.js:4213:16)
    at invokeGuardedCallback (C:\playground\Python\ai_scrapper\frontend\node_modules\react-dom\cjs\react-dom.development.js:4277:31)
    at beginWork$1 (C:\playground\Python\ai_scrapper\frontend\node_modules\react-dom\cjs\react-dom.development.js:27490:7)
    at performUnitOfWork (C:\playground\Python\ai_scrapper\frontend\node_modules\react-dom\cjs\react-dom.development.js:26599:12) Error: Element 
type is invalid: expected a string (for built-in components) or a class/function (for composite components) but got: undefined. You likely forgot to 
export your component from the file it's defined in, or you might have mixed up default and named imports.
    at createFiberFromTypeAndProps 
[90m(C:\playground\Python\ai_scrapper\frontend\[39mnode_modules\[4mreact-dom[24m\cjs\react-dom.development.js:28478:17[90m)[39m
    at createFiberFromElement 
[90m(C:\playground\Python\ai_scrapper\frontend\[39mnode_modules\[4mreact-dom[24m\cjs\react-dom.development.js:28504:15[90m)[39m
    at createChild 
[90m(C:\playground\Python\ai_scrapper\frontend\[39mnode_modules\[4mreact-dom[24m\cjs\react-dom.development.js:13345:28[90m)[39m
    at reconcileChildrenArray 
[90m(C:\playground\Python\ai_scrapper\frontend\[39mnode_modules\[4mreact-dom[24m\cjs\react-dom.development.js:13640:25[90m)[39m
    at reconcileChildFibers 
[90m(C:\playground\Python\ai_scrapper\frontend\[39mnode_modules\[4mreact-dom[24m\cjs\react-dom.development.js:14057:16[90m)[39m
    at reconcileChildren 
[90m(C:\playground\Python\ai_scrapper\frontend\[39mnode_modules\[4mreact-dom[24m\cjs\react-dom.development.js:19186:28[90m)[39m
    at updateContextProvider 
[90m(C:\playground\Python\ai_scrapper\frontend\[39mnode_modules\[4mreact-dom[24m\cjs\react-dom.development.js:21193:3[90m)[39m
    at beginWork 
[90m(C:\playground\Python\ai_scrapper\frontend\[39mnode_modules\[4mreact-dom[24m\cjs\react-dom.development.js:21688:14[90m)[39m
    at HTMLUnknownElement.callCallback 
[90m(C:\playground\Python\ai_scrapper\frontend\[39mnode_modules\[4mreact-dom[24m\cjs\react-dom.development.js:4164:14[90m)[39m
    at HTMLUnknownElement.callTheUserObjectsOperation 
[90m(C:\playground\Python\ai_scrapper\frontend\[39mnode_modules\[4mjsdom[24m\lib\jsdom\living\generated\EventListener.js:26:30[90m)[39m
Error: Uncaught [Error: Element type is invalid: expected a string (for built-in components) or a class/function (for composite components) but got: 
undefined. You likely forgot to export your component from the file it's defined in, or you might have mixed up default and named imports.]
    at reportException (C:\playground\Python\ai_scrapper\frontend\node_modules\jsdom\lib\jsdom\living\helpers\runtime-script-errors.js:66:24)
    at innerInvokeEventListeners (C:\playground\Python\ai_scrapper\frontend\node_modules\jsdom\lib\jsdom\living\events\EventTarget-impl.js:353:9)
    at invokeEventListeners (C:\playground\Python\ai_scrapper\frontend\node_modules\jsdom\lib\jsdom\living\events\EventTarget-impl.js:286:3)
    at HTMLUnknownElementImpl._dispatch 
(C:\playground\Python\ai_scrapper\frontend\node_modules\jsdom\lib\jsdom\living\events\EventTarget-impl.js:233:9)
    at HTMLUnknownElementImpl.dispatchEvent 
(C:\playground\Python\ai_scrapper\frontend\node_modules\jsdom\lib\jsdom\living\events\EventTarget-impl.js:104:17)
    at HTMLUnknownElement.dispatchEvent 
(C:\playground\Python\ai_scrapper\frontend\node_modules\jsdom\lib\jsdom\living\generated\EventTarget.js:241:34)
    at Object.invokeGuardedCallbackDev (C:\playground\Python\ai_scrapper\frontend\node_modules\react-dom\cjs\react-dom.development.js:4213:16)
    at invokeGuardedCallback (C:\playground\Python\ai_scrapper\frontend\node_modules\react-dom\cjs\react-dom.development.js:4277:31)
    at beginWork$1 (C:\playground\Python\ai_scrapper\frontend\node_modules\react-dom\cjs\react-dom.development.js:27490:7)
    at performUnitOfWork (C:\playground\Python\ai_scrapper\frontend\node_modules\react-dom\cjs\react-dom.development.js:26599:12) Error: Element 
type is invalid: expected a string (for built-in components) or a class/function (for composite components) but got: undefined. You likely forgot to 
export your component from the file it's defined in, or you might have mixed up default and named imports.
    at createFiberFromTypeAndProps 
[90m(C:\playground\Python\ai_scrapper\frontend\[39mnode_modules\[4mreact-dom[24m\cjs\react-dom.development.js:28478:17[90m)[39m
    at createFiberFromElement 
[90m(C:\playground\Python\ai_scrapper\frontend\[39mnode_modules\[4mreact-dom[24m\cjs\react-dom.development.js:28504:15[90m)[39m
    at createChild 
[90m(C:\playground\Python\ai_scrapper\frontend\[39mnode_modules\[4mreact-dom[24m\cjs\react-dom.development.js:13345:28[90m)[39m
    at reconcileChildrenArray 
[90m(C:\playground\Python\ai_scrapper\frontend\[39mnode_modules\[4mreact-dom[24m\cjs\react-dom.development.js:13640:25[90m)[39m
    at reconcileChildFibers 
[90m(C:\playground\Python\ai_scrapper\frontend\[39mnode_modules\[4mreact-dom[24m\cjs\react-dom.development.js:14057:16[90m)[39m
    at reconcileChildren 
[90m(C:\playground\Python\ai_scrapper\frontend\[39mnode_modules\[4mreact-dom[24m\cjs\react-dom.development.js:19186:28[90m)[39m
    at updateContextProvider 
[90m(C:\playground\Python\ai_scrapper\frontend\[39mnode_modules\[4mreact-dom[24m\cjs\react-dom.development.js:21193:3[90m)[39m
    at beginWork 
[90m(C:\playground\Python\ai_scrapper\frontend\[39mnode_modules\[4mreact-dom[24m\cjs\react-dom.development.js:21688:14[90m)[39m
    at HTMLUnknownElement.callCallback 
[90m(C:\playground\Python\ai_scrapper\frontend\[39mnode_modules\[4mreact-dom[24m\cjs\react-dom.development.js:4164:14[90m)[39m
    at HTMLUnknownElement.callTheUserObjectsOperation 
[90m(C:\playground\Python\ai_scrapper\frontend\[39mnode_modules\[4mjsdom[24m\lib\jsdom\living\generated\EventListener.js:26:30[90m)[39m
The above error occurred in the <Context.Provider> component:

    at ToastProvider (C:\playground\Python\ai_scrapper\frontend\src\providers\ToastProvider.tsx:17:3)
    at Router (C:\playground\Python\ai_scrapper\frontend\node_modules\react-router\dist\development\chunk-R73PQUJU.js:414:13)
    at BrowserRouter (C:\playground\Python\ai_scrapper\frontend\node_modules\react-router\dist\development\chunk-R73PQUJU.js:872:3)
    at QueryClientProvider 
(file:///C:/playground/Python/ai_scrapper/frontend/node_modules/@tanstack/react-query/build/modern/QueryClientProvider.js:20:3)
    at AllTheProviders (C:\playground\Python\ai_scrapper\frontend\src\test\utils.tsx:11:28)

Consider adding an error boundary to your tree to customize error handling behavior.
Visit https://reactjs.org/link/error-boundaries to learn more about error boundaries.

 [33mΓ¥»[39m src/components/__tests__/RetryButton.test.tsx [2m ([22m[2m6 tests[22m [2m|[22m [31m6 failed[39m[2m)[22m[90m 147[2mms[22m[39m
[31m   [33mΓ¥»[31m src/components/__tests__/RetryButton.test.tsx[2m > [22mRetryButton[2m > [22mrenders retry button correctly[39m
[31m     ΓåÆ Element type is invalid: expected a string (for built-in components) or a class/function (for composite components) but got: undefined. You likely forgot to export your component from the file it's defined in, or you might have mixed up default and named imports.[39m
[31m   [33mΓ¥»[31m src/components/__tests__/RetryButton.test.tsx[2m > [22mRetryButton[2m > [22mcalls onRetry when clicked[39m
[31m     ΓåÆ Element type is invalid: expected a string (for built-in components) or a class/function (for composite components) but got: undefined. You likely forgot to export your component from the file it's defined in, or you might have mixed up default and named imports.[39m
[31m   [33mΓ¥»[31m src/components/__tests__/RetryButton.test.tsx[2m > [22mRetryButton[2m > [22mshows loading state when isLoading is true[39m
[31m     ΓåÆ Element type is invalid: expected a string (for built-in components) or a class/function (for composite components) but got: undefined. You likely forgot to export your component from the file it's defined in, or you might have mixed up default and named imports.[39m
[31m   [33mΓ¥»[31m src/components/__tests__/RetryButton.test.tsx[2m > [22mRetryButton[2m > [22mis disabled when disabled prop is true[39m
[31m     ΓåÆ Element type is invalid: expected a string (for built-in components) or a class/function (for composite components) but got: undefined. You likely forgot to export your component from the file it's defined in, or you might have mixed up default and named imports.[39m
[31m   [33mΓ¥»[31m src/components/__tests__/RetryButton.test.tsx[2m > [22mRetryButton[2m > [22mrenders with custom text[39m
[31m     ΓåÆ Element type is invalid: expected a string (for built-in components) or a class/function (for composite components) but got: undefined. You likely forgot to export your component from the file it's defined in, or you might have mixed up default and named imports.[39m
[31m   [33mΓ¥»[31m src/components/__tests__/RetryButton.test.tsx[2m > [22mRetryButton[2m > [22mhas proper accessibility attributes[39m
[31m     ΓåÆ Element type is invalid: expected a string (for built-in components) or a class/function (for composite components) but got: undefined. You likely forgot to export your component from the file it's defined in, or you might have mixed up default and named imports.[39m
[90mstderr[2m | src/components/__tests__/RetryButton.test.tsx[2m > [22m[2mRetryButton[2m > [22m[2mrenders retry button correctly[22m[39m
Warning: React.jsx: type is invalid -- expected a string (for built-in components) or a class/function (for composite components) but got: 
undefined. You likely forgot to export your component from the file it's defined in, or you might have mixed up default and named imports.

Check your code at RetryButton.test.tsx:8.
Error: Uncaught [Error: Element type is invalid: expected a string (for built-in components) or a class/function (for composite components) but got: 
undefined. You likely forgot to export your component from the file it's defined in, or you might have mixed up default and named imports.]
    at reportException (C:\playground\Python\ai_scrapper\frontend\node_modules\jsdom\lib\jsdom\living\helpers\runtime-script-errors.js:66:24)
    at innerInvokeEventListeners (C:\playground\Python\ai_scrapper\frontend\node_modules\jsdom\lib\jsdom\living\events\EventTarget-impl.js:353:9)
    at invokeEventListeners (C:\playground\Python\ai_scrapper\frontend\node_modules\jsdom\lib\jsdom\living\events\EventTarget-impl.js:286:3)
    at HTMLUnknownElementImpl._dispatch 
(C:\playground\Python\ai_scrapper\frontend\node_modules\jsdom\lib\jsdom\living\events\EventTarget-impl.js:233:9)
    at HTMLUnknownElementImpl.dispatchEvent 
(C:\playground\Python\ai_scrapper\frontend\node_modules\jsdom\lib\jsdom\living\events\EventTarget-impl.js:104:17)
    at HTMLUnknownElement.dispatchEvent 
(C:\playground\Python\ai_scrapper\frontend\node_modules\jsdom\lib\jsdom\living\generated\EventTarget.js:241:34)
    at Object.invokeGuardedCallbackDev (C:\playground\Python\ai_scrapper\frontend\node_modules\react-dom\cjs\react-dom.development.js:4213:16)
    at invokeGuardedCallback (C:\playground\Python\ai_scrapper\frontend\node_modules\react-dom\cjs\react-dom.development.js:4277:31)
    at beginWork$1 (C:\playground\Python\ai_scrapper\frontend\node_modules\react-dom\cjs\react-dom.development.js:27490:7)
    at performUnitOfWork (C:\playground\Python\ai_scrapper\frontend\node_modules\react-dom\cjs\react-dom.development.js:26599:12) Error: Element 
type is invalid: expected a string (for built-in components) or a class/function (for composite components) but got: undefined. You likely forgot to 
export your component from the file it's defined in, or you might have mixed up default and named imports.
    at createFiberFromTypeAndProps 
[90m(C:\playground\Python\ai_scrapper\frontend\[39mnode_modules\[4mreact-dom[24m\cjs\react-dom.development.js:28478:17[90m)[39m
    at createFiberFromElement 
[90m(C:\playground\Python\ai_scrapper\frontend\[39mnode_modules\[4mreact-dom[24m\cjs\react-dom.development.js:28504:15[90m)[39m
    at createChild 
[90m(C:\playground\Python\ai_scrapper\frontend\[39mnode_modules\[4mreact-dom[24m\cjs\react-dom.development.js:13345:28[90m)[39m
    at reconcileChildrenArray 
[90m(C:\playground\Python\ai_scrapper\frontend\[39mnode_modules\[4mreact-dom[24m\cjs\react-dom.development.js:13640:25[90m)[39m
    at reconcileChildFibers 
[90m(C:\playground\Python\ai_scrapper\frontend\[39mnode_modules\[4mreact-dom[24m\cjs\react-dom.development.js:14057:16[90m)[39m
    at reconcileChildren 
[90m(C:\playground\Python\ai_scrapper\frontend\[39mnode_modules\[4mreact-dom[24m\cjs\react-dom.development.js:19186:28[90m)[39m
    at updateContextProvider 
[90m(C:\playground\Python\ai_scrapper\frontend\[39mnode_modules\[4mreact-dom[24m\cjs\react-dom.development.js:21193:3[90m)[39m
    at beginWork 
[90m(C:\playground\Python\ai_scrapper\frontend\[39mnode_modules\[4mreact-dom[24m\cjs\react-dom.development.js:21688:14[90m)[39m
    at HTMLUnknownElement.callCallback 
[90m(C:\playground\Python\ai_scrapper\frontend\[39mnode_modules\[4mreact-dom[24m\cjs\react-dom.development.js:4164:14[90m)[39m
    at HTMLUnknownElement.callTheUserObjectsOperation 
[90m(C:\playground\Python\ai_scrapper\frontend\[39mnode_modules\[4mjsdom[24m\lib\jsdom\living\generated\EventListener.js:26:30[90m)[39m
Error: Uncaught [Error: Element type is invalid: expected a string (for built-in components) or a class/function (for composite components) but got: 
undefined. You likely forgot to export your component from the file it's defined in, or you might have mixed up default and named imports.]
    at reportException (C:\playground\Python\ai_scrapper\frontend\node_modules\jsdom\lib\jsdom\living\helpers\runtime-script-errors.js:66:24)
    at innerInvokeEventListeners (C:\playground\Python\ai_scrapper\frontend\node_modules\jsdom\lib\jsdom\living\events\EventTarget-impl.js:353:9)
    at invokeEventListeners (C:\playground\Python\ai_scrapper\frontend\node_modules\jsdom\lib\jsdom\living\events\EventTarget-impl.js:286:3)
    at HTMLUnknownElementImpl._dispatch 
(C:\playground\Python\ai_scrapper\frontend\node_modules\jsdom\lib\jsdom\living\events\EventTarget-impl.js:233:9)
    at HTMLUnknownElementImpl.dispatchEvent 
(C:\playground\Python\ai_scrapper\frontend\node_modules\jsdom\lib\jsdom\living\events\EventTarget-impl.js:104:17)
    at HTMLUnknownElement.dispatchEvent 
(C:\playground\Python\ai_scrapper\frontend\node_modules\jsdom\lib\jsdom\living\generated\EventTarget.js:241:34)
    at Object.invokeGuardedCallbackDev (C:\playground\Python\ai_scrapper\frontend\node_modules\react-dom\cjs\react-dom.development.js:4213:16)
    at invokeGuardedCallback (C:\playground\Python\ai_scrapper\frontend\node_modules\react-dom\cjs\react-dom.development.js:4277:31)
    at beginWork$1 (C:\playground\Python\ai_scrapper\frontend\node_modules\react-dom\cjs\react-dom.development.js:27490:7)
    at performUnitOfWork (C:\playground\Python\ai_scrapper\frontend\node_modules\react-dom\cjs\react-dom.development.js:26599:12) Error: Element 
type is invalid: expected a string (for built-in components) or a class/function (for composite components) but got: undefined. You likely forgot to 
export your component from the file it's defined in, or you might have mixed up default and named imports.
    at createFiberFromTypeAndProps 
[90m(C:\playground\Python\ai_scrapper\frontend\[39mnode_modules\[4mreact-dom[24m\cjs\react-dom.development.js:28478:17[90m)[39m
    at createFiberFromElement 
[90m(C:\playground\Python\ai_scrapper\frontend\[39mnode_modules\[4mreact-dom[24m\cjs\react-dom.development.js:28504:15[90m)[39m
    at createChild 
[90m(C:\playground\Python\ai_scrapper\frontend\[39mnode_modules\[4mreact-dom[24m\cjs\react-dom.development.js:13345:28[90m)[39m
    at reconcileChildrenArray 
[90m(C:\playground\Python\ai_scrapper\frontend\[39mnode_modules\[4mreact-dom[24m\cjs\react-dom.development.js:13640:25[90m)[39m
    at reconcileChildFibers 
[90m(C:\playground\Python\ai_scrapper\frontend\[39mnode_modules\[4mreact-dom[24m\cjs\react-dom.development.js:14057:16[90m)[39m
    at reconcileChildren 
[90m(C:\playground\Python\ai_scrapper\frontend\[39mnode_modules\[4mreact-dom[24m\cjs\react-dom.development.js:19186:28[90m)[39m
    at updateContextProvider 
[90m(C:\playground\Python\ai_scrapper\frontend\[39mnode_modules\[4mreact-dom[24m\cjs\react-dom.development.js:21193:3[90m)[39m
    at beginWork 
[90m(C:\playground\Python\ai_scrapper\frontend\[39mnode_modules\[4mreact-dom[24m\cjs\react-dom.development.js:21688:14[90m)[39m
    at HTMLUnknownElement.callCallback 
[90m(C:\playground\Python\ai_scrapper\frontend\[39mnode_modules\[4mreact-dom[24m\cjs\react-dom.development.js:4164:14[90m)[39m
    at HTMLUnknownElement.callTheUserObjectsOperation 
[90m(C:\playground\Python\ai_scrapper\frontend\[39mnode_modules\[4mjsdom[24m\lib\jsdom\living\generated\EventListener.js:26:30[90m)[39m
The above error occurred in the <Context.Provider> component:

    at ToastProvider (C:\playground\Python\ai_scrapper\frontend\src\providers\ToastProvider.tsx:17:3)
    at Router (C:\playground\Python\ai_scrapper\frontend\node_modules\react-router\dist\development\chunk-R73PQUJU.js:414:13)
    at BrowserRouter (C:\playground\Python\ai_scrapper\frontend\node_modules\react-router\dist\development\chunk-R73PQUJU.js:872:3)
    at QueryClientProvider 
(file:///C:/playground/Python/ai_scrapper/frontend/node_modules/@tanstack/react-query/build/modern/QueryClientProvider.js:20:3)
    at AllTheProviders (C:\playground\Python\ai_scrapper\frontend\src\test\utils.tsx:11:28)

Consider adding an error boundary to your tree to customize error handling behavior.
Visit https://reactjs.org/link/error-boundaries to learn more about error boundaries.

[90mstderr[2m | src/components/__tests__/RetryButton.test.tsx[2m > [22m[2mRetryButton[2m > [22m[2mcalls onRetry when clicked[22m[39m
Warning: React.jsx: type is invalid -- expected a string (for built-in components) or a class/function (for composite components) but got: 
undefined. You likely forgot to export your component from the file it's defined in, or you might have mixed up default and named imports.

Check your code at RetryButton.test.tsx:16.
Error: Uncaught [Error: Element type is invalid: expected a string (for built-in components) or a class/function (for composite components) but got: 
undefined. You likely forgot to export your component from the file it's defined in, or you might have mixed up default and named imports.]
    at reportException (C:\playground\Python\ai_scrapper\frontend\node_modules\jsdom\lib\jsdom\living\helpers\runtime-script-errors.js:66:24)
    at innerInvokeEventListeners (C:\playground\Python\ai_scrapper\frontend\node_modules\jsdom\lib\jsdom\living\events\EventTarget-impl.js:353:9)
    at invokeEventListeners (C:\playground\Python\ai_scrapper\frontend\node_modules\jsdom\lib\jsdom\living\events\EventTarget-impl.js:286:3)
    at HTMLUnknownElementImpl._dispatch 
(C:\playground\Python\ai_scrapper\frontend\node_modules\jsdom\lib\jsdom\living\events\EventTarget-impl.js:233:9)
    at HTMLUnknownElementImpl.dispatchEvent 
(C:\playground\Python\ai_scrapper\frontend\node_modules\jsdom\lib\jsdom\living\events\EventTarget-impl.js:104:17)
    at HTMLUnknownElement.dispatchEvent 
(C:\playground\Python\ai_scrapper\frontend\node_modules\jsdom\lib\jsdom\living\generated\EventTarget.js:241:34)
    at Object.invokeGuardedCallbackDev (C:\playground\Python\ai_scrapper\frontend\node_modules\react-dom\cjs\react-dom.development.js:4213:16)
    at invokeGuardedCallback (C:\playground\Python\ai_scrapper\frontend\node_modules\react-dom\cjs\react-dom.development.js:4277:31)
    at beginWork$1 (C:\playground\Python\ai_scrapper\frontend\node_modules\react-dom\cjs\react-dom.development.js:27490:7)
    at performUnitOfWork (C:\playground\Python\ai_scrapper\frontend\node_modules\react-dom\cjs\react-dom.development.js:26599:12) Error: Element 
type is invalid: expected a string (for built-in components) or a class/function (for composite components) but got: undefined. You likely forgot to 
export your component from the file it's defined in, or you might have mixed up default and named imports.
    at createFiberFromTypeAndProps 
[90m(C:\playground\Python\ai_scrapper\frontend\[39mnode_modules\[4mreact-dom[24m\cjs\react-dom.development.js:28478:17[90m)[39m
    at createFiberFromElement 
[90m(C:\playground\Python\ai_scrapper\frontend\[39mnode_modules\[4mreact-dom[24m\cjs\react-dom.development.js:28504:15[90m)[39m
    at createChild 
[90m(C:\playground\Python\ai_scrapper\frontend\[39mnode_modules\[4mreact-dom[24m\cjs\react-dom.development.js:13345:28[90m)[39m
    at reconcileChildrenArray 
[90m(C:\playground\Python\ai_scrapper\frontend\[39mnode_modules\[4mreact-dom[24m\cjs\react-dom.development.js:13640:25[90m)[39m
    at reconcileChildFibers 
[90m(C:\playground\Python\ai_scrapper\frontend\[39mnode_modules\[4mreact-dom[24m\cjs\react-dom.development.js:14057:16[90m)[39m
    at reconcileChildren 
[90m(C:\playground\Python\ai_scrapper\frontend\[39mnode_modules\[4mreact-dom[24m\cjs\react-dom.development.js:19186:28[90m)[39m
    at updateContextProvider 
[90m(C:\playground\Python\ai_scrapper\frontend\[39mnode_modules\[4mreact-dom[24m\cjs\react-dom.development.js:21193:3[90m)[39m
    at beginWork 
[90m(C:\playground\Python\ai_scrapper\frontend\[39mnode_modules\[4mreact-dom[24m\cjs\react-dom.development.js:21688:14[90m)[39m
    at HTMLUnknownElement.callCallback 
[90m(C:\playground\Python\ai_scrapper\frontend\[39mnode_modules\[4mreact-dom[24m\cjs\react-dom.development.js:4164:14[90m)[39m
    at HTMLUnknownElement.callTheUserObjectsOperation 
[90m(C:\playground\Python\ai_scrapper\frontend\[39mnode_modules\[4mjsdom[24m\lib\jsdom\living\generated\EventListener.js:26:30[90m)[39m
Error: Uncaught [Error: Element type is invalid: expected a string (for built-in components) or a class/function (for composite components) but got: 
undefined. You likely forgot to export your component from the file it's defined in, or you might have mixed up default and named imports.]
    at reportException (C:\playground\Python\ai_scrapper\frontend\node_modules\jsdom\lib\jsdom\living\helpers\runtime-script-errors.js:66:24)
    at innerInvokeEventListeners (C:\playground\Python\ai_scrapper\frontend\node_modules\jsdom\lib\jsdom\living\events\EventTarget-impl.js:353:9)
    at invokeEventListeners (C:\playground\Python\ai_scrapper\frontend\node_modules\jsdom\lib\jsdom\living\events\EventTarget-impl.js:286:3)
    at HTMLUnknownElementImpl._dispatch 
(C:\playground\Python\ai_scrapper\frontend\node_modules\jsdom\lib\jsdom\living\events\EventTarget-impl.js:233:9)
    at HTMLUnknownElementImpl.dispatchEvent 
(C:\playground\Python\ai_scrapper\frontend\node_modules\jsdom\lib\jsdom\living\events\EventTarget-impl.js:104:17)
    at HTMLUnknownElement.dispatchEvent 
(C:\playground\Python\ai_scrapper\frontend\node_modules\jsdom\lib\jsdom\living\generated\EventTarget.js:241:34)
    at Object.invokeGuardedCallbackDev (C:\playground\Python\ai_scrapper\frontend\node_modules\react-dom\cjs\react-dom.development.js:4213:16)
    at invokeGuardedCallback (C:\playground\Python\ai_scrapper\frontend\node_modules\react-dom\cjs\react-dom.development.js:4277:31)
    at beginWork$1 (C:\playground\Python\ai_scrapper\frontend\node_modules\react-dom\cjs\react-dom.development.js:27490:7)
    at performUnitOfWork (C:\playground\Python\ai_scrapper\frontend\node_modules\react-dom\cjs\react-dom.development.js:26599:12) Error: Element 
type is invalid: expected a string (for built-in components) or a class/function (for composite components) but got: undefined. You likely forgot to 
export your component from the file it's defined in, or you might have mixed up default and named imports.
    at createFiberFromTypeAndProps 
[90m(C:\playground\Python\ai_scrapper\frontend\[39mnode_modules\[4mreact-dom[24m\cjs\react-dom.development.js:28478:17[90m)[39m
    at createFiberFromElement 
[90m(C:\playground\Python\ai_scrapper\frontend\[39mnode_modules\[4mreact-dom[24m\cjs\react-dom.development.js:28504:15[90m)[39m
    at createChild 
[90m(C:\playground\Python\ai_scrapper\frontend\[39mnode_modules\[4mreact-dom[24m\cjs\react-dom.development.js:13345:28[90m)[39m
    at reconcileChildrenArray 
[90m(C:\playground\Python\ai_scrapper\frontend\[39mnode_modules\[4mreact-dom[24m\cjs\react-dom.development.js:13640:25[90m)[39m
    at reconcileChildFibers 
[90m(C:\playground\Python\ai_scrapper\frontend\[39mnode_modules\[4mreact-dom[24m\cjs\react-dom.development.js:14057:16[90m)[39m
    at reconcileChildren 
[90m(C:\playground\Python\ai_scrapper\frontend\[39mnode_modules\[4mreact-dom[24m\cjs\react-dom.development.js:19186:28[90m)[39m
    at updateContextProvider 
[90m(C:\playground\Python\ai_scrapper\frontend\[39mnode_modules\[4mreact-dom[24m\cjs\react-dom.development.js:21193:3[90m)[39m
    at beginWork 
[90m(C:\playground\Python\ai_scrapper\frontend\[39mnode_modules\[4mreact-dom[24m\cjs\react-dom.development.js:21688:14[90m)[39m
    at HTMLUnknownElement.callCallback 
[90m(C:\playground\Python\ai_scrapper\frontend\[39mnode_modules\[4mreact-dom[24m\cjs\react-dom.development.js:4164:14[90m)[39m
    at HTMLUnknownElement.callTheUserObjectsOperation 
[90m(C:\playground\Python\ai_scrapper\frontend\[39mnode_modules\[4mjsdom[24m\lib\jsdom\living\generated\EventListener.js:26:30[90m)[39m
The above error occurred in the <Context.Provider> component:

    at ToastProvider (C:\playground\Python\ai_scrapper\frontend\src\providers\ToastProvider.tsx:17:3)
    at Router (C:\playground\Python\ai_scrapper\frontend\node_modules\react-router\dist\development\chunk-R73PQUJU.js:414:13)
    at BrowserRouter (C:\playground\Python\ai_scrapper\frontend\node_modules\react-router\dist\development\chunk-R73PQUJU.js:872:3)
    at QueryClientProvider 
(file:///C:/playground/Python/ai_scrapper/frontend/node_modules/@tanstack/react-query/build/modern/QueryClientProvider.js:20:3)
    at AllTheProviders (C:\playground\Python\ai_scrapper\frontend\src\test\utils.tsx:11:28)

Consider adding an error boundary to your tree to customize error handling behavior.
Visit https://reactjs.org/link/error-boundaries to learn more about error boundaries.

[90mstderr[2m | src/components/__tests__/RetryButton.test.tsx[2m > [22m[2mRetryButton[2m > [22m[2mshows loading state when isLoading is 
true[22m[39m
Warning: React.jsx: type is invalid -- expected a string (for built-in components) or a class/function (for composite components) but got: 
undefined. You likely forgot to export your component from the file it's defined in, or you might have mixed up default and named imports.

Check your code at RetryButton.test.tsx:26.
Error: Uncaught [Error: Element type is invalid: expected a string (for built-in components) or a class/function (for composite components) but got: 
undefined. You likely forgot to export your component from the file it's defined in, or you might have mixed up default and named imports.]
    at reportException (C:\playground\Python\ai_scrapper\frontend\node_modules\jsdom\lib\jsdom\living\helpers\runtime-script-errors.js:66:24)
    at innerInvokeEventListeners (C:\playground\Python\ai_scrapper\frontend\node_modules\jsdom\lib\jsdom\living\events\EventTarget-impl.js:353:9)
    at invokeEventListeners (C:\playground\Python\ai_scrapper\frontend\node_modules\jsdom\lib\jsdom\living\events\EventTarget-impl.js:286:3)
    at HTMLUnknownElementImpl._dispatch 
(C:\playground\Python\ai_scrapper\frontend\node_modules\jsdom\lib\jsdom\living\events\EventTarget-impl.js:233:9)
    at HTMLUnknownElementImpl.dispatchEvent 
(C:\playground\Python\ai_scrapper\frontend\node_modules\jsdom\lib\jsdom\living\events\EventTarget-impl.js:104:17)
    at HTMLUnknownElement.dispatchEvent 
(C:\playground\Python\ai_scrapper\frontend\node_modules\jsdom\lib\jsdom\living\generated\EventTarget.js:241:34)
    at Object.invokeGuardedCallbackDev (C:\playground\Python\ai_scrapper\frontend\node_modules\react-dom\cjs\react-dom.development.js:4213:16)
    at invokeGuardedCallback (C:\playground\Python\ai_scrapper\frontend\node_modules\react-dom\cjs\react-dom.development.js:4277:31)
    at beginWork$1 (C:\playground\Python\ai_scrapper\frontend\node_modules\react-dom\cjs\react-dom.development.js:27490:7)
    at performUnitOfWork (C:\playground\Python\ai_scrapper\frontend\node_modules\react-dom\cjs\react-dom.development.js:26599:12) Error: Element 
type is invalid: expected a string (for built-in components) or a class/function (for composite components) but got: undefined. You likely forgot to 
export your component from the file it's defined in, or you might have mixed up default and named imports.
    at createFiberFromTypeAndProps 
[90m(C:\playground\Python\ai_scrapper\frontend\[39mnode_modules\[4mreact-dom[24m\cjs\react-dom.development.js:28478:17[90m)[39m
    at createFiberFromElement 
[90m(C:\playground\Python\ai_scrapper\frontend\[39mnode_modules\[4mreact-dom[24m\cjs\react-dom.development.js:28504:15[90m)[39m
    at createChild 
[90m(C:\playground\Python\ai_scrapper\frontend\[39mnode_modules\[4mreact-dom[24m\cjs\react-dom.development.js:13345:28[90m)[39m
    at reconcileChildrenArray 
[90m(C:\playground\Python\ai_scrapper\frontend\[39mnode_modules\[4mreact-dom[24m\cjs\react-dom.development.js:13640:25[90m)[39m
    at reconcileChildFibers 
[90m(C:\playground\Python\ai_scrapper\frontend\[39mnode_modules\[4mreact-dom[24m\cjs\react-dom.development.js:14057:16[90m)[39m
    at reconcileChildren 
[90m(C:\playground\Python\ai_scrapper\frontend\[39mnode_modules\[4mreact-dom[24m\cjs\react-dom.development.js:19186:28[90m)[39m
    at updateContextProvider 
[90m(C:\playground\Python\ai_scrapper\frontend\[39mnode_modules\[4mreact-dom[24m\cjs\react-dom.development.js:21193:3[90m)[39m
    at beginWork 
[90m(C:\playground\Python\ai_scrapper\frontend\[39mnode_modules\[4mreact-dom[24m\cjs\react-dom.development.js:21688:14[90m)[39m
    at HTMLUnknownElement.callCallback 
[90m(C:\playground\Python\ai_scrapper\frontend\[39mnode_modules\[4mreact-dom[24m\cjs\react-dom.development.js:4164:14[90m)[39m
    at HTMLUnknownElement.callTheUserObjectsOperation 
[90m(C:\playground\Python\ai_scrapper\frontend\[39mnode_modules\[4mjsdom[24m\lib\jsdom\living\generated\EventListener.js:26:30[90m)[39m
Error: Uncaught [Error: Element type is invalid: expected a string (for built-in components) or a class/function (for composite components) but got: 
undefined. You likely forgot to export your component from the file it's defined in, or you might have mixed up default and named imports.]
    at reportException (C:\playground\Python\ai_scrapper\frontend\node_modules\jsdom\lib\jsdom\living\helpers\runtime-script-errors.js:66:24)
    at innerInvokeEventListeners (C:\playground\Python\ai_scrapper\frontend\node_modules\jsdom\lib\jsdom\living\events\EventTarget-impl.js:353:9)
    at invokeEventListeners (C:\playground\Python\ai_scrapper\frontend\node_modules\jsdom\lib\jsdom\living\events\EventTarget-impl.js:286:3)
    at HTMLUnknownElementImpl._dispatch 
(C:\playground\Python\ai_scrapper\frontend\node_modules\jsdom\lib\jsdom\living\events\EventTarget-impl.js:233:9)
    at HTMLUnknownElementImpl.dispatchEvent 
(C:\playground\Python\ai_scrapper\frontend\node_modules\jsdom\lib\jsdom\living\events\EventTarget-impl.js:104:17)
    at HTMLUnknownElement.dispatchEvent 
(C:\playground\Python\ai_scrapper\frontend\node_modules\jsdom\lib\jsdom\living\generated\EventTarget.js:241:34)
    at Object.invokeGuardedCallbackDev (C:\playground\Python\ai_scrapper\frontend\node_modules\react-dom\cjs\react-dom.development.js:4213:16)
    at invokeGuardedCallback (C:\playground\Python\ai_scrapper\frontend\node_modules\react-dom\cjs\react-dom.development.js:4277:31)
    at beginWork$1 (C:\playground\Python\ai_scrapper\frontend\node_modules\react-dom\cjs\react-dom.development.js:27490:7)
    at performUnitOfWork (C:\playground\Python\ai_scrapper\frontend\node_modules\react-dom\cjs\react-dom.development.js:26599:12) Error: Element 
type is invalid: expected a string (for built-in components) or a class/function (for composite components) but got: undefined. You likely forgot to 
export your component from the file it's defined in, or you might have mixed up default and named imports.
    at createFiberFromTypeAndProps 
[90m(C:\playground\Python\ai_scrapper\frontend\[39mnode_modules\[4mreact-dom[24m\cjs\react-dom.development.js:28478:17[90m)[39m
    at createFiberFromElement 
[90m(C:\playground\Python\ai_scrapper\frontend\[39mnode_modules\[4mreact-dom[24m\cjs\react-dom.development.js:28504:15[90m)[39m
    at createChild 
[90m(C:\playground\Python\ai_scrapper\frontend\[39mnode_modules\[4mreact-dom[24m\cjs\react-dom.development.js:13345:28[90m)[39m
    at reconcileChildrenArray 
[90m(C:\playground\Python\ai_scrapper\frontend\[39mnode_modules\[4mreact-dom[24m\cjs\react-dom.development.js:13640:25[90m)[39m
    at reconcileChildFibers 
[90m(C:\playground\Python\ai_scrapper\frontend\[39mnode_modules\[4mreact-dom[24m\cjs\react-dom.development.js:14057:16[90m)[39m
    at reconcileChildren 
[90m(C:\playground\Python\ai_scrapper\frontend\[39mnode_modules\[4mreact-dom[24m\cjs\react-dom.development.js:19186:28[90m)[39m
    at updateContextProvider 
[90m(C:\playground\Python\ai_scrapper\frontend\[39mnode_modules\[4mreact-dom[24m\cjs\react-dom.development.js:21193:3[90m)[39m
    at beginWork 
[90m(C:\playground\Python\ai_scrapper\frontend\[39mnode_modules\[4mreact-dom[24m\cjs\react-dom.development.js:21688:14[90m)[39m
    at HTMLUnknownElement.callCallback 
[90m(C:\playground\Python\ai_scrapper\frontend\[39mnode_modules\[4mreact-dom[24m\cjs\react-dom.development.js:4164:14[90m)[39m
    at HTMLUnknownElement.callTheUserObjectsOperation 
[90m(C:\playground\Python\ai_scrapper\frontend\[39mnode_modules\[4mjsdom[24m\lib\jsdom\living\generated\EventListener.js:26:30[90m)[39m
The above error occurred in the <Context.Provider> component:

    at ToastProvider (C:\playground\Python\ai_scrapper\frontend\src\providers\ToastProvider.tsx:17:3)
    at Router (C:\playground\Python\ai_scrapper\frontend\node_modules\react-router\dist\development\chunk-R73PQUJU.js:414:13)
    at BrowserRouter (C:\playground\Python\ai_scrapper\frontend\node_modules\react-router\dist\development\chunk-R73PQUJU.js:872:3)
    at QueryClientProvider 
(file:///C:/playground/Python/ai_scrapper/frontend/node_modules/@tanstack/react-query/build/modern/QueryClientProvider.js:20:3)
    at AllTheProviders (C:\playground\Python\ai_scrapper\frontend\src\test\utils.tsx:11:28)

Consider adding an error boundary to your tree to customize error handling behavior.
Visit https://reactjs.org/link/error-boundaries to learn more about error boundaries.

[90mstderr[2m | src/components/__tests__/RetryButton.test.tsx[2m > [22m[2mRetryButton[2m > [22m[2mis disabled when disabled prop is 
true[22m[39m
Warning: React.jsx: type is invalid -- expected a string (for built-in components) or a class/function (for composite components) but got: 
undefined. You likely forgot to export your component from the file it's defined in, or you might have mixed up default and named imports.

Check your code at RetryButton.test.tsx:35.
Error: Uncaught [Error: Element type is invalid: expected a string (for built-in components) or a class/function (for composite components) but got: 
undefined. You likely forgot to export your component from the file it's defined in, or you might have mixed up default and named imports.]
    at reportException (C:\playground\Python\ai_scrapper\frontend\node_modules\jsdom\lib\jsdom\living\helpers\runtime-script-errors.js:66:24)
    at innerInvokeEventListeners (C:\playground\Python\ai_scrapper\frontend\node_modules\jsdom\lib\jsdom\living\events\EventTarget-impl.js:353:9)
    at invokeEventListeners (C:\playground\Python\ai_scrapper\frontend\node_modules\jsdom\lib\jsdom\living\events\EventTarget-impl.js:286:3)
    at HTMLUnknownElementImpl._dispatch 
(C:\playground\Python\ai_scrapper\frontend\node_modules\jsdom\lib\jsdom\living\events\EventTarget-impl.js:233:9)
    at HTMLUnknownElementImpl.dispatchEvent 
(C:\playground\Python\ai_scrapper\frontend\node_modules\jsdom\lib\jsdom\living\events\EventTarget-impl.js:104:17)
    at HTMLUnknownElement.dispatchEvent 
(C:\playground\Python\ai_scrapper\frontend\node_modules\jsdom\lib\jsdom\living\generated\EventTarget.js:241:34)
    at Object.invokeGuardedCallbackDev (C:\playground\Python\ai_scrapper\frontend\node_modules\react-dom\cjs\react-dom.development.js:4213:16)
    at invokeGuardedCallback (C:\playground\Python\ai_scrapper\frontend\node_modules\react-dom\cjs\react-dom.development.js:4277:31)
    at beginWork$1 (C:\playground\Python\ai_scrapper\frontend\node_modules\react-dom\cjs\react-dom.development.js:27490:7)
    at performUnitOfWork (C:\playground\Python\ai_scrapper\frontend\node_modules\react-dom\cjs\react-dom.development.js:26599:12) Error: Element 
type is invalid: expected a string (for built-in components) or a class/function (for composite components) but got: undefined. You likely forgot to 
export your component from the file it's defined in, or you might have mixed up default and named imports.
    at createFiberFromTypeAndProps 
[90m(C:\playground\Python\ai_scrapper\frontend\[39mnode_modules\[4mreact-dom[24m\cjs\react-dom.development.js:28478:17[90m)[39m
    at createFiberFromElement 
[90m(C:\playground\Python\ai_scrapper\frontend\[39mnode_modules\[4mreact-dom[24m\cjs\react-dom.development.js:28504:15[90m)[39m
    at createChild 
[90m(C:\playground\Python\ai_scrapper\frontend\[39mnode_modules\[4mreact-dom[24m\cjs\react-dom.development.js:13345:28[90m)[39m
    at reconcileChildrenArray 
[90m(C:\playground\Python\ai_scrapper\frontend\[39mnode_modules\[4mreact-dom[24m\cjs\react-dom.development.js:13640:25[90m)[39m
    at reconcileChildFibers 
[90m(C:\playground\Python\ai_scrapper\frontend\[39mnode_modules\[4mreact-dom[24m\cjs\react-dom.development.js:14057:16[90m)[39m
    at reconcileChildren 
[90m(C:\playground\Python\ai_scrapper\frontend\[39mnode_modules\[4mreact-dom[24m\cjs\react-dom.development.js:19186:28[90m)[39m
    at updateContextProvider 
[90m(C:\playground\Python\ai_scrapper\frontend\[39mnode_modules\[4mreact-dom[24m\cjs\react-dom.development.js:21193:3[90m)[39m
    at beginWork 
[90m(C:\playground\Python\ai_scrapper\frontend\[39mnode_modules\[4mreact-dom[24m\cjs\react-dom.development.js:21688:14[90m)[39m
    at HTMLUnknownElement.callCallback 
[90m(C:\playground\Python\ai_scrapper\frontend\[39mnode_modules\[4mreact-dom[24m\cjs\react-dom.development.js:4164:14[90m)[39m
    at HTMLUnknownElement.callTheUserObjectsOperation 
[90m(C:\playground\Python\ai_scrapper\frontend\[39mnode_modules\[4mjsdom[24m\lib\jsdom\living\generated\EventListener.js:26:30[90m)[39m
Error: Uncaught [Error: Element type is invalid: expected a string (for built-in components) or a class/function (for composite components) but got: 
undefined. You likely forgot to export your component from the file it's defined in, or you might have mixed up default and named imports.]
    at reportException (C:\playground\Python\ai_scrapper\frontend\node_modules\jsdom\lib\jsdom\living\helpers\runtime-script-errors.js:66:24)
    at innerInvokeEventListeners (C:\playground\Python\ai_scrapper\frontend\node_modules\jsdom\lib\jsdom\living\events\EventTarget-impl.js:353:9)
    at invokeEventListeners (C:\playground\Python\ai_scrapper\frontend\node_modules\jsdom\lib\jsdom\living\events\EventTarget-impl.js:286:3)
    at HTMLUnknownElementImpl._dispatch 
(C:\playground\Python\ai_scrapper\frontend\node_modules\jsdom\lib\jsdom\living\events\EventTarget-impl.js:233:9)
    at HTMLUnknownElementImpl.dispatchEvent 
(C:\playground\Python\ai_scrapper\frontend\node_modules\jsdom\lib\jsdom\living\events\EventTarget-impl.js:104:17)
    at HTMLUnknownElement.dispatchEvent 
(C:\playground\Python\ai_scrapper\frontend\node_modules\jsdom\lib\jsdom\living\generated\EventTarget.js:241:34)
    at Object.invokeGuardedCallbackDev (C:\playground\Python\ai_scrapper\frontend\node_modules\react-dom\cjs\react-dom.development.js:4213:16)
    at invokeGuardedCallback (C:\playground\Python\ai_scrapper\frontend\node_modules\react-dom\cjs\react-dom.development.js:4277:31)
    at beginWork$1 (C:\playground\Python\ai_scrapper\frontend\node_modules\react-dom\cjs\react-dom.development.js:27490:7)
    at performUnitOfWork (C:\playground\Python\ai_scrapper\frontend\node_modules\react-dom\cjs\react-dom.development.js:26599:12) Error: Element 
type is invalid: expected a string (for built-in components) or a class/function (for composite components) but got: undefined. You likely forgot to 
export your component from the file it's defined in, or you might have mixed up default and named imports.
    at createFiberFromTypeAndProps 
[90m(C:\playground\Python\ai_scrapper\frontend\[39mnode_modules\[4mreact-dom[24m\cjs\react-dom.development.js:28478:17[90m)[39m
    at createFiberFromElement 
[90m(C:\playground\Python\ai_scrapper\frontend\[39mnode_modules\[4mreact-dom[24m\cjs\react-dom.development.js:28504:15[90m)[39m
    at createChild 
[90m(C:\playground\Python\ai_scrapper\frontend\[39mnode_modules\[4mreact-dom[24m\cjs\react-dom.development.js:13345:28[90m)[39m
    at reconcileChildrenArray 
[90m(C:\playground\Python\ai_scrapper\frontend\[39mnode_modules\[4mreact-dom[24m\cjs\react-dom.development.js:13640:25[90m)[39m
    at reconcileChildFibers 
[90m(C:\playground\Python\ai_scrapper\frontend\[39mnode_modules\[4mreact-dom[24m\cjs\react-dom.development.js:14057:16[90m)[39m
    at reconcileChildren 
[90m(C:\playground\Python\ai_scrapper\frontend\[39mnode_modules\[4mreact-dom[24m\cjs\react-dom.development.js:19186:28[90m)[39m
    at updateContextProvider 
[90m(C:\playground\Python\ai_scrapper\frontend\[39mnode_modules\[4mreact-dom[24m\cjs\react-dom.development.js:21193:3[90m)[39m
    at beginWork 
[90m(C:\playground\Python\ai_scrapper\frontend\[39mnode_modules\[4mreact-dom[24m\cjs\react-dom.development.js:21688:14[90m)[39m
    at HTMLUnknownElement.callCallback 
[90m(C:\playground\Python\ai_scrapper\frontend\[39mnode_modules\[4mreact-dom[24m\cjs\react-dom.development.js:4164:14[90m)[39m
    at HTMLUnknownElement.callTheUserObjectsOperation 
[90m(C:\playground\Python\ai_scrapper\frontend\[39mnode_modules\[4mjsdom[24m\lib\jsdom\living\generated\EventListener.js:26:30[90m)[39m
The above error occurred in the <Context.Provider> component:

    at ToastProvider (C:\playground\Python\ai_scrapper\frontend\src\providers\ToastProvider.tsx:17:3)
    at Router (C:\playground\Python\ai_scrapper\frontend\node_modules\react-router\dist\development\chunk-R73PQUJU.js:414:13)
    at BrowserRouter (C:\playground\Python\ai_scrapper\frontend\node_modules\react-router\dist\development\chunk-R73PQUJU.js:872:3)
    at QueryClientProvider 
(file:///C:/playground/Python/ai_scrapper/frontend/node_modules/@tanstack/react-query/build/modern/QueryClientProvider.js:20:3)
    at AllTheProviders (C:\playground\Python\ai_scrapper\frontend\src\test\utils.tsx:11:28)

Consider adding an error boundary to your tree to customize error handling behavior.
Visit https://reactjs.org/link/error-boundaries to learn more about error boundaries.

[90mstderr[2m | src/components/__tests__/RetryButton.test.tsx[2m > [22m[2mRetryButton[2m > [22m[2mrenders with custom text[22m[39m
Warning: React.jsx: type is invalid -- expected a string (for built-in components) or a class/function (for composite components) but got: 
undefined. You likely forgot to export your component from the file it's defined in, or you might have mixed up default and named imports.

Check your code at RetryButton.test.tsx:43.
Error: Uncaught [Error: Element type is invalid: expected a string (for built-in components) or a class/function (for composite components) but got: 
undefined. You likely forgot to export your component from the file it's defined in, or you might have mixed up default and named imports.]
    at reportException (C:\playground\Python\ai_scrapper\frontend\node_modules\jsdom\lib\jsdom\living\helpers\runtime-script-errors.js:66:24)
    at innerInvokeEventListeners (C:\playground\Python\ai_scrapper\frontend\node_modules\jsdom\lib\jsdom\living\events\EventTarget-impl.js:353:9)
    at invokeEventListeners (C:\playground\Python\ai_scrapper\frontend\node_modules\jsdom\lib\jsdom\living\events\EventTarget-impl.js:286:3)
    at HTMLUnknownElementImpl._dispatch 
(C:\playground\Python\ai_scrapper\frontend\node_modules\jsdom\lib\jsdom\living\events\EventTarget-impl.js:233:9)
    at HTMLUnknownElementImpl.dispatchEvent 
(C:\playground\Python\ai_scrapper\frontend\node_modules\jsdom\lib\jsdom\living\events\EventTarget-impl.js:104:17)
    at HTMLUnknownElement.dispatchEvent 
(C:\playground\Python\ai_scrapper\frontend\node_modules\jsdom\lib\jsdom\living\generated\EventTarget.js:241:34)
    at Object.invokeGuardedCallbackDev (C:\playground\Python\ai_scrapper\frontend\node_modules\react-dom\cjs\react-dom.development.js:4213:16)
    at invokeGuardedCallback (C:\playground\Python\ai_scrapper\frontend\node_modules\react-dom\cjs\react-dom.development.js:4277:31)
    at beginWork$1 (C:\playground\Python\ai_scrapper\frontend\node_modules\react-dom\cjs\react-dom.development.js:27490:7)
    at performUnitOfWork (C:\playground\Python\ai_scrapper\frontend\node_modules\react-dom\cjs\react-dom.development.js:26599:12) Error: Element 
type is invalid: expected a string (for built-in components) or a class/function (for composite components) but got: undefined. You likely forgot to 
export your component from the file it's defined in, or you might have mixed up default and named imports.
    at createFiberFromTypeAndProps 
[90m(C:\playground\Python\ai_scrapper\frontend\[39mnode_modules\[4mreact-dom[24m\cjs\react-dom.development.js:28478:17[90m)[39m
    at createFiberFromElement 
[90m(C:\playground\Python\ai_scrapper\frontend\[39mnode_modules\[4mreact-dom[24m\cjs\react-dom.development.js:28504:15[90m)[39m
    at createChild 
[90m(C:\playground\Python\ai_scrapper\frontend\[39mnode_modules\[4mreact-dom[24m\cjs\react-dom.development.js:13345:28[90m)[39m
    at reconcileChildrenArray 
[90m(C:\playground\Python\ai_scrapper\frontend\[39mnode_modules\[4mreact-dom[24m\cjs\react-dom.development.js:13640:25[90m)[39m
    at reconcileChildFibers 
[90m(C:\playground\Python\ai_scrapper\frontend\[39mnode_modules\[4mreact-dom[24m\cjs\react-dom.development.js:14057:16[90m)[39m
    at reconcileChildren 
[90m(C:\playground\Python\ai_scrapper\frontend\[39mnode_modules\[4mreact-dom[24m\cjs\react-dom.development.js:19186:28[90m)[39m
    at updateContextProvider 
[90m(C:\playground\Python\ai_scrapper\frontend\[39mnode_modules\[4mreact-dom[24m\cjs\react-dom.development.js:21193:3[90m)[39m
    at beginWork 
[90m(C:\playground\Python\ai_scrapper\frontend\[39mnode_modules\[4mreact-dom[24m\cjs\react-dom.development.js:21688:14[90m)[39m
    at HTMLUnknownElement.callCallback 
[90m(C:\playground\Python\ai_scrapper\frontend\[39mnode_modules\[4mreact-dom[24m\cjs\react-dom.development.js:4164:14[90m)[39m
    at HTMLUnknownElement.callTheUserObjectsOperation 
[90m(C:\playground\Python\ai_scrapper\frontend\[39mnode_modules\[4mjsdom[24m\lib\jsdom\living\generated\EventListener.js:26:30[90m)[39m
Error: Uncaught [Error: Element type is invalid: expected a string (for built-in components) or a class/function (for composite components) but got: 
undefined. You likely forgot to export your component from the file it's defined in, or you might have mixed up default and named imports.]
    at reportException (C:\playground\Python\ai_scrapper\frontend\node_modules\jsdom\lib\jsdom\living\helpers\runtime-script-errors.js:66:24)
    at innerInvokeEventListeners (C:\playground\Python\ai_scrapper\frontend\node_modules\jsdom\lib\jsdom\living\events\EventTarget-impl.js:353:9)
    at invokeEventListeners (C:\playground\Python\ai_scrapper\frontend\node_modules\jsdom\lib\jsdom\living\events\EventTarget-impl.js:286:3)
    at HTMLUnknownElementImpl._dispatch 
(C:\playground\Python\ai_scrapper\frontend\node_modules\jsdom\lib\jsdom\living\events\EventTarget-impl.js:233:9)
    at HTMLUnknownElementImpl.dispatchEvent 
(C:\playground\Python\ai_scrapper\frontend\node_modules\jsdom\lib\jsdom\living\events\EventTarget-impl.js:104:17)
    at HTMLUnknownElement.dispatchEvent 
(C:\playground\Python\ai_scrapper\frontend\node_modules\jsdom\lib\jsdom\living\generated\EventTarget.js:241:34)
    at Object.invokeGuardedCallbackDev (C:\playground\Python\ai_scrapper\frontend\node_modules\react-dom\cjs\react-dom.development.js:4213:16)
    at invokeGuardedCallback (C:\playground\Python\ai_scrapper\frontend\node_modules\react-dom\cjs\react-dom.development.js:4277:31)
    at beginWork$1 (C:\playground\Python\ai_scrapper\frontend\node_modules\react-dom\cjs\react-dom.development.js:27490:7)
    at performUnitOfWork (C:\playground\Python\ai_scrapper\frontend\node_modules\react-dom\cjs\react-dom.development.js:26599:12) Error: Element 
type is invalid: expected a string (for built-in components) or a class/function (for composite components) but got: undefined. You likely forgot to 
export your component from the file it's defined in, or you might have mixed up default and named imports.
    at createFiberFromTypeAndProps 
[90m(C:\playground\Python\ai_scrapper\frontend\[39mnode_modules\[4mreact-dom[24m\cjs\react-dom.development.js:28478:17[90m)[39m
    at createFiberFromElement 
[90m(C:\playground\Python\ai_scrapper\frontend\[39mnode_modules\[4mreact-dom[24m\cjs\react-dom.development.js:28504:15[90m)[39m
    at createChild 
[90m(C:\playground\Python\ai_scrapper\frontend\[39mnode_modules\[4mreact-dom[24m\cjs\react-dom.development.js:13345:28[90m)[39m
    at reconcileChildrenArray 
[90m(C:\playground\Python\ai_scrapper\frontend\[39mnode_modules\[4mreact-dom[24m\cjs\react-dom.development.js:13640:25[90m)[39m
    at reconcileChildFibers 
[90m(C:\playground\Python\ai_scrapper\frontend\[39mnode_modules\[4mreact-dom[24m\cjs\react-dom.development.js:14057:16[90m)[39m
    at reconcileChildren 
[90m(C:\playground\Python\ai_scrapper\frontend\[39mnode_modules\[4mreact-dom[24m\cjs\react-dom.development.js:19186:28[90m)[39m
    at updateContextProvider 
[90m(C:\playground\Python\ai_scrapper\frontend\[39mnode_modules\[4mreact-dom[24m\cjs\react-dom.development.js:21193:3[90m)[39m
    at beginWork 
[90m(C:\playground\Python\ai_scrapper\frontend\[39mnode_modules\[4mreact-dom[24m\cjs\react-dom.development.js:21688:14[90m)[39m
    at HTMLUnknownElement.callCallback 
[90m(C:\playground\Python\ai_scrapper\frontend\[39mnode_modules\[4mreact-dom[24m\cjs\react-dom.development.js:4164:14[90m)[39m
    at HTMLUnknownElement.callTheUserObjectsOperation 
[90m(C:\playground\Python\ai_scrapper\frontend\[39mnode_modules\[4mjsdom[24m\lib\jsdom\living\generated\EventListener.js:26:30[90m)[39m
The above error occurred in the <Context.Provider> component:

    at ToastProvider (C:\playground\Python\ai_scrapper\frontend\src\providers\ToastProvider.tsx:17:3)
    at Router (C:\playground\Python\ai_scrapper\frontend\node_modules\react-router\dist\development\chunk-R73PQUJU.js:414:13)
    at BrowserRouter (C:\playground\Python\ai_scrapper\frontend\node_modules\react-router\dist\development\chunk-R73PQUJU.js:872:3)
    at QueryClientProvider 
(file:///C:/playground/Python/ai_scrapper/frontend/node_modules/@tanstack/react-query/build/modern/QueryClientProvider.js:20:3)
    at AllTheProviders (C:\playground\Python\ai_scrapper\frontend\src\test\utils.tsx:11:28)

Consider adding an error boundary to your tree to customize error handling behavior.
Visit https://reactjs.org/link/error-boundaries to learn more about error boundaries.

[90mstderr[2m | src/components/__tests__/RetryButton.test.tsx[2m > [22m[2mRetryButton[2m > [22m[2mhas proper accessibility 
attributes[22m[39m
Warning: React.jsx: type is invalid -- expected a string (for built-in components) or a class/function (for composite components) but got: 
undefined. You likely forgot to export your component from the file it's defined in, or you might have mixed up default and named imports.

Check your code at RetryButton.test.tsx:50.
Error: Uncaught [Error: Element type is invalid: expected a string (for built-in components) or a class/function (for composite components) but got: 
undefined. You likely forgot to export your component from the file it's defined in, or you might have mixed up default and named imports.]
    at reportException (C:\playground\Python\ai_scrapper\frontend\node_modules\jsdom\lib\jsdom\living\helpers\runtime-script-errors.js:66:24)
    at innerInvokeEventListeners (C:\playground\Python\ai_scrapper\frontend\node_modules\jsdom\lib\jsdom\living\events\EventTarget-impl.js:353:9)
    at invokeEventListeners (C:\playground\Python\ai_scrapper\frontend\node_modules\jsdom\lib\jsdom\living\events\EventTarget-impl.js:286:3)
    at HTMLUnknownElementImpl._dispatch 
(C:\playground\Python\ai_scrapper\frontend\node_modules\jsdom\lib\jsdom\living\events\EventTarget-impl.js:233:9)
    at HTMLUnknownElementImpl.dispatchEvent 
(C:\playground\Python\ai_scrapper\frontend\node_modules\jsdom\lib\jsdom\living\events\EventTarget-impl.js:104:17)
    at HTMLUnknownElement.dispatchEvent 
(C:\playground\Python\ai_scrapper\frontend\node_modules\jsdom\lib\jsdom\living\generated\EventTarget.js:241:34)
    at Object.invokeGuardedCallbackDev (C:\playground\Python\ai_scrapper\frontend\node_modules\react-dom\cjs\react-dom.development.js:4213:16)
    at invokeGuardedCallback (C:\playground\Python\ai_scrapper\frontend\node_modules\react-dom\cjs\react-dom.development.js:4277:31)
    at beginWork$1 (C:\playground\Python\ai_scrapper\frontend\node_modules\react-dom\cjs\react-dom.development.js:27490:7)
    at performUnitOfWork (C:\playground\Python\ai_scrapper\frontend\node_modules\react-dom\cjs\react-dom.development.js:26599:12) Error: Element 
type is invalid: expected a string (for built-in components) or a class/function (for composite components) but got: undefined. You likely forgot to 
export your component from the file it's defined in, or you might have mixed up default and named imports.
    at createFiberFromTypeAndProps 
[90m(C:\playground\Python\ai_scrapper\frontend\[39mnode_modules\[4mreact-dom[24m\cjs\react-dom.development.js:28478:17[90m)[39m
    at createFiberFromElement 
[90m(C:\playground\Python\ai_scrapper\frontend\[39mnode_modules\[4mreact-dom[24m\cjs\react-dom.development.js:28504:15[90m)[39m
    at createChild 
[90m(C:\playground\Python\ai_scrapper\frontend\[39mnode_modules\[4mreact-dom[24m\cjs\react-dom.development.js:13345:28[90m)[39m
    at reconcileChildrenArray 
[90m(C:\playground\Python\ai_scrapper\frontend\[39mnode_modules\[4mreact-dom[24m\cjs\react-dom.development.js:13640:25[90m)[39m
    at reconcileChildFibers 
[90m(C:\playground\Python\ai_scrapper\frontend\[39mnode_modules\[4mreact-dom[24m\cjs\react-dom.development.js:14057:16[90m)[39m
    at reconcileChildren 
[90m(C:\playground\Python\ai_scrapper\frontend\[39mnode_modules\[4mreact-dom[24m\cjs\react-dom.development.js:19186:28[90m)[39m
    at updateContextProvider 
[90m(C:\playground\Python\ai_scrapper\frontend\[39mnode_modules\[4mreact-dom[24m\cjs\react-dom.development.js:21193:3[90m)[39m
    at beginWork 
[90m(C:\playground\Python\ai_scrapper\frontend\[39mnode_modules\[4mreact-dom[24m\cjs\react-dom.development.js:21688:14[90m)[39m
    at HTMLUnknownElement.callCallback 
[90m(C:\playground\Python\ai_scrapper\frontend\[39mnode_modules\[4mreact-dom[24m\cjs\react-dom.development.js:4164:14[90m)[39m
    at HTMLUnknownElement.callTheUserObjectsOperation 
[90m(C:\playground\Python\ai_scrapper\frontend\[39mnode_modules\[4mjsdom[24m\lib\jsdom\living\generated\EventListener.js:26:30[90m)[39m
Error: Uncaught [Error: Element type is invalid: expected a string (for built-in components) or a class/function (for composite components) but got: 
undefined. You likely forgot to export your component from the file it's defined in, or you might have mixed up default and named imports.]
    at reportException (C:\playground\Python\ai_scrapper\frontend\node_modules\jsdom\lib\jsdom\living\helpers\runtime-script-errors.js:66:24)
    at innerInvokeEventListeners (C:\playground\Python\ai_scrapper\frontend\node_modules\jsdom\lib\jsdom\living\events\EventTarget-impl.js:353:9)
    at invokeEventListeners (C:\playground\Python\ai_scrapper\frontend\node_modules\jsdom\lib\jsdom\living\events\EventTarget-impl.js:286:3)
    at HTMLUnknownElementImpl._dispatch 
(C:\playground\Python\ai_scrapper\frontend\node_modules\jsdom\lib\jsdom\living\events\EventTarget-impl.js:233:9)
    at HTMLUnknownElementImpl.dispatchEvent 
(C:\playground\Python\ai_scrapper\frontend\node_modules\jsdom\lib\jsdom\living\events\EventTarget-impl.js:104:17)
    at HTMLUnknownElement.dispatchEvent 
(C:\playground\Python\ai_scrapper\frontend\node_modules\jsdom\lib\jsdom\living\generated\EventTarget.js:241:34)
    at Object.invokeGuardedCallbackDev (C:\playground\Python\ai_scrapper\frontend\node_modules\react-dom\cjs\react-dom.development.js:4213:16)
    at invokeGuardedCallback (C:\playground\Python\ai_scrapper\frontend\node_modules\react-dom\cjs\react-dom.development.js:4277:31)
    at beginWork$1 (C:\playground\Python\ai_scrapper\frontend\node_modules\react-dom\cjs\react-dom.development.js:27490:7)
    at performUnitOfWork (C:\playground\Python\ai_scrapper\frontend\node_modules\react-dom\cjs\react-dom.development.js:26599:12) Error: Element 
type is invalid: expected a string (for built-in components) or a class/function (for composite components) but got: undefined. You likely forgot to 
export your component from the file it's defined in, or you might have mixed up default and named imports.
    at createFiberFromTypeAndProps 
[90m(C:\playground\Python\ai_scrapper\frontend\[39mnode_modules\[4mreact-dom[24m\cjs\react-dom.development.js:28478:17[90m)[39m
    at createFiberFromElement 
[90m(C:\playground\Python\ai_scrapper\frontend\[39mnode_modules\[4mreact-dom[24m\cjs\react-dom.development.js:28504:15[90m)[39m
    at createChild 
[90m(C:\playground\Python\ai_scrapper\frontend\[39mnode_modules\[4mreact-dom[24m\cjs\react-dom.development.js:13345:28[90m)[39m
    at reconcileChildrenArray 
[90m(C:\playground\Python\ai_scrapper\frontend\[39mnode_modules\[4mreact-dom[24m\cjs\react-dom.development.js:13640:25[90m)[39m
    at reconcileChildFibers 
[90m(C:\playground\Python\ai_scrapper\frontend\[39mnode_modules\[4mreact-dom[24m\cjs\react-dom.development.js:14057:16[90m)[39m
    at reconcileChildren 
[90m(C:\playground\Python\ai_scrapper\frontend\[39mnode_modules\[4mreact-dom[24m\cjs\react-dom.development.js:19186:28[90m)[39m
    at updateContextProvider 
[90m(C:\playground\Python\ai_scrapper\frontend\[39mnode_modules\[4mreact-dom[24m\cjs\react-dom.development.js:21193:3[90m)[39m
    at beginWork 
[90m(C:\playground\Python\ai_scrapper\frontend\[39mnode_modules\[4mreact-dom[24m\cjs\react-dom.development.js:21688:14[90m)[39m
    at HTMLUnknownElement.callCallback 
[90m(C:\playground\Python\ai_scrapper\frontend\[39mnode_modules\[4mreact-dom[24m\cjs\react-dom.development.js:4164:14[90m)[39m
    at HTMLUnknownElement.callTheUserObjectsOperation 
[90m(C:\playground\Python\ai_scrapper\frontend\[39mnode_modules\[4mjsdom[24m\lib\jsdom\living\generated\EventListener.js:26:30[90m)[39m
The above error occurred in the <Context.Provider> component:

    at ToastProvider (C:\playground\Python\ai_scrapper\frontend\src\providers\ToastProvider.tsx:17:3)
    at Router (C:\playground\Python\ai_scrapper\frontend\node_modules\react-router\dist\development\chunk-R73PQUJU.js:414:13)
    at BrowserRouter (C:\playground\Python\ai_scrapper\frontend\node_modules\react-router\dist\development\chunk-R73PQUJU.js:872:3)
    at QueryClientProvider 
(file:///C:/playground/Python/ai_scrapper/frontend/node_modules/@tanstack/react-query/build/modern/QueryClientProvider.js:20:3)
    at AllTheProviders (C:\playground\Python\ai_scrapper\frontend\src\test\utils.tsx:11:28)

Consider adding an error boundary to your tree to customize error handling behavior.
Visit https://reactjs.org/link/error-boundaries to learn more about error boundaries.

 [33mΓ¥»[39m src/components/__tests__/ErrorMessage.test.tsx [2m ([22m[2m5 tests[22m [2m|[22m [31m5 failed[39m[2m)[22m[90m 117[2mms[22m[39m
[31m   [33mΓ¥»[31m src/components/__tests__/ErrorMessage.test.tsx[2m > [22mErrorMessage[2m > [22mrenders error message correctly[39m
[31m     ΓåÆ Element type is invalid: expected a string (for built-in components) or a class/function (for composite components) but got: undefined. You likely forgot to export your component from the file it's defined in, or you might have mixed up default and named imports.[39m
[31m   [33mΓ¥»[31m src/components/__tests__/ErrorMessage.test.tsx[2m > [22mErrorMessage[2m > [22mrenders with retry button when onRetry is provided[39m
[31m     ΓåÆ Element type is invalid: expected a string (for built-in components) or a class/function (for composite components) but got: undefined. You likely forgot to export your component from the file it's defined in, or you might have mixed up default and named imports.[39m
[31m   [33mΓ¥»[31m src/components/__tests__/ErrorMessage.test.tsx[2m > [22mErrorMessage[2m > [22mrenders without retry button when onRetry is not provided[39m
[31m     ΓåÆ Element type is invalid: expected a string (for built-in components) or a class/function (for composite components) but got: undefined. You likely forgot to export your component from the file it's defined in, or you might have mixed up default and named imports.[39m
[31m   [33mΓ¥»[31m src/components/__tests__/ErrorMessage.test.tsx[2m > [22mErrorMessage[2m > [22mhas proper accessibility attributes[39m
[31m     ΓåÆ Element type is invalid: expected a string (for built-in components) or a class/function (for composite components) but got: undefined. You likely forgot to export your component from the file it's defined in, or you might have mixed up default and named imports.[39m
[31m   [33mΓ¥»[31m src/components/__tests__/ErrorMessage.test.tsx[2m > [22mErrorMessage[2m > [22mrenders with different variants[39m
[31m     ΓåÆ Element type is invalid: expected a string (for built-in components) or a class/function (for composite components) but got: undefined. You likely forgot to export your component from the file it's defined in, or you might have mixed up default and named imports.[39m
[90mstderr[2m | src/components/__tests__/ErrorMessage.test.tsx[2m > [22m[2mErrorMessage[2m > [22m[2mrenders error message correctly[22m[39m
Warning: React.jsx: type is invalid -- expected a string (for built-in components) or a class/function (for composite components) but got: 
undefined. You likely forgot to export your component from the file it's defined in, or you might have mixed up default and named imports.

Check your code at ErrorMessage.test.tsx:7.
Error: Uncaught [Error: Element type is invalid: expected a string (for built-in components) or a class/function (for composite components) but got: 
undefined. You likely forgot to export your component from the file it's defined in, or you might have mixed up default and named imports.]
    at reportException (C:\playground\Python\ai_scrapper\frontend\node_modules\jsdom\lib\jsdom\living\helpers\runtime-script-errors.js:66:24)
    at innerInvokeEventListeners (C:\playground\Python\ai_scrapper\frontend\node_modules\jsdom\lib\jsdom\living\events\EventTarget-impl.js:353:9)
    at invokeEventListeners (C:\playground\Python\ai_scrapper\frontend\node_modules\jsdom\lib\jsdom\living\events\EventTarget-impl.js:286:3)
    at HTMLUnknownElementImpl._dispatch 
(C:\playground\Python\ai_scrapper\frontend\node_modules\jsdom\lib\jsdom\living\events\EventTarget-impl.js:233:9)
    at HTMLUnknownElementImpl.dispatchEvent 
(C:\playground\Python\ai_scrapper\frontend\node_modules\jsdom\lib\jsdom\living\events\EventTarget-impl.js:104:17)
    at HTMLUnknownElement.dispatchEvent 
(C:\playground\Python\ai_scrapper\frontend\node_modules\jsdom\lib\jsdom\living\generated\EventTarget.js:241:34)
    at Object.invokeGuardedCallbackDev (C:\playground\Python\ai_scrapper\frontend\node_modules\react-dom\cjs\react-dom.development.js:4213:16)
    at invokeGuardedCallback (C:\playground\Python\ai_scrapper\frontend\node_modules\react-dom\cjs\react-dom.development.js:4277:31)
    at beginWork$1 (C:\playground\Python\ai_scrapper\frontend\node_modules\react-dom\cjs\react-dom.development.js:27490:7)
    at performUnitOfWork (C:\playground\Python\ai_scrapper\frontend\node_modules\react-dom\cjs\react-dom.development.js:26599:12) Error: Element 
type is invalid: expected a string (for built-in components) or a class/function (for composite components) but got: undefined. You likely forgot to 
export your component from the file it's defined in, or you might have mixed up default and named imports.
    at createFiberFromTypeAndProps 
[90m(C:\playground\Python\ai_scrapper\frontend\[39mnode_modules\[4mreact-dom[24m\cjs\react-dom.development.js:28478:17[90m)[39m
    at createFiberFromElement 
[90m(C:\playground\Python\ai_scrapper\frontend\[39mnode_modules\[4mreact-dom[24m\cjs\react-dom.development.js:28504:15[90m)[39m
    at createChild 
[90m(C:\playground\Python\ai_scrapper\frontend\[39mnode_modules\[4mreact-dom[24m\cjs\react-dom.development.js:13345:28[90m)[39m
    at reconcileChildrenArray 
[90m(C:\playground\Python\ai_scrapper\frontend\[39mnode_modules\[4mreact-dom[24m\cjs\react-dom.development.js:13640:25[90m)[39m
    at reconcileChildFibers 
[90m(C:\playground\Python\ai_scrapper\frontend\[39mnode_modules\[4mreact-dom[24m\cjs\react-dom.development.js:14057:16[90m)[39m
    at reconcileChildren 
[90m(C:\playground\Python\ai_scrapper\frontend\[39mnode_modules\[4mreact-dom[24m\cjs\react-dom.development.js:19186:28[90m)[39m
    at updateContextProvider 
[90m(C:\playground\Python\ai_scrapper\frontend\[39mnode_modules\[4mreact-dom[24m\cjs\react-dom.development.js:21193:3[90m)[39m
    at beginWork 
[90m(C:\playground\Python\ai_scrapper\frontend\[39mnode_modules\[4mreact-dom[24m\cjs\react-dom.development.js:21688:14[90m)[39m
    at HTMLUnknownElement.callCallback 
[90m(C:\playground\Python\ai_scrapper\frontend\[39mnode_modules\[4mreact-dom[24m\cjs\react-dom.development.js:4164:14[90m)[39m
    at HTMLUnknownElement.callTheUserObjectsOperation 
[90m(C:\playground\Python\ai_scrapper\frontend\[39mnode_modules\[4mjsdom[24m\lib\jsdom\living\generated\EventListener.js:26:30[90m)[39m
Error: Uncaught [Error: Element type is invalid: expected a string (for built-in components) or a class/function (for composite components) but got: 
undefined. You likely forgot to export your component from the file it's defined in, or you might have mixed up default and named imports.]
    at reportException (C:\playground\Python\ai_scrapper\frontend\node_modules\jsdom\lib\jsdom\living\helpers\runtime-script-errors.js:66:24)
    at innerInvokeEventListeners (C:\playground\Python\ai_scrapper\frontend\node_modules\jsdom\lib\jsdom\living\events\EventTarget-impl.js:353:9)
    at invokeEventListeners (C:\playground\Python\ai_scrapper\frontend\node_modules\jsdom\lib\jsdom\living\events\EventTarget-impl.js:286:3)
    at HTMLUnknownElementImpl._dispatch 
(C:\playground\Python\ai_scrapper\frontend\node_modules\jsdom\lib\jsdom\living\events\EventTarget-impl.js:233:9)
    at HTMLUnknownElementImpl.dispatchEvent 
(C:\playground\Python\ai_scrapper\frontend\node_modules\jsdom\lib\jsdom\living\events\EventTarget-impl.js:104:17)
    at HTMLUnknownElement.dispatchEvent 
(C:\playground\Python\ai_scrapper\frontend\node_modules\jsdom\lib\jsdom\living\generated\EventTarget.js:241:34)
    at Object.invokeGuardedCallbackDev (C:\playground\Python\ai_scrapper\frontend\node_modules\react-dom\cjs\react-dom.development.js:4213:16)
    at invokeGuardedCallback (C:\playground\Python\ai_scrapper\frontend\node_modules\react-dom\cjs\react-dom.development.js:4277:31)
    at beginWork$1 (C:\playground\Python\ai_scrapper\frontend\node_modules\react-dom\cjs\react-dom.development.js:27490:7)
    at performUnitOfWork (C:\playground\Python\ai_scrapper\frontend\node_modules\react-dom\cjs\react-dom.development.js:26599:12) Error: Element 
type is invalid: expected a string (for built-in components) or a class/function (for composite components) but got: undefined. You likely forgot to 
export your component from the file it's defined in, or you might have mixed up default and named imports.
    at createFiberFromTypeAndProps 
[90m(C:\playground\Python\ai_scrapper\frontend\[39mnode_modules\[4mreact-dom[24m\cjs\react-dom.development.js:28478:17[90m)[39m
    at createFiberFromElement 
[90m(C:\playground\Python\ai_scrapper\frontend\[39mnode_modules\[4mreact-dom[24m\cjs\react-dom.development.js:28504:15[90m)[39m
    at createChild 
[90m(C:\playground\Python\ai_scrapper\frontend\[39mnode_modules\[4mreact-dom[24m\cjs\react-dom.development.js:13345:28[90m)[39m
    at reconcileChildrenArray 
[90m(C:\playground\Python\ai_scrapper\frontend\[39mnode_modules\[4mreact-dom[24m\cjs\react-dom.development.js:13640:25[90m)[39m
    at reconcileChildFibers 
[90m(C:\playground\Python\ai_scrapper\frontend\[39mnode_modules\[4mreact-dom[24m\cjs\react-dom.development.js:14057:16[90m)[39m
    at reconcileChildren 
[90m(C:\playground\Python\ai_scrapper\frontend\[39mnode_modules\[4mreact-dom[24m\cjs\react-dom.development.js:19186:28[90m)[39m
    at updateContextProvider 
[90m(C:\playground\Python\ai_scrapper\frontend\[39mnode_modules\[4mreact-dom[24m\cjs\react-dom.development.js:21193:3[90m)[39m
    at beginWork 
[90m(C:\playground\Python\ai_scrapper\frontend\[39mnode_modules\[4mreact-dom[24m\cjs\react-dom.development.js:21688:14[90m)[39m
    at HTMLUnknownElement.callCallback 
[90m(C:\playground\Python\ai_scrapper\frontend\[39mnode_modules\[4mreact-dom[24m\cjs\react-dom.development.js:4164:14[90m)[39m
    at HTMLUnknownElement.callTheUserObjectsOperation 
[90m(C:\playground\Python\ai_scrapper\frontend\[39mnode_modules\[4mjsdom[24m\lib\jsdom\living\generated\EventListener.js:26:30[90m)[39m
The above error occurred in the <Context.Provider> component:

    at ToastProvider (C:\playground\Python\ai_scrapper\frontend\src\providers\ToastProvider.tsx:17:3)
    at Router (C:\playground\Python\ai_scrapper\frontend\node_modules\react-router\dist\development\chunk-R73PQUJU.js:414:13)
    at BrowserRouter (C:\playground\Python\ai_scrapper\frontend\node_modules\react-router\dist\development\chunk-R73PQUJU.js:872:3)
    at QueryClientProvider 
(file:///C:/playground/Python/ai_scrapper/frontend/node_modules/@tanstack/react-query/build/modern/QueryClientProvider.js:20:3)
    at AllTheProviders (C:\playground\Python\ai_scrapper\frontend\src\test\utils.tsx:11:28)

Consider adding an error boundary to your tree to customize error handling behavior.
Visit https://reactjs.org/link/error-boundaries to learn more about error boundaries.

[90mstderr[2m | src/components/__tests__/ErrorMessage.test.tsx[2m > [22m[2mErrorMessage[2m > [22m[2mrenders with retry button when onRetry 
is provided[22m[39m
Warning: React.jsx: type is invalid -- expected a string (for built-in components) or a class/function (for composite components) but got: 
undefined. You likely forgot to export your component from the file it's defined in, or you might have mixed up default and named imports.

Check your code at ErrorMessage.test.tsx:15.
Error: Uncaught [Error: Element type is invalid: expected a string (for built-in components) or a class/function (for composite components) but got: 
undefined. You likely forgot to export your component from the file it's defined in, or you might have mixed up default and named imports.]
    at reportException (C:\playground\Python\ai_scrapper\frontend\node_modules\jsdom\lib\jsdom\living\helpers\runtime-script-errors.js:66:24)
    at innerInvokeEventListeners (C:\playground\Python\ai_scrapper\frontend\node_modules\jsdom\lib\jsdom\living\events\EventTarget-impl.js:353:9)
    at invokeEventListeners (C:\playground\Python\ai_scrapper\frontend\node_modules\jsdom\lib\jsdom\living\events\EventTarget-impl.js:286:3)
    at HTMLUnknownElementImpl._dispatch 
(C:\playground\Python\ai_scrapper\frontend\node_modules\jsdom\lib\jsdom\living\events\EventTarget-impl.js:233:9)
    at HTMLUnknownElementImpl.dispatchEvent 
(C:\playground\Python\ai_scrapper\frontend\node_modules\jsdom\lib\jsdom\living\events\EventTarget-impl.js:104:17)
    at HTMLUnknownElement.dispatchEvent 
(C:\playground\Python\ai_scrapper\frontend\node_modules\jsdom\lib\jsdom\living\generated\EventTarget.js:241:34)
    at Object.invokeGuardedCallbackDev (C:\playground\Python\ai_scrapper\frontend\node_modules\react-dom\cjs\react-dom.development.js:4213:16)
    at invokeGuardedCallback (C:\playground\Python\ai_scrapper\frontend\node_modules\react-dom\cjs\react-dom.development.js:4277:31)
    at beginWork$1 (C:\playground\Python\ai_scrapper\frontend\node_modules\react-dom\cjs\react-dom.development.js:27490:7)
    at performUnitOfWork (C:\playground\Python\ai_scrapper\frontend\node_modules\react-dom\cjs\react-dom.development.js:26599:12) Error: Element 
type is invalid: expected a string (for built-in components) or a class/function (for composite components) but got: undefined. You likely forgot to 
export your component from the file it's defined in, or you might have mixed up default and named imports.
    at createFiberFromTypeAndProps 
[90m(C:\playground\Python\ai_scrapper\frontend\[39mnode_modules\[4mreact-dom[24m\cjs\react-dom.development.js:28478:17[90m)[39m
    at createFiberFromElement 
[90m(C:\playground\Python\ai_scrapper\frontend\[39mnode_modules\[4mreact-dom[24m\cjs\react-dom.development.js:28504:15[90m)[39m
    at createChild 
[90m(C:\playground\Python\ai_scrapper\frontend\[39mnode_modules\[4mreact-dom[24m\cjs\react-dom.development.js:13345:28[90m)[39m
    at reconcileChildrenArray 
[90m(C:\playground\Python\ai_scrapper\frontend\[39mnode_modules\[4mreact-dom[24m\cjs\react-dom.development.js:13640:25[90m)[39m
    at reconcileChildFibers 
[90m(C:\playground\Python\ai_scrapper\frontend\[39mnode_modules\[4mreact-dom[24m\cjs\react-dom.development.js:14057:16[90m)[39m
    at reconcileChildren 
[90m(C:\playground\Python\ai_scrapper\frontend\[39mnode_modules\[4mreact-dom[24m\cjs\react-dom.development.js:19186:28[90m)[39m
    at updateContextProvider 
[90m(C:\playground\Python\ai_scrapper\frontend\[39mnode_modules\[4mreact-dom[24m\cjs\react-dom.development.js:21193:3[90m)[39m
    at beginWork 
[90m(C:\playground\Python\ai_scrapper\frontend\[39mnode_modules\[4mreact-dom[24m\cjs\react-dom.development.js:21688:14[90m)[39m
    at HTMLUnknownElement.callCallback 
[90m(C:\playground\Python\ai_scrapper\frontend\[39mnode_modules\[4mreact-dom[24m\cjs\react-dom.development.js:4164:14[90m)[39m
    at HTMLUnknownElement.callTheUserObjectsOperation 
[90m(C:\playground\Python\ai_scrapper\frontend\[39mnode_modules\[4mjsdom[24m\lib\jsdom\living\generated\EventListener.js:26:30[90m)[39m
Error: Uncaught [Error: Element type is invalid: expected a string (for built-in components) or a class/function (for composite components) but got: 
undefined. You likely forgot to export your component from the file it's defined in, or you might have mixed up default and named imports.]
    at reportException (C:\playground\Python\ai_scrapper\frontend\node_modules\jsdom\lib\jsdom\living\helpers\runtime-script-errors.js:66:24)
    at innerInvokeEventListeners (C:\playground\Python\ai_scrapper\frontend\node_modules\jsdom\lib\jsdom\living\events\EventTarget-impl.js:353:9)
    at invokeEventListeners (C:\playground\Python\ai_scrapper\frontend\node_modules\jsdom\lib\jsdom\living\events\EventTarget-impl.js:286:3)
    at HTMLUnknownElementImpl._dispatch 
(C:\playground\Python\ai_scrapper\frontend\node_modules\jsdom\lib\jsdom\living\events\EventTarget-impl.js:233:9)
    at HTMLUnknownElementImpl.dispatchEvent 
(C:\playground\Python\ai_scrapper\frontend\node_modules\jsdom\lib\jsdom\living\events\EventTarget-impl.js:104:17)
    at HTMLUnknownElement.dispatchEvent 
(C:\playground\Python\ai_scrapper\frontend\node_modules\jsdom\lib\jsdom\living\generated\EventTarget.js:241:34)
    at Object.invokeGuardedCallbackDev (C:\playground\Python\ai_scrapper\frontend\node_modules\react-dom\cjs\react-dom.development.js:4213:16)
    at invokeGuardedCallback (C:\playground\Python\ai_scrapper\frontend\node_modules\react-dom\cjs\react-dom.development.js:4277:31)
    at beginWork$1 (C:\playground\Python\ai_scrapper\frontend\node_modules\react-dom\cjs\react-dom.development.js:27490:7)
    at performUnitOfWork (C:\playground\Python\ai_scrapper\frontend\node_modules\react-dom\cjs\react-dom.development.js:26599:12) Error: Element 
type is invalid: expected a string (for built-in components) or a class/function (for composite components) but got: undefined. You likely forgot to 
export your component from the file it's defined in, or you might have mixed up default and named imports.
    at createFiberFromTypeAndProps 
[90m(C:\playground\Python\ai_scrapper\frontend\[39mnode_modules\[4mreact-dom[24m\cjs\react-dom.development.js:28478:17[90m)[39m
    at createFiberFromElement 
[90m(C:\playground\Python\ai_scrapper\frontend\[39mnode_modules\[4mreact-dom[24m\cjs\react-dom.development.js:28504:15[90m)[39m
    at createChild 
[90m(C:\playground\Python\ai_scrapper\frontend\[39mnode_modules\[4mreact-dom[24m\cjs\react-dom.development.js:13345:28[90m)[39m
    at reconcileChildrenArray 
[90m(C:\playground\Python\ai_scrapper\frontend\[39mnode_modules\[4mreact-dom[24m\cjs\react-dom.development.js:13640:25[90m)[39m
    at reconcileChildFibers 
[90m(C:\playground\Python\ai_scrapper\frontend\[39mnode_modules\[4mreact-dom[24m\cjs\react-dom.development.js:14057:16[90m)[39m
    at reconcileChildren 
[90m(C:\playground\Python\ai_scrapper\frontend\[39mnode_modules\[4mreact-dom[24m\cjs\react-dom.development.js:19186:28[90m)[39m
    at updateContextProvider 
[90m(C:\playground\Python\ai_scrapper\frontend\[39mnode_modules\[4mreact-dom[24m\cjs\react-dom.development.js:21193:3[90m)[39m
    at beginWork 
[90m(C:\playground\Python\ai_scrapper\frontend\[39mnode_modules\[4mreact-dom[24m\cjs\react-dom.development.js:21688:14[90m)[39m
    at HTMLUnknownElement.callCallback 
[90m(C:\playground\Python\ai_scrapper\frontend\[39mnode_modules\[4mreact-dom[24m\cjs\react-dom.development.js:4164:14[90m)[39m
    at HTMLUnknownElement.callTheUserObjectsOperation 
[90m(C:\playground\Python\ai_scrapper\frontend\[39mnode_modules\[4mjsdom[24m\lib\jsdom\living\generated\EventListener.js:26:30[90m)[39m
The above error occurred in the <Context.Provider> component:

    at ToastProvider (C:\playground\Python\ai_scrapper\frontend\src\providers\ToastProvider.tsx:17:3)
    at Router (C:\playground\Python\ai_scrapper\frontend\node_modules\react-router\dist\development\chunk-R73PQUJU.js:414:13)
    at BrowserRouter (C:\playground\Python\ai_scrapper\frontend\node_modules\react-router\dist\development\chunk-R73PQUJU.js:872:3)
    at QueryClientProvider 
(file:///C:/playground/Python/ai_scrapper/frontend/node_modules/@tanstack/react-query/build/modern/QueryClientProvider.js:20:3)
    at AllTheProviders (C:\playground\Python\ai_scrapper\frontend\src\test\utils.tsx:11:28)

Consider adding an error boundary to your tree to customize error handling behavior.
Visit https://reactjs.org/link/error-boundaries to learn more about error boundaries.

[90mstderr[2m | src/components/__tests__/ErrorMessage.test.tsx[2m > [22m[2mErrorMessage[2m > [22m[2mrenders without retry button when 
onRetry is not provided[22m[39m
Warning: React.jsx: type is invalid -- expected a string (for built-in components) or a class/function (for composite components) but got: 
undefined. You likely forgot to export your component from the file it's defined in, or you might have mixed up default and named imports.

Check your code at ErrorMessage.test.tsx:25.
Error: Uncaught [Error: Element type is invalid: expected a string (for built-in components) or a class/function (for composite components) but got: 
undefined. You likely forgot to export your component from the file it's defined in, or you might have mixed up default and named imports.]
    at reportException (C:\playground\Python\ai_scrapper\frontend\node_modules\jsdom\lib\jsdom\living\helpers\runtime-script-errors.js:66:24)
    at innerInvokeEventListeners (C:\playground\Python\ai_scrapper\frontend\node_modules\jsdom\lib\jsdom\living\events\EventTarget-impl.js:353:9)
    at invokeEventListeners (C:\playground\Python\ai_scrapper\frontend\node_modules\jsdom\lib\jsdom\living\events\EventTarget-impl.js:286:3)
    at HTMLUnknownElementImpl._dispatch 
(C:\playground\Python\ai_scrapper\frontend\node_modules\jsdom\lib\jsdom\living\events\EventTarget-impl.js:233:9)
    at HTMLUnknownElementImpl.dispatchEvent 
(C:\playground\Python\ai_scrapper\frontend\node_modules\jsdom\lib\jsdom\living\events\EventTarget-impl.js:104:17)
    at HTMLUnknownElement.dispatchEvent 
(C:\playground\Python\ai_scrapper\frontend\node_modules\jsdom\lib\jsdom\living\generated\EventTarget.js:241:34)
    at Object.invokeGuardedCallbackDev (C:\playground\Python\ai_scrapper\frontend\node_modules\react-dom\cjs\react-dom.development.js:4213:16)
    at invokeGuardedCallback (C:\playground\Python\ai_scrapper\frontend\node_modules\react-dom\cjs\react-dom.development.js:4277:31)
    at beginWork$1 (C:\playground\Python\ai_scrapper\frontend\node_modules\react-dom\cjs\react-dom.development.js:27490:7)
    at performUnitOfWork (C:\playground\Python\ai_scrapper\frontend\node_modules\react-dom\cjs\react-dom.development.js:26599:12) Error: Element 
type is invalid: expected a string (for built-in components) or a class/function (for composite components) but got: undefined. You likely forgot to 
export your component from the file it's defined in, or you might have mixed up default and named imports.
    at createFiberFromTypeAndProps 
[90m(C:\playground\Python\ai_scrapper\frontend\[39mnode_modules\[4mreact-dom[24m\cjs\react-dom.development.js:28478:17[90m)[39m
    at createFiberFromElement 
[90m(C:\playground\Python\ai_scrapper\frontend\[39mnode_modules\[4mreact-dom[24m\cjs\react-dom.development.js:28504:15[90m)[39m
    at createChild 
[90m(C:\playground\Python\ai_scrapper\frontend\[39mnode_modules\[4mreact-dom[24m\cjs\react-dom.development.js:13345:28[90m)[39m
    at reconcileChildrenArray 
[90m(C:\playground\Python\ai_scrapper\frontend\[39mnode_modules\[4mreact-dom[24m\cjs\react-dom.development.js:13640:25[90m)[39m
    at reconcileChildFibers 
[90m(C:\playground\Python\ai_scrapper\frontend\[39mnode_modules\[4mreact-dom[24m\cjs\react-dom.development.js:14057:16[90m)[39m
    at reconcileChildren 
[90m(C:\playground\Python\ai_scrapper\frontend\[39mnode_modules\[4mreact-dom[24m\cjs\react-dom.development.js:19186:28[90m)[39m
    at updateContextProvider 
[90m(C:\playground\Python\ai_scrapper\frontend\[39mnode_modules\[4mreact-dom[24m\cjs\react-dom.development.js:21193:3[90m)[39m
    at beginWork 
[90m(C:\playground\Python\ai_scrapper\frontend\[39mnode_modules\[4mreact-dom[24m\cjs\react-dom.development.js:21688:14[90m)[39m
    at HTMLUnknownElement.callCallback 
[90m(C:\playground\Python\ai_scrapper\frontend\[39mnode_modules\[4mreact-dom[24m\cjs\react-dom.development.js:4164:14[90m)[39m
    at HTMLUnknownElement.callTheUserObjectsOperation 
[90m(C:\playground\Python\ai_scrapper\frontend\[39mnode_modules\[4mjsdom[24m\lib\jsdom\living\generated\EventListener.js:26:30[90m)[39m
Error: Uncaught [Error: Element type is invalid: expected a string (for built-in components) or a class/function (for composite components) but got: 
undefined. You likely forgot to export your component from the file it's defined in, or you might have mixed up default and named imports.]
    at reportException (C:\playground\Python\ai_scrapper\frontend\node_modules\jsdom\lib\jsdom\living\helpers\runtime-script-errors.js:66:24)
    at innerInvokeEventListeners (C:\playground\Python\ai_scrapper\frontend\node_modules\jsdom\lib\jsdom\living\events\EventTarget-impl.js:353:9)
    at invokeEventListeners (C:\playground\Python\ai_scrapper\frontend\node_modules\jsdom\lib\jsdom\living\events\EventTarget-impl.js:286:3)
    at HTMLUnknownElementImpl._dispatch 
(C:\playground\Python\ai_scrapper\frontend\node_modules\jsdom\lib\jsdom\living\events\EventTarget-impl.js:233:9)
    at HTMLUnknownElementImpl.dispatchEvent 
(C:\playground\Python\ai_scrapper\frontend\node_modules\jsdom\lib\jsdom\living\events\EventTarget-impl.js:104:17)
    at HTMLUnknownElement.dispatchEvent 
(C:\playground\Python\ai_scrapper\frontend\node_modules\jsdom\lib\jsdom\living\generated\EventTarget.js:241:34)
    at Object.invokeGuardedCallbackDev (C:\playground\Python\ai_scrapper\frontend\node_modules\react-dom\cjs\react-dom.development.js:4213:16)
    at invokeGuardedCallback (C:\playground\Python\ai_scrapper\frontend\node_modules\react-dom\cjs\react-dom.development.js:4277:31)
    at beginWork$1 (C:\playground\Python\ai_scrapper\frontend\node_modules\react-dom\cjs\react-dom.development.js:27490:7)
    at performUnitOfWork (C:\playground\Python\ai_scrapper\frontend\node_modules\react-dom\cjs\react-dom.development.js:26599:12) Error: Element 
type is invalid: expected a string (for built-in components) or a class/function (for composite components) but got: undefined. You likely forgot to 
export your component from the file it's defined in, or you might have mixed up default and named imports.
    at createFiberFromTypeAndProps 
[90m(C:\playground\Python\ai_scrapper\frontend\[39mnode_modules\[4mreact-dom[24m\cjs\react-dom.development.js:28478:17[90m)[39m
    at createFiberFromElement 
[90m(C:\playground\Python\ai_scrapper\frontend\[39mnode_modules\[4mreact-dom[24m\cjs\react-dom.development.js:28504:15[90m)[39m
    at createChild 
[90m(C:\playground\Python\ai_scrapper\frontend\[39mnode_modules\[4mreact-dom[24m\cjs\react-dom.development.js:13345:28[90m)[39m
    at reconcileChildrenArray 
[90m(C:\playground\Python\ai_scrapper\frontend\[39mnode_modules\[4mreact-dom[24m\cjs\react-dom.development.js:13640:25[90m)[39m
    at reconcileChildFibers 
[90m(C:\playground\Python\ai_scrapper\frontend\[39mnode_modules\[4mreact-dom[24m\cjs\react-dom.development.js:14057:16[90m)[39m
    at reconcileChildren 
[90m(C:\playground\Python\ai_scrapper\frontend\[39mnode_modules\[4mreact-dom[24m\cjs\react-dom.development.js:19186:28[90m)[39m
    at updateContextProvider 
[90m(C:\playground\Python\ai_scrapper\frontend\[39mnode_modules\[4mreact-dom[24m\cjs\react-dom.development.js:21193:3[90m)[39m
    at beginWork 
[90m(C:\playground\Python\ai_scrapper\frontend\[39mnode_modules\[4mreact-dom[24m\cjs\react-dom.development.js:21688:14[90m)[39m
    at HTMLUnknownElement.callCallback 
[90m(C:\playground\Python\ai_scrapper\frontend\[39mnode_modules\[4mreact-dom[24m\cjs\react-dom.development.js:4164:14[90m)[39m
    at HTMLUnknownElement.callTheUserObjectsOperation 
[90m(C:\playground\Python\ai_scrapper\frontend\[39mnode_modules\[4mjsdom[24m\lib\jsdom\living\generated\EventListener.js:26:30[90m)[39m
The above error occurred in the <Context.Provider> component:

    at ToastProvider (C:\playground\Python\ai_scrapper\frontend\src\providers\ToastProvider.tsx:17:3)
    at Router (C:\playground\Python\ai_scrapper\frontend\node_modules\react-router\dist\development\chunk-R73PQUJU.js:414:13)
    at BrowserRouter (C:\playground\Python\ai_scrapper\frontend\node_modules\react-router\dist\development\chunk-R73PQUJU.js:872:3)
    at QueryClientProvider 
(file:///C:/playground/Python/ai_scrapper/frontend/node_modules/@tanstack/react-query/build/modern/QueryClientProvider.js:20:3)
    at AllTheProviders (C:\playground\Python\ai_scrapper\frontend\src\test\utils.tsx:11:28)

Consider adding an error boundary to your tree to customize error handling behavior.
Visit https://reactjs.org/link/error-boundaries to learn more about error boundaries.

[90mstderr[2m | src/components/__tests__/ErrorMessage.test.tsx[2m > [22m[2mErrorMessage[2m > [22m[2mhas proper accessibility 
attributes[22m[39m
Warning: React.jsx: type is invalid -- expected a string (for built-in components) or a class/function (for composite components) but got: 
undefined. You likely forgot to export your component from the file it's defined in, or you might have mixed up default and named imports.

Check your code at ErrorMessage.test.tsx:31.
Error: Uncaught [Error: Element type is invalid: expected a string (for built-in components) or a class/function (for composite components) but got: 
undefined. You likely forgot to export your component from the file it's defined in, or you might have mixed up default and named imports.]
    at reportException (C:\playground\Python\ai_scrapper\frontend\node_modules\jsdom\lib\jsdom\living\helpers\runtime-script-errors.js:66:24)
    at innerInvokeEventListeners (C:\playground\Python\ai_scrapper\frontend\node_modules\jsdom\lib\jsdom\living\events\EventTarget-impl.js:353:9)
    at invokeEventListeners (C:\playground\Python\ai_scrapper\frontend\node_modules\jsdom\lib\jsdom\living\events\EventTarget-impl.js:286:3)
    at HTMLUnknownElementImpl._dispatch 
(C:\playground\Python\ai_scrapper\frontend\node_modules\jsdom\lib\jsdom\living\events\EventTarget-impl.js:233:9)
    at HTMLUnknownElementImpl.dispatchEvent 
(C:\playground\Python\ai_scrapper\frontend\node_modules\jsdom\lib\jsdom\living\events\EventTarget-impl.js:104:17)
    at HTMLUnknownElement.dispatchEvent 
(C:\playground\Python\ai_scrapper\frontend\node_modules\jsdom\lib\jsdom\living\generated\EventTarget.js:241:34)
    at Object.invokeGuardedCallbackDev (C:\playground\Python\ai_scrapper\frontend\node_modules\react-dom\cjs\react-dom.development.js:4213:16)
    at invokeGuardedCallback (C:\playground\Python\ai_scrapper\frontend\node_modules\react-dom\cjs\react-dom.development.js:4277:31)
    at beginWork$1 (C:\playground\Python\ai_scrapper\frontend\node_modules\react-dom\cjs\react-dom.development.js:27490:7)
    at performUnitOfWork (C:\playground\Python\ai_scrapper\frontend\node_modules\react-dom\cjs\react-dom.development.js:26599:12) Error: Element 
type is invalid: expected a string (for built-in components) or a class/function (for composite components) but got: undefined. You likely forgot to 
export your component from the file it's defined in, or you might have mixed up default and named imports.
    at createFiberFromTypeAndProps 
[90m(C:\playground\Python\ai_scrapper\frontend\[39mnode_modules\[4mreact-dom[24m\cjs\react-dom.development.js:28478:17[90m)[39m
    at createFiberFromElement 
[90m(C:\playground\Python\ai_scrapper\frontend\[39mnode_modules\[4mreact-dom[24m\cjs\react-dom.development.js:28504:15[90m)[39m
    at createChild 
[90m(C:\playground\Python\ai_scrapper\frontend\[39mnode_modules\[4mreact-dom[24m\cjs\react-dom.development.js:13345:28[90m)[39m
    at reconcileChildrenArray 
[90m(C:\playground\Python\ai_scrapper\frontend\[39mnode_modules\[4mreact-dom[24m\cjs\react-dom.development.js:13640:25[90m)[39m
    at reconcileChildFibers 
[90m(C:\playground\Python\ai_scrapper\frontend\[39mnode_modules\[4mreact-dom[24m\cjs\react-dom.development.js:14057:16[90m)[39m
    at reconcileChildren 
[90m(C:\playground\Python\ai_scrapper\frontend\[39mnode_modules\[4mreact-dom[24m\cjs\react-dom.development.js:19186:28[90m)[39m
    at updateContextProvider 
[90m(C:\playground\Python\ai_scrapper\frontend\[39mnode_modules\[4mreact-dom[24m\cjs\react-dom.development.js:21193:3[90m)[39m
    at beginWork 
[90m(C:\playground\Python\ai_scrapper\frontend\[39mnode_modules\[4mreact-dom[24m\cjs\react-dom.development.js:21688:14[90m)[39m
    at HTMLUnknownElement.callCallback 
[90m(C:\playground\Python\ai_scrapper\frontend\[39mnode_modules\[4mreact-dom[24m\cjs\react-dom.development.js:4164:14[90m)[39m
    at HTMLUnknownElement.callTheUserObjectsOperation 
[90m(C:\playground\Python\ai_scrapper\frontend\[39mnode_modules\[4mjsdom[24m\lib\jsdom\living\generated\EventListener.js:26:30[90m)[39m
Error: Uncaught [Error: Element type is invalid: expected a string (for built-in components) or a class/function (for composite components) but got: 
undefined. You likely forgot to export your component from the file it's defined in, or you might have mixed up default and named imports.]
    at reportException (C:\playground\Python\ai_scrapper\frontend\node_modules\jsdom\lib\jsdom\living\helpers\runtime-script-errors.js:66:24)
    at innerInvokeEventListeners (C:\playground\Python\ai_scrapper\frontend\node_modules\jsdom\lib\jsdom\living\events\EventTarget-impl.js:353:9)
    at invokeEventListeners (C:\playground\Python\ai_scrapper\frontend\node_modules\jsdom\lib\jsdom\living\events\EventTarget-impl.js:286:3)
    at HTMLUnknownElementImpl._dispatch 
(C:\playground\Python\ai_scrapper\frontend\node_modules\jsdom\lib\jsdom\living\events\EventTarget-impl.js:233:9)
    at HTMLUnknownElementImpl.dispatchEvent 
(C:\playground\Python\ai_scrapper\frontend\node_modules\jsdom\lib\jsdom\living\events\EventTarget-impl.js:104:17)
    at HTMLUnknownElement.dispatchEvent 
(C:\playground\Python\ai_scrapper\frontend\node_modules\jsdom\lib\jsdom\living\generated\EventTarget.js:241:34)
    at Object.invokeGuardedCallbackDev (C:\playground\Python\ai_scrapper\frontend\node_modules\react-dom\cjs\react-dom.development.js:4213:16)
    at invokeGuardedCallback (C:\playground\Python\ai_scrapper\frontend\node_modules\react-dom\cjs\react-dom.development.js:4277:31)
    at beginWork$1 (C:\playground\Python\ai_scrapper\frontend\node_modules\react-dom\cjs\react-dom.development.js:27490:7)
    at performUnitOfWork (C:\playground\Python\ai_scrapper\frontend\node_modules\react-dom\cjs\react-dom.development.js:26599:12) Error: Element 
type is invalid: expected a string (for built-in components) or a class/function (for composite components) but got: undefined. You likely forgot to 
export your component from the file it's defined in, or you might have mixed up default and named imports.
    at createFiberFromTypeAndProps 
[90m(C:\playground\Python\ai_scrapper\frontend\[39mnode_modules\[4mreact-dom[24m\cjs\react-dom.development.js:28478:17[90m)[39m
    at createFiberFromElement 
[90m(C:\playground\Python\ai_scrapper\frontend\[39mnode_modules\[4mreact-dom[24m\cjs\react-dom.development.js:28504:15[90m)[39m
    at createChild 
[90m(C:\playground\Python\ai_scrapper\frontend\[39mnode_modules\[4mreact-dom[24m\cjs\react-dom.development.js:13345:28[90m)[39m
    at reconcileChildrenArray 
[90m(C:\playground\Python\ai_scrapper\frontend\[39mnode_modules\[4mreact-dom[24m\cjs\react-dom.development.js:13640:25[90m)[39m
    at reconcileChildFibers 
[90m(C:\playground\Python\ai_scrapper\frontend\[39mnode_modules\[4mreact-dom[24m\cjs\react-dom.development.js:14057:16[90m)[39m
    at reconcileChildren 
[90m(C:\playground\Python\ai_scrapper\frontend\[39mnode_modules\[4mreact-dom[24m\cjs\react-dom.development.js:19186:28[90m)[39m
    at updateContextProvider 
[90m(C:\playground\Python\ai_scrapper\frontend\[39mnode_modules\[4mreact-dom[24m\cjs\react-dom.development.js:21193:3[90m)[39m
    at beginWork 
[90m(C:\playground\Python\ai_scrapper\frontend\[39mnode_modules\[4mreact-dom[24m\cjs\react-dom.development.js:21688:14[90m)[39m
    at HTMLUnknownElement.callCallback 
[90m(C:\playground\Python\ai_scrapper\frontend\[39mnode_modules\[4mreact-dom[24m\cjs\react-dom.development.js:4164:14[90m)[39m
    at HTMLUnknownElement.callTheUserObjectsOperation 
[90m(C:\playground\Python\ai_scrapper\frontend\[39mnode_modules\[4mjsdom[24m\lib\jsdom\living\generated\EventListener.js:26:30[90m)[39m
The above error occurred in the <Context.Provider> component:

    at ToastProvider (C:\playground\Python\ai_scrapper\frontend\src\providers\ToastProvider.tsx:17:3)
    at Router (C:\playground\Python\ai_scrapper\frontend\node_modules\react-router\dist\development\chunk-R73PQUJU.js:414:13)
    at BrowserRouter (C:\playground\Python\ai_scrapper\frontend\node_modules\react-router\dist\development\chunk-R73PQUJU.js:872:3)
    at QueryClientProvider 
(file:///C:/playground/Python/ai_scrapper/frontend/node_modules/@tanstack/react-query/build/modern/QueryClientProvider.js:20:3)
    at AllTheProviders (C:\playground\Python\ai_scrapper\frontend\src\test\utils.tsx:11:28)

Consider adding an error boundary to your tree to customize error handling behavior.
Visit https://reactjs.org/link/error-boundaries to learn more about error boundaries.

[90mstderr[2m | src/components/__tests__/ErrorMessage.test.tsx[2m > [22m[2mErrorMessage[2m > [22m[2mrenders with different variants[22m[39m
Warning: React.jsx: type is invalid -- expected a string (for built-in components) or a class/function (for composite components) but got: 
undefined. You likely forgot to export your component from the file it's defined in, or you might have mixed up default and named imports.

Check your code at ErrorMessage.test.tsx:38.
Error: Uncaught [Error: Element type is invalid: expected a string (for built-in components) or a class/function (for composite components) but got: 
undefined. You likely forgot to export your component from the file it's defined in, or you might have mixed up default and named imports.]
    at reportException (C:\playground\Python\ai_scrapper\frontend\node_modules\jsdom\lib\jsdom\living\helpers\runtime-script-errors.js:66:24)
    at innerInvokeEventListeners (C:\playground\Python\ai_scrapper\frontend\node_modules\jsdom\lib\jsdom\living\events\EventTarget-impl.js:353:9)
    at invokeEventListeners (C:\playground\Python\ai_scrapper\frontend\node_modules\jsdom\lib\jsdom\living\events\EventTarget-impl.js:286:3)
    at HTMLUnknownElementImpl._dispatch 
(C:\playground\Python\ai_scrapper\frontend\node_modules\jsdom\lib\jsdom\living\events\EventTarget-impl.js:233:9)
    at HTMLUnknownElementImpl.dispatchEvent 
(C:\playground\Python\ai_scrapper\frontend\node_modules\jsdom\lib\jsdom\living\events\EventTarget-impl.js:104:17)
    at HTMLUnknownElement.dispatchEvent 
(C:\playground\Python\ai_scrapper\frontend\node_modules\jsdom\lib\jsdom\living\generated\EventTarget.js:241:34)
    at Object.invokeGuardedCallbackDev (C:\playground\Python\ai_scrapper\frontend\node_modules\react-dom\cjs\react-dom.development.js:4213:16)
    at invokeGuardedCallback (C:\playground\Python\ai_scrapper\frontend\node_modules\react-dom\cjs\react-dom.development.js:4277:31)
    at beginWork$1 (C:\playground\Python\ai_scrapper\frontend\node_modules\react-dom\cjs\react-dom.development.js:27490:7)
    at performUnitOfWork (C:\playground\Python\ai_scrapper\frontend\node_modules\react-dom\cjs\react-dom.development.js:26599:12) Error: Element 
type is invalid: expected a string (for built-in components) or a class/function (for composite components) but got: undefined. You likely forgot to 
export your component from the file it's defined in, or you might have mixed up default and named imports.
    at createFiberFromTypeAndProps 
[90m(C:\playground\Python\ai_scrapper\frontend\[39mnode_modules\[4mreact-dom[24m\cjs\react-dom.development.js:28478:17[90m)[39m
    at createFiberFromElement 
[90m(C:\playground\Python\ai_scrapper\frontend\[39mnode_modules\[4mreact-dom[24m\cjs\react-dom.development.js:28504:15[90m)[39m
    at createChild 
[90m(C:\playground\Python\ai_scrapper\frontend\[39mnode_modules\[4mreact-dom[24m\cjs\react-dom.development.js:13345:28[90m)[39m
    at reconcileChildrenArray 
[90m(C:\playground\Python\ai_scrapper\frontend\[39mnode_modules\[4mreact-dom[24m\cjs\react-dom.development.js:13640:25[90m)[39m
    at reconcileChildFibers 
[90m(C:\playground\Python\ai_scrapper\frontend\[39mnode_modules\[4mreact-dom[24m\cjs\react-dom.development.js:14057:16[90m)[39m
    at reconcileChildren 
[90m(C:\playground\Python\ai_scrapper\frontend\[39mnode_modules\[4mreact-dom[24m\cjs\react-dom.development.js:19186:28[90m)[39m
    at updateContextProvider 
[90m(C:\playground\Python\ai_scrapper\frontend\[39mnode_modules\[4mreact-dom[24m\cjs\react-dom.development.js:21193:3[90m)[39m
    at beginWork 
[90m(C:\playground\Python\ai_scrapper\frontend\[39mnode_modules\[4mreact-dom[24m\cjs\react-dom.development.js:21688:14[90m)[39m
    at HTMLUnknownElement.callCallback 
[90m(C:\playground\Python\ai_scrapper\frontend\[39mnode_modules\[4mreact-dom[24m\cjs\react-dom.development.js:4164:14[90m)[39m
    at HTMLUnknownElement.callTheUserObjectsOperation 
[90m(C:\playground\Python\ai_scrapper\frontend\[39mnode_modules\[4mjsdom[24m\lib\jsdom\living\generated\EventListener.js:26:30[90m)[39m
Error: Uncaught [Error: Element type is invalid: expected a string (for built-in components) or a class/function (for composite components) but got: 
undefined. You likely forgot to export your component from the file it's defined in, or you might have mixed up default and named imports.]
    at reportException (C:\playground\Python\ai_scrapper\frontend\node_modules\jsdom\lib\jsdom\living\helpers\runtime-script-errors.js:66:24)
    at innerInvokeEventListeners (C:\playground\Python\ai_scrapper\frontend\node_modules\jsdom\lib\jsdom\living\events\EventTarget-impl.js:353:9)
    at invokeEventListeners (C:\playground\Python\ai_scrapper\frontend\node_modules\jsdom\lib\jsdom\living\events\EventTarget-impl.js:286:3)
    at HTMLUnknownElementImpl._dispatch 
(C:\playground\Python\ai_scrapper\frontend\node_modules\jsdom\lib\jsdom\living\events\EventTarget-impl.js:233:9)
    at HTMLUnknownElementImpl.dispatchEvent 
(C:\playground\Python\ai_scrapper\frontend\node_modules\jsdom\lib\jsdom\living\events\EventTarget-impl.js:104:17)
    at HTMLUnknownElement.dispatchEvent 
(C:\playground\Python\ai_scrapper\frontend\node_modules\jsdom\lib\jsdom\living\generated\EventTarget.js:241:34)
    at Object.invokeGuardedCallbackDev (C:\playground\Python\ai_scrapper\frontend\node_modules\react-dom\cjs\react-dom.development.js:4213:16)
    at invokeGuardedCallback (C:\playground\Python\ai_scrapper\frontend\node_modules\react-dom\cjs\react-dom.development.js:4277:31)
    at beginWork$1 (C:\playground\Python\ai_scrapper\frontend\node_modules\react-dom\cjs\react-dom.development.js:27490:7)
    at performUnitOfWork (C:\playground\Python\ai_scrapper\frontend\node_modules\react-dom\cjs\react-dom.development.js:26599:12) Error: Element 
type is invalid: expected a string (for built-in components) or a class/function (for composite components) but got: undefined. You likely forgot to 
export your component from the file it's defined in, or you might have mixed up default and named imports.
    at createFiberFromTypeAndProps 
[90m(C:\playground\Python\ai_scrapper\frontend\[39mnode_modules\[4mreact-dom[24m\cjs\react-dom.development.js:28478:17[90m)[39m
    at createFiberFromElement 
[90m(C:\playground\Python\ai_scrapper\frontend\[39mnode_modules\[4mreact-dom[24m\cjs\react-dom.development.js:28504:15[90m)[39m
    at createChild 
[90m(C:\playground\Python\ai_scrapper\frontend\[39mnode_modules\[4mreact-dom[24m\cjs\react-dom.development.js:13345:28[90m)[39m
    at reconcileChildrenArray 
[90m(C:\playground\Python\ai_scrapper\frontend\[39mnode_modules\[4mreact-dom[24m\cjs\react-dom.development.js:13640:25[90m)[39m
    at reconcileChildFibers 
[90m(C:\playground\Python\ai_scrapper\frontend\[39mnode_modules\[4mreact-dom[24m\cjs\react-dom.development.js:14057:16[90m)[39m
    at reconcileChildren 
[90m(C:\playground\Python\ai_scrapper\frontend\[39mnode_modules\[4mreact-dom[24m\cjs\react-dom.development.js:19186:28[90m)[39m
    at updateContextProvider 
[90m(C:\playground\Python\ai_scrapper\frontend\[39mnode_modules\[4mreact-dom[24m\cjs\react-dom.development.js:21193:3[90m)[39m
    at beginWork 
[90m(C:\playground\Python\ai_scrapper\frontend\[39mnode_modules\[4mreact-dom[24m\cjs\react-dom.development.js:21688:14[90m)[39m
    at HTMLUnknownElement.callCallback 
[90m(C:\playground\Python\ai_scrapper\frontend\[39mnode_modules\[4mreact-dom[24m\cjs\react-dom.development.js:4164:14[90m)[39m
    at HTMLUnknownElement.callTheUserObjectsOperation 
[90m(C:\playground\Python\ai_scrapper\frontend\[39mnode_modules\[4mjsdom[24m\lib\jsdom\living\generated\EventListener.js:26:30[90m)[39m
The above error occurred in the <Context.Provider> component:

    at ToastProvider (C:\playground\Python\ai_scrapper\frontend\src\providers\ToastProvider.tsx:17:3)
    at Router (C:\playground\Python\ai_scrapper\frontend\node_modules\react-router\dist\development\chunk-R73PQUJU.js:414:13)
    at BrowserRouter (C:\playground\Python\ai_scrapper\frontend\node_modules\react-router\dist\development\chunk-R73PQUJU.js:872:3)
    at QueryClientProvider 
(file:///C:/playground/Python/ai_scrapper/frontend/node_modules/@tanstack/react-query/build/modern/QueryClientProvider.js:20:3)
    at AllTheProviders (C:\playground\Python\ai_scrapper\frontend\src\test\utils.tsx:11:28)

Consider adding an error boundary to your tree to customize error handling behavior.
Visit https://reactjs.org/link/error-boundaries to learn more about error boundaries.

 [33mΓ¥»[39m src/components/__tests__/StatusBadge.test.tsx [2m ([22m[2m5 tests[22m [2m|[22m [31m5 failed[39m[2m)[22m[90m 128[2mms[22m[39m
[31m   [33mΓ¥»[31m src/components/__tests__/StatusBadge.test.tsx[2m > [22mStatusBadge[2m > [22mrenders pending status correctly[39m
[31m     ΓåÆ Element type is invalid: expected a string (for built-in components) or a class/function (for composite components) but got: undefined. You likely forgot to export your component from the file it's defined in, or you might have mixed up default and named imports.[39m
[31m   [33mΓ¥»[31m src/components/__tests__/StatusBadge.test.tsx[2m > [22mStatusBadge[2m > [22mrenders completed status correctly[39m
[31m     ΓåÆ Element type is invalid: expected a string (for built-in components) or a class/function (for composite components) but got: undefined. You likely forgot to export your component from the file it's defined in, or you might have mixed up default and named imports.[39m
[31m   [33mΓ¥»[31m src/components/__tests__/StatusBadge.test.tsx[2m > [22mStatusBadge[2m > [22mrenders failed status correctly[39m
[31m     ΓåÆ Element type is invalid: expected a string (for built-in components) or a class/function (for composite components) but got: undefined. You likely forgot to export your component from the file it's defined in, or you might have mixed up default and named imports.[39m
[31m   [33mΓ¥»[31m src/components/__tests__/StatusBadge.test.tsx[2m > [22mStatusBadge[2m > [22mrenders running status correctly[39m
[31m     ΓåÆ Element type is invalid: expected a string (for built-in components) or a class/function (for composite components) but got: undefined. You likely forgot to export your component from the file it's defined in, or you might have mixed up default and named imports.[39m
[31m   [33mΓ¥»[31m src/components/__tests__/StatusBadge.test.tsx[2m > [22mStatusBadge[2m > [22mhas proper accessibility attributes[39m
[31m     ΓåÆ Element type is invalid: expected a string (for built-in components) or a class/function (for composite components) but got: undefined. You likely forgot to export your component from the file it's defined in, or you might have mixed up default and named imports.[39m
[90mstderr[2m | src/components/__tests__/StatusBadge.test.tsx[2m > [22m[2mStatusBadge[2m > [22m[2mrenders pending status correctly[22m[39m
Warning: React.jsx: type is invalid -- expected a string (for built-in components) or a class/function (for composite components) but got: 
undefined. You likely forgot to export your component from the file it's defined in, or you might have mixed up default and named imports.

Check your code at StatusBadge.test.tsx:7.
Error: Uncaught [Error: Element type is invalid: expected a string (for built-in components) or a class/function (for composite components) but got: 
undefined. You likely forgot to export your component from the file it's defined in, or you might have mixed up default and named imports.]
    at reportException (C:\playground\Python\ai_scrapper\frontend\node_modules\jsdom\lib\jsdom\living\helpers\runtime-script-errors.js:66:24)
    at innerInvokeEventListeners (C:\playground\Python\ai_scrapper\frontend\node_modules\jsdom\lib\jsdom\living\events\EventTarget-impl.js:353:9)
    at invokeEventListeners (C:\playground\Python\ai_scrapper\frontend\node_modules\jsdom\lib\jsdom\living\events\EventTarget-impl.js:286:3)
    at HTMLUnknownElementImpl._dispatch 
(C:\playground\Python\ai_scrapper\frontend\node_modules\jsdom\lib\jsdom\living\events\EventTarget-impl.js:233:9)
    at HTMLUnknownElementImpl.dispatchEvent 
(C:\playground\Python\ai_scrapper\frontend\node_modules\jsdom\lib\jsdom\living\events\EventTarget-impl.js:104:17)
    at HTMLUnknownElement.dispatchEvent 
(C:\playground\Python\ai_scrapper\frontend\node_modules\jsdom\lib\jsdom\living\generated\EventTarget.js:241:34)
    at Object.invokeGuardedCallbackDev (C:\playground\Python\ai_scrapper\frontend\node_modules\react-dom\cjs\react-dom.development.js:4213:16)
    at invokeGuardedCallback (C:\playground\Python\ai_scrapper\frontend\node_modules\react-dom\cjs\react-dom.development.js:4277:31)
    at beginWork$1 (C:\playground\Python\ai_scrapper\frontend\node_modules\react-dom\cjs\react-dom.development.js:27490:7)
    at performUnitOfWork (C:\playground\Python\ai_scrapper\frontend\node_modules\react-dom\cjs\react-dom.development.js:26599:12) Error: Element 
type is invalid: expected a string (for built-in components) or a class/function (for composite components) but got: undefined. You likely forgot to 
export your component from the file it's defined in, or you might have mixed up default and named imports.
    at createFiberFromTypeAndProps 
[90m(C:\playground\Python\ai_scrapper\frontend\[39mnode_modules\[4mreact-dom[24m\cjs\react-dom.development.js:28478:17[90m)[39m
    at createFiberFromElement 
[90m(C:\playground\Python\ai_scrapper\frontend\[39mnode_modules\[4mreact-dom[24m\cjs\react-dom.development.js:28504:15[90m)[39m
    at createChild 
[90m(C:\playground\Python\ai_scrapper\frontend\[39mnode_modules\[4mreact-dom[24m\cjs\react-dom.development.js:13345:28[90m)[39m
    at reconcileChildrenArray 
[90m(C:\playground\Python\ai_scrapper\frontend\[39mnode_modules\[4mreact-dom[24m\cjs\react-dom.development.js:13640:25[90m)[39m
    at reconcileChildFibers 
[90m(C:\playground\Python\ai_scrapper\frontend\[39mnode_modules\[4mreact-dom[24m\cjs\react-dom.development.js:14057:16[90m)[39m
    at reconcileChildren 
[90m(C:\playground\Python\ai_scrapper\frontend\[39mnode_modules\[4mreact-dom[24m\cjs\react-dom.development.js:19186:28[90m)[39m
    at updateContextProvider 
[90m(C:\playground\Python\ai_scrapper\frontend\[39mnode_modules\[4mreact-dom[24m\cjs\react-dom.development.js:21193:3[90m)[39m
    at beginWork 
[90m(C:\playground\Python\ai_scrapper\frontend\[39mnode_modules\[4mreact-dom[24m\cjs\react-dom.development.js:21688:14[90m)[39m
    at HTMLUnknownElement.callCallback 
[90m(C:\playground\Python\ai_scrapper\frontend\[39mnode_modules\[4mreact-dom[24m\cjs\react-dom.development.js:4164:14[90m)[39m
    at HTMLUnknownElement.callTheUserObjectsOperation 
[90m(C:\playground\Python\ai_scrapper\frontend\[39mnode_modules\[4mjsdom[24m\lib\jsdom\living\generated\EventListener.js:26:30[90m)[39m
Error: Uncaught [Error: Element type is invalid: expected a string (for built-in components) or a class/function (for composite components) but got: 
undefined. You likely forgot to export your component from the file it's defined in, or you might have mixed up default and named imports.]
    at reportException (C:\playground\Python\ai_scrapper\frontend\node_modules\jsdom\lib\jsdom\living\helpers\runtime-script-errors.js:66:24)
    at innerInvokeEventListeners (C:\playground\Python\ai_scrapper\frontend\node_modules\jsdom\lib\jsdom\living\events\EventTarget-impl.js:353:9)
    at invokeEventListeners (C:\playground\Python\ai_scrapper\frontend\node_modules\jsdom\lib\jsdom\living\events\EventTarget-impl.js:286:3)
    at HTMLUnknownElementImpl._dispatch 
(C:\playground\Python\ai_scrapper\frontend\node_modules\jsdom\lib\jsdom\living\events\EventTarget-impl.js:233:9)
    at HTMLUnknownElementImpl.dispatchEvent 
(C:\playground\Python\ai_scrapper\frontend\node_modules\jsdom\lib\jsdom\living\events\EventTarget-impl.js:104:17)
    at HTMLUnknownElement.dispatchEvent 
(C:\playground\Python\ai_scrapper\frontend\node_modules\jsdom\lib\jsdom\living\generated\EventTarget.js:241:34)
    at Object.invokeGuardedCallbackDev (C:\playground\Python\ai_scrapper\frontend\node_modules\react-dom\cjs\react-dom.development.js:4213:16)
    at invokeGuardedCallback (C:\playground\Python\ai_scrapper\frontend\node_modules\react-dom\cjs\react-dom.development.js:4277:31)
    at beginWork$1 (C:\playground\Python\ai_scrapper\frontend\node_modules\react-dom\cjs\react-dom.development.js:27490:7)
    at performUnitOfWork (C:\playground\Python\ai_scrapper\frontend\node_modules\react-dom\cjs\react-dom.development.js:26599:12) Error: Element 
type is invalid: expected a string (for built-in components) or a class/function (for composite components) but got: undefined. You likely forgot to 
export your component from the file it's defined in, or you might have mixed up default and named imports.
    at createFiberFromTypeAndProps 
[90m(C:\playground\Python\ai_scrapper\frontend\[39mnode_modules\[4mreact-dom[24m\cjs\react-dom.development.js:28478:17[90m)[39m
    at createFiberFromElement 
[90m(C:\playground\Python\ai_scrapper\frontend\[39mnode_modules\[4mreact-dom[24m\cjs\react-dom.development.js:28504:15[90m)[39m
    at createChild 
[90m(C:\playground\Python\ai_scrapper\frontend\[39mnode_modules\[4mreact-dom[24m\cjs\react-dom.development.js:13345:28[90m)[39m
    at reconcileChildrenArray 
[90m(C:\playground\Python\ai_scrapper\frontend\[39mnode_modules\[4mreact-dom[24m\cjs\react-dom.development.js:13640:25[90m)[39m
    at reconcileChildFibers 
[90m(C:\playground\Python\ai_scrapper\frontend\[39mnode_modules\[4mreact-dom[24m\cjs\react-dom.development.js:14057:16[90m)[39m
    at reconcileChildren 
[90m(C:\playground\Python\ai_scrapper\frontend\[39mnode_modules\[4mreact-dom[24m\cjs\react-dom.development.js:19186:28[90m)[39m
    at updateContextProvider 
[90m(C:\playground\Python\ai_scrapper\frontend\[39mnode_modules\[4mreact-dom[24m\cjs\react-dom.development.js:21193:3[90m)[39m
    at beginWork 
[90m(C:\playground\Python\ai_scrapper\frontend\[39mnode_modules\[4mreact-dom[24m\cjs\react-dom.development.js:21688:14[90m)[39m
    at HTMLUnknownElement.callCallback 
[90m(C:\playground\Python\ai_scrapper\frontend\[39mnode_modules\[4mreact-dom[24m\cjs\react-dom.development.js:4164:14[90m)[39m
    at HTMLUnknownElement.callTheUserObjectsOperation 
[90m(C:\playground\Python\ai_scrapper\frontend\[39mnode_modules\[4mjsdom[24m\lib\jsdom\living\generated\EventListener.js:26:30[90m)[39m
The above error occurred in the <Context.Provider> component:

    at ToastProvider (C:\playground\Python\ai_scrapper\frontend\src\providers\ToastProvider.tsx:17:3)
    at Router (C:\playground\Python\ai_scrapper\frontend\node_modules\react-router\dist\development\chunk-R73PQUJU.js:414:13)
    at BrowserRouter (C:\playground\Python\ai_scrapper\frontend\node_modules\react-router\dist\development\chunk-R73PQUJU.js:872:3)
    at QueryClientProvider 
(file:///C:/playground/Python/ai_scrapper/frontend/node_modules/@tanstack/react-query/build/modern/QueryClientProvider.js:20:3)
    at AllTheProviders (C:\playground\Python\ai_scrapper\frontend\src\test\utils.tsx:11:28)

Consider adding an error boundary to your tree to customize error handling behavior.
Visit https://reactjs.org/link/error-boundaries to learn more about error boundaries.

[90mstderr[2m | src/components/__tests__/StatusBadge.test.tsx[2m > [22m[2mStatusBadge[2m > [22m[2mrenders completed status 
correctly[22m[39m
Warning: React.jsx: type is invalid -- expected a string (for built-in components) or a class/function (for composite components) but got: 
undefined. You likely forgot to export your component from the file it's defined in, or you might have mixed up default and named imports.

Check your code at StatusBadge.test.tsx:15.
Error: Uncaught [Error: Element type is invalid: expected a string (for built-in components) or a class/function (for composite components) but got: 
undefined. You likely forgot to export your component from the file it's defined in, or you might have mixed up default and named imports.]
    at reportException (C:\playground\Python\ai_scrapper\frontend\node_modules\jsdom\lib\jsdom\living\helpers\runtime-script-errors.js:66:24)
    at innerInvokeEventListeners (C:\playground\Python\ai_scrapper\frontend\node_modules\jsdom\lib\jsdom\living\events\EventTarget-impl.js:353:9)
    at invokeEventListeners (C:\playground\Python\ai_scrapper\frontend\node_modules\jsdom\lib\jsdom\living\events\EventTarget-impl.js:286:3)
    at HTMLUnknownElementImpl._dispatch 
(C:\playground\Python\ai_scrapper\frontend\node_modules\jsdom\lib\jsdom\living\events\EventTarget-impl.js:233:9)
    at HTMLUnknownElementImpl.dispatchEvent 
(C:\playground\Python\ai_scrapper\frontend\node_modules\jsdom\lib\jsdom\living\events\EventTarget-impl.js:104:17)
    at HTMLUnknownElement.dispatchEvent 
(C:\playground\Python\ai_scrapper\frontend\node_modules\jsdom\lib\jsdom\living\generated\EventTarget.js:241:34)
    at Object.invokeGuardedCallbackDev (C:\playground\Python\ai_scrapper\frontend\node_modules\react-dom\cjs\react-dom.development.js:4213:16)
    at invokeGuardedCallback (C:\playground\Python\ai_scrapper\frontend\node_modules\react-dom\cjs\react-dom.development.js:4277:31)
    at beginWork$1 (C:\playground\Python\ai_scrapper\frontend\node_modules\react-dom\cjs\react-dom.development.js:27490:7)
    at performUnitOfWork (C:\playground\Python\ai_scrapper\frontend\node_modules\react-dom\cjs\react-dom.development.js:26599:12) Error: Element 
type is invalid: expected a string (for built-in components) or a class/function (for composite components) but got: undefined. You likely forgot to 
export your component from the file it's defined in, or you might have mixed up default and named imports.
    at createFiberFromTypeAndProps 
[90m(C:\playground\Python\ai_scrapper\frontend\[39mnode_modules\[4mreact-dom[24m\cjs\react-dom.development.js:28478:17[90m)[39m
    at createFiberFromElement 
[90m(C:\playground\Python\ai_scrapper\frontend\[39mnode_modules\[4mreact-dom[24m\cjs\react-dom.development.js:28504:15[90m)[39m
    at createChild 
[90m(C:\playground\Python\ai_scrapper\frontend\[39mnode_modules\[4mreact-dom[24m\cjs\react-dom.development.js:13345:28[90m)[39m
    at reconcileChildrenArray 
[90m(C:\playground\Python\ai_scrapper\frontend\[39mnode_modules\[4mreact-dom[24m\cjs\react-dom.development.js:13640:25[90m)[39m
    at reconcileChildFibers 
[90m(C:\playground\Python\ai_scrapper\frontend\[39mnode_modules\[4mreact-dom[24m\cjs\react-dom.development.js:14057:16[90m)[39m
    at reconcileChildren 
[90m(C:\playground\Python\ai_scrapper\frontend\[39mnode_modules\[4mreact-dom[24m\cjs\react-dom.development.js:19186:28[90m)[39m
    at updateContextProvider 
[90m(C:\playground\Python\ai_scrapper\frontend\[39mnode_modules\[4mreact-dom[24m\cjs\react-dom.development.js:21193:3[90m)[39m
    at beginWork 
[90m(C:\playground\Python\ai_scrapper\frontend\[39mnode_modules\[4mreact-dom[24m\cjs\react-dom.development.js:21688:14[90m)[39m
    at HTMLUnknownElement.callCallback 
[90m(C:\playground\Python\ai_scrapper\frontend\[39mnode_modules\[4mreact-dom[24m\cjs\react-dom.development.js:4164:14[90m)[39m
    at HTMLUnknownElement.callTheUserObjectsOperation 
[90m(C:\playground\Python\ai_scrapper\frontend\[39mnode_modules\[4mjsdom[24m\lib\jsdom\living\generated\EventListener.js:26:30[90m)[39m
Error: Uncaught [Error: Element type is invalid: expected a string (for built-in components) or a class/function (for composite components) but got: 
undefined. You likely forgot to export your component from the file it's defined in, or you might have mixed up default and named imports.]
    at reportException (C:\playground\Python\ai_scrapper\frontend\node_modules\jsdom\lib\jsdom\living\helpers\runtime-script-errors.js:66:24)
    at innerInvokeEventListeners (C:\playground\Python\ai_scrapper\frontend\node_modules\jsdom\lib\jsdom\living\events\EventTarget-impl.js:353:9)
    at invokeEventListeners (C:\playground\Python\ai_scrapper\frontend\node_modules\jsdom\lib\jsdom\living\events\EventTarget-impl.js:286:3)
    at HTMLUnknownElementImpl._dispatch 
(C:\playground\Python\ai_scrapper\frontend\node_modules\jsdom\lib\jsdom\living\events\EventTarget-impl.js:233:9)
    at HTMLUnknownElementImpl.dispatchEvent 
(C:\playground\Python\ai_scrapper\frontend\node_modules\jsdom\lib\jsdom\living\events\EventTarget-impl.js:104:17)
    at HTMLUnknownElement.dispatchEvent 
(C:\playground\Python\ai_scrapper\frontend\node_modules\jsdom\lib\jsdom\living\generated\EventTarget.js:241:34)
    at Object.invokeGuardedCallbackDev (C:\playground\Python\ai_scrapper\frontend\node_modules\react-dom\cjs\react-dom.development.js:4213:16)
    at invokeGuardedCallback (C:\playground\Python\ai_scrapper\frontend\node_modules\react-dom\cjs\react-dom.development.js:4277:31)
    at beginWork$1 (C:\playground\Python\ai_scrapper\frontend\node_modules\react-dom\cjs\react-dom.development.js:27490:7)
    at performUnitOfWork (C:\playground\Python\ai_scrapper\frontend\node_modules\react-dom\cjs\react-dom.development.js:26599:12) Error: Element 
type is invalid: expected a string (for built-in components) or a class/function (for composite components) but got: undefined. You likely forgot to 
export your component from the file it's defined in, or you might have mixed up default and named imports.
    at createFiberFromTypeAndProps 
[90m(C:\playground\Python\ai_scrapper\frontend\[39mnode_modules\[4mreact-dom[24m\cjs\react-dom.development.js:28478:17[90m)[39m
    at createFiberFromElement 
[90m(C:\playground\Python\ai_scrapper\frontend\[39mnode_modules\[4mreact-dom[24m\cjs\react-dom.development.js:28504:15[90m)[39m
    at createChild 
[90m(C:\playground\Python\ai_scrapper\frontend\[39mnode_modules\[4mreact-dom[24m\cjs\react-dom.development.js:13345:28[90m)[39m
    at reconcileChildrenArray 
[90m(C:\playground\Python\ai_scrapper\frontend\[39mnode_modules\[4mreact-dom[24m\cjs\react-dom.development.js:13640:25[90m)[39m
    at reconcileChildFibers 
[90m(C:\playground\Python\ai_scrapper\frontend\[39mnode_modules\[4mreact-dom[24m\cjs\react-dom.development.js:14057:16[90m)[39m
    at reconcileChildren 
[90m(C:\playground\Python\ai_scrapper\frontend\[39mnode_modules\[4mreact-dom[24m\cjs\react-dom.development.js:19186:28[90m)[39m
    at updateContextProvider 
[90m(C:\playground\Python\ai_scrapper\frontend\[39mnode_modules\[4mreact-dom[24m\cjs\react-dom.development.js:21193:3[90m)[39m
    at beginWork 
[90m(C:\playground\Python\ai_scrapper\frontend\[39mnode_modules\[4mreact-dom[24m\cjs\react-dom.development.js:21688:14[90m)[39m
    at HTMLUnknownElement.callCallback 
[90m(C:\playground\Python\ai_scrapper\frontend\[39mnode_modules\[4mreact-dom[24m\cjs\react-dom.development.js:4164:14[90m)[39m
    at HTMLUnknownElement.callTheUserObjectsOperation 
[90m(C:\playground\Python\ai_scrapper\frontend\[39mnode_modules\[4mjsdom[24m\lib\jsdom\living\generated\EventListener.js:26:30[90m)[39m
The above error occurred in the <Context.Provider> component:

    at ToastProvider (C:\playground\Python\ai_scrapper\frontend\src\providers\ToastProvider.tsx:17:3)
    at Router (C:\playground\Python\ai_scrapper\frontend\node_modules\react-router\dist\development\chunk-R73PQUJU.js:414:13)
    at BrowserRouter (C:\playground\Python\ai_scrapper\frontend\node_modules\react-router\dist\development\chunk-R73PQUJU.js:872:3)
    at QueryClientProvider 
(file:///C:/playground/Python/ai_scrapper/frontend/node_modules/@tanstack/react-query/build/modern/QueryClientProvider.js:20:3)
    at AllTheProviders (C:\playground\Python\ai_scrapper\frontend\src\test\utils.tsx:11:28)

Consider adding an error boundary to your tree to customize error handling behavior.
Visit https://reactjs.org/link/error-boundaries to learn more about error boundaries.

[90mstderr[2m | src/components/__tests__/StatusBadge.test.tsx[2m > [22m[2mStatusBadge[2m > [22m[2mrenders failed status correctly[22m[39m
Warning: React.jsx: type is invalid -- expected a string (for built-in components) or a class/function (for composite components) but got: 
undefined. You likely forgot to export your component from the file it's defined in, or you might have mixed up default and named imports.

Check your code at StatusBadge.test.tsx:23.
Error: Uncaught [Error: Element type is invalid: expected a string (for built-in components) or a class/function (for composite components) but got: 
undefined. You likely forgot to export your component from the file it's defined in, or you might have mixed up default and named imports.]
    at reportException (C:\playground\Python\ai_scrapper\frontend\node_modules\jsdom\lib\jsdom\living\helpers\runtime-script-errors.js:66:24)
    at innerInvokeEventListeners (C:\playground\Python\ai_scrapper\frontend\node_modules\jsdom\lib\jsdom\living\events\EventTarget-impl.js:353:9)
    at invokeEventListeners (C:\playground\Python\ai_scrapper\frontend\node_modules\jsdom\lib\jsdom\living\events\EventTarget-impl.js:286:3)
    at HTMLUnknownElementImpl._dispatch 
(C:\playground\Python\ai_scrapper\frontend\node_modules\jsdom\lib\jsdom\living\events\EventTarget-impl.js:233:9)
    at HTMLUnknownElementImpl.dispatchEvent 
(C:\playground\Python\ai_scrapper\frontend\node_modules\jsdom\lib\jsdom\living\events\EventTarget-impl.js:104:17)
    at HTMLUnknownElement.dispatchEvent 
(C:\playground\Python\ai_scrapper\frontend\node_modules\jsdom\lib\jsdom\living\generated\EventTarget.js:241:34)
    at Object.invokeGuardedCallbackDev (C:\playground\Python\ai_scrapper\frontend\node_modules\react-dom\cjs\react-dom.development.js:4213:16)
    at invokeGuardedCallback (C:\playground\Python\ai_scrapper\frontend\node_modules\react-dom\cjs\react-dom.development.js:4277:31)
    at beginWork$1 (C:\playground\Python\ai_scrapper\frontend\node_modules\react-dom\cjs\react-dom.development.js:27490:7)
    at performUnitOfWork (C:\playground\Python\ai_scrapper\frontend\node_modules\react-dom\cjs\react-dom.development.js:26599:12) Error: Element 
type is invalid: expected a string (for built-in components) or a class/function (for composite components) but got: undefined. You likely forgot to 
export your component from the file it's defined in, or you might have mixed up default and named imports.
    at createFiberFromTypeAndProps 
[90m(C:\playground\Python\ai_scrapper\frontend\[39mnode_modules\[4mreact-dom[24m\cjs\react-dom.development.js:28478:17[90m)[39m
    at createFiberFromElement 
[90m(C:\playground\Python\ai_scrapper\frontend\[39mnode_modules\[4mreact-dom[24m\cjs\react-dom.development.js:28504:15[90m)[39m
    at createChild 
[90m(C:\playground\Python\ai_scrapper\frontend\[39mnode_modules\[4mreact-dom[24m\cjs\react-dom.development.js:13345:28[90m)[39m
    at reconcileChildrenArray 
[90m(C:\playground\Python\ai_scrapper\frontend\[39mnode_modules\[4mreact-dom[24m\cjs\react-dom.development.js:13640:25[90m)[39m
    at reconcileChildFibers 
[90m(C:\playground\Python\ai_scrapper\frontend\[39mnode_modules\[4mreact-dom[24m\cjs\react-dom.development.js:14057:16[90m)[39m
    at reconcileChildren 
[90m(C:\playground\Python\ai_scrapper\frontend\[39mnode_modules\[4mreact-dom[24m\cjs\react-dom.development.js:19186:28[90m)[39m
    at updateContextProvider 
[90m(C:\playground\Python\ai_scrapper\frontend\[39mnode_modules\[4mreact-dom[24m\cjs\react-dom.development.js:21193:3[90m)[39m
    at beginWork 
[90m(C:\playground\Python\ai_scrapper\frontend\[39mnode_modules\[4mreact-dom[24m\cjs\react-dom.development.js:21688:14[90m)[39m
    at HTMLUnknownElement.callCallback 
[90m(C:\playground\Python\ai_scrapper\frontend\[39mnode_modules\[4mreact-dom[24m\cjs\react-dom.development.js:4164:14[90m)[39m
    at HTMLUnknownElement.callTheUserObjectsOperation 
[90m(C:\playground\Python\ai_scrapper\frontend\[39mnode_modules\[4mjsdom[24m\lib\jsdom\living\generated\EventListener.js:26:30[90m)[39m
Error: Uncaught [Error: Element type is invalid: expected a string (for built-in components) or a class/function (for composite components) but got: 
undefined. You likely forgot to export your component from the file it's defined in, or you might have mixed up default and named imports.]
    at reportException (C:\playground\Python\ai_scrapper\frontend\node_modules\jsdom\lib\jsdom\living\helpers\runtime-script-errors.js:66:24)
    at innerInvokeEventListeners (C:\playground\Python\ai_scrapper\frontend\node_modules\jsdom\lib\jsdom\living\events\EventTarget-impl.js:353:9)
    at invokeEventListeners (C:\playground\Python\ai_scrapper\frontend\node_modules\jsdom\lib\jsdom\living\events\EventTarget-impl.js:286:3)
    at HTMLUnknownElementImpl._dispatch 
(C:\playground\Python\ai_scrapper\frontend\node_modules\jsdom\lib\jsdom\living\events\EventTarget-impl.js:233:9)
    at HTMLUnknownElementImpl.dispatchEvent 
(C:\playground\Python\ai_scrapper\frontend\node_modules\jsdom\lib\jsdom\living\events\EventTarget-impl.js:104:17)
    at HTMLUnknownElement.dispatchEvent 
(C:\playground\Python\ai_scrapper\frontend\node_modules\jsdom\lib\jsdom\living\generated\EventTarget.js:241:34)
    at Object.invokeGuardedCallbackDev (C:\playground\Python\ai_scrapper\frontend\node_modules\react-dom\cjs\react-dom.development.js:4213:16)
    at invokeGuardedCallback (C:\playground\Python\ai_scrapper\frontend\node_modules\react-dom\cjs\react-dom.development.js:4277:31)
    at beginWork$1 (C:\playground\Python\ai_scrapper\frontend\node_modules\react-dom\cjs\react-dom.development.js:27490:7)
    at performUnitOfWork (C:\playground\Python\ai_scrapper\frontend\node_modules\react-dom\cjs\react-dom.development.js:26599:12) Error: Element 
type is invalid: expected a string (for built-in components) or a class/function (for composite components) but got: undefined. You likely forgot to 
export your component from the file it's defined in, or you might have mixed up default and named imports.
    at createFiberFromTypeAndProps 
[90m(C:\playground\Python\ai_scrapper\frontend\[39mnode_modules\[4mreact-dom[24m\cjs\react-dom.development.js:28478:17[90m)[39m
    at createFiberFromElement 
[90m(C:\playground\Python\ai_scrapper\frontend\[39mnode_modules\[4mreact-dom[24m\cjs\react-dom.development.js:28504:15[90m)[39m
    at createChild 
[90m(C:\playground\Python\ai_scrapper\frontend\[39mnode_modules\[4mreact-dom[24m\cjs\react-dom.development.js:13345:28[90m)[39m
    at reconcileChildrenArray 
[90m(C:\playground\Python\ai_scrapper\frontend\[39mnode_modules\[4mreact-dom[24m\cjs\react-dom.development.js:13640:25[90m)[39m
    at reconcileChildFibers 
[90m(C:\playground\Python\ai_scrapper\frontend\[39mnode_modules\[4mreact-dom[24m\cjs\react-dom.development.js:14057:16[90m)[39m
    at reconcileChildren 
[90m(C:\playground\Python\ai_scrapper\frontend\[39mnode_modules\[4mreact-dom[24m\cjs\react-dom.development.js:19186:28[90m)[39m
    at updateContextProvider 
[90m(C:\playground\Python\ai_scrapper\frontend\[39mnode_modules\[4mreact-dom[24m\cjs\react-dom.development.js:21193:3[90m)[39m
    at beginWork 
[90m(C:\playground\Python\ai_scrapper\frontend\[39mnode_modules\[4mreact-dom[24m\cjs\react-dom.development.js:21688:14[90m)[39m
    at HTMLUnknownElement.callCallback 
[90m(C:\playground\Python\ai_scrapper\frontend\[39mnode_modules\[4mreact-dom[24m\cjs\react-dom.development.js:4164:14[90m)[39m
    at HTMLUnknownElement.callTheUserObjectsOperation 
[90m(C:\playground\Python\ai_scrapper\frontend\[39mnode_modules\[4mjsdom[24m\lib\jsdom\living\generated\EventListener.js:26:30[90m)[39m
The above error occurred in the <Context.Provider> component:

    at ToastProvider (C:\playground\Python\ai_scrapper\frontend\src\providers\ToastProvider.tsx:17:3)
    at Router (C:\playground\Python\ai_scrapper\frontend\node_modules\react-router\dist\development\chunk-R73PQUJU.js:414:13)
    at BrowserRouter (C:\playground\Python\ai_scrapper\frontend\node_modules\react-router\dist\development\chunk-R73PQUJU.js:872:3)
    at QueryClientProvider 
(file:///C:/playground/Python/ai_scrapper/frontend/node_modules/@tanstack/react-query/build/modern/QueryClientProvider.js:20:3)
    at AllTheProviders (C:\playground\Python\ai_scrapper\frontend\src\test\utils.tsx:11:28)

Consider adding an error boundary to your tree to customize error handling behavior.
Visit https://reactjs.org/link/error-boundaries to learn more about error boundaries.

[90mstderr[2m | src/components/__tests__/StatusBadge.test.tsx[2m > [22m[2mStatusBadge[2m > [22m[2mrenders running status correctly[22m[39m
Warning: React.jsx: type is invalid -- expected a string (for built-in components) or a class/function (for composite components) but got: 
undefined. You likely forgot to export your component from the file it's defined in, or you might have mixed up default and named imports.

Check your code at StatusBadge.test.tsx:31.
Error: Uncaught [Error: Element type is invalid: expected a string (for built-in components) or a class/function (for composite components) but got: 
undefined. You likely forgot to export your component from the file it's defined in, or you might have mixed up default and named imports.]
    at reportException (C:\playground\Python\ai_scrapper\frontend\node_modules\jsdom\lib\jsdom\living\helpers\runtime-script-errors.js:66:24)
    at innerInvokeEventListeners (C:\playground\Python\ai_scrapper\frontend\node_modules\jsdom\lib\jsdom\living\events\EventTarget-impl.js:353:9)
    at invokeEventListeners (C:\playground\Python\ai_scrapper\frontend\node_modules\jsdom\lib\jsdom\living\events\EventTarget-impl.js:286:3)
    at HTMLUnknownElementImpl._dispatch 
(C:\playground\Python\ai_scrapper\frontend\node_modules\jsdom\lib\jsdom\living\events\EventTarget-impl.js:233:9)
    at HTMLUnknownElementImpl.dispatchEvent 
(C:\playground\Python\ai_scrapper\frontend\node_modules\jsdom\lib\jsdom\living\events\EventTarget-impl.js:104:17)
    at HTMLUnknownElement.dispatchEvent 
(C:\playground\Python\ai_scrapper\frontend\node_modules\jsdom\lib\jsdom\living\generated\EventTarget.js:241:34)
    at Object.invokeGuardedCallbackDev (C:\playground\Python\ai_scrapper\frontend\node_modules\react-dom\cjs\react-dom.development.js:4213:16)
    at invokeGuardedCallback (C:\playground\Python\ai_scrapper\frontend\node_modules\react-dom\cjs\react-dom.development.js:4277:31)
    at beginWork$1 (C:\playground\Python\ai_scrapper\frontend\node_modules\react-dom\cjs\react-dom.development.js:27490:7)
    at performUnitOfWork (C:\playground\Python\ai_scrapper\frontend\node_modules\react-dom\cjs\react-dom.development.js:26599:12) Error: Element 
type is invalid: expected a string (for built-in components) or a class/function (for composite components) but got: undefined. You likely forgot to 
export your component from the file it's defined in, or you might have mixed up default and named imports.
    at createFiberFromTypeAndProps 
[90m(C:\playground\Python\ai_scrapper\frontend\[39mnode_modules\[4mreact-dom[24m\cjs\react-dom.development.js:28478:17[90m)[39m
    at createFiberFromElement 
[90m(C:\playground\Python\ai_scrapper\frontend\[39mnode_modules\[4mreact-dom[24m\cjs\react-dom.development.js:28504:15[90m)[39m
    at createChild 
[90m(C:\playground\Python\ai_scrapper\frontend\[39mnode_modules\[4mreact-dom[24m\cjs\react-dom.development.js:13345:28[90m)[39m
    at reconcileChildrenArray 
[90m(C:\playground\Python\ai_scrapper\frontend\[39mnode_modules\[4mreact-dom[24m\cjs\react-dom.development.js:13640:25[90m)[39m
    at reconcileChildFibers 
[90m(C:\playground\Python\ai_scrapper\frontend\[39mnode_modules\[4mreact-dom[24m\cjs\react-dom.development.js:14057:16[90m)[39m
    at reconcileChildren 
[90m(C:\playground\Python\ai_scrapper\frontend\[39mnode_modules\[4mreact-dom[24m\cjs\react-dom.development.js:19186:28[90m)[39m
    at updateContextProvider 
[90m(C:\playground\Python\ai_scrapper\frontend\[39mnode_modules\[4mreact-dom[24m\cjs\react-dom.development.js:21193:3[90m)[39m
    at beginWork 
[90m(C:\playground\Python\ai_scrapper\frontend\[39mnode_modules\[4mreact-dom[24m\cjs\react-dom.development.js:21688:14[90m)[39m
    at HTMLUnknownElement.callCallback 
[90m(C:\playground\Python\ai_scrapper\frontend\[39mnode_modules\[4mreact-dom[24m\cjs\react-dom.development.js:4164:14[90m)[39m
    at HTMLUnknownElement.callTheUserObjectsOperation 
[90m(C:\playground\Python\ai_scrapper\frontend\[39mnode_modules\[4mjsdom[24m\lib\jsdom\living\generated\EventListener.js:26:30[90m)[39m
Error: Uncaught [Error: Element type is invalid: expected a string (for built-in components) or a class/function (for composite components) but got: 
undefined. You likely forgot to export your component from the file it's defined in, or you might have mixed up default and named imports.]
    at reportException (C:\playground\Python\ai_scrapper\frontend\node_modules\jsdom\lib\jsdom\living\helpers\runtime-script-errors.js:66:24)
    at innerInvokeEventListeners (C:\playground\Python\ai_scrapper\frontend\node_modules\jsdom\lib\jsdom\living\events\EventTarget-impl.js:353:9)
    at invokeEventListeners (C:\playground\Python\ai_scrapper\frontend\node_modules\jsdom\lib\jsdom\living\events\EventTarget-impl.js:286:3)
    at HTMLUnknownElementImpl._dispatch 
(C:\playground\Python\ai_scrapper\frontend\node_modules\jsdom\lib\jsdom\living\events\EventTarget-impl.js:233:9)
    at HTMLUnknownElementImpl.dispatchEvent 
(C:\playground\Python\ai_scrapper\frontend\node_modules\jsdom\lib\jsdom\living\events\EventTarget-impl.js:104:17)
    at HTMLUnknownElement.dispatchEvent 
(C:\playground\Python\ai_scrapper\frontend\node_modules\jsdom\lib\jsdom\living\generated\EventTarget.js:241:34)
    at Object.invokeGuardedCallbackDev (C:\playground\Python\ai_scrapper\frontend\node_modules\react-dom\cjs\react-dom.development.js:4213:16)
    at invokeGuardedCallback (C:\playground\Python\ai_scrapper\frontend\node_modules\react-dom\cjs\react-dom.development.js:4277:31)
    at beginWork$1 (C:\playground\Python\ai_scrapper\frontend\node_modules\react-dom\cjs\react-dom.development.js:27490:7)
    at performUnitOfWork (C:\playground\Python\ai_scrapper\frontend\node_modules\react-dom\cjs\react-dom.development.js:26599:12) Error: Element 
type is invalid: expected a string (for built-in components) or a class/function (for composite components) but got: undefined. You likely forgot to 
export your component from the file it's defined in, or you might have mixed up default and named imports.
    at createFiberFromTypeAndProps 
[90m(C:\playground\Python\ai_scrapper\frontend\[39mnode_modules\[4mreact-dom[24m\cjs\react-dom.development.js:28478:17[90m)[39m
    at createFiberFromElement 
[90m(C:\playground\Python\ai_scrapper\frontend\[39mnode_modules\[4mreact-dom[24m\cjs\react-dom.development.js:28504:15[90m)[39m
    at createChild 
[90m(C:\playground\Python\ai_scrapper\frontend\[39mnode_modules\[4mreact-dom[24m\cjs\react-dom.development.js:13345:28[90m)[39m
    at reconcileChildrenArray 
[90m(C:\playground\Python\ai_scrapper\frontend\[39mnode_modules\[4mreact-dom[24m\cjs\react-dom.development.js:13640:25[90m)[39m
    at reconcileChildFibers 
[90m(C:\playground\Python\ai_scrapper\frontend\[39mnode_modules\[4mreact-dom[24m\cjs\react-dom.development.js:14057:16[90m)[39m
    at reconcileChildren 
[90m(C:\playground\Python\ai_scrapper\frontend\[39mnode_modules\[4mreact-dom[24m\cjs\react-dom.development.js:19186:28[90m)[39m
    at updateContextProvider 
[90m(C:\playground\Python\ai_scrapper\frontend\[39mnode_modules\[4mreact-dom[24m\cjs\react-dom.development.js:21193:3[90m)[39m
    at beginWork 
[90m(C:\playground\Python\ai_scrapper\frontend\[39mnode_modules\[4mreact-dom[24m\cjs\react-dom.development.js:21688:14[90m)[39m
    at HTMLUnknownElement.callCallback 
[90m(C:\playground\Python\ai_scrapper\frontend\[39mnode_modules\[4mreact-dom[24m\cjs\react-dom.development.js:4164:14[90m)[39m
    at HTMLUnknownElement.callTheUserObjectsOperation 
[90m(C:\playground\Python\ai_scrapper\frontend\[39mnode_modules\[4mjsdom[24m\lib\jsdom\living\generated\EventListener.js:26:30[90m)[39m
The above error occurred in the <Context.Provider> component:

    at ToastProvider (C:\playground\Python\ai_scrapper\frontend\src\providers\ToastProvider.tsx:17:3)
    at Router (C:\playground\Python\ai_scrapper\frontend\node_modules\react-router\dist\development\chunk-R73PQUJU.js:414:13)
    at BrowserRouter (C:\playground\Python\ai_scrapper\frontend\node_modules\react-router\dist\development\chunk-R73PQUJU.js:872:3)
    at QueryClientProvider 
(file:///C:/playground/Python/ai_scrapper/frontend/node_modules/@tanstack/react-query/build/modern/QueryClientProvider.js:20:3)
    at AllTheProviders (C:\playground\Python\ai_scrapper\frontend\src\test\utils.tsx:11:28)

Consider adding an error boundary to your tree to customize error handling behavior.
Visit https://reactjs.org/link/error-boundaries to learn more about error boundaries.

[90mstderr[2m | src/components/__tests__/StatusBadge.test.tsx[2m > [22m[2mStatusBadge[2m > [22m[2mhas proper accessibility 
attributes[22m[39m
Warning: React.jsx: type is invalid -- expected a string (for built-in components) or a class/function (for composite components) but got: 
undefined. You likely forgot to export your component from the file it's defined in, or you might have mixed up default and named imports.

Check your code at StatusBadge.test.tsx:39.
Error: Uncaught [Error: Element type is invalid: expected a string (for built-in components) or a class/function (for composite components) but got: 
undefined. You likely forgot to export your component from the file it's defined in, or you might have mixed up default and named imports.]
    at reportException (C:\playground\Python\ai_scrapper\frontend\node_modules\jsdom\lib\jsdom\living\helpers\runtime-script-errors.js:66:24)
    at innerInvokeEventListeners (C:\playground\Python\ai_scrapper\frontend\node_modules\jsdom\lib\jsdom\living\events\EventTarget-impl.js:353:9)
    at invokeEventListeners (C:\playground\Python\ai_scrapper\frontend\node_modules\jsdom\lib\jsdom\living\events\EventTarget-impl.js:286:3)
    at HTMLUnknownElementImpl._dispatch 
(C:\playground\Python\ai_scrapper\frontend\node_modules\jsdom\lib\jsdom\living\events\EventTarget-impl.js:233:9)
    at HTMLUnknownElementImpl.dispatchEvent 
(C:\playground\Python\ai_scrapper\frontend\node_modules\jsdom\lib\jsdom\living\events\EventTarget-impl.js:104:17)
    at HTMLUnknownElement.dispatchEvent 
(C:\playground\Python\ai_scrapper\frontend\node_modules\jsdom\lib\jsdom\living\generated\EventTarget.js:241:34)
    at Object.invokeGuardedCallbackDev (C:\playground\Python\ai_scrapper\frontend\node_modules\react-dom\cjs\react-dom.development.js:4213:16)
    at invokeGuardedCallback (C:\playground\Python\ai_scrapper\frontend\node_modules\react-dom\cjs\react-dom.development.js:4277:31)
    at beginWork$1 (C:\playground\Python\ai_scrapper\frontend\node_modules\react-dom\cjs\react-dom.development.js:27490:7)
    at performUnitOfWork (C:\playground\Python\ai_scrapper\frontend\node_modules\react-dom\cjs\react-dom.development.js:26599:12) Error: Element 
type is invalid: expected a string (for built-in components) or a class/function (for composite components) but got: undefined. You likely forgot to 
export your component from the file it's defined in, or you might have mixed up default and named imports.
    at createFiberFromTypeAndProps 
[90m(C:\playground\Python\ai_scrapper\frontend\[39mnode_modules\[4mreact-dom[24m\cjs\react-dom.development.js:28478:17[90m)[39m
    at createFiberFromElement 
[90m(C:\playground\Python\ai_scrapper\frontend\[39mnode_modules\[4mreact-dom[24m\cjs\react-dom.development.js:28504:15[90m)[39m
    at createChild 
[90m(C:\playground\Python\ai_scrapper\frontend\[39mnode_modules\[4mreact-dom[24m\cjs\react-dom.development.js:13345:28[90m)[39m
    at reconcileChildrenArray 
[90m(C:\playground\Python\ai_scrapper\frontend\[39mnode_modules\[4mreact-dom[24m\cjs\react-dom.development.js:13640:25[90m)[39m
    at reconcileChildFibers 
[90m(C:\playground\Python\ai_scrapper\frontend\[39mnode_modules\[4mreact-dom[24m\cjs\react-dom.development.js:14057:16[90m)[39m
    at reconcileChildren 
[90m(C:\playground\Python\ai_scrapper\frontend\[39mnode_modules\[4mreact-dom[24m\cjs\react-dom.development.js:19186:28[90m)[39m
    at updateContextProvider 
[90m(C:\playground\Python\ai_scrapper\frontend\[39mnode_modules\[4mreact-dom[24m\cjs\react-dom.development.js:21193:3[90m)[39m
    at beginWork 
[90m(C:\playground\Python\ai_scrapper\frontend\[39mnode_modules\[4mreact-dom[24m\cjs\react-dom.development.js:21688:14[90m)[39m
    at HTMLUnknownElement.callCallback 
[90m(C:\playground\Python\ai_scrapper\frontend\[39mnode_modules\[4mreact-dom[24m\cjs\react-dom.development.js:4164:14[90m)[39m
    at HTMLUnknownElement.callTheUserObjectsOperation 
[90m(C:\playground\Python\ai_scrapper\frontend\[39mnode_modules\[4mjsdom[24m\lib\jsdom\living\generated\EventListener.js:26:30[90m)[39m
Error: Uncaught [Error: Element type is invalid: expected a string (for built-in components) or a class/function (for composite components) but got: 
undefined. You likely forgot to export your component from the file it's defined in, or you might have mixed up default and named imports.]
    at reportException (C:\playground\Python\ai_scrapper\frontend\node_modules\jsdom\lib\jsdom\living\helpers\runtime-script-errors.js:66:24)
    at innerInvokeEventListeners (C:\playground\Python\ai_scrapper\frontend\node_modules\jsdom\lib\jsdom\living\events\EventTarget-impl.js:353:9)
    at invokeEventListeners (C:\playground\Python\ai_scrapper\frontend\node_modules\jsdom\lib\jsdom\living\events\EventTarget-impl.js:286:3)
    at HTMLUnknownElementImpl._dispatch 
(C:\playground\Python\ai_scrapper\frontend\node_modules\jsdom\lib\jsdom\living\events\EventTarget-impl.js:233:9)
    at HTMLUnknownElementImpl.dispatchEvent 
(C:\playground\Python\ai_scrapper\frontend\node_modules\jsdom\lib\jsdom\living\events\EventTarget-impl.js:104:17)
    at HTMLUnknownElement.dispatchEvent 
(C:\playground\Python\ai_scrapper\frontend\node_modules\jsdom\lib\jsdom\living\generated\EventTarget.js:241:34)
    at Object.invokeGuardedCallbackDev (C:\playground\Python\ai_scrapper\frontend\node_modules\react-dom\cjs\react-dom.development.js:4213:16)
    at invokeGuardedCallback (C:\playground\Python\ai_scrapper\frontend\node_modules\react-dom\cjs\react-dom.development.js:4277:31)
    at beginWork$1 (C:\playground\Python\ai_scrapper\frontend\node_modules\react-dom\cjs\react-dom.development.js:27490:7)
    at performUnitOfWork (C:\playground\Python\ai_scrapper\frontend\node_modules\react-dom\cjs\react-dom.development.js:26599:12) Error: Element 
type is invalid: expected a string (for built-in components) or a class/function (for composite components) but got: undefined. You likely forgot to 
export your component from the file it's defined in, or you might have mixed up default and named imports.
    at createFiberFromTypeAndProps 
[90m(C:\playground\Python\ai_scrapper\frontend\[39mnode_modules\[4mreact-dom[24m\cjs\react-dom.development.js:28478:17[90m)[39m
    at createFiberFromElement 
[90m(C:\playground\Python\ai_scrapper\frontend\[39mnode_modules\[4mreact-dom[24m\cjs\react-dom.development.js:28504:15[90m)[39m
    at createChild 
[90m(C:\playground\Python\ai_scrapper\frontend\[39mnode_modules\[4mreact-dom[24m\cjs\react-dom.development.js:13345:28[90m)[39m
    at reconcileChildrenArray 
[90m(C:\playground\Python\ai_scrapper\frontend\[39mnode_modules\[4mreact-dom[24m\cjs\react-dom.development.js:13640:25[90m)[39m
    at reconcileChildFibers 
[90m(C:\playground\Python\ai_scrapper\frontend\[39mnode_modules\[4mreact-dom[24m\cjs\react-dom.development.js:14057:16[90m)[39m
    at reconcileChildren 
[90m(C:\playground\Python\ai_scrapper\frontend\[39mnode_modules\[4mreact-dom[24m\cjs\react-dom.development.js:19186:28[90m)[39m
    at updateContextProvider 
[90m(C:\playground\Python\ai_scrapper\frontend\[39mnode_modules\[4mreact-dom[24m\cjs\react-dom.development.js:21193:3[90m)[39m
    at beginWork 
[90m(C:\playground\Python\ai_scrapper\frontend\[39mnode_modules\[4mreact-dom[24m\cjs\react-dom.development.js:21688:14[90m)[39m
    at HTMLUnknownElement.callCallback 
[90m(C:\playground\Python\ai_scrapper\frontend\[39mnode_modules\[4mreact-dom[24m\cjs\react-dom.development.js:4164:14[90m)[39m
    at HTMLUnknownElement.callTheUserObjectsOperation 
[90m(C:\playground\Python\ai_scrapper\frontend\[39mnode_modules\[4mjsdom[24m\lib\jsdom\living\generated\EventListener.js:26:30[90m)[39m
The above error occurred in the <Context.Provider> component:

    at ToastProvider (C:\playground\Python\ai_scrapper\frontend\src\providers\ToastProvider.tsx:17:3)
    at Router (C:\playground\Python\ai_scrapper\frontend\node_modules\react-router\dist\development\chunk-R73PQUJU.js:414:13)
    at BrowserRouter (C:\playground\Python\ai_scrapper\frontend\node_modules\react-router\dist\development\chunk-R73PQUJU.js:872:3)
    at QueryClientProvider 
(file:///C:/playground/Python/ai_scrapper/frontend/node_modules/@tanstack/react-query/build/modern/QueryClientProvider.js:20:3)
    at AllTheProviders (C:\playground\Python\ai_scrapper\frontend\src\test\utils.tsx:11:28)

Consider adding an error boundary to your tree to customize error handling behavior.
Visit https://reactjs.org/link/error-boundaries to learn more about error boundaries.

 [33mΓ¥»[39m src/pages/__tests__/Jobs.test.tsx [2m ([22m[2m0 test[22m[2m)[22m
 [33mΓ¥»[39m src/components/__tests__/LoadingSpinner.test.tsx [2m ([22m[2m4 tests[22m [2m|[22m [31m4 failed[39m[2m)[22m[90m 129[2mms[22m[39m
[31m   [33mΓ¥»[31m src/components/__tests__/LoadingSpinner.test.tsx[2m > [22mLoadingSpinner[2m > [22mrenders with default size[39m
[31m     ΓåÆ Element type is invalid: expected a string (for built-in components) or a class/function (for composite components) but got: undefined. You likely forgot to export your component from the file it's defined in, or you might have mixed up default and named imports.[39m
[31m   [33mΓ¥»[31m src/components/__tests__/LoadingSpinner.test.tsx[2m > [22mLoadingSpinner[2m > [22mrenders with custom size[39m
[31m     ΓåÆ Element type is invalid: expected a string (for built-in components) or a class/function (for composite components) but got: undefined. You likely forgot to export your component from the file it's defined in, or you might have mixed up default and named imports.[39m
[31m   [33mΓ¥»[31m src/components/__tests__/LoadingSpinner.test.tsx[2m > [22mLoadingSpinner[2m > [22mrenders with custom text[39m
[31m     ΓåÆ Element type is invalid: expected a string (for built-in components) or a class/function (for composite components) but got: undefined. You likely forgot to export your component from the file it's defined in, or you might have mixed up default and named imports.[39m
[31m   [33mΓ¥»[31m src/components/__tests__/LoadingSpinner.test.tsx[2m > [22mLoadingSpinner[2m > [22mhas proper accessibility attributes[39m
[31m     ΓåÆ Element type is invalid: expected a string (for built-in components) or a class/function (for composite components) but got: undefined. You likely forgot to export your component from the file it's defined in, or you might have mixed up default and named imports.[39m
[90mstderr[2m | src/components/__tests__/LoadingSpinner.test.tsx[2m > [22m[2mLoadingSpinner[2m > [22m[2mrenders with default size[22m[39m
Warning: React.jsx: type is invalid -- expected a string (for built-in components) or a class/function (for composite components) but got: 
undefined. You likely forgot to export your component from the file it's defined in, or you might have mixed up default and named imports.

Check your code at LoadingSpinner.test.tsx:7.
Error: Uncaught [Error: Element type is invalid: expected a string (for built-in components) or a class/function (for composite components) but got: 
undefined. You likely forgot to export your component from the file it's defined in, or you might have mixed up default and named imports.]
    at reportException (C:\playground\Python\ai_scrapper\frontend\node_modules\jsdom\lib\jsdom\living\helpers\runtime-script-errors.js:66:24)
    at innerInvokeEventListeners (C:\playground\Python\ai_scrapper\frontend\node_modules\jsdom\lib\jsdom\living\events\EventTarget-impl.js:353:9)
    at invokeEventListeners (C:\playground\Python\ai_scrapper\frontend\node_modules\jsdom\lib\jsdom\living\events\EventTarget-impl.js:286:3)
    at HTMLUnknownElementImpl._dispatch 
(C:\playground\Python\ai_scrapper\frontend\node_modules\jsdom\lib\jsdom\living\events\EventTarget-impl.js:233:9)
    at HTMLUnknownElementImpl.dispatchEvent 
(C:\playground\Python\ai_scrapper\frontend\node_modules\jsdom\lib\jsdom\living\events\EventTarget-impl.js:104:17)
    at HTMLUnknownElement.dispatchEvent 
(C:\playground\Python\ai_scrapper\frontend\node_modules\jsdom\lib\jsdom\living\generated\EventTarget.js:241:34)
    at Object.invokeGuardedCallbackDev (C:\playground\Python\ai_scrapper\frontend\node_modules\react-dom\cjs\react-dom.development.js:4213:16)
    at invokeGuardedCallback (C:\playground\Python\ai_scrapper\frontend\node_modules\react-dom\cjs\react-dom.development.js:4277:31)
    at beginWork$1 (C:\playground\Python\ai_scrapper\frontend\node_modules\react-dom\cjs\react-dom.development.js:27490:7)
    at performUnitOfWork (C:\playground\Python\ai_scrapper\frontend\node_modules\react-dom\cjs\react-dom.development.js:26599:12) Error: Element 
type is invalid: expected a string (for built-in components) or a class/function (for composite components) but got: undefined. You likely forgot to 
export your component from the file it's defined in, or you might have mixed up default and named imports.
    at createFiberFromTypeAndProps 
[90m(C:\playground\Python\ai_scrapper\frontend\[39mnode_modules\[4mreact-dom[24m\cjs\react-dom.development.js:28478:17[90m)[39m
    at createFiberFromElement 
[90m(C:\playground\Python\ai_scrapper\frontend\[39mnode_modules\[4mreact-dom[24m\cjs\react-dom.development.js:28504:15[90m)[39m
    at createChild 
[90m(C:\playground\Python\ai_scrapper\frontend\[39mnode_modules\[4mreact-dom[24m\cjs\react-dom.development.js:13345:28[90m)[39m
    at reconcileChildrenArray 
[90m(C:\playground\Python\ai_scrapper\frontend\[39mnode_modules\[4mreact-dom[24m\cjs\react-dom.development.js:13640:25[90m)[39m
    at reconcileChildFibers 
[90m(C:\playground\Python\ai_scrapper\frontend\[39mnode_modules\[4mreact-dom[24m\cjs\react-dom.development.js:14057:16[90m)[39m
    at reconcileChildren 
[90m(C:\playground\Python\ai_scrapper\frontend\[39mnode_modules\[4mreact-dom[24m\cjs\react-dom.development.js:19186:28[90m)[39m
    at updateContextProvider 
[90m(C:\playground\Python\ai_scrapper\frontend\[39mnode_modules\[4mreact-dom[24m\cjs\react-dom.development.js:21193:3[90m)[39m
    at beginWork 
[90m(C:\playground\Python\ai_scrapper\frontend\[39mnode_modules\[4mreact-dom[24m\cjs\react-dom.development.js:21688:14[90m)[39m
    at HTMLUnknownElement.callCallback 
[90m(C:\playground\Python\ai_scrapper\frontend\[39mnode_modules\[4mreact-dom[24m\cjs\react-dom.development.js:4164:14[90m)[39m
    at HTMLUnknownElement.callTheUserObjectsOperation 
[90m(C:\playground\Python\ai_scrapper\frontend\[39mnode_modules\[4mjsdom[24m\lib\jsdom\living\generated\EventListener.js:26:30[90m)[39m
Error: Uncaught [Error: Element type is invalid: expected a string (for built-in components) or a class/function (for composite components) but got: 
undefined. You likely forgot to export your component from the file it's defined in, or you might have mixed up default and named imports.]
    at reportException (C:\playground\Python\ai_scrapper\frontend\node_modules\jsdom\lib\jsdom\living\helpers\runtime-script-errors.js:66:24)
    at innerInvokeEventListeners (C:\playground\Python\ai_scrapper\frontend\node_modules\jsdom\lib\jsdom\living\events\EventTarget-impl.js:353:9)
    at invokeEventListeners (C:\playground\Python\ai_scrapper\frontend\node_modules\jsdom\lib\jsdom\living\events\EventTarget-impl.js:286:3)
    at HTMLUnknownElementImpl._dispatch 
(C:\playground\Python\ai_scrapper\frontend\node_modules\jsdom\lib\jsdom\living\events\EventTarget-impl.js:233:9)
    at HTMLUnknownElementImpl.dispatchEvent 
(C:\playground\Python\ai_scrapper\frontend\node_modules\jsdom\lib\jsdom\living\events\EventTarget-impl.js:104:17)
    at HTMLUnknownElement.dispatchEvent 
(C:\playground\Python\ai_scrapper\frontend\node_modules\jsdom\lib\jsdom\living\generated\EventTarget.js:241:34)
    at Object.invokeGuardedCallbackDev (C:\playground\Python\ai_scrapper\frontend\node_modules\react-dom\cjs\react-dom.development.js:4213:16)
    at invokeGuardedCallback (C:\playground\Python\ai_scrapper\frontend\node_modules\react-dom\cjs\react-dom.development.js:4277:31)
    at beginWork$1 (C:\playground\Python\ai_scrapper\frontend\node_modules\react-dom\cjs\react-dom.development.js:27490:7)
    at performUnitOfWork (C:\playground\Python\ai_scrapper\frontend\node_modules\react-dom\cjs\react-dom.development.js:26599:12) Error: Element 
type is invalid: expected a string (for built-in components) or a class/function (for composite components) but got: undefined. You likely forgot to 
export your component from the file it's defined in, or you might have mixed up default and named imports.
    at createFiberFromTypeAndProps 
[90m(C:\playground\Python\ai_scrapper\frontend\[39mnode_modules\[4mreact-dom[24m\cjs\react-dom.development.js:28478:17[90m)[39m
    at createFiberFromElement 
[90m(C:\playground\Python\ai_scrapper\frontend\[39mnode_modules\[4mreact-dom[24m\cjs\react-dom.development.js:28504:15[90m)[39m
    at createChild 
[90m(C:\playground\Python\ai_scrapper\frontend\[39mnode_modules\[4mreact-dom[24m\cjs\react-dom.development.js:13345:28[90m)[39m
    at reconcileChildrenArray 
[90m(C:\playground\Python\ai_scrapper\frontend\[39mnode_modules\[4mreact-dom[24m\cjs\react-dom.development.js:13640:25[90m)[39m
    at reconcileChildFibers 
[90m(C:\playground\Python\ai_scrapper\frontend\[39mnode_modules\[4mreact-dom[24m\cjs\react-dom.development.js:14057:16[90m)[39m
    at reconcileChildren 
[90m(C:\playground\Python\ai_scrapper\frontend\[39mnode_modules\[4mreact-dom[24m\cjs\react-dom.development.js:19186:28[90m)[39m
    at updateContextProvider 
[90m(C:\playground\Python\ai_scrapper\frontend\[39mnode_modules\[4mreact-dom[24m\cjs\react-dom.development.js:21193:3[90m)[39m
    at beginWork 
[90m(C:\playground\Python\ai_scrapper\frontend\[39mnode_modules\[4mreact-dom[24m\cjs\react-dom.development.js:21688:14[90m)[39m
    at HTMLUnknownElement.callCallback 
[90m(C:\playground\Python\ai_scrapper\frontend\[39mnode_modules\[4mreact-dom[24m\cjs\react-dom.development.js:4164:14[90m)[39m
    at HTMLUnknownElement.callTheUserObjectsOperation 
[90m(C:\playground\Python\ai_scrapper\frontend\[39mnode_modules\[4mjsdom[24m\lib\jsdom\living\generated\EventListener.js:26:30[90m)[39m
The above error occurred in the <Context.Provider> component:

    at ToastProvider (C:\playground\Python\ai_scrapper\frontend\src\providers\ToastProvider.tsx:17:3)
    at Router (C:\playground\Python\ai_scrapper\frontend\node_modules\react-router\dist\development\chunk-R73PQUJU.js:414:13)
    at BrowserRouter (C:\playground\Python\ai_scrapper\frontend\node_modules\react-router\dist\development\chunk-R73PQUJU.js:872:3)
    at QueryClientProvider 
(file:///C:/playground/Python/ai_scrapper/frontend/node_modules/@tanstack/react-query/build/modern/QueryClientProvider.js:20:3)
    at AllTheProviders (C:\playground\Python\ai_scrapper\frontend\src\test\utils.tsx:11:28)

Consider adding an error boundary to your tree to customize error handling behavior.
Visit https://reactjs.org/link/error-boundaries to learn more about error boundaries.

[90mstderr[2m | src/components/__tests__/LoadingSpinner.test.tsx[2m > [22m[2mLoadingSpinner[2m > [22m[2mrenders with custom size[22m[39m
Warning: React.jsx: type is invalid -- expected a string (for built-in components) or a class/function (for composite components) but got: 
undefined. You likely forgot to export your component from the file it's defined in, or you might have mixed up default and named imports.

Check your code at LoadingSpinner.test.tsx:15.
Error: Uncaught [Error: Element type is invalid: expected a string (for built-in components) or a class/function (for composite components) but got: 
undefined. You likely forgot to export your component from the file it's defined in, or you might have mixed up default and named imports.]
    at reportException (C:\playground\Python\ai_scrapper\frontend\node_modules\jsdom\lib\jsdom\living\helpers\runtime-script-errors.js:66:24)
    at innerInvokeEventListeners (C:\playground\Python\ai_scrapper\frontend\node_modules\jsdom\lib\jsdom\living\events\EventTarget-impl.js:353:9)
    at invokeEventListeners (C:\playground\Python\ai_scrapper\frontend\node_modules\jsdom\lib\jsdom\living\events\EventTarget-impl.js:286:3)
    at HTMLUnknownElementImpl._dispatch 
(C:\playground\Python\ai_scrapper\frontend\node_modules\jsdom\lib\jsdom\living\events\EventTarget-impl.js:233:9)
    at HTMLUnknownElementImpl.dispatchEvent 
(C:\playground\Python\ai_scrapper\frontend\node_modules\jsdom\lib\jsdom\living\events\EventTarget-impl.js:104:17)
    at HTMLUnknownElement.dispatchEvent 
(C:\playground\Python\ai_scrapper\frontend\node_modules\jsdom\lib\jsdom\living\generated\EventTarget.js:241:34)
    at Object.invokeGuardedCallbackDev (C:\playground\Python\ai_scrapper\frontend\node_modules\react-dom\cjs\react-dom.development.js:4213:16)
    at invokeGuardedCallback (C:\playground\Python\ai_scrapper\frontend\node_modules\react-dom\cjs\react-dom.development.js:4277:31)
    at beginWork$1 (C:\playground\Python\ai_scrapper\frontend\node_modules\react-dom\cjs\react-dom.development.js:27490:7)
    at performUnitOfWork (C:\playground\Python\ai_scrapper\frontend\node_modules\react-dom\cjs\react-dom.development.js:26599:12) Error: Element 
type is invalid: expected a string (for built-in components) or a class/function (for composite components) but got: undefined. You likely forgot to 
export your component from the file it's defined in, or you might have mixed up default and named imports.
    at createFiberFromTypeAndProps 
[90m(C:\playground\Python\ai_scrapper\frontend\[39mnode_modules\[4mreact-dom[24m\cjs\react-dom.development.js:28478:17[90m)[39m
    at createFiberFromElement 
[90m(C:\playground\Python\ai_scrapper\frontend\[39mnode_modules\[4mreact-dom[24m\cjs\react-dom.development.js:28504:15[90m)[39m
    at createChild 
[90m(C:\playground\Python\ai_scrapper\frontend\[39mnode_modules\[4mreact-dom[24m\cjs\react-dom.development.js:13345:28[90m)[39m
    at reconcileChildrenArray 
[90m(C:\playground\Python\ai_scrapper\frontend\[39mnode_modules\[4mreact-dom[24m\cjs\react-dom.development.js:13640:25[90m)[39m
    at reconcileChildFibers 
[90m(C:\playground\Python\ai_scrapper\frontend\[39mnode_modules\[4mreact-dom[24m\cjs\react-dom.development.js:14057:16[90m)[39m
    at reconcileChildren 
[90m(C:\playground\Python\ai_scrapper\frontend\[39mnode_modules\[4mreact-dom[24m\cjs\react-dom.development.js:19186:28[90m)[39m
    at updateContextProvider 
[90m(C:\playground\Python\ai_scrapper\frontend\[39mnode_modules\[4mreact-dom[24m\cjs\react-dom.development.js:21193:3[90m)[39m
    at beginWork 
[90m(C:\playground\Python\ai_scrapper\frontend\[39mnode_modules\[4mreact-dom[24m\cjs\react-dom.development.js:21688:14[90m)[39m
    at HTMLUnknownElement.callCallback 
[90m(C:\playground\Python\ai_scrapper\frontend\[39mnode_modules\[4mreact-dom[24m\cjs\react-dom.development.js:4164:14[90m)[39m
    at HTMLUnknownElement.callTheUserObjectsOperation 
[90m(C:\playground\Python\ai_scrapper\frontend\[39mnode_modules\[4mjsdom[24m\lib\jsdom\living\generated\EventListener.js:26:30[90m)[39m
Error: Uncaught [Error: Element type is invalid: expected a string (for built-in components) or a class/function (for composite components) but got: 
undefined. You likely forgot to export your component from the file it's defined in, or you might have mixed up default and named imports.]
    at reportException (C:\playground\Python\ai_scrapper\frontend\node_modules\jsdom\lib\jsdom\living\helpers\runtime-script-errors.js:66:24)
    at innerInvokeEventListeners (C:\playground\Python\ai_scrapper\frontend\node_modules\jsdom\lib\jsdom\living\events\EventTarget-impl.js:353:9)
    at invokeEventListeners (C:\playground\Python\ai_scrapper\frontend\node_modules\jsdom\lib\jsdom\living\events\EventTarget-impl.js:286:3)
    at HTMLUnknownElementImpl._dispatch 
(C:\playground\Python\ai_scrapper\frontend\node_modules\jsdom\lib\jsdom\living\events\EventTarget-impl.js:233:9)
    at HTMLUnknownElementImpl.dispatchEvent 
(C:\playground\Python\ai_scrapper\frontend\node_modules\jsdom\lib\jsdom\living\events\EventTarget-impl.js:104:17)
    at HTMLUnknownElement.dispatchEvent 
(C:\playground\Python\ai_scrapper\frontend\node_modules\jsdom\lib\jsdom\living\generated\EventTarget.js:241:34)
    at Object.invokeGuardedCallbackDev (C:\playground\Python\ai_scrapper\frontend\node_modules\react-dom\cjs\react-dom.development.js:4213:16)
    at invokeGuardedCallback (C:\playground\Python\ai_scrapper\frontend\node_modules\react-dom\cjs\react-dom.development.js:4277:31)
    at beginWork$1 (C:\playground\Python\ai_scrapper\frontend\node_modules\react-dom\cjs\react-dom.development.js:27490:7)
    at performUnitOfWork (C:\playground\Python\ai_scrapper\frontend\node_modules\react-dom\cjs\react-dom.development.js:26599:12) Error: Element 
type is invalid: expected a string (for built-in components) or a class/function (for composite components) but got: undefined. You likely forgot to 
export your component from the file it's defined in, or you might have mixed up default and named imports.
    at createFiberFromTypeAndProps 
[90m(C:\playground\Python\ai_scrapper\frontend\[39mnode_modules\[4mreact-dom[24m\cjs\react-dom.development.js:28478:17[90m)[39m
    at createFiberFromElement 
[90m(C:\playground\Python\ai_scrapper\frontend\[39mnode_modules\[4mreact-dom[24m\cjs\react-dom.development.js:28504:15[90m)[39m
    at createChild 
[90m(C:\playground\Python\ai_scrapper\frontend\[39mnode_modules\[4mreact-dom[24m\cjs\react-dom.development.js:13345:28[90m)[39m
    at reconcileChildrenArray 
[90m(C:\playground\Python\ai_scrapper\frontend\[39mnode_modules\[4mreact-dom[24m\cjs\react-dom.development.js:13640:25[90m)[39m
    at reconcileChildFibers 
[90m(C:\playground\Python\ai_scrapper\frontend\[39mnode_modules\[4mreact-dom[24m\cjs\react-dom.development.js:14057:16[90m)[39m
    at reconcileChildren 
[90m(C:\playground\Python\ai_scrapper\frontend\[39mnode_modules\[4mreact-dom[24m\cjs\react-dom.development.js:19186:28[90m)[39m
    at updateContextProvider 
[90m(C:\playground\Python\ai_scrapper\frontend\[39mnode_modules\[4mreact-dom[24m\cjs\react-dom.development.js:21193:3[90m)[39m
    at beginWork 
[90m(C:\playground\Python\ai_scrapper\frontend\[39mnode_modules\[4mreact-dom[24m\cjs\react-dom.development.js:21688:14[90m)[39m
    at HTMLUnknownElement.callCallback 
[90m(C:\playground\Python\ai_scrapper\frontend\[39mnode_modules\[4mreact-dom[24m\cjs\react-dom.development.js:4164:14[90m)[39m
    at HTMLUnknownElement.callTheUserObjectsOperation 
[90m(C:\playground\Python\ai_scrapper\frontend\[39mnode_modules\[4mjsdom[24m\lib\jsdom\living\generated\EventListener.js:26:30[90m)[39m
The above error occurred in the <Context.Provider> component:

    at ToastProvider (C:\playground\Python\ai_scrapper\frontend\src\providers\ToastProvider.tsx:17:3)
    at Router (C:\playground\Python\ai_scrapper\frontend\node_modules\react-router\dist\development\chunk-R73PQUJU.js:414:13)
    at BrowserRouter (C:\playground\Python\ai_scrapper\frontend\node_modules\react-router\dist\development\chunk-R73PQUJU.js:872:3)
    at QueryClientProvider 
(file:///C:/playground/Python/ai_scrapper/frontend/node_modules/@tanstack/react-query/build/modern/QueryClientProvider.js:20:3)
    at AllTheProviders (C:\playground\Python\ai_scrapper\frontend\src\test\utils.tsx:11:28)

Consider adding an error boundary to your tree to customize error handling behavior.
Visit https://reactjs.org/link/error-boundaries to learn more about error boundaries.

[90mstderr[2m | src/components/__tests__/LoadingSpinner.test.tsx[2m > [22m[2mLoadingSpinner[2m > [22m[2mrenders with custom text[22m[39m
Warning: React.jsx: type is invalid -- expected a string (for built-in components) or a class/function (for composite components) but got: 
undefined. You likely forgot to export your component from the file it's defined in, or you might have mixed up default and named imports.

Check your code at LoadingSpinner.test.tsx:23.
Error: Uncaught [Error: Element type is invalid: expected a string (for built-in components) or a class/function (for composite components) but got: 
undefined. You likely forgot to export your component from the file it's defined in, or you might have mixed up default and named imports.]
    at reportException (C:\playground\Python\ai_scrapper\frontend\node_modules\jsdom\lib\jsdom\living\helpers\runtime-script-errors.js:66:24)
    at innerInvokeEventListeners (C:\playground\Python\ai_scrapper\frontend\node_modules\jsdom\lib\jsdom\living\events\EventTarget-impl.js:353:9)
    at invokeEventListeners (C:\playground\Python\ai_scrapper\frontend\node_modules\jsdom\lib\jsdom\living\events\EventTarget-impl.js:286:3)
    at HTMLUnknownElementImpl._dispatch 
(C:\playground\Python\ai_scrapper\frontend\node_modules\jsdom\lib\jsdom\living\events\EventTarget-impl.js:233:9)
    at HTMLUnknownElementImpl.dispatchEvent 
(C:\playground\Python\ai_scrapper\frontend\node_modules\jsdom\lib\jsdom\living\events\EventTarget-impl.js:104:17)
    at HTMLUnknownElement.dispatchEvent 
(C:\playground\Python\ai_scrapper\frontend\node_modules\jsdom\lib\jsdom\living\generated\EventTarget.js:241:34)
    at Object.invokeGuardedCallbackDev (C:\playground\Python\ai_scrapper\frontend\node_modules\react-dom\cjs\react-dom.development.js:4213:16)
    at invokeGuardedCallback (C:\playground\Python\ai_scrapper\frontend\node_modules\react-dom\cjs\react-dom.development.js:4277:31)
    at beginWork$1 (C:\playground\Python\ai_scrapper\frontend\node_modules\react-dom\cjs\react-dom.development.js:27490:7)
    at performUnitOfWork (C:\playground\Python\ai_scrapper\frontend\node_modules\react-dom\cjs\react-dom.development.js:26599:12) Error: Element 
type is invalid: expected a string (for built-in components) or a class/function (for composite components) but got: undefined. You likely forgot to 
export your component from the file it's defined in, or you might have mixed up default and named imports.
    at createFiberFromTypeAndProps 
[90m(C:\playground\Python\ai_scrapper\frontend\[39mnode_modules\[4mreact-dom[24m\cjs\react-dom.development.js:28478:17[90m)[39m
    at createFiberFromElement 
[90m(C:\playground\Python\ai_scrapper\frontend\[39mnode_modules\[4mreact-dom[24m\cjs\react-dom.development.js:28504:15[90m)[39m
    at createChild 
[90m(C:\playground\Python\ai_scrapper\frontend\[39mnode_modules\[4mreact-dom[24m\cjs\react-dom.development.js:13345:28[90m)[39m
    at reconcileChildrenArray 
[90m(C:\playground\Python\ai_scrapper\frontend\[39mnode_modules\[4mreact-dom[24m\cjs\react-dom.development.js:13640:25[90m)[39m
    at reconcileChildFibers 
[90m(C:\playground\Python\ai_scrapper\frontend\[39mnode_modules\[4mreact-dom[24m\cjs\react-dom.development.js:14057:16[90m)[39m
    at reconcileChildren 
[90m(C:\playground\Python\ai_scrapper\frontend\[39mnode_modules\[4mreact-dom[24m\cjs\react-dom.development.js:19186:28[90m)[39m
    at updateContextProvider 
[90m(C:\playground\Python\ai_scrapper\frontend\[39mnode_modules\[4mreact-dom[24m\cjs\react-dom.development.js:21193:3[90m)[39m
    at beginWork 
[90m(C:\playground\Python\ai_scrapper\frontend\[39mnode_modules\[4mreact-dom[24m\cjs\react-dom.development.js:21688:14[90m)[39m
    at HTMLUnknownElement.callCallback 
[90m(C:\playground\Python\ai_scrapper\frontend\[39mnode_modules\[4mreact-dom[24m\cjs\react-dom.development.js:4164:14[90m)[39m
    at HTMLUnknownElement.callTheUserObjectsOperation 
[90m(C:\playground\Python\ai_scrapper\frontend\[39mnode_modules\[4mjsdom[24m\lib\jsdom\living\generated\EventListener.js:26:30[90m)[39m
Error: Uncaught [Error: Element type is invalid: expected a string (for built-in components) or a class/function (for composite components) but got: 
undefined. You likely forgot to export your component from the file it's defined in, or you might have mixed up default and named imports.]
    at reportException (C:\playground\Python\ai_scrapper\frontend\node_modules\jsdom\lib\jsdom\living\helpers\runtime-script-errors.js:66:24)
    at innerInvokeEventListeners (C:\playground\Python\ai_scrapper\frontend\node_modules\jsdom\lib\jsdom\living\events\EventTarget-impl.js:353:9)
    at invokeEventListeners (C:\playground\Python\ai_scrapper\frontend\node_modules\jsdom\lib\jsdom\living\events\EventTarget-impl.js:286:3)
    at HTMLUnknownElementImpl._dispatch 
(C:\playground\Python\ai_scrapper\frontend\node_modules\jsdom\lib\jsdom\living\events\EventTarget-impl.js:233:9)
    at HTMLUnknownElementImpl.dispatchEvent 
(C:\playground\Python\ai_scrapper\frontend\node_modules\jsdom\lib\jsdom\living\events\EventTarget-impl.js:104:17)
    at HTMLUnknownElement.dispatchEvent 
(C:\playground\Python\ai_scrapper\frontend\node_modules\jsdom\lib\jsdom\living\generated\EventTarget.js:241:34)
    at Object.invokeGuardedCallbackDev (C:\playground\Python\ai_scrapper\frontend\node_modules\react-dom\cjs\react-dom.development.js:4213:16)
    at invokeGuardedCallback (C:\playground\Python\ai_scrapper\frontend\node_modules\react-dom\cjs\react-dom.development.js:4277:31)
    at beginWork$1 (C:\playground\Python\ai_scrapper\frontend\node_modules\react-dom\cjs\react-dom.development.js:27490:7)
    at performUnitOfWork (C:\playground\Python\ai_scrapper\frontend\node_modules\react-dom\cjs\react-dom.development.js:26599:12) Error: Element 
type is invalid: expected a string (for built-in components) or a class/function (for composite components) but got: undefined. You likely forgot to 
export your component from the file it's defined in, or you might have mixed up default and named imports.
    at createFiberFromTypeAndProps 
[90m(C:\playground\Python\ai_scrapper\frontend\[39mnode_modules\[4mreact-dom[24m\cjs\react-dom.development.js:28478:17[90m)[39m
    at createFiberFromElement 
[90m(C:\playground\Python\ai_scrapper\frontend\[39mnode_modules\[4mreact-dom[24m\cjs\react-dom.development.js:28504:15[90m)[39m
    at createChild 
[90m(C:\playground\Python\ai_scrapper\frontend\[39mnode_modules\[4mreact-dom[24m\cjs\react-dom.development.js:13345:28[90m)[39m
    at reconcileChildrenArray 
[90m(C:\playground\Python\ai_scrapper\frontend\[39mnode_modules\[4mreact-dom[24m\cjs\react-dom.development.js:13640:25[90m)[39m
    at reconcileChildFibers 
[90m(C:\playground\Python\ai_scrapper\frontend\[39mnode_modules\[4mreact-dom[24m\cjs\react-dom.development.js:14057:16[90m)[39m
    at reconcileChildren 
[90m(C:\playground\Python\ai_scrapper\frontend\[39mnode_modules\[4mreact-dom[24m\cjs\react-dom.development.js:19186:28[90m)[39m
    at updateContextProvider 
[90m(C:\playground\Python\ai_scrapper\frontend\[39mnode_modules\[4mreact-dom[24m\cjs\react-dom.development.js:21193:3[90m)[39m
    at beginWork 
[90m(C:\playground\Python\ai_scrapper\frontend\[39mnode_modules\[4mreact-dom[24m\cjs\react-dom.development.js:21688:14[90m)[39m
    at HTMLUnknownElement.callCallback 
[90m(C:\playground\Python\ai_scrapper\frontend\[39mnode_modules\[4mreact-dom[24m\cjs\react-dom.development.js:4164:14[90m)[39m
    at HTMLUnknownElement.callTheUserObjectsOperation 
[90m(C:\playground\Python\ai_scrapper\frontend\[39mnode_modules\[4mjsdom[24m\lib\jsdom\living\generated\EventListener.js:26:30[90m)[39m
The above error occurred in the <Context.Provider> component:

    at ToastProvider (C:\playground\Python\ai_scrapper\frontend\src\providers\ToastProvider.tsx:17:3)
    at Router (C:\playground\Python\ai_scrapper\frontend\node_modules\react-router\dist\development\chunk-R73PQUJU.js:414:13)
    at BrowserRouter (C:\playground\Python\ai_scrapper\frontend\node_modules\react-router\dist\development\chunk-R73PQUJU.js:872:3)
    at QueryClientProvider 
(file:///C:/playground/Python/ai_scrapper/frontend/node_modules/@tanstack/react-query/build/modern/QueryClientProvider.js:20:3)
    at AllTheProviders (C:\playground\Python\ai_scrapper\frontend\src\test\utils.tsx:11:28)

Consider adding an error boundary to your tree to customize error handling behavior.
Visit https://reactjs.org/link/error-boundaries to learn more about error boundaries.

[90mstderr[2m | src/components/__tests__/LoadingSpinner.test.tsx[2m > [22m[2mLoadingSpinner[2m > [22m[2mhas proper accessibility 
attributes[22m[39m
Warning: React.jsx: type is invalid -- expected a string (for built-in components) or a class/function (for composite components) but got: 
undefined. You likely forgot to export your component from the file it's defined in, or you might have mixed up default and named imports.

Check your code at LoadingSpinner.test.tsx:29.
Error: Uncaught [Error: Element type is invalid: expected a string (for built-in components) or a class/function (for composite components) but got: 
undefined. You likely forgot to export your component from the file it's defined in, or you might have mixed up default and named imports.]
    at reportException (C:\playground\Python\ai_scrapper\frontend\node_modules\jsdom\lib\jsdom\living\helpers\runtime-script-errors.js:66:24)
    at innerInvokeEventListeners (C:\playground\Python\ai_scrapper\frontend\node_modules\jsdom\lib\jsdom\living\events\EventTarget-impl.js:353:9)
    at invokeEventListeners (C:\playground\Python\ai_scrapper\frontend\node_modules\jsdom\lib\jsdom\living\events\EventTarget-impl.js:286:3)
    at HTMLUnknownElementImpl._dispatch 
(C:\playground\Python\ai_scrapper\frontend\node_modules\jsdom\lib\jsdom\living\events\EventTarget-impl.js:233:9)
    at HTMLUnknownElementImpl.dispatchEvent 
(C:\playground\Python\ai_scrapper\frontend\node_modules\jsdom\lib\jsdom\living\events\EventTarget-impl.js:104:17)
    at HTMLUnknownElement.dispatchEvent 
(C:\playground\Python\ai_scrapper\frontend\node_modules\jsdom\lib\jsdom\living\generated\EventTarget.js:241:34)
    at Object.invokeGuardedCallbackDev (C:\playground\Python\ai_scrapper\frontend\node_modules\react-dom\cjs\react-dom.development.js:4213:16)
    at invokeGuardedCallback (C:\playground\Python\ai_scrapper\frontend\node_modules\react-dom\cjs\react-dom.development.js:4277:31)
    at beginWork$1 (C:\playground\Python\ai_scrapper\frontend\node_modules\react-dom\cjs\react-dom.development.js:27490:7)
    at performUnitOfWork (C:\playground\Python\ai_scrapper\frontend\node_modules\react-dom\cjs\react-dom.development.js:26599:12) Error: Element 
type is invalid: expected a string (for built-in components) or a class/function (for composite components) but got: undefined. You likely forgot to 
export your component from the file it's defined in, or you might have mixed up default and named imports.
    at createFiberFromTypeAndProps 
[90m(C:\playground\Python\ai_scrapper\frontend\[39mnode_modules\[4mreact-dom[24m\cjs\react-dom.development.js:28478:17[90m)[39m
    at createFiberFromElement 
[90m(C:\playground\Python\ai_scrapper\frontend\[39mnode_modules\[4mreact-dom[24m\cjs\react-dom.development.js:28504:15[90m)[39m
    at createChild 
[90m(C:\playground\Python\ai_scrapper\frontend\[39mnode_modules\[4mreact-dom[24m\cjs\react-dom.development.js:13345:28[90m)[39m
    at reconcileChildrenArray 
[90m(C:\playground\Python\ai_scrapper\frontend\[39mnode_modules\[4mreact-dom[24m\cjs\react-dom.development.js:13640:25[90m)[39m
    at reconcileChildFibers 
[90m(C:\playground\Python\ai_scrapper\frontend\[39mnode_modules\[4mreact-dom[24m\cjs\react-dom.development.js:14057:16[90m)[39m
    at reconcileChildren 
[90m(C:\playground\Python\ai_scrapper\frontend\[39mnode_modules\[4mreact-dom[24m\cjs\react-dom.development.js:19186:28[90m)[39m
    at updateContextProvider 
[90m(C:\playground\Python\ai_scrapper\frontend\[39mnode_modules\[4mreact-dom[24m\cjs\react-dom.development.js:21193:3[90m)[39m
    at beginWork 
[90m(C:\playground\Python\ai_scrapper\frontend\[39mnode_modules\[4mreact-dom[24m\cjs\react-dom.development.js:21688:14[90m)[39m
    at HTMLUnknownElement.callCallback 
[90m(C:\playground\Python\ai_scrapper\frontend\[39mnode_modules\[4mreact-dom[24m\cjs\react-dom.development.js:4164:14[90m)[39m
    at HTMLUnknownElement.callTheUserObjectsOperation 
[90m(C:\playground\Python\ai_scrapper\frontend\[39mnode_modules\[4mjsdom[24m\lib\jsdom\living\generated\EventListener.js:26:30[90m)[39m
Error: Uncaught [Error: Element type is invalid: expected a string (for built-in components) or a class/function (for composite components) but got: 
undefined. You likely forgot to export your component from the file it's defined in, or you might have mixed up default and named imports.]
    at reportException (C:\playground\Python\ai_scrapper\frontend\node_modules\jsdom\lib\jsdom\living\helpers\runtime-script-errors.js:66:24)
    at innerInvokeEventListeners (C:\playground\Python\ai_scrapper\frontend\node_modules\jsdom\lib\jsdom\living\events\EventTarget-impl.js:353:9)
    at invokeEventListeners (C:\playground\Python\ai_scrapper\frontend\node_modules\jsdom\lib\jsdom\living\events\EventTarget-impl.js:286:3)
    at HTMLUnknownElementImpl._dispatch 
(C:\playground\Python\ai_scrapper\frontend\node_modules\jsdom\lib\jsdom\living\events\EventTarget-impl.js:233:9)
    at HTMLUnknownElementImpl.dispatchEvent 
(C:\playground\Python\ai_scrapper\frontend\node_modules\jsdom\lib\jsdom\living\events\EventTarget-impl.js:104:17)
    at HTMLUnknownElement.dispatchEvent 
(C:\playground\Python\ai_scrapper\frontend\node_modules\jsdom\lib\jsdom\living\generated\EventTarget.js:241:34)

    at Object.invokeGuardedCallbackDev (C:\playground\Python\ai_scrapper\frontend\node_modules\react-dom\cjs\react-dom.development.js:4213:16)
    at invokeGuardedCallback (C:\playground\Python\ai_scrapper\frontend\node_modules\react-dom\cjs\react-dom.development.js:4277:31)
    at beginWork$1 (C:\playground\Python\ai_scrapper\frontend\node_modules\react-dom\cjs\react-dom.development.js:27490:7)
    at performUnitOfWork (C:\playground\Python\ai_scrapper\frontend\node_modules\react-dom\cjs\react-dom.development.js:26599:12) Error: Element 
type is invalid: expected a string (for built-in components) or a class/function (for composite components) but got: undefined. You likely forgot to 
export your component from the file it's defined in, or you might have mixed up default and named imports.
    at createFiberFromTypeAndProps 
[90m(C:\playground\Python\ai_scrapper\frontend\[39mnode_modules\[4mreact-dom[24m\cjs\react-dom.development.js:28478:17[90m)[39m
    at createFiberFromElement 
[90m(C:\playground\Python\ai_scrapper\frontend\[39mnode_modules\[4mreact-dom[24m\cjs\react-dom.development.js:28504:15[90m)[39m
    at createChild 
[90m(C:\playground\Python\ai_scrapper\frontend\[39mnode_modules\[4mreact-dom[24m\cjs\react-dom.development.js:13345:28[90m)[39m
    at reconcileChildrenArray 
[90m(C:\playground\Python\ai_scrapper\frontend\[39mnode_modules\[4mreact-dom[24m\cjs\react-dom.development.js:13640:25[90m)[39m
    at reconcileChildFibers 
[90m(C:\playground\Python\ai_scrapper\frontend\[39mnode_modules\[4mreact-dom[24m\cjs\react-dom.development.js:14057:16[90m)[39m
    at reconcileChildren 
[90m(C:\playground\Python\ai_scrapper\frontend\[39mnode_modules\[4mreact-dom[24m\cjs\react-dom.development.js:19186:28[90m)[39m
    at updateContextProvider 
[90m(C:\playground\Python\ai_scrapper\frontend\[39mnode_modules\[4mreact-dom[24m\cjs\react-dom.development.js:21193:3[90m)[39m
    at beginWork 
[90m(C:\playground\Python\ai_scrapper\frontend\[39mnode_modules\[4mreact-dom[24m\cjs\react-dom.development.js:21688:14[90m)[39m
    at HTMLUnknownElement.callCallback 
[90m(C:\playground\Python\ai_scrapper\frontend\[39mnode_modules\[4mreact-dom[24m\cjs\react-dom.development.js:4164:14[90m)[39m
    at HTMLUnknownElement.callTheUserObjectsOperation 
[90m(C:\playground\Python\ai_scrapper\frontend\[39mnode_modules\[4mjsdom[24m\lib\jsdom\living\generated\EventListener.js:26:30[90m)[39m
The above error occurred in the <Context.Provider> component:

    at ToastProvider (C:\playground\Python\ai_scrapper\frontend\src\providers\ToastProvider.tsx:17:3)
    at Router (C:\playground\Python\ai_scrapper\frontend\node_modules\react-router\dist\development\chunk-R73PQUJU.js:414:13)
    at BrowserRouter (C:\playground\Python\ai_scrapper\frontend\node_modules\react-router\dist\development\chunk-R73PQUJU.js:872:3)
    at QueryClientProvider 
(file:///C:/playground/Python/ai_scrapper/frontend/node_modules/@tanstack/react-query/build/modern/QueryClientProvider.js:20:3)
    at AllTheProviders (C:\playground\Python\ai_scrapper\frontend\src\test\utils.tsx:11:28)

Consider adding an error boundary to your tree to customize error handling behavior.
Visit https://reactjs.org/link/error-boundaries to learn more about error boundaries.

[31mΓÄ»ΓÄ»ΓÄ»ΓÄ»ΓÄ»ΓÄ»[1m[7m Failed Suites 15 [27m[22mΓÄ»ΓÄ»ΓÄ»ΓÄ»ΓÄ»ΓÄ»[39m

[31m[1m[7m FAIL [27m[22m[39m src/hooks/__tests__/useHealth.test.tsx [2m[ src/hooks/__tests__/useHealth.test.tsx ][22m
[31m[1m[7m FAIL [27m[22m[39m src/hooks/__tests__/useJob.test.tsx [2m[ src/hooks/__tests__/useJob.test.tsx ][22m
[31m[1m[7m FAIL [27m[22m[39m src/hooks/__tests__/useJobs.test.tsx [2m[ src/hooks/__tests__/useJobs.test.tsx ][22m
[31m[1m[7m FAIL [27m[22m[39m src/pages/__tests__/CloneJobPage.test.tsx [2m[ src/pages/__tests__/CloneJobPage.test.tsx ][22m
[31m[1m[7m FAIL [27m[22m[39m src/pages/__tests__/CreateJob.test.tsx [2m[ src/pages/__tests__/CreateJob.test.tsx ][22m
[31m[1m[7m FAIL [27m[22m[39m src/pages/__tests__/Dashboard.test.tsx [2m[ src/pages/__tests__/Dashboard.test.tsx ][22m
[31m[1m[7m FAIL [27m[22m[39m src/pages/__tests__/Jobs.test.tsx [2m[ src/pages/__tests__/Jobs.test.tsx ][22m
[31m[1m[7m FAIL [27m[22m[39m src/services/__tests__/healthService.test.ts [2m[ src/services/__tests__/healthService.test.ts ][22m
[31m[1m[7m FAIL [27m[22m[39m src/services/__tests__/jobService.test.ts [2m[ src/services/__tests__/jobService.test.ts ][22m
[31m[1m[7m FAIL [27m[22m[39m src/test/integration/performance.test.tsx [2m[ src/test/integration/performance.test.tsx ][22m
[31m[1mError[22m: Missing required environment variables: VITE_API_BASE_URL[39m
[36m [2mΓ¥»[22m validateConfig src/config/environment.ts:[2m81:11[22m[39m
    [90m 79| [39m  
    [90m 80| [39m  [35mif[39m (missing[33m.[39mlength [33m>[39m [34m0[39m) {
    [90m 81| [39m    [35mthrow[39m [35mnew[39m [33mError[39m([32m`Missing required environment variables: [39m[36m${[39mmissingΓÇª
    [90m   | [39m          [31m^[39m
    [90m 82| [39m  }
    [90m 83| [39m  
[90m [2mΓ¥»[22m src/config/environment.ts:[2m120:1[22m[39m
[90m [2mΓ¥»[22m src/services/api.ts:[2m2:31[22m[39m

[31m[2mΓÄ»ΓÄ»ΓÄ»ΓÄ»ΓÄ»ΓÄ»ΓÄ»ΓÄ»ΓÄ»ΓÄ»ΓÄ»ΓÄ»ΓÄ»ΓÄ»ΓÄ»ΓÄ»ΓÄ»ΓÄ»ΓÄ»ΓÄ»ΓÄ»ΓÄ»[1/100]ΓÄ»[22m[39m

[31m[1m[7m FAIL [27m[22m[39m src/test/integration/accessibility.test.tsx [2m[ src/test/integration/accessibility.test.tsx ][22m
[31m[1mError[22m: Failed to resolve import "jest-axe" from "src/test/integration/accessibility.test.tsx". Does the file exist?[39m
[90m [2mΓ¥»[22m TransformPluginContext._formatError node_modules/vite/dist/node/chunks/dep-C6uTJdX2.js:[2m49258:41[22m[39m
[90m [2mΓ¥»[22m TransformPluginContext.error node_modules/vite/dist/node/chunks/dep-C6uTJdX2.js:[2m49253:16[22m[39m
[90m [2mΓ¥»[22m normalizeUrl node_modules/vite/dist/node/chunks/dep-C6uTJdX2.js:[2m64291:23[22m[39m
[90m [2mΓ¥»[22m async file:/C:/playground/Python/ai_scrapper/frontend/node_modules/vite/dist/node/chunks/dep-C6uTJdX2.js:[2m64423:39[22m[39m
[90m [2mΓ¥»[22m TransformPluginContext.transform node_modules/vite/dist/node/chunks/dep-C6uTJdX2.js:[2m64350:7[22m[39m
[90m [2mΓ¥»[22m PluginContainer.transform node_modules/vite/dist/node/chunks/dep-C6uTJdX2.js:[2m49099:18[22m[39m
[90m [2mΓ¥»[22m loadAndTransform node_modules/vite/dist/node/chunks/dep-C6uTJdX2.js:[2m51977:27[22m[39m

[31m[2mΓÄ»ΓÄ»ΓÄ»ΓÄ»ΓÄ»ΓÄ»ΓÄ»ΓÄ»ΓÄ»ΓÄ»ΓÄ»ΓÄ»ΓÄ»ΓÄ»ΓÄ»ΓÄ»ΓÄ»ΓÄ»ΓÄ»ΓÄ»ΓÄ»ΓÄ»[2/100]ΓÄ»[22m[39m

[31m[1m[7m FAIL [27m[22m[39m src/test/integration/errorHandling.test.tsx [2m[ src/test/integration/errorHandling.test.tsx ][22m
[31m[1mReferenceError[22m: React is not defined[39m
[36m [2mΓ¥»[22m src/test/integration/errorHandling.test.tsx:[2m17:33[22m[39m
    [90m 15| [39m
    [90m 16| [39m[90m// Mock error boundary[39m
    [90m 17| [39m[35mclass[39m [33mTestErrorBoundary[39m [35mextends[39m [33mReact[39m[33m.[39m[33mComponent[39m[33m<[39m
    [90m   | [39m                                [31m^[39m
    [90m 18| [39m  { children[33m:[39m [33mReact[39m[33m.[39m[33mReactNode[39m }[33m,[39m
    [90m 19| [39m  { hasError[33m:[39m boolean[33m;[39m error[33m?[39m[33m:[39m [33mError[39m }

[31m[2mΓÄ»ΓÄ»ΓÄ»ΓÄ»ΓÄ»ΓÄ»ΓÄ»ΓÄ»ΓÄ»ΓÄ»ΓÄ»ΓÄ»ΓÄ»ΓÄ»ΓÄ»ΓÄ»ΓÄ»ΓÄ»ΓÄ»ΓÄ»ΓÄ»ΓÄ»[3/100]ΓÄ»[22m[39m

[31m[1m[7m FAIL [27m[22m[39m src/test/integration/jobClone.test.tsx [2m[ src/test/integration/jobClone.test.tsx ][22m
[31m[1mError[22m: [vitest] There was an error when mocking a module. If you are using "vi.mock" factory, make sure there are no top level 
variables inside, since this call is hoisted to top of the file. Read more: https://vitest.dev/api/vi.html#vi-mock[39m
[36m [2mΓ¥»[22m src/test/utils.tsx:[2m4:31[22m[39m
    [90m  2| [39m[35mimport[39m { render[33m,[39m [33mRenderOptions[39m } [35mfrom[39m [32m'@testing-library/react'[39m
    [90m  3| [39m[35mimport[39m { [33mQueryClient[39m[33m,[39m [33mQueryClientProvider[39m } [35mfrom[39m 
[32m'@tanstack/react-quer[39mΓÇª
    [90m  4| [39m[35mimport[39m { [33mBrowserRouter[39m } [35mfrom[39m [32m'react-router-dom'[39m
    [90m   | [39m                              [31m^[39m
    [90m  5| [39m[35mimport[39m { [33mToastProvider[39m } [35mfrom[39m [32m'../providers/ToastProvider'[39m
    [90m  6| [39m
[90m [2mΓ¥»[22m src/test/integration/jobClone.test.tsx:[2m20:25[22m[39m

[31m[1mCaused by: ReferenceError[22m: Cannot access 'mockUseParams' before initialization[39m
[36m [2mΓ¥»[22m src/test/integration/jobClone.test.tsx:[2m7:16[22m[39m
[90m [2mΓ¥»[22m src/test/utils.tsx:[2m4:31[22m[39m
[90m [2mΓ¥»[22m src/test/integration/jobClone.test.tsx:[2m20:25[22m[39m

[31m[2mΓÄ»ΓÄ»ΓÄ»ΓÄ»ΓÄ»ΓÄ»ΓÄ»ΓÄ»ΓÄ»ΓÄ»ΓÄ»ΓÄ»ΓÄ»ΓÄ»ΓÄ»ΓÄ»ΓÄ»ΓÄ»ΓÄ»ΓÄ»ΓÄ»ΓÄ»[4/100]ΓÄ»[22m[39m

[31m[1m[7m FAIL [27m[22m[39m src/components/forms/__tests__/SelectorBuilder.test.tsx [2m[ 
src/components/forms/__tests__/SelectorBuilder.test.tsx ][22m
[31m[1mError[22m: Transform failed with 1 error:
C:/playground/Python/ai_scrapper/frontend/src/components/forms/__tests__/SelectorBuilder.test.tsx:14:39: ERROR: Unexpected "}"[39m
[90m [2mΓ¥»[22m failureErrorWithLog node_modules/esbuild/lib/main.js:[2m1472:15[22m[39m
[90m [2mΓ¥»[22m node_modules/esbuild/lib/main.js:[2m755:50[22m[39m
[90m [2mΓ¥»[22m responseCallbacks.<computed> node_modules/esbuild/lib/main.js:[2m622:9[22m[39m
[90m [2mΓ¥»[22m handleIncomingPacket node_modules/esbuild/lib/main.js:[2m677:12[22m[39m
[90m [2mΓ¥»[22m Socket.readFromStdout node_modules/esbuild/lib/main.js:[2m600:7[22m[39m
[90m [2mΓ¥»[22m Socket.emit node:events:[2m520:28[22m[39m

[31m[2mΓÄ»ΓÄ»ΓÄ»ΓÄ»ΓÄ»ΓÄ»ΓÄ»ΓÄ»ΓÄ»ΓÄ»ΓÄ»ΓÄ»ΓÄ»ΓÄ»ΓÄ»ΓÄ»ΓÄ»ΓÄ»ΓÄ»ΓÄ»ΓÄ»ΓÄ»[5/100]ΓÄ»[22m[39m

[31m[1m[7m FAIL [27m[22m[39m src/components/routing/__tests__/RouteGuard.test.tsx [2m[ src/components/routing/__tests__/RouteGuard.test.tsx 
][22m
[31m[1mError[22m: [vitest] There was an error when mocking a module. If you are using "vi.mock" factory, make sure there are no top level 
variables inside, since this call is hoisted to top of the file. Read more: https://vitest.dev/api/vi.html#vi-mock[39m
[36m [2mΓ¥»[22m src/components/routing/RouteGuard.tsx:[2m3:31[22m[39m
    [90m  1| [39m[35mimport[39m [33mReact[39m [35mfrom[39m [32m'react'[39m[33m;[39m
    [90m  2| [39m[35mimport[39m { [33mNavigate[39m[33m,[39m useLocation } [35mfrom[39m [32m'react-router-dom'[39m[33m;[39m
    [90m  3| [39m[35mimport[39m { useHealth } [35mfrom[39m [32m'../../hooks/useHealth'[39m[33m;[39m
    [90m   | [39m                              [31m^[39m
    [90m  4| [39m[35mimport[39m [33mLoadingSpinner[39m [35mfrom[39m [32m'../LoadingSpinner'[39m[33m;[39m
    [90m  5| [39m

[31m[1mCaused by: ReferenceError[22m: Cannot access 'mockUseHealth' before initialization[39m
[36m [2mΓ¥»[22m src/components/routing/__tests__/RouteGuard.test.tsx:[2m3:14[22m[39m
[90m [2mΓ¥»[22m src/components/routing/RouteGuard.tsx:[2m3:31[22m[39m

[31m[2mΓÄ»ΓÄ»ΓÄ»ΓÄ»ΓÄ»ΓÄ»ΓÄ»ΓÄ»ΓÄ»ΓÄ»ΓÄ»ΓÄ»ΓÄ»ΓÄ»ΓÄ»ΓÄ»ΓÄ»ΓÄ»ΓÄ»ΓÄ»ΓÄ»ΓÄ»[6/100]ΓÄ»[22m[39m

[31mΓÄ»ΓÄ»ΓÄ»ΓÄ»ΓÄ»ΓÄ»[1m[7m Failed Tests 85 [27m[22mΓÄ»ΓÄ»ΓÄ»ΓÄ»ΓÄ»ΓÄ»ΓÄ»[39m

[31m[1m[7m FAIL [27m[22m[39m src/components/__tests__/ErrorMessage.test.tsx[2m > [22mErrorMessage[2m > [22mrenders error message correctly
[31m[1m[7m FAIL [27m[22m[39m src/components/__tests__/ErrorMessage.test.tsx[2m > [22mErrorMessage[2m > [22mrenders with retry button when 
onRetry is provided
[31m[1m[7m FAIL [27m[22m[39m src/components/__tests__/ErrorMessage.test.tsx[2m > [22mErrorMessage[2m > [22mrenders without retry button 
when onRetry is not provided
[31m[1m[7m FAIL [27m[22m[39m src/components/__tests__/ErrorMessage.test.tsx[2m > [22mErrorMessage[2m > [22mhas proper accessibility 
attributes
[31m[1m[7m FAIL [27m[22m[39m src/components/__tests__/ErrorMessage.test.tsx[2m > [22mErrorMessage[2m > [22mrenders with different variants
[31m[1m[7m FAIL [27m[22m[39m src/components/__tests__/JobCard.test.tsx[2m > [22mJobCard[2m > [22mrenders job information correctly
[31m[1m[7m FAIL [27m[22m[39m src/components/__tests__/JobCard.test.tsx[2m > [22mJobCard[2m > [22mshows pending status for pending jobs
[31m[1m[7m FAIL [27m[22m[39m src/components/__tests__/JobCard.test.tsx[2m > [22mJobCard[2m > [22mcalls onDelete when delete button is 
clicked
[31m[1m[7m FAIL [27m[22m[39m src/components/__tests__/JobCard.test.tsx[2m > [22mJobCard[2m > [22mhas proper accessibility attributes
[31m[1m[7m FAIL [27m[22m[39m src/components/__tests__/JobCard.test.tsx[2m > [22mJobCard[2m > [22mshows formatted dates
[31m[1m[7m FAIL [27m[22m[39m src/components/__tests__/LoadingSpinner.test.tsx[2m > [22mLoadingSpinner[2m > [22mrenders with default size
[31m[1m[7m FAIL [27m[22m[39m src/components/__tests__/LoadingSpinner.test.tsx[2m > [22mLoadingSpinner[2m > [22mrenders with custom size
[31m[1m[7m FAIL [27m[22m[39m src/components/__tests__/LoadingSpinner.test.tsx[2m > [22mLoadingSpinner[2m > [22mrenders with custom text
[31m[1m[7m FAIL [27m[22m[39m src/components/__tests__/LoadingSpinner.test.tsx[2m > [22mLoadingSpinner[2m > [22mhas proper accessibility 
attributes
[31m[1m[7m FAIL [27m[22m[39m src/components/__tests__/RetryButton.test.tsx[2m > [22mRetryButton[2m > [22mrenders retry button correctly
[31m[1m[7m FAIL [27m[22m[39m src/components/__tests__/RetryButton.test.tsx[2m > [22mRetryButton[2m > [22mcalls onRetry when clicked
[31m[1m[7m FAIL [27m[22m[39m src/components/__tests__/RetryButton.test.tsx[2m > [22mRetryButton[2m > [22mshows loading state when 
isLoading is true
[31m[1m[7m FAIL [27m[22m[39m src/components/__tests__/RetryButton.test.tsx[2m > [22mRetryButton[2m > [22mis disabled when disabled prop is 
true
[31m[1m[7m FAIL [27m[22m[39m src/components/__tests__/RetryButton.test.tsx[2m > [22mRetryButton[2m > [22mrenders with custom text
[31m[1m[7m FAIL [27m[22m[39m src/components/__tests__/RetryButton.test.tsx[2m > [22mRetryButton[2m > [22mhas proper accessibility 
attributes
[31m[1m[7m FAIL [27m[22m[39m src/components/__tests__/StatusBadge.test.tsx[2m > [22mStatusBadge[2m > [22mrenders pending status correctly
[31m[1m[7m FAIL [27m[22m[39m src/components/__tests__/StatusBadge.test.tsx[2m > [22mStatusBadge[2m > [22mrenders completed status correctly
[31m[1m[7m FAIL [27m[22m[39m src/components/__tests__/StatusBadge.test.tsx[2m > [22mStatusBadge[2m > [22mrenders failed status correctly
[31m[1m[7m FAIL [27m[22m[39m src/components/__tests__/StatusBadge.test.tsx[2m > [22mStatusBadge[2m > [22mrenders running status correctly
[31m[1m[7m FAIL [27m[22m[39m src/components/__tests__/StatusBadge.test.tsx[2m > [22mStatusBadge[2m > [22mhas proper accessibility 
attributes
[31m[1m[7m FAIL [27m[22m[39m src/components/forms/__tests__/UrlInput.test.tsx[2m > [22mUrlInput[2m > [22mrenders input field correctly
[31m[1m[7m FAIL [27m[22m[39m src/components/forms/__tests__/UrlInput.test.tsx[2m > [22mUrlInput[2m > [22mcalls onChange when value changes
[31m[1m[7m FAIL [27m[22m[39m src/components/forms/__tests__/UrlInput.test.tsx[2m > [22mUrlInput[2m > [22mshows validation error for 
invalid URL
[31m[1m[7m FAIL [27m[22m[39m src/components/forms/__tests__/UrlInput.test.tsx[2m > [22mUrlInput[2m > [22mshows valid state for valid URL
[31m[1m[7m FAIL [27m[22m[39m src/components/forms/__tests__/UrlInput.test.tsx[2m > [22mUrlInput[2m > [22mshows URL preview when enabled
[31m[1m[7m FAIL [27m[22m[39m src/components/forms/__tests__/UrlInput.test.tsx[2m > [22mUrlInput[2m > [22mhas proper accessibility 
attributes
[31m[1m[7m FAIL [27m[22m[39m src/components/forms/__tests__/UrlInput.test.tsx[2m > [22mUrlInput[2m > [22mshows aria-invalid when there is 
an error
[31m[1m[7m FAIL [27m[22m[39m src/components/forms/__tests__/UrlInput.test.tsx[2m > [22mUrlInput[2m > [22msupports paste event handling
[31m[1mError[22m: Element type is invalid: expected a string (for built-in components) or a class/function (for composite components) but got: 
undefined. You likely forgot to export your component from the file it's defined in, or you might have mixed up default and named imports.[39m
[90m [2mΓ¥»[22m createFiberFromTypeAndProps node_modules/react-dom/cjs/react-dom.development.js:[2m28478:17[22m[39m
[90m [2mΓ¥»[22m createFiberFromElement node_modules/react-dom/cjs/react-dom.development.js:[2m28504:15[22m[39m
[90m [2mΓ¥»[22m createChild node_modules/react-dom/cjs/react-dom.development.js:[2m13345:28[22m[39m
[90m [2mΓ¥»[22m reconcileChildrenArray node_modules/react-dom/cjs/react-dom.development.js:[2m13640:25[22m[39m
[90m [2mΓ¥»[22m reconcileChildFibers node_modules/react-dom/cjs/react-dom.development.js:[2m14057:16[22m[39m
[90m [2mΓ¥»[22m reconcileChildren node_modules/react-dom/cjs/react-dom.development.js:[2m19186:28[22m[39m
[90m [2mΓ¥»[22m updateContextProvider node_modules/react-dom/cjs/react-dom.development.js:[2m21193:3[22m[39m
[90m [2mΓ¥»[22m beginWork node_modules/react-dom/cjs/react-dom.development.js:[2m21688:14[22m[39m
[90m [2mΓ¥»[22m beginWork$1 node_modules/react-dom/cjs/react-dom.development.js:[2m27465:14[22m[39m
[90m [2mΓ¥»[22m performUnitOfWork node_modules/react-dom/cjs/react-dom.development.js:[2m26599:12[22m[39m

[31m[2mΓÄ»ΓÄ»ΓÄ»ΓÄ»ΓÄ»ΓÄ»ΓÄ»ΓÄ»ΓÄ»ΓÄ»ΓÄ»ΓÄ»ΓÄ»ΓÄ»ΓÄ»ΓÄ»ΓÄ»ΓÄ»ΓÄ»ΓÄ»ΓÄ»ΓÄ»[7/100]ΓÄ»[22m[39m

[31m[1m[7m FAIL [27m[22m[39m src/hooks/__tests__/useErrorHandler.test.tsx[2m > [22museErrorHandler[2m > [22mhandles errors and provides 
error state
[31m[1mError[22m: useToast must be used within a ToastProvider[39m
[36m [2mΓ¥»[22m Module.useToast src/providers/ToastProvider.tsx:[2m19:11[22m[39m
    [90m 17| [39m  [35mconst[39m context [33m=[39m [34museContext[39m([33mToastContext[39m)[33m;[39m
    [90m 18| [39m  [35mif[39m ([33m![39mcontext) {
    [90m 19| [39m    [35mthrow[39m [35mnew[39m [33mError[39m([32m'useToast must be used within a ToastProvider'[39m)[33m;[39m
    [90m   | [39m          [31m^[39m
    [90m 20| [39m  }
    [90m 21| [39m  [35mreturn[39m context[33m;[39m
[90m [2mΓ¥»[22m Module.useErrorHandler src/hooks/useErrorHandler.ts:[2m43:38[22m[39m
[90m [2mΓ¥»[22m src/hooks/__tests__/useErrorHandler.test.tsx:[2m10:41[22m[39m
[90m [2mΓ¥»[22m TestComponent node_modules/@testing-library/react/dist/pure.js:[2m309:27[22m[39m
[90m [2mΓ¥»[22m renderWithHooks node_modules/react-dom/cjs/react-dom.development.js:[2m15486:18[22m[39m
[90m [2mΓ¥»[22m mountIndeterminateComponent node_modules/react-dom/cjs/react-dom.development.js:[2m20103:13[22m[39m
[90m [2mΓ¥»[22m beginWork node_modules/react-dom/cjs/react-dom.development.js:[2m21626:16[22m[39m
[90m [2mΓ¥»[22m beginWork$1 node_modules/react-dom/cjs/react-dom.development.js:[2m27465:14[22m[39m
[90m [2mΓ¥»[22m performUnitOfWork node_modules/react-dom/cjs/react-dom.development.js:[2m26599:12[22m[39m
[90m [2mΓ¥»[22m workLoopSync node_modules/react-dom/cjs/react-dom.development.js:[2m26505:5[22m[39m

[31m[2mΓÄ»ΓÄ»ΓÄ»ΓÄ»ΓÄ»ΓÄ»ΓÄ»ΓÄ»ΓÄ»ΓÄ»ΓÄ»ΓÄ»ΓÄ»ΓÄ»ΓÄ»ΓÄ»ΓÄ»ΓÄ»ΓÄ»ΓÄ»ΓÄ»ΓÄ»[8/100]ΓÄ»[22m[39m

[31m[1m[7m FAIL [27m[22m[39m src/hooks/__tests__/useErrorHandler.test.tsx[2m > [22museErrorHandler[2m > [22mclears error state
[31m[1mError[22m: useToast must be used within a ToastProvider[39m
[36m [2mΓ¥»[22m Module.useToast src/providers/ToastProvider.tsx:[2m19:11[22m[39m
    [90m 17| [39m  [35mconst[39m context [33m=[39m [34museContext[39m([33mToastContext[39m)[33m;[39m
    [90m 18| [39m  [35mif[39m ([33m![39mcontext) {
    [90m 19| [39m    [35mthrow[39m [35mnew[39m [33mError[39m([32m'useToast must be used within a ToastProvider'[39m)[33m;[39m
    [90m   | [39m          [31m^[39m
    [90m 20| [39m  }
    [90m 21| [39m  [35mreturn[39m context[33m;[39m
[90m [2mΓ¥»[22m Module.useErrorHandler src/hooks/useErrorHandler.ts:[2m43:38[22m[39m
[90m [2mΓ¥»[22m src/hooks/__tests__/useErrorHandler.test.tsx:[2m24:41[22m[39m
[90m [2mΓ¥»[22m TestComponent node_modules/@testing-library/react/dist/pure.js:[2m309:27[22m[39m
[90m [2mΓ¥»[22m renderWithHooks node_modules/react-dom/cjs/react-dom.development.js:[2m15486:18[22m[39m
[90m [2mΓ¥»[22m mountIndeterminateComponent node_modules/react-dom/cjs/react-dom.development.js:[2m20103:13[22m[39m
[90m [2mΓ¥»[22m beginWork node_modules/react-dom/cjs/react-dom.development.js:[2m21626:16[22m[39m
[90m [2mΓ¥»[22m beginWork$1 node_modules/react-dom/cjs/react-dom.development.js:[2m27465:14[22m[39m
[90m [2mΓ¥»[22m performUnitOfWork node_modules/react-dom/cjs/react-dom.development.js:[2m26599:12[22m[39m
[90m [2mΓ¥»[22m workLoopSync node_modules/react-dom/cjs/react-dom.development.js:[2m26505:5[22m[39m

[31m[2mΓÄ»ΓÄ»ΓÄ»ΓÄ»ΓÄ»ΓÄ»ΓÄ»ΓÄ»ΓÄ»ΓÄ»ΓÄ»ΓÄ»ΓÄ»ΓÄ»ΓÄ»ΓÄ»ΓÄ»ΓÄ»ΓÄ»ΓÄ»ΓÄ»ΓÄ»[9/100]ΓÄ»[22m[39m

[31m[1m[7m FAIL [27m[22m[39m src/hooks/__tests__/useErrorHandler.test.tsx[2m > [22museErrorHandler[2m > [22mhandles string errors
[31m[1mError[22m: useToast must be used within a ToastProvider[39m
[36m [2mΓ¥»[22m Module.useToast src/providers/ToastProvider.tsx:[2m19:11[22m[39m
    [90m 17| [39m  [35mconst[39m context [33m=[39m [34museContext[39m([33mToastContext[39m)[33m;[39m
    [90m 18| [39m  [35mif[39m ([33m![39mcontext) {
    [90m 19| [39m    [35mthrow[39m [35mnew[39m [33mError[39m([32m'useToast must be used within a ToastProvider'[39m)[33m;[39m
    [90m   | [39m          [31m^[39m
    [90m 20| [39m  }
    [90m 21| [39m  [35mreturn[39m context[33m;[39m
[90m [2mΓ¥»[22m Module.useErrorHandler src/hooks/useErrorHandler.ts:[2m43:38[22m[39m
[90m [2mΓ¥»[22m src/hooks/__tests__/useErrorHandler.test.tsx:[2m41:41[22m[39m
[90m [2mΓ¥»[22m TestComponent node_modules/@testing-library/react/dist/pure.js:[2m309:27[22m[39m
[90m [2mΓ¥»[22m renderWithHooks node_modules/react-dom/cjs/react-dom.development.js:[2m15486:18[22m[39m
[90m [2mΓ¥»[22m mountIndeterminateComponent node_modules/react-dom/cjs/react-dom.development.js:[2m20103:13[22m[39m
[90m [2mΓ¥»[22m beginWork node_modules/react-dom/cjs/react-dom.development.js:[2m21626:16[22m[39m
[90m [2mΓ¥»[22m beginWork$1 node_modules/react-dom/cjs/react-dom.development.js:[2m27465:14[22m[39m
[90m [2mΓ¥»[22m performUnitOfWork node_modules/react-dom/cjs/react-dom.development.js:[2m26599:12[22m[39m
[90m [2mΓ¥»[22m workLoopSync node_modules/react-dom/cjs/react-dom.development.js:[2m26505:5[22m[39m

[31m[2mΓÄ»ΓÄ»ΓÄ»ΓÄ»ΓÄ»ΓÄ»ΓÄ»ΓÄ»ΓÄ»ΓÄ»ΓÄ»ΓÄ»ΓÄ»ΓÄ»ΓÄ»ΓÄ»ΓÄ»ΓÄ»ΓÄ»ΓÄ»ΓÄ»[10/100]ΓÄ»[22m[39m

[31m[1m[7m FAIL [27m[22m[39m src/hooks/__tests__/useErrorHandler.test.tsx[2m > [22museErrorHandler[2m > [22mhandles axios errors with 
response
[31m[1mError[22m: useToast must be used within a ToastProvider[39m
[36m [2mΓ¥»[22m Module.useToast src/providers/ToastProvider.tsx:[2m19:11[22m[39m
    [90m 17| [39m  [35mconst[39m context [33m=[39m [34museContext[39m([33mToastContext[39m)[33m;[39m
    [90m 18| [39m  [35mif[39m ([33m![39mcontext) {
    [90m 19| [39m    [35mthrow[39m [35mnew[39m [33mError[39m([32m'useToast must be used within a ToastProvider'[39m)[33m;[39m
    [90m   | [39m          [31m^[39m
    [90m 20| [39m  }
    [90m 21| [39m  [35mreturn[39m context[33m;[39m
[90m [2mΓ¥»[22m Module.useErrorHandler src/hooks/useErrorHandler.ts:[2m43:38[22m[39m
[90m [2mΓ¥»[22m src/hooks/__tests__/useErrorHandler.test.tsx:[2m52:41[22m[39m
[90m [2mΓ¥»[22m TestComponent node_modules/@testing-library/react/dist/pure.js:[2m309:27[22m[39m
[90m [2mΓ¥»[22m renderWithHooks node_modules/react-dom/cjs/react-dom.development.js:[2m15486:18[22m[39m
[90m [2mΓ¥»[22m mountIndeterminateComponent node_modules/react-dom/cjs/react-dom.development.js:[2m20103:13[22m[39m
[90m [2mΓ¥»[22m beginWork node_modules/react-dom/cjs/react-dom.development.js:[2m21626:16[22m[39m
[90m [2mΓ¥»[22m beginWork$1 node_modules/react-dom/cjs/react-dom.development.js:[2m27465:14[22m[39m
[90m [2mΓ¥»[22m performUnitOfWork node_modules/react-dom/cjs/react-dom.development.js:[2m26599:12[22m[39m
[90m [2mΓ¥»[22m workLoopSync node_modules/react-dom/cjs/react-dom.development.js:[2m26505:5[22m[39m

[31m[2mΓÄ»ΓÄ»ΓÄ»ΓÄ»ΓÄ»ΓÄ»ΓÄ»ΓÄ»ΓÄ»ΓÄ»ΓÄ»ΓÄ»ΓÄ»ΓÄ»ΓÄ»ΓÄ»ΓÄ»ΓÄ»ΓÄ»ΓÄ»ΓÄ»[11/100]ΓÄ»[22m[39m

[31m[1m[7m FAIL [27m[22m[39m src/hooks/__tests__/useErrorHandler.test.tsx[2m > [22museErrorHandler[2m > [22mhandles axios errors without 
response
[31m[1mError[22m: useToast must be used within a ToastProvider[39m
[36m [2mΓ¥»[22m Module.useToast src/providers/ToastProvider.tsx:[2m19:11[22m[39m
    [90m 17| [39m  [35mconst[39m context [33m=[39m [34museContext[39m([33mToastContext[39m)[33m;[39m
    [90m 18| [39m  [35mif[39m ([33m![39mcontext) {
    [90m 19| [39m    [35mthrow[39m [35mnew[39m [33mError[39m([32m'useToast must be used within a ToastProvider'[39m)[33m;[39m
    [90m   | [39m          [31m^[39m
    [90m 20| [39m  }
    [90m 21| [39m  [35mreturn[39m context[33m;[39m
[90m [2mΓ¥»[22m Module.useErrorHandler src/hooks/useErrorHandler.ts:[2m43:38[22m[39m
[90m [2mΓ¥»[22m src/hooks/__tests__/useErrorHandler.test.tsx:[2m70:41[22m[39m
[90m [2mΓ¥»[22m TestComponent node_modules/@testing-library/react/dist/pure.js:[2m309:27[22m[39m
[90m [2mΓ¥»[22m renderWithHooks node_modules/react-dom/cjs/react-dom.development.js:[2m15486:18[22m[39m
[90m [2mΓ¥»[22m mountIndeterminateComponent node_modules/react-dom/cjs/react-dom.development.js:[2m20103:13[22m[39m
[90m [2mΓ¥»[22m beginWork node_modules/react-dom/cjs/react-dom.development.js:[2m21626:16[22m[39m
[90m [2mΓ¥»[22m beginWork$1 node_modules/react-dom/cjs/react-dom.development.js:[2m27465:14[22m[39m
[90m [2mΓ¥»[22m performUnitOfWork node_modules/react-dom/cjs/react-dom.development.js:[2m26599:12[22m[39m
[90m [2mΓ¥»[22m workLoopSync node_modules/react-dom/cjs/react-dom.development.js:[2m26505:5[22m[39m

[31m[2mΓÄ»ΓÄ»ΓÄ»ΓÄ»ΓÄ»ΓÄ»ΓÄ»ΓÄ»ΓÄ»ΓÄ»ΓÄ»ΓÄ»ΓÄ»ΓÄ»ΓÄ»ΓÄ»ΓÄ»ΓÄ»ΓÄ»ΓÄ»ΓÄ»[12/100]ΓÄ»[22m[39m

[31m[1m[7m FAIL [27m[22m[39m src/test/integration/userWorkflows.test.tsx[2m > [22mEnd-to-End User Workflows[2m > [22mJob Creation 
Workflow[2m > [22mshould allow user to create a new scraping job
[31m[1m[7m FAIL [27m[22m[39m src/test/integration/userWorkflows.test.tsx[2m > [22mEnd-to-End User Workflows[2m > [22mJob Creation 
Workflow[2m > [22mshould show validation errors for invalid input
[31m[1m[7m FAIL [27m[22m[39m src/test/integration/userWorkflows.test.tsx[2m > [22mEnd-to-End User Workflows[2m > [22mJob Monitoring 
Workflow[2m > [22mshould display job list and allow monitoring
[31m[1m[7m FAIL [27m[22m[39m src/test/integration/userWorkflows.test.tsx[2m > [22mEnd-to-End User Workflows[2m > [22mJob Monitoring 
Workflow[2m > [22mshould allow viewing job details
[31m[1m[7m FAIL [27m[22m[39m src/test/integration/userWorkflows.test.tsx[2m > [22mEnd-to-End User Workflows[2m > [22mResults Viewing 
Workflow[2m > [22mshould display job results when available
[31m[1m[7m FAIL [27m[22m[39m src/test/integration/userWorkflows.test.tsx[2m > [22mEnd-to-End User Workflows[2m > [22mResults Viewing 
Workflow[2m > [22mshould allow exporting results
[31m[1m[7m FAIL [27m[22m[39m src/test/integration/userWorkflows.test.tsx[2m > [22mEnd-to-End User Workflows[2m > [22mError Handling 
Scenarios[2m > [22mshould handle API errors gracefully
[31m[1m[7m FAIL [27m[22m[39m src/test/integration/userWorkflows.test.tsx[2m > [22mEnd-to-End User Workflows[2m > [22mError Handling 
Scenarios[2m > [22mshould handle network errors
[31m[1m[7m FAIL [27m[22m[39m src/test/integration/userWorkflows.test.tsx[2m > [22mEnd-to-End User Workflows[2m > [22mError Handling 
Scenarios[2m > [22mshould show retry options for failed operations
[31m[1m[7m FAIL [27m[22m[39m src/test/integration/userWorkflows.test.tsx[2m > [22mEnd-to-End User Workflows[2m > [22mAccessibility 
Compliance[2m > [22mshould have proper ARIA labels and roles
[31m[1m[7m FAIL [27m[22m[39m src/test/integration/userWorkflows.test.tsx[2m > [22mEnd-to-End User Workflows[2m > [22mAccessibility 
Compliance[2m > [22mshould support keyboard navigation
[31m[1m[7m FAIL [27m[22m[39m src/test/integration/userWorkflows.test.tsx[2m > [22mEnd-to-End User Workflows[2m > [22mPerformance 
Considerations[2m > [22mshould handle large datasets efficiently
[31m[1mError[22m: Cannot find module '../../services/api'
Require stack:
- C:\playground\Python\ai_scrapper\frontend\src\test\integration\userWorkflows.test.tsx[39m
[36m [2mΓ¥»[22m src/test/integration/userWorkflows.test.tsx:[2m70:31[22m[39m
    [90m 68| [39m
    [90m 69| [39m  [34mbeforeEach[39m(() [33m=>[39m {
    [90m 70| [39m    mockApiClient [33m=[39m vi[33m.[39m[34mmocked[39m([34mrequire[39m([32m'../../services/api'[39m)[33m.[39mapiClient)
    [90m   | [39m                              [31m^[39m
    [90m 71| [39m    
    [90m 72| [39m    [90m// Reset all mocks[39m

[31m[2mΓÄ»ΓÄ»ΓÄ»ΓÄ»ΓÄ»ΓÄ»ΓÄ»ΓÄ»ΓÄ»ΓÄ»ΓÄ»ΓÄ»ΓÄ»ΓÄ»ΓÄ»ΓÄ»ΓÄ»ΓÄ»ΓÄ»ΓÄ»ΓÄ»ΓÄ»ΓÄ»ΓÄ»ΓÄ»ΓÄ»ΓÄ»ΓÄ»ΓÄ»ΓÄ»[22m[39m
[31m[1mSerialized Error:[22m[39m [90m{ code: 'MODULE_NOT_FOUND', requireStack: [ 
'C:\playground\Python\ai_scrapper\frontend\src\test\integration\userWorkflows.test.tsx' ] }[39m
[31m[2mΓÄ»ΓÄ»ΓÄ»ΓÄ»ΓÄ»ΓÄ»ΓÄ»ΓÄ»ΓÄ»ΓÄ»ΓÄ»ΓÄ»ΓÄ»ΓÄ»ΓÄ»ΓÄ»ΓÄ»ΓÄ»ΓÄ»ΓÄ»ΓÄ»[13/100]ΓÄ»[22m[39m

[31m[1m[7m FAIL [27m[22m[39m src/utils/__tests__/errorHandling.test.ts[2m > [22merrorHandling utilities[2m > [22mhandleApiError[2m > 
[22mhandles network errors
[31m[1mAssertionError[22m: expected 'Network Error' to contain 'network'[39m

[32m- Expected[39m
[31m+ Received[39m

[32m- network[39m
[31m+ Network Error[39m

[36m [2mΓ¥»[22m src/utils/__tests__/errorHandling.test.ts:[2m27:30[22m[39m
    [90m 25| [39m      
    [90m 26| [39m      [34mexpect[39m(result[33m.[39mtype)[33m.[39m[34mtoBe[39m([32m'network'[39m)
    [90m 27| [39m      [34mexpect[39m(result[33m.[39mmessage)[33m.[39m[34mtoContain[39m([32m'network'[39m)
    [90m   | [39m                             [31m^[39m
    [90m 28| [39m      [34mexpect[39m(result[33m.[39muserMessage)[33m.[39m[34mtoBe[39m([32m'Unable to connect to the server[39mΓÇª
    [90m 29| [39m    })

[31m[2mΓÄ»ΓÄ»ΓÄ»ΓÄ»ΓÄ»ΓÄ»ΓÄ»ΓÄ»ΓÄ»ΓÄ»ΓÄ»ΓÄ»ΓÄ»ΓÄ»ΓÄ»ΓÄ»ΓÄ»ΓÄ»ΓÄ»ΓÄ»ΓÄ»[14/100]ΓÄ»[22m[39m

[31m[1m[7m FAIL [27m[22m[39m src/utils/__tests__/errorHandling.test.ts[2m > [22merrorHandling utilities[2m > [22mformatErrorMessage[2m > 
[22mformats API error responses
[31m[1mAssertionError[22m: expected 'API error' to be 'API error message' // Object.is equality[39m

[32m- Expected[39m
[31m+ Received[39m

[32m- API error message[39m
[31m+ API error[39m

[36m [2mΓ¥»[22m src/utils/__tests__/errorHandling.test.ts:[2m92:44[22m[39m
    [90m 90| [39m        }
    [90m 91| [39m      }
    [90m 92| [39m      [34mexpect[39m([34mformatErrorMessage[39m(apiError))[33m.[39m[34mtoBe[39m([32m'API error message'[39m)
    [90m   | [39m                                           [31m^[39m
    [90m 93| [39m    })
    [90m 94| [39m

[31m[2mΓÄ»ΓÄ»ΓÄ»ΓÄ»ΓÄ»ΓÄ»ΓÄ»ΓÄ»ΓÄ»ΓÄ»ΓÄ»ΓÄ»ΓÄ»ΓÄ»ΓÄ»ΓÄ»ΓÄ»ΓÄ»ΓÄ»ΓÄ»ΓÄ»[15/100]ΓÄ»[22m[39m

[31m[1m[7m FAIL [27m[22m[39m src/utils/__tests__/errorHandling.test.ts[2m > [22merrorHandling utilities[2m > [22mlogError[2m > [22mlogs 
errors to console
[31m[1mAssertionError[22m: expected "error" to be called with arguments: [ 'Error in Test context:', ΓÇª(1) ][90m

Received: 

[1m  1st error call:

[22m[2m  Array [[22m
[32m-   "Error in Test context:",[90m
[31m+   "Unknown Error:",[90m
[31m+   "[Test context] Test error",[90m
[2m    [Error: Test error],[22m
[2m  ][22m
[31m[90m

Number of calls: [1m1[22m
[31m[39m
[36m [2mΓ¥»[22m src/utils/__tests__/errorHandling.test.ts:[2m176:32[22m[39m
    [90m174| [39m      [34mlogError[39m(error[33m,[39m [32m'Test context'[39m)
    [90m175| [39m      
    [90m176| [39m      [34mexpect[39m(mockConsoleError)[33m.[39m[34mtoHaveBeenCalledWith[39m(
    [90m   | [39m                               [31m^[39m
    [90m177| [39m        [32m'Error in Test context:'[39m[33m,[39m
    [90m178| [39m        error

[31m[2mΓÄ»ΓÄ»ΓÄ»ΓÄ»ΓÄ»ΓÄ»ΓÄ»ΓÄ»ΓÄ»ΓÄ»ΓÄ»ΓÄ»ΓÄ»ΓÄ»ΓÄ»ΓÄ»ΓÄ»ΓÄ»ΓÄ»ΓÄ»ΓÄ»[16/100]ΓÄ»[22m[39m

[31m[1m[7m FAIL [27m[22m[39m src/utils/__tests__/errorHandling.test.ts[2m > [22merrorHandling utilities[2m > [22mlogError[2m > [22mlogs 
errors without context
[31m[1mAssertionError[22m: expected "error" to be called with arguments: [ 'Error:', Error: Test error ][90m

Received: 

[1m  1st error call:

[22m[2m  Array [[22m
[32m-   "Error:",[90m
[31m+   "Unknown Error:",[90m
[31m+   "Test error",[90m
[2m    [Error: Test error],[22m
[2m  ][22m
[31m[90m

Number of calls: [1m1[22m
[31m[39m
[36m [2mΓ¥»[22m src/utils/__tests__/errorHandling.test.ts:[2m186:32[22m[39m
    [90m184| [39m      [34mlogError[39m(error)
    [90m185| [39m      
    [90m186| [39m      [34mexpect[39m(mockConsoleError)[33m.[39m[34mtoHaveBeenCalledWith[39m(
    [90m   | [39m                               [31m^[39m
    [90m187| [39m        [32m'Error:'[39m[33m,[39m
    [90m188| [39m        error

[31m[2mΓÄ»ΓÄ»ΓÄ»ΓÄ»ΓÄ»ΓÄ»ΓÄ»ΓÄ»ΓÄ»ΓÄ»ΓÄ»ΓÄ»ΓÄ»ΓÄ»ΓÄ»ΓÄ»ΓÄ»ΓÄ»ΓÄ»ΓÄ»ΓÄ»[17/100]ΓÄ»[22m[39m

[31m[1m[7m FAIL [27m[22m[39m src/utils/__tests__/errorHandling.test.ts[2m > [22merrorHandling utilities[2m > [22mlogError[2m > 
[22mhandles non-Error objects
[31m[1mAssertionError[22m: expected "error" to be called with arguments: [ 'Error in Test context:', ΓÇª(1) ][90m

Received: 

[1m  1st error call:

[22m[2m  Array [[22m
[32m-   "Error in Test context:",[90m
[31m+   "Unknown Error:",[90m
[31m+   "[Test context] Error object",[90m
[2m    Object {[22m
[2m      "message": "Error object",[22m
[2m    },[22m
[2m  ][22m
[31m[90m

Number of calls: [1m1[22m
[31m[39m
[36m [2mΓ¥»[22m src/utils/__tests__/errorHandling.test.ts:[2m196:32[22m[39m
    [90m194| [39m      [34mlogError[39m(errorObj[33m,[39m [32m'Test context'[39m)
    [90m195| [39m      
    [90m196| [39m      [34mexpect[39m(mockConsoleError)[33m.[39m[34mtoHaveBeenCalledWith[39m(
    [90m   | [39m                               [31m^[39m
    [90m197| [39m        [32m'Error in Test context:'[39m[33m,[39m
    [90m198| [39m        errorObj

[31m[2mΓÄ»ΓÄ»ΓÄ»ΓÄ»ΓÄ»ΓÄ»ΓÄ»ΓÄ»ΓÄ»ΓÄ»ΓÄ»ΓÄ»ΓÄ»ΓÄ»ΓÄ»ΓÄ»ΓÄ»ΓÄ»ΓÄ»ΓÄ»ΓÄ»[18/100]ΓÄ»[22m[39m

[31m[1m[7m FAIL [27m[22m[39m src/utils/__tests__/exportUtils.test.ts[2m > [22mexportUtils[2m > [22mexportToCSV[2m > [22mhandles empty 
jobs array
[31m[1mAssertionError[22m: expected "spy" to be called at least once[39m
[36m [2mΓ¥»[22m src/utils/__tests__/exportUtils.test.ts:[2m69:25[22m[39m
    [90m 67| [39m
    [90m 68| [39m      [34mexpect[39m(mockCreateObjectURL)[33m.[39m[34mtoHaveBeenCalled[39m()
    [90m 69| [39m      [34mexpect[39m(mockClick)[33m.[39m[34mtoHaveBeenCalled[39m()
    [90m   | [39m                        [31m^[39m
    [90m 70| [39m    })
    [90m 71| [39m  })

[31m[2mΓÄ»ΓÄ»ΓÄ»ΓÄ»ΓÄ»ΓÄ»ΓÄ»ΓÄ»ΓÄ»ΓÄ»ΓÄ»ΓÄ»ΓÄ»ΓÄ»ΓÄ»ΓÄ»ΓÄ»ΓÄ»ΓÄ»ΓÄ»ΓÄ»[19/100]ΓÄ»[22m[39m

[31m[1m[7m FAIL [27m[22m[39m src/utils/__tests__/exportUtils.test.ts[2m > [22mexportUtils[2m > [22mexportToJSON[2m > [22mexports jobs to 
JSON format
[31m[1mAssertionError[22m: expected 'test-export.csv' to be 'test-export.json' // Object.is equality[39m

[32m- Expected[39m
[31m+ Received[39m

[32m- test-export.json[39m
[31m+ test-export.csv[39m

[36m [2mΓ¥»[22m src/utils/__tests__/exportUtils.test.ts:[2m82:42[22m[39m
    [90m 80| [39m
    [90m 81| [39m      
[34mexpect[39m(mockCreateObjectURL)[33m.[39m[34mtoHaveBeenCalledWith[39m(expect[33m.[39m[34many[39m([33mBlob[39mΓÇª
    [90m 82| [39m      [34mexpect[39m(mockAnchorElement[33m.[39mdownload)[33m.[39m[34mtoBe[39m([32m'test-export.json'[39m)
    [90m   | [39m                                         [31m^[39m
    [90m 83| [39m      [34mexpect[39m(mockClick)[33m.[39m[34mtoHaveBeenCalled[39m()
    [90m 84| [39m      [34mexpect[39m(mockAppendChild)[33m.[39m[34mtoHaveBeenCalledWith[39m(mockAnchorElement)

[31m[2mΓÄ»ΓÄ»ΓÄ»ΓÄ»ΓÄ»ΓÄ»ΓÄ»ΓÄ»ΓÄ»ΓÄ»ΓÄ»ΓÄ»ΓÄ»ΓÄ»ΓÄ»ΓÄ»ΓÄ»ΓÄ»ΓÄ»ΓÄ»ΓÄ»[20/100]ΓÄ»[22m[39m

[31m[1m[7m FAIL [27m[22m[39m src/utils/__tests__/validation.test.ts[2m > [22mvalidation utilities[2m > [22mvalidateUrl[2m > [22mhandles 
edge cases
[31m[1mAssertionError[22m: expected true to be false // Object.is equality[39m

[32m- Expected[39m
[31m+ Received[39m

[32m- false[39m
[31m+ true[39m

[36m [2mΓ¥»[22m src/utils/__tests__/validation.test.ts:[2m28:40[22m[39m
    [90m 26| [39m    [34mit[39m([32m'handles edge cases'[39m[33m,[39m () [33m=>[39m {
    [90m 27| [39m      [34mexpect[39m([34mvalidateUrl[39m([32m'https://'[39m))[33m.[39m[34mtoBe[39m([35mfalse[39m)
    [90m 28| [39m      [34mexpect[39m([34mvalidateUrl[39m([32m'https://.'[39m))[33m.[39m[34mtoBe[39m([35mfalse[39m)
    [90m   | [39m                                       [31m^[39m
    [90m 29| [39m      [34mexpect[39m([34mvalidateUrl[39m([32m'https://localhost:3000'[39m))[33m.[39m[34mtoBe[39m([35mtrue[39m)
    [90m 30| [39m    })

[31m[2mΓÄ»ΓÄ»ΓÄ»ΓÄ»ΓÄ»ΓÄ»ΓÄ»ΓÄ»ΓÄ»ΓÄ»ΓÄ»ΓÄ»ΓÄ»ΓÄ»ΓÄ»ΓÄ»ΓÄ»ΓÄ»ΓÄ»ΓÄ»ΓÄ»[21/100]ΓÄ»[22m[39m

[31m[1m[7m FAIL [27m[22m[39m src/utils/__tests__/validation.test.ts[2m > [22mvalidation utilities[2m > [22mvalidateSelector[2m > 
[22mrejects invalid CSS selectors
[31m[1mAssertionError[22m: expected true to be false // Object.is equality[39m

[32m- Expected[39m
[31m+ Received[39m

[32m- false[39m
[31m+ true[39m

[36m [2mΓ¥»[22m src/utils/__tests__/validation.test.ts:[2m44:52[22m[39m
    [90m 42| [39m    [34mit[39m([32m'rejects invalid CSS selectors'[39m[33m,[39m () [33m=>[39m {
    [90m 43| [39m      [34mexpect[39m([34mvalidateSelector[39m([32m''[39m))[33m.[39m[34mtoBe[39m([35mfalse[39m)
    [90m 44| [39m      [34mexpect[39m([34mvalidateSelector[39m([32m'invalid[selector'[39m))[33m.[39m[34mtoBe[39m([35mfalse[39m)
    [90m   | [39m                                                   [31m^[39m
    [90m 45| [39m      [34mexpect[39m([34mvalidateSelector[39m([32m'div > > p'[39m))[33m.[39m[34mtoBe[39m([35mfalse[39m)
    [90m 46| [39m      [34mexpect[39m([34mvalidateSelector[39m([32m'.'[39m))[33m.[39m[34mtoBe[39m([35mfalse[39m)

[31m[2mΓÄ»ΓÄ»ΓÄ»ΓÄ»ΓÄ»ΓÄ»ΓÄ»ΓÄ»ΓÄ»ΓÄ»ΓÄ»ΓÄ»ΓÄ»ΓÄ»ΓÄ»ΓÄ»ΓÄ»ΓÄ»ΓÄ»ΓÄ»ΓÄ»[22/100]ΓÄ»[22m[39m

[31m[1m[7m FAIL [27m[22m[39m src/components/forms/__tests__/JobForm.clone.test.tsx[2m > [22mJobForm Clone Mode Integration[2m > 
[22mComplete Clone Workflow[2m > [22mshould successfully clone a job with pre-filled data
[31m[1mTestingLibraryElementError[22m[39m: Unable to find an element with the text: Cloning.... This could be because the text is broken up by 
multiple elements. In this case, you can provide a function for your text matcher to make your matcher more flexible.

Ignored nodes: comments, script, style
[36m<body>[39m
  [36m<div[39m
    [33mid[39m=[32m"toast-container"[39m
  [36m/>[39m
  [36m<div>[39m
    [36m<div[39m
      [33mclass[39m=[32m"max-w-4xl mx-auto "[39m
    [36m>[39m
      [36m<form[39m
        [33mclass[39m=[32m"space-y-6"[39m
      [36m>[39m
        [36m<div[39m
          [33mclass[39m=[32m"bg-white shadow rounded-lg p-6"[39m
        [36m>[39m
          [36m<div[39m
            [33mclass[39m=[32m"space-y-2 "[39m
          [36m>[39m
            [36m<label[39m
              [33mclass[39m=[32m"block text-sm font-medium text-gray-700"[39m
              [33mfor[39m=[32m"url-input-pb1zyzudn"[39m
            [36m>[39m
              [0mURL[0m
              [36m<span[39m
                [33maria-hidden[39m=[32m"true"[39m
                [33mclass[39m=[32m"text-red-500 ml-1"[39m
              [36m>[39m
                [0m*[0m
              [36m</span>[39m
              [36m<span[39m
                [33mclass[39m=[32m"sr-only"[39m
              [36m>[39m
                [0mrequired[0m
              [36m</span>[39m
            [36m</label>[39m
            [36m<div[39m
              [33mclass[39m=[32m"relative"[39m
            [36m>[39m
              [36m<input[39m
                [33maria-describedby[39m=[32m"url-input-pb1zyzudn-preview"[39m
                [33maria-invalid[39m=[32m"false"[39m
                [33maria-required[39m=[32m"true"[39m
                [33mclass[39m=[32m"
            block w-full px-3 py-2 border rounded-md shadow-sm transition-colors duration-200
            placeholder-gray-400 focus:outline-none focus:ring-2 focus:ring-primary-500 focus:border-primary-500
            border-gray-300
          "[39m
                [33mid[39m=[32m"url-input-pb1zyzudn"[39m
                [33mname[39m=[32m"url"[39m
                [33mplaceholder[39m=[32m"https://example.com"[39m
                [33mtype[39m=[32m"url"[39m
              [36m/>[39m
              [36m<div[39m
                [33maria-hidden[39m=[32m"true"[39m
                [33mclass[39m=[32m"absolute right-3 top-1/2 transform -translate-y-1/2"[39m
              [36m>[39m
                [36m<div[39m
                  [33mclass[39m=[32m"flex items-center space-x-2"[39m
                [36m>[39m
                  [36m<span[39m
                    [33mclass[39m=[32m"
                inline-flex items-center px-2 py-1 rounded-full text-xs font-medium
                bg-green-100 text-green-800
              "[39m
                  [36m>[39m
                    [0mHTTPS[0m
                  [36m</span>[39m
                [36m</div>[39m
              [36m</div>[39m
            [36m</div>[39m
            [36m<div[39m
              [33maria-live[39m=[32m"polite"[39m
              [33mclass[39m=[32m"flex items-center space-x-2 text-sm text-gray-600"[39m
              [33mid[39m=[32m"url-input-pb1zyzudn-preview"[39m
              [33mrole[39m=[32m"status"[39m
            [36m>[39m
              [36m<svg[39m
                [33maria-hidden[39m=[32m"true"[39m
                [33mclass[39m=[32m"w-4 h-4 text-green-500"[39m
                [33mfill[39m=[32m"currentColor"[39m
                [33mviewBox[39m=[32m"0 0 20 20"[39m
              [36m>[39m
                [36m<path[39m
                  [33mclip-rule[39m=[32m"evenodd"[39m
                  [33md[39m=[32m"M10 18a8 8 0 100-16 8 8 0 000 16zm3.707-9.293a1 1 0 00-1.414-1.414L9 10.586 7.707 9.293a1 1 0 00-1.414 1.414l2 
2a1 1 0 001.414 0l4-4z"[39m
                  [33mfill-rule[39m=[32m"evenodd"[39m
                [36m/>[39m
              [36m</svg>[39m
              [36m<span>[39m
                [0mValid URL - Domain: [0m
                [0mexample.com[0m
                [0m (Secure)[0m
              [36m</span>[39m
            [36m</div>[39m
          [36m</div>[39m
        [36m</div>[39m
        [36m<div[39m
          [33mclass[39m=[32m"bg-white shadow rounded-lg p-6"[39m
        [36m>[39m
          [36m<div[39m
            [33mclass[39m=[32m"space-y-4"[39m
          [36m>[39m
            [36m<div[39m
              [33mclass[39m=[32m"flex items-center justify-between"[39m
            [36m>[39m
              [36m<label[39m
                [33mclass[39m=[32m"block text-sm font-medium text-gray-700"[39m
              [36m>[39m
                [0mCSS Selectors[0m
              [36m</label>[39m
              [36m<span[39m
                [33mclass[39m=[32m"text-xs text-gray-500"[39m
              [36m>[39m
                [0mDefine what data to extract from the page[0m
              [36m</span>[39m
            [36m</div>[39m
            [36m<div[39m
              [33mclass[39m=[32m"space-y-3"[39m
            [36m>[39m
              [36m<div[39m
                [33mclass[39m=[32m"flex items-center space-x-3 p-3 bg-gray-50 rounded-lg"[39m
              [36m>[39m
                [36m<div[39m
                  [33mclass[39m=[32m"flex-1"[39m
                [36m>[39m
                  [36m<input[39m
                    [33mclass[39m=[32m"block w-full px-3 py-2 text-sm border border-gray-300 rounded-md focus:outline-none focus:ring-2 
focus:ring-blue-500 focus:border-blue-500"[39m
                    [33mplaceholder[39m=[32m"Field name (e.g., title)"[39m
                    [33mtype[39m=[32m"text"[39m
                    [33mvalue[39m=[32m"title"[39m
                  [36m/>[39m
                [36m</div>[39m
                [36m<div[39m
                  [33mclass[39m=[32m"flex-2"[39m
                [36m>[39m
                  [36m<input[39m
                    [33mclass[39m=[32m"block w-full px-3 py-2 text-sm border border-gray-300 rounded-md focus:outline-none focus:ring-2 
focus:ring-blue-500 focus:border-blue-500"[39m
                    [33mplaceholder[39m=[32m"CSS selector (e.g., h1, .title, #main-content)"[39m
                    [33mtype[39m=[32m"text"[39m
                    [33mvalue[39m=[32m"h1.main-title"[39m
                  [36m/>[39m
                [36m</div>[39m
                [36m<button[39m
                  [33mclass[39m=[32m"p-2 text-red-600 hover:text-red-800 hover:bg-red-50 rounded-md transition-colors"[39m
                  [33mtitle[39m=[32m"Remove selector"[39m
                  [33mtype[39m=[32m"button"[39m
                [36m>[39m
                  [36m<svg[39m
                    [33mclass[39m=[32m"w-4 h-4"[39m
                    [33mfill[39m=[32m"currentColor"[39m
                    [33mviewBox[39m=[32m"0 0 20 20"[39m
                  [36m>[39m
                    [36m<path[39m
                      [33mclip-rule[39m=[32m"evenodd"[39m
                      [33md[39m=[32m"M4.293 4.293a1 1 0 011.414 0L10 8.586l4.293-4...
[90m [2mΓ¥»[22m Object.getElementError node_modules/@testing-library/react/node_modules/@testing-library/dom/dist/config.js:[2m37:19[22m[39m
[90m [2mΓ¥»[22m node_modules/@testing-library/react/node_modules/@testing-library/dom/dist/query-helpers.js:[2m76:38[22m[39m
[90m [2mΓ¥»[22m node_modules/@testing-library/react/node_modules/@testing-library/dom/dist/query-helpers.js:[2m52:17[22m[39m
[90m [2mΓ¥»[22m node_modules/@testing-library/react/node_modules/@testing-library/dom/dist/query-helpers.js:[2m95:19[22m[39m
[36m [2mΓ¥»[22m src/components/forms/__tests__/JobForm.clone.test.tsx:[2m80:21[22m[39m
    [90m 78| [39m
    [90m 79| [39m      [90m// Verify loading state shows "Cloning..."[39m
    [90m 80| [39m      [34mexpect[39m(screen[33m.[39m[34mgetByText[39m([32m'Cloning...'[39m))[33m.[39m[34mtoBeInTheDocument[39m()
    [90m   | [39m                    [31m^[39m
    [90m 81| [39m      [34mexpect[39m(screen[33m.[39m[34mgetByText[39m([32m'Cloning job...'[39m))[33m.[39m[34mtoBeInTheDocument[39m()
    [90m 82| [39m

[31m[2mΓÄ»ΓÄ»ΓÄ»ΓÄ»ΓÄ»ΓÄ»ΓÄ»ΓÄ»ΓÄ»ΓÄ»ΓÄ»ΓÄ»ΓÄ»ΓÄ»ΓÄ»ΓÄ»ΓÄ»ΓÄ»ΓÄ»ΓÄ»ΓÄ»[23/100]ΓÄ»[22m[39m

[31m[1m[7m FAIL [27m[22m[39m src/components/forms/__tests__/JobForm.clone.test.tsx[2m > [22mJobForm Clone Mode Integration[2m > 
[22mComplete Clone Workflow[2m > [22mshould allow editing fields before cloning
[31m[1mTestingLibraryElementError[22m[39m: Found multiple elements with the placeholder text of: CSS selector (e.g., h1, .title, #main-content)

Here are the matching elements:

Ignored nodes: comments, script, style
[36m<input[39m
  [33mclass[39m=[32m"block w-full px-3 py-2 text-sm border border-gray-300 rounded-md focus:outline-none focus:ring-2 focus:ring-blue-500 
focus:border-blue-500"[39m
  [33mplaceholder[39m=[32m"CSS selector (e.g., h1, .title, #main-content)"[39m
  [33mtype[39m=[32m"text"[39m
  [33mvalue[39m=[32m"h1"[39m
[36m/>[39m

Ignored nodes: comments, script, style
[36m<input[39m
  [33mclass[39m=[32m"
                  block w-full px-3 py-2 text-sm border rounded-md focus:outline-none focus:ring-2 focus:ring-blue-500 focus:border-blue-500
                  border-gray-300
                "[39m
  [33mplaceholder[39m=[32m"CSS selector (e.g., h1, .title, #main-content)"[39m
  [33mtype[39m=[32m"text"[39m
  [33mvalue[39m=[32m""[39m
[36m/>[39m

(If this is intentional, then use the `*AllBy*` variant of the query (like `queryAllByText`, `getAllByText`, or `findAllByText`)).

Ignored nodes: comments, script, style
[36m<body>[39m
  [36m<div[39m
    [33mid[39m=[32m"toast-container"[39m
  [36m/>[39m
  [36m<div>[39m
    [36m<div[39m
      [33mclass[39m=[32m"max-w-4xl mx-auto "[39m
    [36m>[39m
      [36m<form[39m
        [33mclass[39m=[32m"space-y-6"[39m
      [36m>[39m
        [36m<div[39m
          [33mclass[39m=[32m"bg-white shadow rounded-lg p-6"[39m
        [36m>[39m
          [36m<div[39m
            [33mclass[39m=[32m"space-y-2 "[39m
          [36m>[39m
            [36m<label[39m
              [33mclass[39m=[32m"block text-sm font-medium text-gray-700"[39m
              [33mfor[39m=[32m"url-input-j8ia471kv"[39m
            [36m>[39m
              [0mURL[0m
              [36m<span[39m
                [33maria-hidden[39m=[32m"true"[39m
                [33mclass[39m=[32m"text-red-500 ml-1"[39m
              [36m>[39m
                [0m*[0m
              [36m</span>[39m
              [36m<span[39m
                [33mclass[39m=[32m"sr-only"[39m
              [36m>[39m
                [0mrequired[0m
              [36m</span>[39m
            [36m</label>[39m
            [36m<div[39m
              [33mclass[39m=[32m"relative"[39m
            [36m>[39m
              [36m<input[39m
                [33maria-describedby[39m=[32m"url-input-j8ia471kv-preview"[39m
                [33maria-invalid[39m=[32m"false"[39m
                [33maria-required[39m=[32m"true"[39m
                [33mclass[39m=[32m"
            block w-full px-3 py-2 border rounded-md shadow-sm transition-colors duration-200
            placeholder-gray-400 focus:outline-none focus:ring-2 focus:ring-primary-500 focus:border-primary-500
            border-gray-300
          "[39m
                [33mid[39m=[32m"url-input-j8ia471kv"[39m
                [33mname[39m=[32m"url"[39m
                [33mplaceholder[39m=[32m"https://example.com"[39m
                [33mtype[39m=[32m"url"[39m
              [36m/>[39m
              [36m<div[39m
                [33maria-hidden[39m=[32m"true"[39m
                [33mclass[39m=[32m"absolute right-3 top-1/2 transform -translate-y-1/2"[39m
              [36m>[39m
                [36m<div[39m
                  [33mclass[39m=[32m"flex items-center space-x-2"[39m
                [36m>[39m
                  [36m<span[39m
                    [33mclass[39m=[32m"
                inline-flex items-center px-2 py-1 rounded-full text-xs font-medium
                bg-green-100 text-green-800
              "[39m
                  [36m>[39m
                    [0mHTTPS[0m
                  [36m</span>[39m
                [36m</div>[39m
              [36m</div>[39m
            [36m</div>[39m
            [36m<div[39m
              [33maria-live[39m=[32m"polite"[39m
              [33mclass[39m=[32m"flex items-center space-x-2 text-sm text-gray-600"[39m
              [33mid[39m=[32m"url-input-j8ia471kv-preview"[39m
              [33mrole[39m=[32m"status"[39m
            [36m>[39m
              [36m<svg[39m
                [33maria-hidden[39m=[32m"true"[39m
                [33mclass[39m=[32m"w-4 h-4 text-green-500"[39m
                [33mfill[39m=[32m"currentColor"[39m
                [33mviewBox[39m=[32m"0 0 20 20"[39m
              [36m>[39m
                [36m<path[39m
                  [33mclip-rule[39m=[32m"evenodd"[39m
                  [33md[39m=[32m"M10 18a8 8 0 100-16 8 8 0 000 16zm3.707-9.293a1 1 0 00-1.414-1.414L9 10.586 7.707 9.293a1 1 0 00-1.414 1.414l2 
2a1 1 0 001.414 0l4-4z"[39m
                  [33mfill-rule[39m=[32m"evenodd"[39m
                [36m/>[39m
              [36m</svg>[39m
              [36m<span>[39m
                [0mValid URL - Domain: [0m
                [0mmodified.com[0m
                [0m (Secure)[0m
              [36m</span>[39m
            [36m</div>[39m
          [36m</div>[39m
        [36m</div>[39m
        [36m<div[39m
          [33mclass[39m=[32m"bg-white shadow rounded-lg p-6"[39m
        [36m>[39m
          [36m<div[39m
            [33mclass[39m=[32m"space-y-4"[39m
          [36m>[39m
            [36m<div[39m
              [33mclass[39m=[32m"flex items-center justify-between"[39m
            [36m>[39m
              [36m<label[39m
                [33mclass[39m=[32m"block text-sm font-medium text-gray-700"[39m
              [36m>[39m
                [0mCSS Selectors[0m
              [36m</label>[39m
              [36m<span[39m
                [33mclass[39m=[32m"text-xs text-gray-500"[39m
              [36m>[39m
                [0mDefine what data to extract from the page[0m
              [36m</span>[39m
            [36m</div>[39m
            [36m<div[39m
              [33mclass[39m=[32m"space-y-3"[39m
            [36m>[39m
              [36m<div[39m
                [33mclass[39m=[32m"flex items-center space-x-3 p-3 bg-gray-50 rounded-lg"[39m
              [36m>[39m
                [36m<div[39m
                  [33mclass[39m=[32m"flex-1"[39m
                [36m>[39m
                  [36m<input[39m
                    [33mclass[39m=[32m"block w-full px-3 py-2 text-sm border border-gray-300 rounded-md focus:outline-none focus:ring-2 
focus:ring-blue-500 focus:border-blue-500"[39m
                    [33mplaceholder[39m=[32m"Field name (e.g., title)"[39m
                    [33mtype[39m=[32m"text"[39m
                    [33mvalue[39m=[32m"title"[39m
                  [36m/>[39m
                [36m</div>[39m
                [36m<div[39m
                  [33mclass[39m=[32m"flex-2"[39m
                [36m>[39m
                  [36m<input[39m
                    [33mclass[39m=[32m"block w-full px-3 py-2 text-sm border border-gray-300 rounded-md focus:outline-none focus:ring-2 
focus:ring-blue-500 focus:border-blue-500"[39m
                    [33mplaceholder[39m=[32m"CSS selector (e.g., h1, .title, #main-content)"[39m
                    [33mtype[39m=[32m"text"[39m
                    [33mvalue[39m=[32m"h1"[39m
                  [36m/>[39m
                [36m</div>[39m
                [36m<button[39m
                  [33mclass[39m=[32m"p-2 text-red-600 hover:text-red-800 hover:bg-red-50 rounded-md transition-colors"[39m
                  [33mtitle[39m=[32m"Remove selector"[39m
                  [33mtype[39m=[32m"button"[39m
                [36m>[39m
                  [36m<svg[39m
                    [33mclass[39m=[32m"w-4 h-4"[39m
                    [33mfill[39m=[32m"currentColor"[39m
                    [33mviewBox[39m=[32m"0 0 20 20"[39m
                  [36m>[39m
                    [36m<path[39m
                      [33mclip-rule[39m=[32m"evenodd"[39m
                      [33md[39m=[32m"M4.293 4.293a1 1 0 011.414 0L10 8.586l4.293-4.293a1 1 0...
[90m [2mΓ¥»[22m Object.getElementError node_modules/@testing-library/react/node_modules/@testing-library/dom/dist/config.js:[2m37:19[22m[39m
[90m [2mΓ¥»[22m getElementError node_modules/@testing-library/react/node_modules/@testing-library/dom/dist/query-helpers.js:[2m20:35[22m[39m
[90m [2mΓ¥»[22m getMultipleElementsFoundError 
node_modules/@testing-library/react/node_modules/@testing-library/dom/dist/query-helpers.js:[2m23:10[22m[39m
[90m [2mΓ¥»[22m node_modules/@testing-library/react/node_modules/@testing-library/dom/dist/query-helpers.js:[2m55:13[22m[39m
[90m [2mΓ¥»[22m node_modules/@testing-library/react/node_modules/@testing-library/dom/dist/query-helpers.js:[2m95:19[22m[39m
[36m [2mΓ¥»[22m src/components/forms/__tests__/JobForm.clone.test.tsx:[2m135:34[22m[39m
    [90m133| [39m      [90m// Add a new selector[39m
    [90m134| [39m      [35mconst[39m newFieldName [33m=[39m screen[33m.[39m[34mgetByPlaceholderText[39m([32m'Field name (e.[39mΓÇª
    [90m135| [39m      [35mconst[39m newSelector [33m=[39m screen[33m.[39m[34mgetByPlaceholderText[39m([32m'CSS selector (e[39mΓÇª
    [90m   | [39m                                 [31m^[39m
    [90m136| [39m      
    [90m137| [39m      [35mawait[39m user[33m.[39m[34mtype[39m(newFieldName[33m,[39m [32m'author'[39m)

[31m[2mΓÄ»ΓÄ»ΓÄ»ΓÄ»ΓÄ»ΓÄ»ΓÄ»ΓÄ»ΓÄ»ΓÄ»ΓÄ»ΓÄ»ΓÄ»ΓÄ»ΓÄ»ΓÄ»ΓÄ»ΓÄ»ΓÄ»ΓÄ»ΓÄ»[24/100]ΓÄ»[22m[39m

[31m[1m[7m FAIL [27m[22m[39m src/components/forms/__tests__/JobForm.clone.test.tsx[2m > [22mJobForm Clone Mode Integration[2m > 
[22mComplete Clone Workflow[2m > [22mshould validate fields before allowing clone
[31m[1mTestingLibraryElementError[22m[39m: Unable to find an element with the text: /url is required/i. This could be because the text is broken 
up by multiple elements. In this case, you can provide a function for your text matcher to make your matcher more flexible.

Ignored nodes: comments, script, style
[36m<body>[39m
  [36m<div[39m
    [33mid[39m=[32m"toast-container"[39m
  [36m/>[39m
  [36m<div>[39m
    [36m<div[39m
      [33mclass[39m=[32m"max-w-4xl mx-auto "[39m
    [36m>[39m
      [36m<form[39m
        [33mclass[39m=[32m"space-y-6"[39m
      [36m>[39m
        [36m<div[39m
          [33mclass[39m=[32m"bg-white shadow rounded-lg p-6"[39m
        [36m>[39m
          [36m<div[39m
            [33mclass[39m=[32m"space-y-2 "[39m
          [36m>[39m
            [36m<label[39m
              [33mclass[39m=[32m"block text-sm font-medium text-gray-700"[39m
              [33mfor[39m=[32m"url-input-x48kp8rdi"[39m
            [36m>[39m
              [0mURL[0m
              [36m<span[39m
                [33maria-hidden[39m=[32m"true"[39m
                [33mclass[39m=[32m"text-red-500 ml-1"[39m
              [36m>[39m
                [0m*[0m
              [36m</span>[39m
              [36m<span[39m
                [33mclass[39m=[32m"sr-only"[39m
              [36m>[39m
                [0mrequired[0m
              [36m</span>[39m
            [36m</label>[39m
            [36m<div[39m
              [33mclass[39m=[32m"relative"[39m
            [36m>[39m
              [36m<input[39m
                [33maria-describedby[39m=[32m"url-input-x48kp8rdi-help"[39m
                [33maria-invalid[39m=[32m"false"[39m
                [33maria-required[39m=[32m"true"[39m
                [33mclass[39m=[32m"
            block w-full px-3 py-2 border rounded-md shadow-sm transition-colors duration-200
            placeholder-gray-400 focus:outline-none focus:ring-2 focus:ring-primary-500 focus:border-primary-500
            border-gray-300
          "[39m
                [33mid[39m=[32m"url-input-x48kp8rdi"[39m
                [33mname[39m=[32m"url"[39m
                [33mplaceholder[39m=[32m"https://example.com"[39m
                [33mtype[39m=[32m"url"[39m
              [36m/>[39m
            [36m</div>[39m
            [36m<p[39m
              [33mclass[39m=[32m"text-sm text-gray-500"[39m
              [33mid[39m=[32m"url-input-x48kp8rdi-help"[39m
            [36m>[39m
              [0mEnter a valid URL starting with http:// or https://[0m
            [36m</p>[39m
          [36m</div>[39m
        [36m</div>[39m
        [36m<div[39m
          [33mclass[39m=[32m"bg-white shadow rounded-lg p-6"[39m
        [36m>[39m
          [36m<div[39m
            [33mclass[39m=[32m"space-y-4"[39m
          [36m>[39m
            [36m<div[39m
              [33mclass[39m=[32m"flex items-center justify-between"[39m
            [36m>[39m
              [36m<label[39m
                [33mclass[39m=[32m"block text-sm font-medium text-gray-700"[39m
              [36m>[39m
                [0mCSS Selectors[0m
              [36m</label>[39m
              [36m<span[39m
                [33mclass[39m=[32m"text-xs text-gray-500"[39m
              [36m>[39m
                [0mDefine what data to extract from the page[0m
              [36m</span>[39m
            [36m</div>[39m
            [36m<div[39m
              [33mclass[39m=[32m"border-2 border-dashed border-gray-300 rounded-lg p-4"[39m
            [36m>[39m
              [36m<div[39m
                [33mclass[39m=[32m"space-y-3"[39m
              [36m>[39m
                [36m<div[39m
                  [33mclass[39m=[32m"grid grid-cols-1 md:grid-cols-2 gap-3"[39m
                [36m>[39m
                  [36m<div>[39m
                    [36m<input[39m
                      [33mclass[39m=[32m"
                  block w-full px-3 py-2 text-sm border rounded-md focus:outline-none focus:ring-2 focus:ring-blue-500 focus:border-blue-500
                  border-gray-300
                "[39m
                      [33mplaceholder[39m=[32m"Field name (e.g., title, price, description)"[39m
                      [33mtype[39m=[32m"text"[39m
                      [33mvalue[39m=[32m""[39m
                    [36m/>[39m
                  [36m</div>[39m
                  [36m<div>[39m
                    [36m<input[39m
                      [33mclass[39m=[32m"
                  block w-full px-3 py-2 text-sm border rounded-md focus:outline-none focus:ring-2 focus:ring-blue-500 focus:border-blue-500
                  border-gray-300
                "[39m
                      [33mplaceholder[39m=[32m"CSS selector (e.g., h1, .title, #main-content)"[39m
                      [33mtype[39m=[32m"text"[39m
                      [33mvalue[39m=[32m""[39m
                    [36m/>[39m
                  [36m</div>[39m
                [36m</div>[39m
                [36m<button[39m
                  [33mclass[39m=[32m"inline-flex items-center px-3 py-2 text-sm font-medium text-blue-700 bg-blue-100 border border-transparent 
rounded-md hover:bg-blue-200 focus:outline-none focus:ring-2 focus:ring-offset-2 focus:ring-blue-500 transition-colors"[39m
                  [33mtype[39m=[32m"button"[39m
                [36m>[39m
                  [36m<svg[39m
                    [33mclass[39m=[32m"w-4 h-4 mr-2"[39m
                    [33mfill[39m=[32m"currentColor"[39m
                    [33mviewBox[39m=[32m"0 0 20 20"[39m
                  [36m>[39m
                    [36m<path[39m
                      [33mclip-rule[39m=[32m"evenodd"[39m
                      [33md[39m=[32m"M10 3a1 1 0 011 1v5h5a1 1 0 110 2h-5v5a1 1 0 11-2 0v-5H4a1 1 0 110-2h5V4a1 1 0 011-1z"[39m
                      [33mfill-rule[39m=[32m"evenodd"[39m
                    [36m/>[39m
                  [36m</svg>[39m
                  [0mAdd Selector[0m
                [36m</button>[39m
              [36m</div>[39m
            [36m</div>[39m
            [36m<div[39m
              [33mclass[39m=[32m"bg-blue-50 border border-blue-200 rounded-lg p-3"[39m
            [36m>[39m
              [36m<div[39m
                [33mclass[39m=[32m"flex"[39m
              [36m>[39m
                [36m<svg[39m
                  [33mclass[39m=[32m"w-5 h-5 text-blue-400 mt-0.5"[39m
                  [33mfill[39m=[32m"currentColor"[39m
                  [33mviewBox[39m=[32m"0 0 20 20"[39m
                [36m>[39m
                  [36m<path[39m
                    [33mclip-rule[39m=[32m"evenodd"[39m
                    [33md[39m=[32m"M18 10a8 8 0 11-16 0 8 8 0 0116 0zm-7-4a1 1 0 11-2 0 1 1 0 012 0zM9 9a1 1 0 000 2v3a1 1 0 001 1h1a1 1 0 
100-2v-3a1 1 0 00-1-1H9z"[39m
                    [33mfill-rule[39m=[32m"evenodd"[39m
                  [36m/>[39m
                [36m</svg>[39m
                [36m<div[39m
                  [33mclass[39m=[32m"ml-3"[39m
                [36m>[39m
                  [36m<h4[39m
                    [33mclass[39m=[32m"text-sm font-medium text-blue-800"[39m
                  [36m>[39m
                    [0mCSS Selector Tips[0m
                  [36m</h4>[39m
                  [36m<div[39m
                    [33mclass[39m=[32m"mt-1 text-sm text-blue-700"[39m
                  [36m>[39m
                    [36m<ul[39m
                      [33mclass[39m=[32m"list-disc list-inside space-y-1"[39m
                    [36m>[39m
                      [36m<li>[39m
                        [36m<code[39m
                          [33mclass[39m=[32m"bg-blue-100 px-1 rounded"[39m
                        [36m>[39m
                          [0mh1[0m
                        [36m</code>[39m
                        [0m - Select by tag name[0m
                      [36m</li>[39m
                      [36m<li>[39m
                        [36m<code[39m
                          [33mclass[39m=[32m"bg-blue-100 px-1 rounded"[39m
                        [36m>[39m
                          [0m.class-name[0m
                        [36m</code>[39m
                        [0m - Select by class[0m
                      [36m</li>[39m
                      [36m<li>[39m
                        [36m<code[39m
                          [33mclass[39m=[32m"bg-blue-100 px-1 rounded"[39m
                        [36m>[39m
                          [0m#element-id[0m
                        [36m</code>[39m
                        [0m - Select by ID[0m
                      [36m</li>[39m
                      [36m<li>[39m
                        [36m<code[39m
                          [33mclass[39m=[32m"bg-blue-100 px-1 rounded"[39m
                        [36m>[39m
                          [0m[data-testid="value"][0m
                        [36m</code>[39m
                        [0m - Select by attribute[0m
                      [36m</li>[39m
                    [36m</ul>[39m
                  [36m</div>[39m
                [36m</div>[39m
              [36m</div>[39m
            [36m</div>[39m
          [36m</div>[39m
        [36m</div>[39m
        [36m<div[39m
          [33mclass[39m=[32m"bg-white shadow rounded-lg"[39m
        [36m>[39m
          [36m<div[39m
            [33mclass[39m=[32m"border border-gray-200 rounded-lg"[39m
          [36m>[39m
            [36m<button[39m
              [33mclass[39m=[32m"w-full px-4 py-3 text-left flex items-center justify-between bg-gray-50 hover:bg-gray-100 rounded-t-lg 
transition-colors"[39m
              [33mtype[39m=[32m"button"[39m
            [36m>[39m
              [36m<span[39m
                [33mclass[39m=[32m"text-sm font-medium text-gray-700"[39m
              [36m>[39m
                [0mAdvanced Options[0m
              [36m</span>[39m
              [36m<svg[39m
                [33mclass[39m=[32m"w-5 h-5 text-gray-500 transition-transform "[39m
                [33mfill[39m=[32m"currentColor"[39m
                [33mviewBox[39m=[32m"0 0 20 20"[39m
              [36m>[39m
                [36m<path[39m
                  [33mclip-rule[39m=[32m"evenodd"[39m
                  [33md[39m=[32m"M5.293 7.293a1 1 0 011.414 0L10 10.586l3.293-3.293a1 1 0 111.414 1.414l-4 4a1 1 0 01-1.414 0l-4-4a1 1 0 
010-1.414z"[39m
                  [33mfill-rule[39m=[32m"evenodd"[39m
                [36m/>[39m
              [36m</svg>[39m
            [36m</button>[39m
          [36m</div>[39m
        [36m</div>[39m
        [36m<div[39m
          [33mclass[39m=[32m"bg-white shadow rounded-lg p-6"[39m
        [36m>[39m
          [36m<div[39m
            [33mclass[39m=[32m"flex items-center justify-between"[39m
          [36m>[39m
            [36m<div[39m
              [33mclass[39m=[32m"flex items-center space-x-4"[39m
            [36m>[39m
              [36m<button[39m
                [33mclass[39m=[32m"inline-flex items-center px-4 py-2 border border-gray-300 text-sm font-medium rounded-md text-gray-700 
bg-white hover:bg-gray-50 focus:outline-none focus:ring-2 focus:ring-offset-2 focus:ring-gray-500 disabled:opacity-50 disabled:cursor-not-allowed 
transition-colors"[39m
                [33mtype[39m=[32m"button"[39m
              [36m>[39m
                [0mReset Form[0m
              [36m</button>[39m
              [36m<div[39m
                [33mclass[39m=[32m"text-sm text-gray-500"[39m
              [36m/>[39m
            [36m</div>[39m
            [36m<div[39m
              [33mclass[39m=[32m"flex items-center space-x-3"[39m
            [36m>[39m
              [36m<button[39m
                [33mclass[39m=[32m"
                  inline-flex items-center px-4 py-2 text-sm font-medium rounded-md focus:outline-none focus:ring-2 focus:ring-offset-2 
transition-colors disabled:opacity-50 disabled:cursor-not-allowed
                  border border-gray-300 text-gray-500 bg-gray-50
                "[39m
                [33mdisabled[39m=[32m""[39m
                [33mtype[39m=[32m"submit"[39m
              [36m>[39m
                [0mClone Job[0m
              [36m</button>[39m
            [36m</div>[39m
          [36m</div>[39m
          [36m<div[39m
            [33mclass[39m=[32m"mt-4 pt-4 border-t border-gray-200"[39m
          [36m>[39m
            [36m<div[39m
              [33mclass[39m=[32m"grid grid-cols-1 md:grid-cols-3 gap-4 text-sm"[39m
            [36m>[39m
              [36m<div>[39m
                [36m<span[39m
                  [33mclass[39m=[32m"font-medium text-gray-700"[39m
                [36m>[39m
                  [0mURL:[0m
                [36m</span>[39m
                [36m<span[39m
                  [33mclass[39m=[32m"ml-2 text-gray-600 truncate block"[39m
                [36m>[39m
                  [0mNot specified[0m
                [36m</span>[39m
              [36m</div>[39m
              [36m<div>[39m
                [36m<span[39m
                  [33mclass[39m=[32m"font-medium text-gray-700"[39m
                [36m>[39m
                  [0mSelectors:[0m
                [36m</span>[39m
                [36m<span[39m
                  [33mclass[39m=[32m"ml-2 text-gray-600"[39m
                [36m>[39m
                  [0m0[0m
                  [0m configured[0m
                [36m</span>[39m
              [36m</div>[39m
              [36m<div>[39m
                [36m<span[39m
                  [33mclass[39m=[32m"font-medium text-gray-700"[39m
                [36m>[39m
                  [0mTimeout:[0m
                [36m</span>[39m
                [36m<span[39m
                  [33mclass[39m=[32m"ml-2 text-gray-600"[39m
                [36m>[39m
                  [0m30[0m
                  [0m seconds[0m
                [36m</span>[39m
              [36m</div>[39m
            [36m</div>[39m
          [36m</div>[39m
        [36m</div>[39m
      [36m</form>[39m
    [36m</div>[39m
  [36m</div>[39m
[36m</body>[39m
[90m [2mΓ¥»[22m Object.getElementError node_modules/@testing-library/react/node_modules/@testing-library/dom/dist/config.js:[2m37:19[22m[39m
[90m [2mΓ¥»[22m node_modules/@testing-library/react/node_modules/@testing-library/dom/dist/query-helpers.js:[2m76:38[22m[39m
[90m [2mΓ¥»[22m node_modules/@testing-library/react/node_modules/@testing-library/dom/dist/query-helpers.js:[2m52:17[22m[39m
[90m [2mΓ¥»[22m node_modules/@testing-library/react/node_modules/@testing-library/dom/dist/query-helpers.js:[2m95:19[22m[39m
[36m [2mΓ¥»[22m src/components/forms/__tests__/JobForm.clone.test.tsx:[2m221:21[22m[39m
    [90m219| [39m
    [90m220| [39m      [90m// Should show validation error[39m
    [90m221| [39m      [34mexpect[39m(screen[33m.[39m[34mgetByText[39m([36m/url is required/i[39m))[33m.[39m[34mtoBeInTheDocument[39m()
    [90m   | [39m                    [31m^[39m
    [90m222| [39m
    [90m223| [39m      [90m// createJob should not have been called[39m

[31m[2mΓÄ»ΓÄ»ΓÄ»ΓÄ»ΓÄ»ΓÄ»ΓÄ»ΓÄ»ΓÄ»ΓÄ»ΓÄ»ΓÄ»ΓÄ»ΓÄ»ΓÄ»ΓÄ»ΓÄ»ΓÄ»ΓÄ»ΓÄ»ΓÄ»[25/100]ΓÄ»[22m[39m

[31m[1m[7m FAIL [27m[22m[39m src/components/forms/__tests__/JobForm.clone.test.tsx[2m > [22mJobForm Clone Mode Integration[2m > [22mClone 
Mode UI Differences[2m > [22mshould show clone-specific button text and styling
[31m[1mError[22m: [2mexpect([22m[31melement[31m[2m).toHaveClass([22m[32m[32m"/purple/"[32m[31m[2m)[22m

Expected the element to have class:
[32m  /purple/[31m
Received:
[31m  inline-flex items-center px-4 py-2 text-sm font-medium rounded-md focus:outline-none focus:ring-2 focus:ring-offset-2 transition-colors 
disabled:opacity-50 disabled:cursor-not-allowed border border-gray-300 text-gray-500 bg-gray-50[31m[39m
[36m [2mΓ¥»[22m src/components/forms/__tests__/JobForm.clone.test.tsx:[2m278:27[22m[39m
    [90m276| [39m      [90m// Button should have purple styling (clone mode)[39m
    [90m277| [39m      [35mconst[39m cloneButton [33m=[39m screen[33m.[39m[34mgetByRole[39m([32m'button'[39m[33m,[39m { 
name[33m:[39m [36m/clone jo[39mΓÇª
    [90m278| [39m      [34mexpect[39m(cloneButton)[33m.[39m[34mtoHaveClass[39m([36m/purple/[39m)
    [90m   | [39m                          [31m^[39m
    [90m279| [39m    })
    [90m280| [39m

[31m[2mΓÄ»ΓÄ»ΓÄ»ΓÄ»ΓÄ»ΓÄ»ΓÄ»ΓÄ»ΓÄ»ΓÄ»ΓÄ»ΓÄ»ΓÄ»ΓÄ»ΓÄ»ΓÄ»ΓÄ»ΓÄ»ΓÄ»ΓÄ»ΓÄ»[26/100]ΓÄ»[22m[39m

[31m[1m[7m FAIL [27m[22m[39m src/components/forms/__tests__/JobForm.clone.test.tsx[2m > [22mJobForm Clone Mode Integration[2m > [22mClone 
Mode UI Differences[2m > [22mshould show clone-specific loading states
[31m[1mTestingLibraryElementError[22m[39m: Unable to find an element with the text: Cloning.... This could be because the text is broken up by 
multiple elements. In this case, you can provide a function for your text matcher to make your matcher more flexible.

Ignored nodes: comments, script, style
[36m<body>[39m
  [36m<div[39m
    [33mid[39m=[32m"toast-container"[39m
  [36m/>[39m
  [36m<div>[39m
    [36m<div[39m
      [33mclass[39m=[32m"max-w-4xl mx-auto "[39m
    [36m>[39m
      [36m<form[39m
        [33mclass[39m=[32m"space-y-6"[39m
      [36m>[39m
        [36m<div[39m
          [33mclass[39m=[32m"bg-white shadow rounded-lg p-6"[39m
        [36m>[39m
          [36m<div[39m
            [33mclass[39m=[32m"space-y-2 "[39m
          [36m>[39m
            [36m<label[39m
              [33mclass[39m=[32m"block text-sm font-medium text-gray-700"[39m
              [33mfor[39m=[32m"url-input-6t2bfv34u"[39m
            [36m>[39m
              [0mURL[0m
              [36m<span[39m
                [33maria-hidden[39m=[32m"true"[39m
                [33mclass[39m=[32m"text-red-500 ml-1"[39m
              [36m>[39m
                [0m*[0m
              [36m</span>[39m
              [36m<span[39m
                [33mclass[39m=[32m"sr-only"[39m
              [36m>[39m
                [0mrequired[0m
              [36m</span>[39m
            [36m</label>[39m
            [36m<div[39m
              [33mclass[39m=[32m"relative"[39m
            [36m>[39m
              [36m<input[39m
                [33maria-describedby[39m=[32m"url-input-6t2bfv34u-preview"[39m
                [33maria-invalid[39m=[32m"false"[39m
                [33maria-required[39m=[32m"true"[39m
                [33mclass[39m=[32m"
            block w-full px-3 py-2 border rounded-md shadow-sm transition-colors duration-200
            placeholder-gray-400 focus:outline-none focus:ring-2 focus:ring-primary-500 focus:border-primary-500
            border-gray-300
          "[39m
                [33mid[39m=[32m"url-input-6t2bfv34u"[39m
                [33mname[39m=[32m"url"[39m
                [33mplaceholder[39m=[32m"https://example.com"[39m
                [33mtype[39m=[32m"url"[39m
              [36m/>[39m
              [36m<div[39m
                [33maria-hidden[39m=[32m"true"[39m
                [33mclass[39m=[32m"absolute right-3 top-1/2 transform -translate-y-1/2"[39m
              [36m>[39m
                [36m<div[39m
                  [33mclass[39m=[32m"flex items-center space-x-2"[39m
                [36m>[39m
                  [36m<span[39m
                    [33mclass[39m=[32m"
                inline-flex items-center px-2 py-1 rounded-full text-xs font-medium
                bg-green-100 text-green-800
              "[39m
                  [36m>[39m
                    [0mHTTPS[0m
                  [36m</span>[39m
                [36m</div>[39m
              [36m</div>[39m
            [36m</div>[39m
            [36m<div[39m
              [33maria-live[39m=[32m"polite"[39m
              [33mclass[39m=[32m"flex items-center space-x-2 text-sm text-gray-600"[39m
              [33mid[39m=[32m"url-input-6t2bfv34u-preview"[39m
              [33mrole[39m=[32m"status"[39m
            [36m>[39m
              [36m<svg[39m
                [33maria-hidden[39m=[32m"true"[39m
                [33mclass[39m=[32m"w-4 h-4 text-green-500"[39m
                [33mfill[39m=[32m"currentColor"[39m
                [33mviewBox[39m=[32m"0 0 20 20"[39m
              [36m>[39m
                [36m<path[39m
                  [33mclip-rule[39m=[32m"evenodd"[39m
                  [33md[39m=[32m"M10 18a8 8 0 100-16 8 8 0 000 16zm3.707-9.293a1 1 0 00-1.414-1.414L9 10.586 7.707 9.293a1 1 0 00-1.414 1.414l2 
2a1 1 0 001.414 0l4-4z"[39m
                  [33mfill-rule[39m=[32m"evenodd"[39m
                [36m/>[39m
              [36m</svg>[39m
              [36m<span>[39m
                [0mValid URL - Domain: [0m
                [0mexample.com[0m
                [0m (Secure)[0m
              [36m</span>[39m
            [36m</div>[39m
          [36m</div>[39m
        [36m</div>[39m
        [36m<div[39m
          [33mclass[39m=[32m"bg-white shadow rounded-lg p-6"[39m
        [36m>[39m
          [36m<div[39m
            [33mclass[39m=[32m"space-y-4"[39m
          [36m>[39m
            [36m<div[39m
              [33mclass[39m=[32m"flex items-center justify-between"[39m
            [36m>[39m
              [36m<label[39m
                [33mclass[39m=[32m"block text-sm font-medium text-gray-700"[39m
              [36m>[39m
                [0mCSS Selectors[0m
              [36m</label>[39m
              [36m<span[39m
                [33mclass[39m=[32m"text-xs text-gray-500"[39m
              [36m>[39m
                [0mDefine what data to extract from the page[0m
              [36m</span>[39m
            [36m</div>[39m
            [36m<div[39m
              [33mclass[39m=[32m"border-2 border-dashed border-gray-300 rounded-lg p-4"[39m
            [36m>[39m
              [36m<div[39m
                [33mclass[39m=[32m"space-y-3"[39m
              [36m>[39m
                [36m<div[39m
                  [33mclass[39m=[32m"grid grid-cols-1 md:grid-cols-2 gap-3"[39m
                [36m>[39m
                  [36m<div>[39m
                    [36m<input[39m
                      [33mclass[39m=[32m"
                  block w-full px-3 py-2 text-sm border rounded-md focus:outline-none focus:ring-2 focus:ring-blue-500 focus:border-blue-500
                  border-gray-300
                "[39m
                      [33mplaceholder[39m=[32m"Field name (e.g., title, price, description)"[39m
                      [33mtype[39m=[32m"text"[39m
                      [33mvalue[39m=[32m""[39m
                    [36m/>[39m
                  [36m</div>[39m
                  [36m<div>[39m
                    [36m<input[39m
                      [33mclass[39m=[32m"
                  block w-full px-3 py-2 text-sm border rounded-md focus:outline-none focus:ring-2 focus:ring-blue-500 focus:border-blue-500
                  border-gray-300
                "[39m
                      [33mplaceholder[39m=[32m"CSS selector (e.g., h1, .title, #main-content)"[39m
                      [33mtype[39m=[32m"text"[39m
                      [33mvalue[39m=[32m""[39m
                    [36m/>[39m
                  [36m</div>[39m
                [36m</div>[39m
                [36m<button[39m
                  [33mclass[39m=[32m"inline-flex items-center px-3 py-2 text-sm font-medium text-blue-700 bg-blue-100 border border-transparent 
rounded-md hover:bg-blue-200 focus:outline-none focus:ring-2 focus:ring-offset-2 focus:ring-blue-500 transition-colors"[39m
                  [33mtype[39m=[32m"button"[39m
                [36m>[39m
                  [36m<svg[39m
                    [33mclass[39m=[32m"w-4 h-4 mr-2"[39m
                    [33mfill[39m=[32m"currentColor"[39m
                    [33mviewBox[39m=[32m"0 0 20 20"[39m
                  [36m>[39m
                    [36m<path[39m
                      [33mclip-rule[39m=[32m"evenodd"[39m
                      [33md[39m=[32m"M10 3a1 1 0 011 1v5h5a1 1 0 110 2h-5v5a1 1 0 11-2 0v-5H4a1 1 0 110-2h5V4a1 1 0 011-1z"[39m
                      [33mfill-rule[39m=[32m"evenodd"[39m
                    [36m/>[39m
                  [36m</svg>[39m
                  [0mAdd Selector[0m
                [36m</button>[39m
              [36m</div>[39m
            [36m</div>[39m
            [36m<div[39m
              [33mclass[39m=[32m"bg-blue-50 border border-blue-200 rounded-lg p-3"[39m
            [36m>[39m
              [36m<div[39m
                [33mclass[39m=[32m"flex"[39m
              [36m>[39m
                [36m<svg[39m
                  [33mclass[39m=[32m"w-5 h-5 text-blue-400 mt-0.5"[39m
                  [33mfill[39m=[32m"currentColor"[39m
                  [33mviewBox[39m=[32m"0 0 20 20"[39m
                [36m>[39m
                  [36m<path[39m
                    [33mclip-rule[39m=[32m"evenodd"[39m
                    [33md[39m=[32m"M18 10a8 8 0 11-16 0 8 8 0 0116 0zm-7-4a1 1 0 11-2 0 1 1 0 012 0zM9 9a1 1 0 000 2v3a1 1 0 001 1h1a1 1 0 
100-2v-3a1 1 0 00-1-1H9z"[39m
                    [33mfill-rule[39m=[32m"evenodd"[39m
                  [36m/>[39m
                [36m</svg>[39m
                [36m<div[39m
                  [33mclass[39m=[32m"ml-3"[39m
                [36m>[39m
                  [36m<h4[39m
                    [33mclass[39m=[32m"text-sm font-medium text-blue-800"[39m
                  [36m>[39m
                    [0mCSS Selector Tips[0m
                  [36m</h4>[39m
                  [36m<div[39m
                    [33mclass[39m=[32m"mt-1 text-sm text-blue-700"[39m
                  [36m>[39m
                    [36m<ul[39m
                      [33mclass[39m=[32m"list-disc list-inside space-y-1"[39m
                    [36m>[39m
                      [36m<li>[39m
                        [36m<code[39m
                          [33mclass[39m=[32m"bg-blue-100 px-1 rounded"[39m
                        [36m>[39m
                          [0mh1[0m
                        [36m</code>[39m
                        [0m - Select by tag name[0m
                      [36m</li>[39m
                      [36m<li>[39m
                        [36m<code[39m
                          [33mclass[39m=[32m"bg-blue-100 px-1 rounded"[39m
                        [36m>[39m
                          [0m.class-name[0m
                        [36m</code>[39m
                        [0m - Select by class[0m
                      [36m</li>[39m
                      [36m<li>[39m
                        [36m<code[39m
                          [33mclass[39m=[32m"bg-blue-100 px-1 rounded"[39m
                        [36m>[39m
                          [0m#element-id[0m
                        [36m</code>[39m
                        [0m - Select by ID[0m
                      [36m</li>[39m
                      [36m<li>[39m
                        [36m<code[39m
                          [33mclass[39m=[32m"bg-blue-100 px-1 rounded"[39m
                        [36m>[39m
                          [0m[data-testid="value"][0m
                        [36m</code>[39m
                        [0m - Select by attribute[0m
                      [36m</li>[39m
                    [36m</ul>[39m
                  [36m</div>[39m
                [36m</div>[39m
              [36m</div>[39m
            [36m</div>[39m
          [36m</div>[39m
        [36m</div>[39m
        [36m<div[39m
          [33mclass[39m=[32m"bg-white shadow rounded-lg"[39m
        [36m>[39m
          [36m<div[39m
            [33mclass[39m=[32m"border border-gray-200 rounded-lg"[39m
          [36m>[39m
            [36m<button[39m
              [33mclass[39m=[32m"w-full px-4 py-3 text-left flex items-center justify-between bg-gray-50 hover:bg-gray-100 rounded-t-lg 
transition-colors"[39m
              [33mtype[39m=[32m"button"[39m
            [36m>[39m
              [36m<span[39m
                [33mclass[39m=[32m"text-sm font-medium text-gray-700"[39m
              [36m>[39m
                [0mAdvanced Options[0m
              [36m</span>[39m
              [36m<svg[39m
                [33mclass[39m=[32m"w-5 h-5 text-gray-500 transition-transform "[39m
                [33mfill[39m=[32m"currentColor"[39m
                [33mviewBox[39m=[32m"0 0 20 20"[39m
              [36m>[39m
                [36m<path[39m
                  [33mclip-rule[39m=[32m"evenodd"[39m
                  [33md[39m=[32m"M5.293 7.293a1 1 0 011.414 0L10 10.586l3.293-3.293a1 1 0 111.414 1.414l-4 4a1 1 0 01-1.414 0l-4-4a1 1 0 
010-1.414z"[39m
                  [33mfill-rule[39m=[32m"evenodd"[39m
                [36m/>[39m
              [36m</svg>[39m
            [36m</button>[39m
          [36m</div>[39m
        [36m</div>[39m
        [36m<div[39m
          [33mclass[39m=[32m"bg-white shadow rounded-lg p-6"[39m
        [36m>[39m
          [36m<div[39m
            [33mclass[39m=[32m"flex items-center justify-between"[39m
          [36m>[39m
            [36m<div[39m
              [33mclass[39m=[32m"flex items-center space-x-4"[39m
            [36m>[39m
              [36m<button[39m
                [33mclass[39m=[32m"inline-flex items-center px-4 py-2 border border-gray-300 text-sm font-medium rounded-md text-gray-700 
bg-white hover:bg-gray-50 focus:outline-none focus:ring-2 focus:ring-offset-2 focus:ring-gray-500 disabled:opacity-50 disabled:cursor-not-allowed 
transition-colors"[39m
                [33mtype[39m=[32m"button"[39m
              [36m>[39m
                [0mReset Form[0m
              [36m</button>[39m
              [36m<div[39m
                [33mclass[39m=[32m"text-sm text-gray-500"[39m
              [36m/>[39m
            [36m</div>[39m
            [36m<div[39m
              [33mclass[39m=[32m"flex items-center space-x-3"[39m
            [36m>[39m
              [36m<button[39m
                [33mclass[39m=[32m"
                  inline-flex items-center px-4 py-2 text-sm font-medium rounded-md focus:outline-none focus:ring-2 focus:ring-offset-2 
transition-colors disabled:opacity-50 disabled:cursor-not-allowed
                  border border-purple-300 text-purple-700 bg-white hover:bg-purple-50 focus:ring-purple-500
                "[39m
                [33mtype[39m=[32m"submit"[39m
              [36m>[39m
                [0mClone Job[0m
              [36m</button>[39m
            [36m</div>[39m
          [36m</div>[39m
          [36m<div[39m
            [33mclass[39m=[32m"mt-4 pt-4 border-t border-gray-200"[39m
          [36m>[39m
            [36m<div[39m
              [33mclass[39m=[32m"grid grid-cols-1 md:grid-cols-3 gap-4 text-sm"[39m
            [36m>[39m
              [36m<div>[39m
                [36m<span[39m
                  [33mclass[39m=[32m"font-medium text-gray-700"[39m
                [36m>[39m
                  [0mURL:[0m
                [36m</span>[39m
                [36m<span[39m
                  [33mclass[39m=[32m"ml-2 text-gray-600 truncate block"[39m
                [36m>[39m
                  [0mhttps://example.com[0m
                [36m</span>[39m
              [36m</div>[39m
              [36m<div>[39m
                [36m<span[39m
                  [33mclass[39m=[32m"font-medium text-gray-700"[39m
                [36m>[39m
                  [0mSelectors:[0m
                [36m</span>[39m
                [36m<span[39m
                  [33mclass[39m=[32m"ml-2 text-gray-600"[39m
                [36m>[39m
                  [0m0[0m
                  [0m configured[0m
                [36m</span>[39m
              [36m</div>[39m
              [36m<div>[39m
                [36m<span[39m
                  [33mclass[39m=[32m"font-medium text-gray-700"[39m
                [36m>[39m
                  [0mTimeout:[0m
                [36m</span>[39m
                [36m<span[39m
                  [33mclass[39m=[32m"ml-2 text-gray-600"[39m
                [36m>[39m
                  [0m30[0m
                  [0m seconds[0m
                [36m</span>[39m
              [36m</div>[39m
            [36m</div>[39m
          [36m</div>[39m
        [36m</div>[39m
      [36m</form>[39m
    [36m</div>[39m
  [36m</div>[39m
[36m</body>[39m
[90m [2mΓ¥»[22m Object.getElementError node_modules/@testing-library/react/node_modules/@testing-library/dom/dist/config.js:[2m37:19[22m[39m
[90m [2mΓ¥»[22m node_modules/@testing-library/react/node_modules/@testing-library/dom/dist/query-helpers.js:[2m76:38[22m[39m
[90m [2mΓ¥»[22m node_modules/@testing-library/react/node_modules/@testing-library/dom/dist/query-helpers.js:[2m52:17[22m[39m
[90m [2mΓ¥»[22m node_modules/@testing-library/react/node_modules/@testing-library/dom/dist/query-helpers.js:[2m95:19[22m[39m
[36m [2mΓ¥»[22m src/components/forms/__tests__/JobForm.clone.test.tsx:[2m299:21[22m[39m
    [90m297| [39m
    [90m298| [39m      [90m// Should show clone-specific loading text[39m
    [90m299| [39m      [34mexpect[39m(screen[33m.[39m[34mgetByText[39m([32m'Cloning...'[39m))[33m.[39m[34mtoBeInTheDocument[39m()
    [90m   | [39m                    [31m^[39m
    [90m300| [39m      [34mexpect[39m(screen[33m.[39m[34mgetByText[39m([32m'Cloning job...'[39m))[33m.[39m[34mtoBeInTheDocument[39m()
    [90m301| [39m    })

[31m[2mΓÄ»ΓÄ»ΓÄ»ΓÄ»ΓÄ»ΓÄ»ΓÄ»ΓÄ»ΓÄ»ΓÄ»ΓÄ»ΓÄ»ΓÄ»ΓÄ»ΓÄ»ΓÄ»ΓÄ»ΓÄ»ΓÄ»ΓÄ»ΓÄ»[27/100]ΓÄ»[22m[39m

[31m[1m[7m FAIL [27m[22m[39m src/components/forms/__tests__/JobForm.test.tsx[2m > [22mJobForm[2m > [22mform validation[2m > 
[22mvalidates required URL field
[31m[1mTestingLibraryElementError[22m[39m: Unable to find an element with the text: /url is required/i. This could be because the text is broken 
up by multiple elements. In this case, you can provide a function for your text matcher to make your matcher more flexible.

Ignored nodes: comments, script, style
[36m<body>[39m
  [36m<div[39m
    [33mid[39m=[32m"toast-container"[39m
  [36m/>[39m
  [36m<div>[39m
    [36m<div[39m
      [33mclass[39m=[32m"max-w-4xl mx-auto "[39m
    [36m>[39m
      [36m<form[39m
        [33mclass[39m=[32m"space-y-6"[39m
      [36m>[39m
        [36m<div[39m
          [33mclass[39m=[32m"bg-white shadow rounded-lg p-6"[39m
        [36m>[39m
          [36m<div[39m
            [33mclass[39m=[32m"space-y-2 "[39m
          [36m>[39m
            [36m<label[39m
              [33mclass[39m=[32m"block text-sm font-medium text-gray-700"[39m
              [33mfor[39m=[32m"url-input-il604wu81"[39m
            [36m>[39m
              [0mURL[0m
              [36m<span[39m
                [33maria-hidden[39m=[32m"true"[39m
                [33mclass[39m=[32m"text-red-500 ml-1"[39m
              [36m>[39m
                [0m*[0m
              [36m</span>[39m
              [36m<span[39m
                [33mclass[39m=[32m"sr-only"[39m
              [36m>[39m
                [0mrequired[0m
              [36m</span>[39m
            [36m</label>[39m
            [36m<div[39m
              [33mclass[39m=[32m"relative"[39m
            [36m>[39m
              [36m<input[39m
                [33maria-describedby[39m=[32m"url-input-il604wu81-help"[39m
                [33maria-invalid[39m=[32m"false"[39m
                [33maria-required[39m=[32m"true"[39m
                [33mclass[39m=[32m"
            block w-full px-3 py-2 border rounded-md shadow-sm transition-colors duration-200
            placeholder-gray-400 focus:outline-none focus:ring-2 focus:ring-primary-500 focus:border-primary-500
            border-gray-300
          "[39m
                [33mid[39m=[32m"url-input-il604wu81"[39m
                [33mname[39m=[32m"url"[39m
                [33mplaceholder[39m=[32m"https://example.com"[39m
                [33mtype[39m=[32m"url"[39m
              [36m/>[39m
            [36m</div>[39m
            [36m<p[39m
              [33mclass[39m=[32m"text-sm text-gray-500"[39m
              [33mid[39m=[32m"url-input-il604wu81-help"[39m
            [36m>[39m
              [0mEnter a valid URL starting with http:// or https://[0m
            [36m</p>[39m
          [36m</div>[39m
        [36m</div>[39m
        [36m<div[39m
          [33mclass[39m=[32m"bg-white shadow rounded-lg p-6"[39m
        [36m>[39m
          [36m<div[39m
            [33mclass[39m=[32m"space-y-4"[39m
          [36m>[39m
            [36m<div[39m
              [33mclass[39m=[32m"flex items-center justify-between"[39m
            [36m>[39m
              [36m<label[39m
                [33mclass[39m=[32m"block text-sm font-medium text-gray-700"[39m
              [36m>[39m
                [0mCSS Selectors[0m
              [36m</label>[39m
              [36m<span[39m
                [33mclass[39m=[32m"text-xs text-gray-500"[39m
              [36m>[39m
                [0mDefine what data to extract from the page[0m
              [36m</span>[39m
            [36m</div>[39m
            [36m<div[39m
              [33mclass[39m=[32m"border-2 border-dashed border-gray-300 rounded-lg p-4"[39m
            [36m>[39m
              [36m<div[39m
                [33mclass[39m=[32m"space-y-3"[39m
              [36m>[39m
                [36m<div[39m
                  [33mclass[39m=[32m"grid grid-cols-1 md:grid-cols-2 gap-3"[39m
                [36m>[39m
                  [36m<div>[39m
                    [36m<input[39m
                      [33mclass[39m=[32m"
                  block w-full px-3 py-2 text-sm border rounded-md focus:outline-none focus:ring-2 focus:ring-blue-500 focus:border-blue-500
                  border-gray-300
                "[39m
                      [33mplaceholder[39m=[32m"Field name (e.g., title, price, description)"[39m
                      [33mtype[39m=[32m"text"[39m
                      [33mvalue[39m=[32m""[39m
                    [36m/>[39m
                  [36m</div>[39m
                  [36m<div>[39m
                    [36m<input[39m
                      [33mclass[39m=[32m"
                  block w-full px-3 py-2 text-sm border rounded-md focus:outline-none focus:ring-2 focus:ring-blue-500 focus:border-blue-500
                  border-gray-300
                "[39m
                      [33mplaceholder[39m=[32m"CSS selector (e.g., h1, .title, #main-content)"[39m
                      [33mtype[39m=[32m"text"[39m
                      [33mvalue[39m=[32m""[39m
                    [36m/>[39m
                  [36m</div>[39m
                [36m</div>[39m
                [36m<button[39m
                  [33mclass[39m=[32m"inline-flex items-center px-3 py-2 text-sm font-medium text-blue-700 bg-blue-100 border border-transparent 
rounded-md hover:bg-blue-200 focus:outline-none focus:ring-2 focus:ring-offset-2 focus:ring-blue-500 transition-colors"[39m
                  [33mtype[39m=[32m"button"[39m
                [36m>[39m
                  [36m<svg[39m
                    [33mclass[39m=[32m"w-4 h-4 mr-2"[39m
                    [33mfill[39m=[32m"currentColor"[39m
                    [33mviewBox[39m=[32m"0 0 20 20"[39m
                  [36m>[39m
                    [36m<path[39m
                      [33mclip-rule[39m=[32m"evenodd"[39m
                      [33md[39m=[32m"M10 3a1 1 0 011 1v5h5a1 1 0 110 2h-5v5a1 1 0 11-2 0v-5H4a1 1 0 110-2h5V4a1 1 0 011-1z"[39m
                      [33mfill-rule[39m=[32m"evenodd"[39m
                    [36m/>[39m
                  [36m</svg>[39m
                  [0mAdd Selector[0m
                [36m</button>[39m
              [36m</div>[39m
            [36m</div>[39m
            [36m<div[39m
              [33mclass[39m=[32m"bg-blue-50 border border-blue-200 rounded-lg p-3"[39m
            [36m>[39m
              [36m<div[39m
                [33mclass[39m=[32m"flex"[39m
              [36m>[39m
                [36m<svg[39m
                  [33mclass[39m=[32m"w-5 h-5 text-blue-400 mt-0.5"[39m
                  [33mfill[39m=[32m"currentColor"[39m
                  [33mviewBox[39m=[32m"0 0 20 20"[39m
                [36m>[39m
                  [36m<path[39m
                    [33mclip-rule[39m=[32m"evenodd"[39m
                    [33md[39m=[32m"M18 10a8 8 0 11-16 0 8 8 0 0116 0zm-7-4a1 1 0 11-2 0 1 1 0 012 0zM9 9a1 1 0 000 2v3a1 1 0 001 1h1a1 1 0 
100-2v-3a1 1 0 00-1-1H9z"[39m
                    [33mfill-rule[39m=[32m"evenodd"[39m
                  [36m/>[39m
                [36m</svg>[39m
                [36m<div[39m
                  [33mclass[39m=[32m"ml-3"[39m
                [36m>[39m
                  [36m<h4[39m
                    [33mclass[39m=[32m"text-sm font-medium text-blue-800"[39m
                  [36m>[39m
                    [0mCSS Selector Tips[0m
                  [36m</h4>[39m
                  [36m<div[39m
                    [33mclass[39m=[32m"mt-1 text-sm text-blue-700"[39m
                  [36m>[39m
                    [36m<ul[39m
                      [33mclass[39m=[32m"list-disc list-inside space-y-1"[39m
                    [36m>[39m
                      [36m<li>[39m
                        [36m<code[39m
                          [33mclass[39m=[32m"bg-blue-100 px-1 rounded"[39m
                        [36m>[39m
                          [0mh1[0m
                        [36m</code>[39m
                        [0m - Select by tag name[0m
                      [36m</li>[39m
                      [36m<li>[39m
                        [36m<code[39m
                          [33mclass[39m=[32m"bg-blue-100 px-1 rounded"[39m
                        [36m>[39m
                          [0m.class-name[0m
                        [36m</code>[39m
                        [0m - Select by class[0m
                      [36m</li>[39m
                      [36m<li>[39m
                        [36m<code[39m
                          [33mclass[39m=[32m"bg-blue-100 px-1 rounded"[39m
                        [36m>[39m
                          [0m#element-id[0m
                        [36m</code>[39m
                        [0m - Select by ID[0m
                      [36m</li>[39m
                      [36m<li>[39m
                        [36m<code[39m
                          [33mclass[39m=[32m"bg-blue-100 px-1 rounded"[39m
                        [36m>[39m
                          [0m[data-testid="value"][0m
                        [36m</code>[39m
                        [0m - Select by attribute[0m
                      [36m</li>[39m
                    [36m</ul>[39m
                  [36m</div>[39m
                [36m</div>[39m
              [36m</div>[39m
            [36m</div>[39m
          [36m</div>[39m
        [36m</div>[39m
        [36m<div[39m
          [33mclass[39m=[32m"bg-white shadow rounded-lg"[39m
        [36m>[39m
          [36m<div[39m
            [33mclass[39m=[32m"border border-gray-200 rounded-lg"[39m
          [36m>[39m
            [36m<button[39m
              [33mclass[39m=[32m"w-full px-4 py-3 text-left flex items-center justify-between bg-gray-50 hover:bg-gray-100 rounded-t-lg 
transition-colors"[39m
              [33mtype[39m=[32m"button"[39m
            [36m>[39m
              [36m<span[39m
                [33mclass[39m=[32m"text-sm font-medium text-gray-700"[39m
              [36m>[39m
                [0mAdvanced Options[0m
              [36m</span>[39m
              [36m<svg[39m
                [33mclass[39m=[32m"w-5 h-5 text-gray-500 transition-transform "[39m
                [33mfill[39m=[32m"currentColor"[39m
                [33mviewBox[39m=[32m"0 0 20 20"[39m
              [36m>[39m
                [36m<path[39m
                  [33mclip-rule[39m=[32m"evenodd"[39m
                  [33md[39m=[32m"M5.293 7.293a1 1 0 011.414 0L10 10.586l3.293-3.293a1 1 0 111.414 1.414l-4 4a1 1 0 01-1.414 0l-4-4a1 1 0 
010-1.414z"[39m
                  [33mfill-rule[39m=[32m"evenodd"[39m
                [36m/>[39m
              [36m</svg>[39m
            [36m</button>[39m
          [36m</div>[39m
        [36m</div>[39m
        [36m<div[39m
          [33mclass[39m=[32m"bg-white shadow rounded-lg p-6"[39m
        [36m>[39m
          [36m<div[39m
            [33mclass[39m=[32m"flex items-center justify-between"[39m
          [36m>[39m
            [36m<div[39m
              [33mclass[39m=[32m"flex items-center space-x-4"[39m
            [36m>[39m
              [36m<button[39m
                [33mclass[39m=[32m"inline-flex items-center px-4 py-2 border border-gray-300 text-sm font-medium rounded-md text-gray-700 
bg-white hover:bg-gray-50 focus:outline-none focus:ring-2 focus:ring-offset-2 focus:ring-gray-500 disabled:opacity-50 disabled:cursor-not-allowed 
transition-colors"[39m
                [33mtype[39m=[32m"button"[39m
              [36m>[39m
                [0mReset Form[0m
              [36m</button>[39m
              [36m<div[39m
                [33mclass[39m=[32m"text-sm text-gray-500"[39m
              [36m/>[39m
            [36m</div>[39m
            [36m<div[39m
              [33mclass[39m=[32m"flex items-center space-x-3"[39m
            [36m>[39m
              [36m<button[39m
                [33mclass[39m=[32m"
                  inline-flex items-center px-4 py-2 text-sm font-medium rounded-md focus:outline-none focus:ring-2 focus:ring-offset-2 
transition-colors disabled:opacity-50 disabled:cursor-not-allowed
                  border border-gray-300 text-gray-500 bg-gray-50
                "[39m
                [33mdisabled[39m=[32m""[39m
                [33mtype[39m=[32m"submit"[39m
              [36m>[39m
                [0mCreate Job[0m
              [36m</button>[39m
            [36m</div>[39m
          [36m</div>[39m
          [36m<div[39m
            [33mclass[39m=[32m"mt-4 pt-4 border-t border-gray-200"[39m
          [36m>[39m
            [36m<div[39m
              [33mclass[39m=[32m"grid grid-cols-1 md:grid-cols-3 gap-4 text-sm"[39m
            [36m>[39m
              [36m<div>[39m
                [36m<span[39m
                  [33mclass[39m=[32m"font-medium text-gray-700"[39m
                [36m>[39m
                  [0mURL:[0m
                [36m</span>[39m
                [36m<span[39m
                  [33mclass[39m=[32m"ml-2 text-gray-600 truncate block"[39m
                [36m>[39m
                  [0mNot specified[0m
                [36m</span>[39m
              [36m</div>[39m
              [36m<div>[39m
                [36m<span[39m
                  [33mclass[39m=[32m"font-medium text-gray-700"[39m
                [36m>[39m
                  [0mSelectors:[0m
                [36m</span>[39m
                [36m<span[39m
                  [33mclass[39m=[32m"ml-2 text-gray-600"[39m
                [36m>[39m
                  [0m0[0m
                  [0m configured[0m
                [36m</span>[39m
              [36m</div>[39m
              [36m<div>[39m
                [36m<span[39m
                  [33mclass[39m=[32m"font-medium text-gray-700"[39m
                [36m>[39m
                  [0mTimeout:[0m
                [36m</span>[39m
                [36m<span[39m
                  [33mclass[39m=[32m"ml-2 text-gray-600"[39m
                [36m>[39m
                  [0m30[0m
                  [0m seconds[0m
                [36m</span>[39m
              [36m</div>[39m
            [36m</div>[39m
          [36m</div>[39m
        [36m</div>[39m
      [36m</form>[39m
    [36m</div>[39m
  [36m</div>[39m
[36m</body>[39m

Ignored nodes: comments, script, style
[36m<html>[39m
  [36m<head />[39m
  [36m<body>[39m
    [36m<div[39m
      [33mid[39m=[32m"toast-container"[39m
    [36m/>[39m
    [36m<div>[39m
      [36m<div[39m
        [33mclass[39m=[32m"max-w-4xl mx-auto "[39m
      [36m>[39m
        [36m<form[39m
          [33mclass[39m=[32m"space-y-6"[39m
        [36m>[39m
          [36m<div[39m
            [33mclass[39m=[32m"bg-white shadow rounded-lg p-6"[39m
          [36m>[39m
            [36m<div[39m
              [33mclass[39m=[32m"space-y-2 "[39m
            [36m>[39m
              [36m<label[39m
                [33mclass[39m=[32m"block text-sm font-medium text-gray-700"[39m
                [33mfor[39m=[32m"url-input-il604wu81"[39m
              [36m>[39m
                [0mURL[0m
                [36m<span[39m
                  [33maria-hidden[39m=[32m"true"[39m
                  [33mclass[39m=[32m"text-red-500 ml-1"[39m
                [36m>[39m
                  [0m*[0m
                [36m</span>[39m
                [36m<span[39m
                  [33mclass[39m=[32m"sr-only"[39m
                [36m>[39m
                  [0mrequired[0m
                [36m</span>[39m
              [36m</label>[39m
              [36m<div[39m
                [33mclass[39m=[32m"relative"[39m
              [36m>[39m
                [36m<input[39m
                  [33maria-describedby[39m=[32m"url-input-il604wu81-help"[39m
                  [33maria-invalid[39m=[32m"false"[39m
                  [33maria-required[39m=[32m"true"[39m
                  [33mclass[39m=[32m"
            block w-full px-3 py-2 border rounded-md shadow-sm transition-colors duration-200
            placeholder-gray-400 focus:outline-none focus:ring-2 focus:ring-primary-500 focus:border-primary-500
            border-gray-300
          "[39m
                  [33mid[39m=[32m"url-input-il604wu81"[39m
                  [33mname[39m=[32m"url"[39m
                  [33mplaceholder[39m=[32m"https://example.com"[39m
                  [33mtype[39m=[32m"url"[39m
                [36m/>[39m
              [36m</div>[39m
              [36m<p[39m
                [33mclass[39m=[32m"text-sm text-gray-500"[39m
                [33mid[39m=[32m"url-input-il604wu81-help"[39m
              [36m>[39m
                [0mEnter a valid URL starting with http:// or https://[0m
              [36m</p>[39m
            [36m</div>[39m
          [36m</div>[39m
          [36m<div[39m
            [33mclass[39m=[32m"bg-white shadow rounded-lg p-6"[39m
          [36m>[39m
            [36m<div[39m
              [33mclass[39m=[32m"space-y-4"[39m
            [36m>[39m
              [36m<div[39m
                [33mclass[39m=[32m"flex items-center justify-between"[39m
              [36m>[39m
                [36m<label[39m
                  [33mclass[39m=[32m"block text-sm font-medium text-gray-700"[39m
                [36m>[39m
                  [0mCSS Selectors[0m
                [36m</label>[39m
                [36m<span[39m
                  [33mclass[39m=[32m"text-xs text-gray-500"[39m
                [36m>[39m
                  [0mDefine what data to extract from the page[0m
                [36m</span>[39m
              [36m</div>[39m
              [36m<div[39m
                [33mclass[39m=[32m"border-2 border-dashed border-gray-300 rounded-lg p-4"[39m
              [36m>[39m
                [36m<div[39m
                  [33mclass[39m=[32m"space-y-3"[39m
                [36m>[39m
                  [36m<div[39m
                    [33mclass[39m=[32m"grid grid-cols-1 md:grid-cols-2 gap-3"[39m
                  [36m>[39m
                    [36m<div>[39m
                      [36m<input[39m
                        [33mclass[39m=[32m"
                  block w-full px-3 py-2 text-sm border rounded-md focus:outline-none focus:ring-2 focus:ring-blue-500 focus:border-blue-500
                  border-gray-300
                "[39m
                        [33mplaceholder[39m=[32m"Field name (e.g., title, price, description)"[39m
                        [33mtype[39m=[32m"text"[39m
                        [33mvalue[39m=[32m""[39m
                      [36m/>[39m
                    [36m</div>[39m
                    [36m<div>[39m
                      [36m<input[39m
                        [33mclass[39m=[32m"
                  block w-full px-3 py-2 text-sm border rounded-md focus:outline-none focus:ring-2 focus:ring-blue-500 focus:border-blue-500
                  border-gray-300
                "[39m
                        [33mplaceholder[39m=[32m"CSS selector (e.g., h1, .title, #main-content)"[39m
                        [33mtype[39m=[32m"text"[39m
                        [33mvalue[39m=[32m""[39m
                      [36m/>[39m
                    [36m</div>[39m
                  [36m</div>[39m
                  [36m<button[39m
                    [33mclass[39m=[32m"inline-flex items-center px-3 py-2 text-sm font-medium text-blue-700 bg-blue-100 border border-transparent 
rounded-md hover:bg-blue-200 focus:outline-none focus:ring-2 focus:ring-offset-2 focus:ring-blue-500 transition-colors"[39m
                    [33mtype[39m=[32m"button"[39m
                  [36m>[39m
                    [36m<svg[39m
                      [33mclass[39m=[32m"w-4 h-4 mr-2"[39m
                      [33mfill[39m=[32m"currentColor"[39m
                      [33mviewBox[39m=[32m"0 0 20 20"[39m
                    [36m>[39m
                      [36m<path[39m
                        [33mclip-rule[39m=[32m"evenodd"[39m
                        [33md[39m=[32m"M10 3a1 1 0 011 1v5h5a1 1 0 110 2h-5v5a1 1 0 11-2 0v-5H4a1 1 0 110-2h5V4a1 1 0 011-1z"[39m
                        [33mfill-rule[39m=[32m"evenodd"[39m
                      [36m/>[39m
                    [36m</svg>[39m
                    [0mAdd Selector[0m
                  [36m</button>[39m
                [36m</div>[39m
              [36m</div>[39m
              [36m<div[39m
                [33mclass[39m=[32m"bg-blue-50 border border-blue-200 rounded-lg p-3"[39m
              [36m>[39m
                [36m<div[39m
                  [33mclass[39m=[32m"flex"[39m
                [36m>[39m
                  [36m<svg[39m
                    [33mclass[39m=[32m"w-5 h-5 text-blue-400 mt-0.5"[39m
                    [33mfill[39m=[32m"currentColor"[39m
                    [33mviewBox[39m=[32m"0 0 20 20"[39m
                  [36m>[39m
                    [36m<path[39m
                      [33mclip-rule[39m=[32m"evenodd"[39m
                      [33md[39m=[32m"M18 10a8 8 0 11-16 0 8 8 0 0116 0zm-7-4a1 1 0 11-2 0 1 1 0 012 0zM9 9a1 1 0 000 2v3a1 1 0 001 1h1a1 1 0 
100-2v-3a1 1 0 00-1-1H9z"[39m
                      [33mfill-rule[39m=[32m"evenodd"[39m
                    [36m/>[39m
                  [36m</svg>[39m
                  [36m<div[39m
                    [33mclass[39m=[32m"ml-3"[39m
                  [36m>[39m
                    [36m<h4[39m
                      [33mclass[39m=[32m"text-sm font-medium text-blue-800"[39m
                    [36m>[39m
                      [0mCSS Selector Tips[0m
                    [36m</h4>[39m
                    [36m<div[39m
                      [33mclass[39m=[32m"mt-1 text-sm text-blue-700"[39m
                    [36m>[39m
                      [36m<ul[39m
                        [33mclass[39m=[32m"list-disc list-inside space-y-1"[39m
                      [36m>[39m
                        [36m<li>[39m
                          [36m<code[39m
                            [33mclass[39m=[32m"bg-blue-100 px-1 rounded"[39m
                          [36m>[39m
                            [0mh1[0m
                          [36m</code>[39m
                          [0m - Select by tag name[0m
                        [36m</li>[39m
                        [36m<li>[39m
                          [36m<code[39m
                            [33mclass[39m=[32m"bg-blue-100 px-1 rounded"[39m
                          [36m>[39m
                            [0m.class-name[0m
                          [36m</code>[39m
                          [0m - Select by class[0m
                        [36m</li>[39m
                        [36m<li>[39m
                          [36m<code[39m
                            [33mclass[39m=[32m"bg-blue-100 px-1 rounded"[39m
                          [36m>[39m
                            [0m#element-id[0m
                          [36m</code>[39m
                          [0m - Select by ID[0m
                        [36m</li>[39m
                        [36m<li>[39m
                          [36m<code[39m
                            [33mclass[39m=[32m"bg-blue-100 px-1 rounded"[39m
                          [36m>[39m
                            [0m[data-testid="value"][0m
                          [36m</code>[39m
                          [0m - Select by attribute[0m
                        [36m</li>[39m
                      [36m</ul>[39m
                    [36m</div>[39m
                  [36m</div>[39m
                [36m</div>[39m
              [36m</div>[39m
            [36m</div>[39m
          [36m</div>[39m
          [36m<div[39m
            [33mclass[39m=[32m"bg-white shadow rounded-lg"[39m
          [36m>[39m
            [36m<div[39m
              [33mclass[39m=[32m"border border-gray-200 rounded-lg"[39m
            [36m>[39m
              [36m<button[39m
                [33mclass[39m=[32m"w-full px-4 py-3 text-left flex items-center justify-between bg-gray-50 hover:bg-gray-100 rounded-t-lg 
transition-colors"[39m
                [33mtype[39m=[32m"button"[39m
              [36m>[39m
                [36m<span[39m
                  [33mclass[39m=[32m"text-sm font-medium text-gray-700"[39m
                [36m>[39m
                  [0mAdvanced Options[0m
                [36m</span>[39m
                [36m<svg[39m
                  [33mclass[39m=[32m"w-5 h-5 text-gray-500 transition-transform "[39m
                  [33mfill[39m=[32m"currentColor"[39m
                  [33mviewBox[39m=[32m"0 0 20 20"[39m
                [36m>[39m
                  [36m<path[39m
                    [33mclip-rule[39m=[32m"evenodd"[39m
                    [33md[39m=[32m"M5.293 7.293a1 1 0 011.414 0L10 10.586l3.293-3.293a1 1 0 111.414 1.414l-4 4a1 1 0 01-1.414 0l-4-4a1 1 0 
010-1.414z"[39m
                    [33mfill-rule[39m=[32m"evenodd"[39m
                  [36m/>[39m
                [36m</svg>[39m
              [36m</button>[39m
            [36m</div>[39m
          [36m</div>[39m
          [36m<div[39m
            [33mclass[39m=[32m"bg-white shadow rounded-lg p-6"[39m
          [36m>[39m
            [36m<div[39m
              [33mclass[39m=[32m"flex items-center justify-between"[39m
            [36m>[39m
              [36m<div[39m
                [33mclass[39m=[32m"flex items-center space-x-4"[39m
              [36m>[39m
                [36m<button[39m
                  [33mclass[39m=[32m"inline-flex items-center px-4 py-2 border border-gray-300 text-sm font-medium rounded-md text-gray-700 
bg-white hover:bg-gray-50 focus:outline-none focus:ring-2 focus:ring-offset-2 focus:ring-gray-500 disabled:opacity-50 disabled:cursor-not-allowed 
transition-colors"[39m
                  [33mtype[39m=[32m"button"[39m
                [36m>[39m
                  [0mReset Form[0m
                [36m</button>[39m
                [36m<div[39m
                  [33mclass[39m=[32m"text-sm text-gray-500"[39m
                [36m/>[39m
              [36m</div>[39m
              [36m<div[39m
                [33mclass[39m=[32m"flex items-center space-x-3"[39m
              [36m>[39m
                [36m<button[39m
                  [33mclass[39m=[32m"
                  inline-flex items-center px-4 py-2 text-sm font-medium rounded-md focus:outline-none focus:ring-2 focus:ring-offset-2 
transition-colors disabled:opacity-50 disabled:cursor-not-allowed
                  border border-gray-300 text-gray-500 bg-gray-50
                "[39m
                  [33mdisabled[39m=[32m""[39m
                  [33mtype[39m=[32m"submit"[39m
                [36m>[39m
                  [0mCreate Job[0m
                [36m</button>[39m
              [36m</div>[39m
            [36m</div>[39m
            [36m<div[39m
              [33mclass[39m=[32m"mt-4 pt-4 border-t border-gray-200"[39m
            [36m>[39m
              [36m<div[39m
                [33mclass[39m=[32m"grid grid-cols-1 md:grid-cols-3 gap-4 text-sm"[39m
              [36m>[39m
                [36m<div>[39m
                  [36m<span[39m
                    [33mclass[39m=[32m"font-medium text-gray-700"[39m
                  [36m>[39m
                    [0mURL:[0m
                  [36m</span>[39m
                  [36m<span[39m
                    [33mclass[39m=[32m"ml-2 text-gray-600 truncate block"[39m
                  [36m>[39m
                    [0mNot specified[0m
                  [36m</span>[39m
                [36m</div>[39m
                [36m<div>[39m
                  [36m<span[39m
                    [33mclass[39m=[32m"font-medium text-gray-700"[39m
                  [36m>[39m
                    [0mSelectors:[0m
                  [36m</span>[39m
                  [36m<span[39m
                    [33mclass[39m=[32m"ml-2 text-gray-600"[39m
                  [36m>[39m
                    [0m0[0m
                    [0m configured[0m
                  [36m</span>[39m
                [36m</div>[39m
                [36m<div>[39m
                  [36m<span[39m
                    [33mclass[39m=[32m"font-medium text-gray-700"[39m
                  [36m>[39m
                    [0mTimeout:[0m
                  [36m</span>[39m
                  [36m<span[39m
                    [33mclass[39m=[32m"ml-2 text-gray-600"[39m
                  [36m>[39m
                    [0m30[0m
                    [0m seconds[0m
                  [36m</span>[39m
                [36m</div>[39m
              [36m</div>[39m
            [36m</div>[39m
          [36m</div>[39m
        [36m</form>[39m
      [36m</div>[39m
    [36m</div>[39m
  [36m</body>[39m
[36m</html>[39m
[90m [2mΓ¥»[22m Module.waitForWrapper node_modules/@testing-library/react/node_modules/@testing-library/dom/dist/wait-for.js:[2m163:27[22m[39m
[36m [2mΓ¥»[22m src/components/forms/__tests__/JobForm.test.tsx:[2m110:13[22m[39m
    [90m108| [39m      [35mawait[39m user[33m.[39m[34mclick[39m(submitButton)
    [90m109| [39m
    [90m110| [39m      [35mawait[39m [34mwaitFor[39m(() [33m=>[39m {
    [90m   | [39m            [31m^[39m
    [90m111| [39m        [34mexpect[39m(screen[33m.[39m[34mgetByText[39m([36m/url is 
required/i[39m))[33m.[39m[34mtoBeInTheDocument[39mΓÇª
    [90m112| [39m      })

[31m[2mΓÄ»ΓÄ»ΓÄ»ΓÄ»ΓÄ»ΓÄ»ΓÄ»ΓÄ»ΓÄ»ΓÄ»ΓÄ»ΓÄ»ΓÄ»ΓÄ»ΓÄ»ΓÄ»ΓÄ»ΓÄ»ΓÄ»ΓÄ»ΓÄ»[28/100]ΓÄ»[22m[39m

[31m[1m[7m FAIL [27m[22m[39m src/components/forms/__tests__/JobForm.test.tsx[2m > [22mJobForm[2m > [22mform behavior[2m > [22mshows 
loading state during submission
[31m[1mTestingLibraryElementError[22m[39m: Unable to find an element with the text: Creating.... This could be because the text is broken up by 
multiple elements. In this case, you can provide a function for your text matcher to make your matcher more flexible.

Ignored nodes: comments, script, style
[36m<body>[39m
  [36m<div[39m
    [33mid[39m=[32m"toast-container"[39m
  [36m/>[39m
  [36m<div>[39m
    [36m<div[39m
      [33mclass[39m=[32m"max-w-4xl mx-auto "[39m
    [36m>[39m
      [36m<form[39m
        [33mclass[39m=[32m"space-y-6"[39m
      [36m>[39m
        [36m<div[39m
          [33mclass[39m=[32m"bg-white shadow rounded-lg p-6"[39m
        [36m>[39m
          [36m<div[39m
            [33mclass[39m=[32m"space-y-2 "[39m
          [36m>[39m
            [36m<label[39m
              [33mclass[39m=[32m"block text-sm font-medium text-gray-700"[39m
              [33mfor[39m=[32m"url-input-hjgmxqerx"[39m
            [36m>[39m
              [0mURL[0m
              [36m<span[39m
                [33maria-hidden[39m=[32m"true"[39m
                [33mclass[39m=[32m"text-red-500 ml-1"[39m
              [36m>[39m
                [0m*[0m
              [36m</span>[39m
              [36m<span[39m
                [33mclass[39m=[32m"sr-only"[39m
              [36m>[39m
                [0mrequired[0m
              [36m</span>[39m
            [36m</label>[39m
            [36m<div[39m
              [33mclass[39m=[32m"relative"[39m
            [36m>[39m
              [36m<input[39m
                [33maria-describedby[39m=[32m"url-input-hjgmxqerx-help"[39m
                [33maria-invalid[39m=[32m"false"[39m
                [33maria-required[39m=[32m"true"[39m
                [33mclass[39m=[32m"
            block w-full px-3 py-2 border rounded-md shadow-sm transition-colors duration-200
            placeholder-gray-400 focus:outline-none focus:ring-2 focus:ring-primary-500 focus:border-primary-500
            border-gray-300
          "[39m
                [33mid[39m=[32m"url-input-hjgmxqerx"[39m
                [33mname[39m=[32m"url"[39m
                [33mplaceholder[39m=[32m"https://example.com"[39m
                [33mtype[39m=[32m"url"[39m
              [36m/>[39m
            [36m</div>[39m
            [36m<p[39m
              [33mclass[39m=[32m"text-sm text-gray-500"[39m
              [33mid[39m=[32m"url-input-hjgmxqerx-help"[39m
            [36m>[39m
              [0mEnter a valid URL starting with http:// or https://[0m
            [36m</p>[39m
          [36m</div>[39m
        [36m</div>[39m
        [36m<div[39m
          [33mclass[39m=[32m"bg-white shadow rounded-lg p-6"[39m
        [36m>[39m
          [36m<div[39m
            [33mclass[39m=[32m"space-y-4"[39m
          [36m>[39m
            [36m<div[39m
              [33mclass[39m=[32m"flex items-center justify-between"[39m
            [36m>[39m
              [36m<label[39m
                [33mclass[39m=[32m"block text-sm font-medium text-gray-700"[39m
              [36m>[39m
                [0mCSS Selectors[0m
              [36m</label>[39m
              [36m<span[39m
                [33mclass[39m=[32m"text-xs text-gray-500"[39m
              [36m>[39m
                [0mDefine what data to extract from the page[0m
              [36m</span>[39m
            [36m</div>[39m
            [36m<div[39m
              [33mclass[39m=[32m"border-2 border-dashed border-gray-300 rounded-lg p-4"[39m
            [36m>[39m
              [36m<div[39m
                [33mclass[39m=[32m"space-y-3"[39m
              [36m>[39m
                [36m<div[39m
                  [33mclass[39m=[32m"grid grid-cols-1 md:grid-cols-2 gap-3"[39m
                [36m>[39m
                  [36m<div>[39m
                    [36m<input[39m
                      [33mclass[39m=[32m"
                  block w-full px-3 py-2 text-sm border rounded-md focus:outline-none focus:ring-2 focus:ring-blue-500 focus:border-blue-500
                  border-gray-300
                "[39m
                      [33mplaceholder[39m=[32m"Field name (e.g., title, price, description)"[39m
                      [33mtype[39m=[32m"text"[39m
                      [33mvalue[39m=[32m""[39m
                    [36m/>[39m
                  [36m</div>[39m
                  [36m<div>[39m
                    [36m<input[39m
                      [33mclass[39m=[32m"
                  block w-full px-3 py-2 text-sm border rounded-md focus:outline-none focus:ring-2 focus:ring-blue-500 focus:border-blue-500
                  border-gray-300
                "[39m
                      [33mplaceholder[39m=[32m"CSS selector (e.g., h1, .title, #main-content)"[39m
                      [33mtype[39m=[32m"text"[39m
                      [33mvalue[39m=[32m""[39m
                    [36m/>[39m
                  [36m</div>[39m
                [36m</div>[39m
                [36m<button[39m
                  [33mclass[39m=[32m"inline-flex items-center px-3 py-2 text-sm font-medium text-blue-700 bg-blue-100 border border-transparent 
rounded-md hover:bg-blue-200 focus:outline-none focus:ring-2 focus:ring-offset-2 focus:ring-blue-500 transition-colors"[39m
                  [33mtype[39m=[32m"button"[39m
                [36m>[39m
                  [36m<svg[39m
                    [33mclass[39m=[32m"w-4 h-4 mr-2"[39m
                    [33mfill[39m=[32m"currentColor"[39m
                    [33mviewBox[39m=[32m"0 0 20 20"[39m
                  [36m>[39m
                    [36m<path[39m
                      [33mclip-rule[39m=[32m"evenodd"[39m
                      [33md[39m=[32m"M10 3a1 1 0 011 1v5h5a1 1 0 110 2h-5v5a1 1 0 11-2 0v-5H4a1 1 0 110-2h5V4a1 1 0 011-1z"[39m
                      [33mfill-rule[39m=[32m"evenodd"[39m
                    [36m/>[39m
                  [36m</svg>[39m
                  [0mAdd Selector[0m
                [36m</button>[39m
              [36m</div>[39m
            [36m</div>[39m
            [36m<div[39m
              [33mclass[39m=[32m"bg-blue-50 border border-blue-200 rounded-lg p-3"[39m
            [36m>[39m
              [36m<div[39m
                [33mclass[39m=[32m"flex"[39m
              [36m>[39m
                [36m<svg[39m
                  [33mclass[39m=[32m"w-5 h-5 text-blue-400 mt-0.5"[39m
                  [33mfill[39m=[32m"currentColor"[39m
                  [33mviewBox[39m=[32m"0 0 20 20"[39m
                [36m>[39m
                  [36m<path[39m
                    [33mclip-rule[39m=[32m"evenodd"[39m
                    [33md[39m=[32m"M18 10a8 8 0 11-16 0 8 8 0 0116 0zm-7-4a1 1 0 11-2 0 1 1 0 012 0zM9 9a1 1 0 000 2v3a1 1 0 001 1h1a1 1 0 
100-2v-3a1 1 0 00-1-1H9z"[39m
                    [33mfill-rule[39m=[32m"evenodd"[39m
                  [36m/>[39m
                [36m</svg>[39m
                [36m<div[39m
                  [33mclass[39m=[32m"ml-3"[39m
                [36m>[39m
                  [36m<h4[39m
                    [33mclass[39m=[32m"text-sm font-medium text-blue-800"[39m
                  [36m>[39m
                    [0mCSS Selector Tips[0m
                  [36m</h4>[39m
                  [36m<div[39m
                    [33mclass[39m=[32m"mt-1 text-sm text-blue-700"[39m
                  [36m>[39m
                    [36m<ul[39m
                      [33mclass[39m=[32m"list-disc list-inside space-y-1"[39m
                    [36m>[39m
                      [36m<li>[39m
                        [36m<code[39m
                          [33mclass[39m=[32m"bg-blue-100 px-1 rounded"[39m
                        [36m>[39m
                          [0mh1[0m
                        [36m</code>[39m
                        [0m - Select by tag name[0m
                      [36m</li>[39m
                      [36m<li>[39m
                        [36m<code[39m
                          [33mclass[39m=[32m"bg-blue-100 px-1 rounded"[39m
                        [36m>[39m
                          [0m.class-name[0m
                        [36m</code>[39m
                        [0m - Select by class[0m
                      [36m</li>[39m
                      [36m<li>[39m
                        [36m<code[39m
                          [33mclass[39m=[32m"bg-blue-100 px-1 rounded"[39m
                        [36m>[39m
                          [0m#element-id[0m
                        [36m</code>[39m
                        [0m - Select by ID[0m
                      [36m</li>[39m
                      [36m<li>[39m
                        [36m<code[39m
                          [33mclass[39m=[32m"bg-blue-100 px-1 rounded"[39m
                        [36m>[39m
                          [0m[data-testid="value"][0m
                        [36m</code>[39m
                        [0m - Select by attribute[0m
                      [36m</li>[39m
                    [36m</ul>[39m
                  [36m</div>[39m
                [36m</div>[39m
              [36m</div>[39m
            [36m</div>[39m
          [36m</div>[39m
        [36m</div>[39m
        [36m<div[39m
          [33mclass[39m=[32m"bg-white shadow rounded-lg"[39m
        [36m>[39m
          [36m<div[39m
            [33mclass[39m=[32m"border border-gray-200 rounded-lg"[39m
          [36m>[39m
            [36m<button[39m
              [33mclass[39m=[32m"w-full px-4 py-3 text-left flex items-center justify-between bg-gray-50 hover:bg-gray-100 rounded-t-lg 
transition-colors"[39m
              [33mtype[39m=[32m"button"[39m
            [36m>[39m
              [36m<span[39m
                [33mclass[39m=[32m"text-sm font-medium text-gray-700"[39m
              [36m>[39m
                [0mAdvanced Options[0m
              [36m</span>[39m
              [36m<svg[39m
                [33mclass[39m=[32m"w-5 h-5 text-gray-500 transition-transform "[39m
                [33mfill[39m=[32m"currentColor"[39m
                [33mviewBox[39m=[32m"0 0 20 20"[39m
              [36m>[39m
                [36m<path[39m
                  [33mclip-rule[39m=[32m"evenodd"[39m
                  [33md[39m=[32m"M5.293 7.293a1 1 0 011.414 0L10 10.586l3.293-3.293a1 1 0 111.414 1.414l-4 4a1 1 0 01-1.414 0l-4-4a1 1 0 
010-1.414z"[39m
                  [33mfill-rule[39m=[32m"evenodd"[39m
                [36m/>[39m
              [36m</svg>[39m
            [36m</button>[39m
          [36m</div>[39m
        [36m</div>[39m
        [36m<div[39m
          [33mclass[39m=[32m"bg-white shadow rounded-lg p-6"[39m
        [36m>[39m
          [36m<div[39m
            [33mclass[39m=[32m"flex items-center justify-between"[39m
          [36m>[39m
            [36m<div[39m
              [33mclass[39m=[32m"flex items-center space-x-4"[39m
            [36m>[39m
              [36m<button[39m
                [33mclass[39m=[32m"inline-flex items-center px-4 py-2 border border-gray-300 text-sm font-medium rounded-md text-gray-700 
bg-white hover:bg-gray-50 focus:outline-none focus:ring-2 focus:ring-offset-2 focus:ring-gray-500 disabled:opacity-50 disabled:cursor-not-allowed 
transition-colors"[39m
                [33mtype[39m=[32m"button"[39m
              [36m>[39m
                [0mReset Form[0m
              [36m</button>[39m
              [36m<div[39m
                [33mclass[39m=[32m"text-sm text-gray-500"[39m
              [36m/>[39m
            [36m</div>[39m
            [36m<div[39m
              [33mclass[39m=[32m"flex items-center space-x-3"[39m
            [36m>[39m
              [36m<button[39m
                [33mclass[39m=[32m"
                  inline-flex items-center px-4 py-2 text-sm font-medium rounded-md focus:outline-none focus:ring-2 focus:ring-offset-2 
transition-colors disabled:opacity-50 disabled:cursor-not-allowed
                  border border-gray-300 text-gray-500 bg-gray-50
                "[39m
                [33mdisabled[39m=[32m""[39m
                [33mtype[39m=[32m"submit"[39m
              [36m>[39m
                [0mCreate Job[0m
              [36m</button>[39m
            [36m</div>[39m
          [36m</div>[39m
          [36m<div[39m
            [33mclass[39m=[32m"mt-4 pt-4 border-t border-gray-200"[39m
          [36m>[39m
            [36m<div[39m
              [33mclass[39m=[32m"grid grid-cols-1 md:grid-cols-3 gap-4 text-sm"[39m
            [36m>[39m
              [36m<div>[39m
                [36m<span[39m
                  [33mclass[39m=[32m"font-medium text-gray-700"[39m
                [36m>[39m
                  [0mURL:[0m
                [36m</span>[39m
                [36m<span[39m
                  [33mclass[39m=[32m"ml-2 text-gray-600 truncate block"[39m
                [36m>[39m
                  [0mNot specified[0m
                [36m</span>[39m
              [36m</div>[39m
              [36m<div>[39m
                [36m<span[39m
                  [33mclass[39m=[32m"font-medium text-gray-700"[39m
                [36m>[39m
                  [0mSelectors:[0m
                [36m</span>[39m
                [36m<span[39m
                  [33mclass[39m=[32m"ml-2 text-gray-600"[39m
                [36m>[39m
                  [0m0[0m
                  [0m configured[0m
                [36m</span>[39m
              [36m</div>[39m
              [36m<div>[39m
                [36m<span[39m
                  [33mclass[39m=[32m"font-medium text-gray-700"[39m
                [36m>[39m
                  [0mTimeout:[0m
                [36m</span>[39m
                [36m<span[39m
                  [33mclass[39m=[32m"ml-2 text-gray-600"[39m
                [36m>[39m
                  [0m30[0m
                  [0m seconds[0m
                [36m</span>[39m
              [36m</div>[39m
            [36m</div>[39m
          [36m</div>[39m
        [36m</div>[39m
      [36m</form>[39m
    [36m</div>[39m
  [36m</div>[39m
[36m</body>[39m
[90m [2mΓ¥»[22m Object.getElementError node_modules/@testing-library/react/node_modules/@testing-library/dom/dist/config.js:[2m37:19[22m[39m
[90m [2mΓ¥»[22m node_modules/@testing-library/react/node_modules/@testing-library/dom/dist/query-helpers.js:[2m76:38[22m[39m
[90m [2mΓ¥»[22m node_modules/@testing-library/react/node_modules/@testing-library/dom/dist/query-helpers.js:[2m52:17[22m[39m
[90m [2mΓ¥»[22m node_modules/@testing-library/react/node_modules/@testing-library/dom/dist/query-helpers.js:[2m95:19[22m[39m
[36m [2mΓ¥»[22m src/components/forms/__tests__/JobForm.test.tsx:[2m180:21[22m[39m
    [90m178| [39m
    [90m179| [39m      [90m// During submission, button should show "Creating..."[39m
    [90m180| [39m      [34mexpect[39m(screen[33m.[39m[34mgetByText[39m([32m'Creating...'[39m))[33m.[39m[34mtoBeInTheDocument[39m()
    [90m   | [39m                    [31m^[39m
    [90m181| [39m    })
    [90m182| [39m

[31m[2mΓÄ»ΓÄ»ΓÄ»ΓÄ»ΓÄ»ΓÄ»ΓÄ»ΓÄ»ΓÄ»ΓÄ»ΓÄ»ΓÄ»ΓÄ»ΓÄ»ΓÄ»ΓÄ»ΓÄ»ΓÄ»ΓÄ»ΓÄ»ΓÄ»[29/100]ΓÄ»[22m[39m

[31m[1m[7m FAIL [27m[22m[39m src/components/results/__tests__/ExportButton.test.tsx[2m > [22mExportButton[2m > [22mrenders export button 
correctly
[31m[1m[7m FAIL [27m[22m[39m src/components/results/__tests__/ExportButton.test.tsx[2m > [22mExportButton[2m > [22mshows format selection 
dropdown when clicked
[31m[1m[7m FAIL [27m[22m[39m src/components/results/__tests__/ExportButton.test.tsx[2m > [22mExportButton[2m > [22mexports data as JSON 
when JSON option is selected
[31m[1m[7m FAIL [27m[22m[39m src/components/results/__tests__/ExportButton.test.tsx[2m > [22mExportButton[2m > [22mexports data as CSV 
when CSV option is selected
[31m[1m[7m FAIL [27m[22m[39m src/components/results/__tests__/ExportButton.test.tsx[2m > [22mExportButton[2m > [22mshows loading state 
during export
[31m[1m[7m FAIL [27m[22m[39m src/components/results/__tests__/ExportButton.test.tsx[2m > [22mExportButton[2m > [22mhandles export errors 
gracefully
[31m[1m[7m FAIL [27m[22m[39m src/components/results/__tests__/ExportButton.test.tsx[2m > [22mExportButton[2m > [22mis disabled when no 
data is provided
[31m[1m[7m FAIL [27m[22m[39m src/components/results/__tests__/ExportButton.test.tsx[2m > [22mExportButton[2m > [22mhas proper 
accessibility attributes
[31m[1m[7m FAIL [27m[22m[39m src/components/results/__tests__/ExportButton.test.tsx[2m > [22mExportButton[2m > [22msupports keyboard 
navigation
[31m[1mError[22m: [vitest] No "estimateExportSize" export is defined on the "../../../utils/exportUtils" mock. Did you forget to return it from 
"vi.mock"?
If you need to partially mock a module, you can use "importOriginal" helper inside:
[39m
vi[33m.[39m[34mmock[39m([32m"../../../utils/exportUtils"[39m[33m,[39m [35masync[39m (importOriginal) [33m=>[39m {
  [35mconst[39m actual [33m=[39m [35mawait[39m [34mimportOriginal[39m()
  [35mreturn[39m {
    [33m...[39mactual[33m,[39m
    [90m// your mocked methods[39m
[2m Test Files [22m [1m[31m30 failed[39m[22m[2m | [22m[1m[32m4 passed[39m[22m[90m (34)[39m
  }
})

[36m [2mΓ¥»[22m ExportButton src/components/results/ExportButton.tsx:[2m43:20[22m[39m
    [90m 41| [39m  })[33m;[39m
    [90m 42| [39m
    [90m 43| [39m  [35mconst[39m dataSize [33m=[39m [34mestimateExportSize[39m(data)[33m;[39m
[2m      Tests [22m [1m[31m85 failed[39m[22m[2m | [22m[1m[32m76 passed[39m[22m[90m (161)[39m
[2m   Start at [22m 18:24:33
[2m   Duration [22m 53.54s[2m (transform 5.35s, setup 120.71s, collect 37.50s, tests 8.46s, environment 71.50s, prepare 18.95s)[22m


[1m[7m[31m FAIL [39m[27m[22m[31m Tests failed. Watching for file changes...[39m
       [2mpress [22m[1mh[22m[2m to show help[22m[2m, [22m[2mpress [22m[1mq[22m[2m to quit[22m
    [90m   | [39m                   [31m^[39m
    [90m 44| [39m  [35mconst[39m isLargeDataset [33m=[39m dataSize [33m>[39m [34m100000[39m[33m;[39m [90m// 100KB threshold[39m
    [90m 45| [39m
[90m [2mΓ¥»[22m renderWithHooks node_modules/react-dom/cjs/react-dom.development.js:[2m15486:18[22m[39m
[90m [2mΓ¥»[22m mountIndeterminateComponent node_modules/react-dom/cjs/react-dom.development.js:[2m20103:13[22m[39m
[90m [2mΓ¥»[22m beginWork node_modules/react-dom/cjs/react-dom.development.js:[2m21626:16[22m[39m
[90m [2mΓ¥»[22m beginWork$1 node_modules/react-dom/cjs/react-dom.development.js:[2m27465:14[22m[39m
[90m [2mΓ¥»[22m performUnitOfWork node_modules/react-dom/cjs/react-dom.development.js:[2m26599:12[22m[39m
[90m [2mΓ¥»[22m workLoopSync node_modules/react-dom/cjs/react-dom.development.js:[2m26505:5[22m[39m
[90m [2mΓ¥»[22m renderRootSync node_modules/react-dom/cjs/react-dom.development.js:[2m26473:7[22m[39m

[31m[2mΓÄ»ΓÄ»ΓÄ»ΓÄ»ΓÄ»ΓÄ»ΓÄ»ΓÄ»ΓÄ»ΓÄ»ΓÄ»ΓÄ»ΓÄ»ΓÄ»ΓÄ»ΓÄ»ΓÄ»ΓÄ»ΓÄ»ΓÄ»ΓÄ»[30/100]ΓÄ»[22m[39m

[31m[1m[7m FAIL [27m[22m[39m src/components/results/__tests__/ResultsViewer.test.tsx[2m > [22mResultsViewer[2m > [22mrenders results data 
correctly
[31m[1m[7m FAIL [27m[22m[39m src/components/results/__tests__/ResultsViewer.test.tsx[2m > [22mResultsViewer[2m > [22mshows different view 
modes
[31m[1m[7m FAIL [27m[22m[39m src/components/results/__tests__/ResultsViewer.test.tsx[2m > [22mResultsViewer[2m > [22mswitches between view 
modes
[31m[1m[7m FAIL [27m[22m[39m src/components/results/__tests__/ResultsViewer.test.tsx[2m > [22mResultsViewer[2m > [22mshows export button
[31m[1m[7m FAIL [27m[22m[39m src/components/results/__tests__/ResultsViewer.test.tsx[2m > [22mResultsViewer[2m > [22mdisplays metadata 
information
[31m[1m[7m FAIL [27m[22m[39m src/components/results/__tests__/ResultsViewer.test.tsx[2m > [22mResultsViewer[2m > [22mshows empty state 
when no data
[31m[1m[7m FAIL [27m[22m[39m src/components/results/__tests__/ResultsViewer.test.tsx[2m > [22mResultsViewer[2m > [22mshows screenshot 
viewer when screenshot is available
[31m[1m[7m FAIL [27m[22m[39m src/components/results/__tests__/ResultsViewer.test.tsx[2m > [22mResultsViewer[2m > [22mshows raw HTML viewer 
when available
[31m[1m[7m FAIL [27m[22m[39m src/components/results/__tests__/ResultsViewer.test.tsx[2m > [22mResultsViewer[2m > [22mhas proper 
accessibility attributes
[31m[1m[7m FAIL [27m[22m[39m src/components/results/__tests__/ResultsViewer.test.tsx[2m > [22mResultsViewer[2m > [22mhandles large 
datasets with pagination
[31m[1mTypeError[22m: Cannot read properties of undefined (reading 'data')[39m
[36m [2mΓ¥»[22m ResultsViewer src/components/results/ResultsViewer.tsx:[2m45:18[22m[39m
    [90m 43| [39m  }
    [90m 44| [39m
    [90m 45| [39m  [35mif[39m ([33m![39mjobResult[33m.[39mdata) {
    [90m   | [39m                 [31m^[39m
    [90m 46| [39m    [35mreturn[39m (
    [90m 47| [39m      [33m<[39m[33mdiv[39m [33mclassName[39m[33m=[39m[33m{[39m[32m`bg-yellow-50 border border-yellow-200 
rounded-l[39mΓÇª
[90m [2mΓ¥»[22m renderWithHooks node_modules/react-dom/cjs/react-dom.development.js:[2m15486:18[22m[39m
[90m [2mΓ¥»[22m mountIndeterminateComponent node_modules/react-dom/cjs/react-dom.development.js:[2m20103:13[22m[39m
[90m [2mΓ¥»[22m beginWork node_modules/react-dom/cjs/react-dom.development.js:[2m21626:16[22m[39m
[90m [2mΓ¥»[22m beginWork$1 node_modules/react-dom/cjs/react-dom.development.js:[2m27465:14[22m[39m
[90m [2mΓ¥»[22m performUnitOfWork node_modules/react-dom/cjs/react-dom.development.js:[2m26599:12[22m[39m
[90m [2mΓ¥»[22m workLoopSync node_modules/react-dom/cjs/react-dom.development.js:[2m26505:5[22m[39m
[90m [2mΓ¥»[22m renderRootSync node_modules/react-dom/cjs/react-dom.development.js:[2m26473:7[22m[39m
[90m [2mΓ¥»[22m recoverFromConcurrentError node_modules/react-dom/cjs/react-dom.development.js:[2m25889:20[22m[39m
[90m [2mΓ¥»[22m performConcurrentWorkOnRoot node_modules/react-dom/cjs/react-dom.development.js:[2m25789:22[22m[39m

[31m[2mΓÄ»ΓÄ»ΓÄ»ΓÄ»ΓÄ»ΓÄ»ΓÄ»ΓÄ»ΓÄ»ΓÄ»ΓÄ»ΓÄ»ΓÄ»ΓÄ»ΓÄ»ΓÄ»ΓÄ»ΓÄ»ΓÄ»ΓÄ»ΓÄ»[31/100]ΓÄ»[22m[39m

[31mCancelling test run. Press CTRL+c again to exit forcefully.
[39m
